******************************************************************************
            TI ARM Clang Linker PC v4.0.3                      
******************************************************************************
>> Linked Thu Jun 18 02:38:46 2026

OUTPUT FILE NAME:   <empty_LP_MSPM0G3507_nortos_ticlang.out>
ENTRY POINT SYMBOL: "_c_int00_noargs"  address: 000088d1


MEMORY CONFIGURATION

         name            origin    length      used     unused   attr    fill
----------------------  --------  ---------  --------  --------  ----  --------
  FLASH                 00000000   00020000  0000adf8  00015208  R  X
  SRAM                  20200000   00008000  000007e4  0000781c  RW X
  BCR_CONFIG            41c00000   000000ff  00000000  000000ff  R   
  BSL_CONFIG            41c00100   00000080  00000000  00000080  R   


SEGMENT ALLOCATION MAP

run origin  load origin   length   init length attrs members
----------  ----------- ---------- ----------- ----- -------
00000000    00000000    0000adf8   0000adf8    r-x
  00000000    00000000    000000c0   000000c0    r-- .intvecs
  000000c0    000000c0    000094e0   000094e0    r-x .text
  000095a0    000095a0    000017c0   000017c0    r-- .rodata
  0000ad60    0000ad60    00000098   00000098    r-- .cinit
20200000    20200000    000005e6   00000000    rw-
  20200000    20200000    000003a2   00000000    rw- .bss
  202003a4    202003a4    00000242   00000000    rw- .data
20207e00    20207e00    00000200   00000000    rw-
  20207e00    20207e00    00000200   00000000    rw- .stack


SECTION ALLOCATION MAP

 output                                  attributes/
section   page    origin      length       input sections
--------  ----  ----------  ----------   ----------------
.intvecs   0    00000000    000000c0     
                  00000000    000000c0     startup_mspm0g350x_ticlang.o (.intvecs)

.text      0    000000c0    000094e0     
                  000000c0    000009d0     libc.a : _printfi.c.obj (.text:__TI_printfi)
                  00000a90    000005a8     empty.o (.text.main)
                  00001038    000003e0     control.o (.text.CarMode3)
                  00001418    000003b8     libc.a : strtod.c.obj (.text.strtod)
                  000017d0    00000384     control.o (.text.CarMode2)
                  00001b54    00000364     libc.a : e_asin.c.obj (.text.asin)
                  00001eb8    000002f8            : s_atan.c.obj (.text.atan)
                  000021b0    00000278     inv_mpu_dmp_motion_driver.o (.text.dmp_enable_feature)
                  00002428    00000250     control.o (.text.CarMode1)
                  00002678    00000244     ti_msp_dl_config.o (.text.SYSCFG_DL_GPIO_init)
                  000028bc    00000238     inv_mpu_dmp_motion_driver.o (.text.dmp_set_tap_thresh)
                  00002af4    0000022c     mpu6050.o (.text.Read_Quad)
                  00002d20    0000022c     inv_mpu.o (.text.mpu_reset_fifo)
                  00002f4c    00000220     libc.a : _printfi.c.obj (.text._pconv_a)
                  0000316c    000001f4     inv_mpu_dmp_motion_driver.o (.text.dmp_read_fifo)
                  00003360    000001dc     libc.a : _printfi.c.obj (.text._pconv_g)
                  0000353c    000001a0     inv_mpu.o (.text.mpu_set_bypass)
                  000036dc    00000198     encoder.o (.text.GROUP1_IRQHandler)
                  00003874    00000192     libclang_rt.builtins.a : adddf3.S.obj (.text.adddf3_subdf3)
                  00003a06    00000002                            : aeabi_div0.c.obj (.text.__aeabi_idiv0)
                  00003a08    0000018c     control.o (.text.InPlaceTurn)
                  00003b94    00000188     libc.a : e_atan2.c.obj (.text.atan2)
                  00003d1c    00000180     uart_callback.o (.text.bt_control)
                  00003e9c    00000178     inv_mpu_dmp_motion_driver.o (.text.dmp_set_orientation)
                  00004014    00000170     libc.a : e_sqrt.c.obj (.text.sqrt)
                  00004184    00000144     mpu6050.o (.text.MPU6050_Init)
                  000042c8    0000013c     libc.a : _printfi.c.obj (.text.fcvt)
                  00004404    00000134     control.o (.text.Get_Velocity_From_Encoder)
                  00004538    00000134     mspm0_i2c.o (.text.mspm0_i2c_read)
                  0000466c    00000130     inv_mpu.o (.text.mpu_set_sensors)
                  0000479c    00000128     inv_mpu.o (.text.mpu_init)
                  000048c4    00000124     inv_mpu.o (.text.mpu_load_firmware)
                  000049e8    00000120     libc.a : _printfi.c.obj (.text._pconv_e)
                  00004b08    0000011c     driverlib.a : dl_timer.o (.text.DL_Timer_initCaptureMode)
                  00004c24    00000118     oled_hardware_i2c.o (.text.OLED_ShowChar)
                  00004d3c    00000110     oled_hardware_i2c.o (.text.OLED_Init)
                  00004e4c    0000010c     motor.o (.text.Set_PWM)
                  00004f58    0000010c     libclang_rt.builtins.a : divdf3.S.obj (.text.__divdf3)
                  00005064    00000108     inv_mpu.o (.text.mpu_read_fifo_stream)
                  0000516c    00000104     driverlib.a : dl_timer.o (.text.DL_Timer_initFourCCPWMMode)
                  00005270    00000100     inv_mpu.o (.text.mpu_lp_accel_mode)
                  00005370    000000f8     show.o (.text.APP_Show)
                  00005468    000000f6     oled_hardware_i2c.o (.text.OLED_ShowNum)
                  0000555e    00000002     libclang_rt.builtins.a : aeabi_div0.c.obj (.text.__aeabi_ldiv0)
                  00005560    000000ec     control.o (.text.CarMode4)
                  0000564c    000000ec     inv_mpu.o (.text.mpu_set_sample_rate)
                  00005738    000000e8     driverlib.a : dl_timer.o (.text.DL_Timer_initTimerMode)
                  00005820    000000e4     libclang_rt.builtins.a : muldf3.S.obj (.text.__muldf3)
                  00005904    000000e4     inv_mpu.o (.text.mpu_set_accel_fsr)
                  000059e8    000000dc     uart_callback.o (.text.BTBufferHandler)
                  00005ac4    000000dc     driverlib.a : dl_sysctl_mspm0g1x0x_g3x0x.o (.text.DL_SYSCTL_configSYSPLL)
                  00005ba0    000000d8     libc.a : s_scalbn.c.obj (.text.scalbn)
                  00005c78    000000d8     libclang_rt.builtins.a : addsf3.S.obj (.text)
                  00005d50    000000d4     ti_msp_dl_config.o (.text.SYSCFG_DL_initPower)
                  00005e24    000000d4     inv_mpu.o (.text.set_int_enable)
                  00005ef8    000000d0     inv_mpu.o (.text.mpu_set_lpf)
                  00005fc8    000000c4     inv_mpu.o (.text.mpu_set_gyro_fsr)
                  0000608c    000000c4     mspm0_i2c.o (.text.mspm0_i2c_write)
                  00006150    000000bc     inv_mpu.o (.text.mpu_configure_fifo)
                  0000620c    000000b8     inv_mpu.o (.text.mpu_set_dmp_state)
                  000062c4    000000ac     inv_mpu.o (.text.mpu_read_mem)
                  00006370    000000ac     inv_mpu.o (.text.mpu_write_mem)
                  0000641c    000000a2     libclang_rt.builtins.a : udivmoddi4.S.obj (.text)
                  000064be    00000002     libc.a : _lock.c.obj (.text._nop)
                  000064c0    000000a0     HX_X17.o (.text.sensortrack)
                  00006560    0000009c     inv_mpu.o (.text.mpu_set_int_latched)
                  000065fc    00000098     oled_hardware_i2c.o (.text.OLED_WR_Byte)
                  00006694    00000098     inv_mpu_dmp_motion_driver.o (.text.dmp_set_fifo_rate)
                  0000672c    00000096     mpu6050.o (.text.inv_row_2_scale)
                  000067c2    00000002     --HOLE-- [fill = 0]
                  000067c4    00000090     board.o (.text.delay_us)
                  00006854    0000008c     ti_msp_dl_config.o (.text.SYSCFG_DL_PWM_0_init)
                  000068e0    0000008c     libclang_rt.builtins.a : mulsf3.S.obj (.text.__mulsf3)
                  0000696c    0000008c     inv_mpu_dmp_motion_driver.o (.text.decode_gesture)
                  000069f8    00000084     control.o (.text.Incremental_PI_Left)
                  00006a7c    00000084     control.o (.text.Incremental_PI_Right)
                  00006b00    00000084     ti_msp_dl_config.o (.text.__NVIC_SetPriority)
                  00006b84    00000082     libclang_rt.builtins.a : divsf3.S.obj (.text.__divsf3)
                  00006c06    00000002     --HOLE-- [fill = 0]
                  00006c08    0000007c     libc.a : copy_decompress_lzss.c.obj (.text:decompress:lzss)
                  00006c84    00000074     libclang_rt.builtins.a : comparedf2.c.obj (.text.__gedf2)
                  00006cf8    00000008     libc.a : strtod.c.obj (.text.OUTLINED_FUNCTION_0)
                  00006d00    00000074     libclang_rt.builtins.a : truncdfsf2.S.obj (.text.__truncdfsf2)
                  00006d74    00000074     inv_mpu.o (.text.mpu_get_accel_fsr)
                  00006de8    00000070     oled_hardware_i2c.o (.text.OLED_ShowString)
                  00006e58    0000006a     oled_hardware_i2c.o (.text.OLED_Clear)
                  00006ec2    00000002     --HOLE-- [fill = 0]
                  00006ec4    00000068     ti_msp_dl_config.o (.text.SYSCFG_DL_PWM_ULTRASONIC_init)
                  00006f2c    00000068     libclang_rt.builtins.a : comparedf2.c.obj (.text.__ledf2)
                  00006f94    00000066     libc.a : _printfi.c.obj (.text._mcpy)
                  00006ffa    00000066     inv_mpu_dmp_motion_driver.o (.text.dmp_set_tap_axes)
                  00007060    00000064     mspm0_i2c.o (.text.mpu6050_i2c_sda_unlock)
                  000070c4    00000062     libclang_rt.builtins.a : aeabi_dcmp.S.obj (.text.__aeabi_dcmp)
                  00007126    00000002     --HOLE-- [fill = 0]
                  00007128    00000062                            : aeabi_fcmp.S.obj (.text.__aeabi_fcmp)
                  0000718a    00000002     --HOLE-- [fill = 0]
                  0000718c    00000060     empty.o (.text.TIMG0_IRQHandler)
                  000071ec    00000060     inv_mpu_dmp_motion_driver.o (.text.dmp_enable_gyro_cal)
                  0000724c    00000060     inv_mpu.o (.text.mpu_get_gyro_fsr)
                  000072ac    00000060     oled_hardware_i2c.o (.text.oled_i2c_sda_unlock)
                  0000730c    0000005e     driverlib.a : dl_i2c.o (.text.DL_I2C_fillControllerTXFIFO)
                  0000736a    00000002     --HOLE-- [fill = 0]
                  0000736c    0000005c     ti_msp_dl_config.o (.text.SYSCFG_DL_UART_0_init)
                  000073c8    0000005c     ti_msp_dl_config.o (.text.SYSCFG_DL_init)
                  00007424    0000005c     libc.a : s_frexp.c.obj (.text.frexp)
                  00007480    0000005c     mspm0_i2c.o (.text.mspm0_i2c_enable)
                  000074dc    0000005c     libc.a : printf.c.obj (.text.printf)
                  00007538    00000058     ti_msp_dl_config.o (.text.SYSCFG_DL_I2C_MPU6050_init)
                  00007590    00000058     ti_msp_dl_config.o (.text.SYSCFG_DL_OLED_init)
                  000075e8    00000058     libc.a : _ltoa.c.obj (.text.__TI_ltoa)
                  00007640    00000058            : _printfi.c.obj (.text._pconv_f)
                  00007698    00000058     oled_hardware_i2c.o (.text.mspm0_i2c_enable)
                  000076f0    00000056     libclang_rt.builtins.a : aeabi_idivmod.S.obj (.text.__aeabi_idivmod)
                  00007746    00000002     --HOLE-- [fill = 0]
                  00007748    00000054     mpu6050.o (.text.NormalizeAngle)
                  0000779c    00000052     libc.a : _printfi.c.obj (.text._ecpy)
                  000077ee    00000002     --HOLE-- [fill = 0]
                  000077f0    00000050     mspm0_i2c.o (.text.DL_I2C_startControllerTransfer)
                  00007840    00000050     oled_hardware_i2c.o (.text.DL_I2C_startControllerTransfer)
                  00007890    00000050     board.o (.text.fputs)
                  000078e0    0000004c     driverlib.a : dl_dma.o (.text.DL_DMA_initChannel)
                  0000792c    0000004c     ti_msp_dl_config.o (.text.DL_UART_setBaudRateDivisor)
                  00007978    0000004c     key.o (.text.Key2_GetNum)
                  000079c4    0000004c     key.o (.text.Key4_GetNum)
                  00007a10    0000004c     HX_X17.o (.text.LineTrackingError)
                  00007a5c    0000004c     ultrasonic_capture.o (.text.Read_Ultrasonic)
                  00007aa8    0000004c     ti_msp_dl_config.o (.text.SYSCFG_DL_SYSCTL_init)
                  00007af4    0000004c     ti_msp_dl_config.o (.text.SYSCFG_DL_UART_BT_init)
                  00007b40    0000004a     libclang_rt.builtins.a : fixdfsi.S.obj (.text.__fixdfsi)
                  00007b8a    00000002     --HOLE-- [fill = 0]
                  00007b8c    00000048     uart_callback.o (.text.BT_DAMConfig)
                  00007bd4    00000048     driverlib.a : dl_uart.o (.text.DL_UART_init)
                  00007c1c    00000048     key.o (.text.Key3_GetNum)
                  00007c64    00000048     uart_callback.o (.text.UART2_IRQHandler)
                  00007cac    00000048     inv_mpu_dmp_motion_driver.o (.text.dmp_enable_6x_lp_quat)
                  00007cf4    00000048     inv_mpu_dmp_motion_driver.o (.text.dmp_enable_lp_quat)
                  00007d3c    00000048     mspm0_i2c.o (.text.mspm0_i2c_disable)
                  00007d84    00000048     oled_hardware_i2c.o (.text.mspm0_i2c_disable)
                  00007dcc    00000044     HX_X17.o (.text.CheckIsAllWhite)
                  00007e10    00000044     driverlib.a : dl_sysctl_mspm0g1x0x_g3x0x.o (.text.DL_SYSCTL_switchMCLKfromSYSOSCtoHSCLK)
                  00007e54    00000044     inv_mpu_dmp_motion_driver.o (.text.dmp_set_shake_reject_thresh)
                  00007e98    00000044     inv_mpu_dmp_motion_driver.o (.text.dmp_set_tap_count)
                  00007edc    00000040     ti_msp_dl_config.o (.text.SYSCFG_DL_TIMER_1_init)
                  00007f1c    00000040     libclang_rt.builtins.a : aeabi_uidivmod.S.obj (.text.__aeabi_uidivmod)
                  00007f5c    00000040                            : extendsfdf2.S.obj (.text.__extendsfdf2)
                  00007f9c    00000040     libc.a : atoi.c.obj (.text.atoi)
                  00007fdc    0000003e     mpu6050.o (.text.inv_orientation_matrix_to_scalar)
                  0000801a    00000002     --HOLE-- [fill = 0]
                  0000801c    0000003c     mspm0_i2c.o (.text.DL_GPIO_initPeripheralInputFunctionFeatures)
                  00008058    0000003c     oled_hardware_i2c.o (.text.DL_GPIO_initPeripheralInputFunctionFeatures)
                  00008094    0000003c     ti_msp_dl_config.o (.text.DL_GPIO_initPeripheralInputFunctionFeatures)
                  000080d0    0000003c     driverlib.a : dl_i2c.o (.text.DL_I2C_flushControllerTXFIFO)
                  0000810c    0000003c     ti_msp_dl_config.o (.text.DL_Timer_setCounterControl)
                  00008148    0000003c     oled_hardware_i2c.o (.text.OLED_Set_Pos)
                  00008184    0000003c     ti_msp_dl_config.o (.text.SYSCFG_DL_TIMER_0_init)
                  000081c0    0000003c     libclang_rt.builtins.a : floatsisf.S.obj (.text.__floatsisf)
                  000081fc    0000003c                            : comparesf2.S.obj (.text.__gtsf2)
                  00008238    0000003c     libc.a : autoinit.c.obj (.text:__TI_auto_init_nobinit_nopinit)
                  00008274    0000003a     libclang_rt.builtins.a : comparesf2.S.obj (.text.__eqsf2)
                  000082ae    00000002     --HOLE-- [fill = 0]
                  000082b0    0000003a                            : muldsi3.S.obj (.text.__muldsi3)
                  000082ea    00000002     --HOLE-- [fill = 0]
                  000082ec    00000038                            : fixsfsi.S.obj (.text.__fixsfsi)
                  00008324    00000038     libc.a : sprintf.c.obj (.text.sprintf)
                  0000835c    00000034     mspm0_i2c.o (.text.DL_GPIO_initDigitalInputFeatures)
                  00008390    00000034     oled_hardware_i2c.o (.text.DL_GPIO_initDigitalInputFeatures)
                  000083c4    00000034     ti_msp_dl_config.o (.text.DL_GPIO_initDigitalInputFeatures)
                  000083f8    00000034     motor.o (.text.limit_PWM)
                  0000842c    00000034     inv_mpu.o (.text.mpu_get_sample_rate)
                  00008460    00000032     inv_mpu_dmp_motion_driver.o (.text.dmp_set_shake_reject_time)
                  00008492    00000032     inv_mpu_dmp_motion_driver.o (.text.dmp_set_shake_reject_timeout)
                  000084c4    00000030     uart_callback.o (.text.DL_DMA_setTransferSize)
                  000084f4    00000030     libc.a : _printfi.c.obj (.text._fcpy)
                  00008524    00000030     board.o (.text.delay_ms)
                  00008554    00000030     inv_mpu_dmp_motion_driver.o (.text.dmp_set_tap_time)
                  00008584    00000030     inv_mpu_dmp_motion_driver.o (.text.dmp_set_tap_time_multi)
                  000085b4    00000030     oled_hardware_i2c.o (.text.oled_pow)
                  000085e4    0000002c     ti_msp_dl_config.o (.text.SYSCFG_DL_CAPTURE_ULTRASONIC_init)
                  00008610    0000002c     empty.o (.text.__NVIC_ClearPendingIRQ)
                  0000863c    0000002c     empty.o (.text.__NVIC_EnableIRQ)
                  00008668    0000002c     interrupt.o (.text.__NVIC_EnableIRQ)
                  00008694    0000002c     libclang_rt.builtins.a : floatsidf.S.obj (.text.__floatsidf)
                  000086c0    0000002c     board.o (.text.fputc)
                  000086ec    0000002c     board.o (.text.mspm0_get_clock_ms)
                  00008718    00000028     mspm0_i2c.o (.text.DL_Common_updateReg)
                  00008740    00000028     oled_hardware_i2c.o (.text.DL_Common_updateReg)
                  00008768    00000028     ti_msp_dl_config.o (.text.DL_Common_updateReg)
                  00008790    00000028     uart_callback.o (.text.DL_DMA_setDestAddr)
                  000087b8    00000028     uart_callback.o (.text.DL_DMA_setSrcAddr)
                  000087e0    00000028     ti_msp_dl_config.o (.text.DL_I2C_setControllerRXFIFOThreshold)
                  00008808    00000028     ti_msp_dl_config.o (.text.DL_I2C_setControllerTXFIFOThreshold)
                  00008830    00000028     ti_msp_dl_config.o (.text.DL_SYSTICK_init)
                  00008858    00000028     ti_msp_dl_config.o (.text.DL_UART_setRXFIFOThreshold)
                  00008880    00000028     ti_msp_dl_config.o (.text.DL_UART_setTXFIFOThreshold)
                  000088a8    00000028     libclang_rt.builtins.a : floatunsisf.S.obj (.text.__floatunsisf)
                  000088d0    00000028     libc.a : boot_cortex_m.c.obj (.text:_c_int00_noargs)
                  000088f8    00000026     uart_callback.o (.text.DL_DMA_disableChannel)
                  0000891e    00000026     uart_callback.o (.text.DL_DMA_enableChannel)
                  00008944    00000026     ti_msp_dl_config.o (.text.DL_I2C_setAnalogGlitchFilterPulseWidth)
                  0000896a    00000026     driverlib.a : dl_i2c.o (.text.DL_I2C_setClockConfig)
                  00008990    00000024     uart_callback.o (.text.DL_DMA_getTransferSize)
                  000089b4    00000024     libclang_rt.builtins.a : floatunsidf.S.obj (.text.__floatunsidf)
                  000089d8    00000024                            : muldi3.S.obj (.text.__muldi3)
                  000089fc    00000022     libc.a : memccpy.c.obj (.text.memccpy)
                  00008a1e    00000002     --HOLE-- [fill = 0]
                  00008a20    00000020     ti_msp_dl_config.o (.text.DL_GPIO_initPeripheralInputFunction)
                  00008a40    00000020     ti_msp_dl_config.o (.text.DL_SYSCTL_setFlashWaitState)
                  00008a60    00000020     driverlib.a : dl_uart.o (.text.DL_UART_transmitDataBlocking)
                  00008a80    00000020     empty.o (.text.TIMG8_IRQHandler)
                  00008aa0    00000020     libc.a : memcmp.c.obj (.text.memcmp)
                  00008ac0    00000020     control.o (.text.myabs)
                  00008ae0    0000001e     ti_msp_dl_config.o (.text.DL_UART_setOversampling)
                  00008afe    00000002     --HOLE-- [fill = 0]
                  00008b00    0000001e     libclang_rt.builtins.a : ashldi3.S.obj (.text.__ashldi3)
                  00008b1e    00000002     --HOLE-- [fill = 0]
                  00008b20    0000001c     encoder.o (.text.DL_GPIO_clearInterruptStatus)
                  00008b3c    0000001c     ti_msp_dl_config.o (.text.DL_GPIO_clearInterruptStatus)
                  00008b58    0000001c     mspm0_i2c.o (.text.DL_GPIO_enableHiZ)
                  00008b74    0000001c     oled_hardware_i2c.o (.text.DL_GPIO_enableHiZ)
                  00008b90    0000001c     ti_msp_dl_config.o (.text.DL_GPIO_enableHiZ)
                  00008bac    0000001c     ti_msp_dl_config.o (.text.DL_GPIO_enableInterrupt)
                  00008bc8    0000001c     ti_msp_dl_config.o (.text.DL_GPIO_initPeripheralOutputFunction)
                  00008be4    0000001c     ti_msp_dl_config.o (.text.DL_GPIO_setLowerPinsPolarity)
                  00008c00    0000001c     mpu6050.o (.text.DL_I2C_getSDAStatus)
                  00008c1c    0000001c     oled_hardware_i2c.o (.text.DL_I2C_getSDAStatus)
                  00008c38    0000001c     mspm0_i2c.o (.text.DL_I2C_isControllerRXFIFOEmpty)
                  00008c54    0000001c     encoder.o (.text.DL_Interrupt_getPendingGroup)
                  00008c70    0000001c     ti_msp_dl_config.o (.text.DL_SYSCTL_setSYSOSCFreq)
                  00008c8c    0000001c     ti_msp_dl_config.o (.text.DL_SYSCTL_setULPCLKDivider)
                  00008ca8    0000001c     ti_msp_dl_config.o (.text.DL_Timer_enableInterrupt)
                  00008cc4    0000001c     driverlib.a : dl_timer.o (.text.DL_Timer_setCaptCompUpdateMethod)
                  00008ce0    0000001c                 : dl_timer.o (.text.DL_Timer_setClockConfig)
                  00008cfc    0000001c     mpu6050.o (.text.GetRelativeYaw)
                  00008d18    0000001c     interrupt.o (.text.Interrupt_Init)
                  00008d34    0000001c     inv_mpu_dmp_motion_driver.o (.text.dmp_load_motion_driver_firmware)
                  00008d50    00000018     mspm0_i2c.o (.text.DL_GPIO_enableOutput)
                  00008d68    00000018     oled_hardware_i2c.o (.text.DL_GPIO_enableOutput)
                  00008d80    00000018     ti_msp_dl_config.o (.text.DL_GPIO_enableOutput)
                  00008d98    00000018     ti_msp_dl_config.o (.text.DL_GPIO_enablePower)
                  00008db0    00000018     encoder.o (.text.DL_GPIO_getEnabledInterruptStatus)
                  00008dc8    00000018     mspm0_i2c.o (.text.DL_GPIO_initDigitalOutput)
                  00008de0    00000018     oled_hardware_i2c.o (.text.DL_GPIO_initDigitalOutput)
                  00008df8    00000018     ti_msp_dl_config.o (.text.DL_GPIO_initDigitalOutput)
                  00008e10    00000018     ti_msp_dl_config.o (.text.DL_GPIO_reset)
                  00008e28    00000018     motor.o (.text.DL_GPIO_setPins)
                  00008e40    00000018     mspm0_i2c.o (.text.DL_GPIO_setPins)
                  00008e58    00000018     oled_hardware_i2c.o (.text.DL_GPIO_setPins)
                  00008e70    00000018     ti_msp_dl_config.o (.text.DL_GPIO_setUpperPinsPolarity)
                  00008e88    00000018     mspm0_i2c.o (.text.DL_I2C_clearInterruptStatus)
                  00008ea0    00000018     oled_hardware_i2c.o (.text.DL_I2C_clearInterruptStatus)
                  00008eb8    00000018     ti_msp_dl_config.o (.text.DL_I2C_enableAnalogGlitchFilter)
                  00008ed0    00000018     ti_msp_dl_config.o (.text.DL_I2C_enableController)
                  00008ee8    00000018     ti_msp_dl_config.o (.text.DL_I2C_enableControllerClockStretching)
                  00008f00    00000018     mspm0_i2c.o (.text.DL_I2C_enablePower)
                  00008f18    00000018     oled_hardware_i2c.o (.text.DL_I2C_enablePower)
                  00008f30    00000018     ti_msp_dl_config.o (.text.DL_I2C_enablePower)
                  00008f48    00000018     mspm0_i2c.o (.text.DL_I2C_getRawInterruptStatus)
                  00008f60    00000018     oled_hardware_i2c.o (.text.DL_I2C_getRawInterruptStatus)
                  00008f78    00000018     mspm0_i2c.o (.text.DL_I2C_reset)
                  00008f90    00000018     oled_hardware_i2c.o (.text.DL_I2C_reset)
                  00008fa8    00000018     ti_msp_dl_config.o (.text.DL_I2C_reset)
                  00008fc0    00000018     ti_msp_dl_config.o (.text.DL_I2C_setTimerPeriod)
                  00008fd8    00000018     ti_msp_dl_config.o (.text.DL_SYSCTL_setBORThreshold)
                  00008ff0    00000018     ti_msp_dl_config.o (.text.DL_Timer_enablePower)
                  00009008    00000018     ti_msp_dl_config.o (.text.DL_Timer_reset)
                  00009020    00000018     driverlib.a : dl_timer.o (.text.DL_Timer_setCaptureCompareOutCtl)
                  00009038    00000018     empty.o (.text.DL_Timer_startCounter)
                  00009050    00000018     ti_msp_dl_config.o (.text.DL_UART_enableDMAReceiveEvent)
                  00009068    00000018     ti_msp_dl_config.o (.text.DL_UART_enableFIFOs)
                  00009080    00000018     ti_msp_dl_config.o (.text.DL_UART_enablePower)
                  00009098    00000018     board.o (.text.DL_UART_isBusy)
                  000090b0    00000018     ti_msp_dl_config.o (.text.DL_UART_reset)
                  000090c8    00000018     ti_msp_dl_config.o (.text.SYSCFG_DL_DMA_CH0_init)
                  000090e0    00000018     libc.a : sprintf.c.obj (.text._outs)
                  000090f8    00000016     HX_X17.o (.text.DL_GPIO_readPins)
                  0000910e    00000016     encoder.o (.text.DL_GPIO_readPins)
                  00009124    00000016     key.o (.text.DL_GPIO_readPins)
                  0000913a    00000016     mspm0_i2c.o (.text.DL_GPIO_readPins)
                  00009150    00000016     oled_hardware_i2c.o (.text.DL_GPIO_readPins)
                  00009166    00000016     mspm0_i2c.o (.text.DL_I2C_transmitControllerData)
                  0000917c    00000016     ti_msp_dl_config.o (.text.DL_UART_enable)
                  00009192    00000016     ti_msp_dl_config.o (.text.DL_UART_enableLoopbackMode)
                  000091a8    00000016     libc.a : copy_zero_init.c.obj (.text:decompress:ZI:__TI_zero_init_nomemset)
                  000091be    00000014     motor.o (.text.DL_GPIO_clearPins)
                  000091d2    00000014     mspm0_i2c.o (.text.DL_GPIO_clearPins)
                  000091e6    00000014     oled_hardware_i2c.o (.text.DL_GPIO_clearPins)
                  000091fa    00000014     ti_msp_dl_config.o (.text.DL_GPIO_clearPins)
                  0000920e    00000002     --HOLE-- [fill = 0]
                  00009210    00000014     mspm0_i2c.o (.text.DL_I2C_getControllerStatus)
                  00009224    00000014     oled_hardware_i2c.o (.text.DL_I2C_getControllerStatus)
                  00009238    00000014     mspm0_i2c.o (.text.DL_I2C_receiveControllerData)
                  0000924c    00000014     ti_msp_dl_config.o (.text.DL_I2C_resetControllerTransfer)
                  00009260    00000014     ti_msp_dl_config.o (.text.DL_SYSCTL_disableSYSPLL)
                  00009274    00000014     ti_msp_dl_config.o (.text.DL_SYSCTL_enableMFCLK)
                  00009288    00000014     ti_msp_dl_config.o (.text.DL_Timer_enableClock)
                  0000929c    00000014     ti_msp_dl_config.o (.text.DL_Timer_setCCPDirection)
                  000092b0    00000014     uart_callback.o (.text.DL_UART_receiveData)
                  000092c4    00000014     libclang_rt.builtins.a : aeabi_uldivmod.S.obj (.text.__aeabi_uldivmod)
                  000092d8    00000014     inv_mpu_dmp_motion_driver.o (.text.dmp_register_android_orient_cb)
                  000092ec    00000014     inv_mpu_dmp_motion_driver.o (.text.dmp_register_tap_cb)
                  00009300    00000014     libc.a : _printfi.c.obj (.text.strchr)
                  00009314    00000012     encoder.o (.text.DL_GPIO_getPendingInterrupt)
                  00009326    00000012     empty.o (.text.DL_Timer_getPendingInterrupt)
                  00009338    00000012     uart_callback.o (.text.DL_UART_getPendingInterrupt)
                  0000934a    00000012     driverlib.a : dl_uart.o (.text.DL_UART_setClockConfig)
                  0000935c    00000012     libc.a : memcpy16.S.obj (.text:TI_memcpy_small)
                  0000936e    00000012            : copy_decompress_none.c.obj (.text:decompress:none)
                  00009380    00000010     ti_msp_dl_config.o (.text.DL_SYSCTL_disableHFXT)
                  00009390    00000010     ti_msp_dl_config.o (.text.DL_SYSTICK_enable)
                  000093a0    00000010     driverlib.a : dl_timer.o (.text.DL_Timer_getCaptureCompareValue)
                  000093b0    00000010                 : dl_timer.o (.text.DL_Timer_setCaptureCompareValue)
                  000093c0    00000010     ti_msp_dl_config.o (.text.SYSCFG_DL_SYSTICK_init)
                  000093d0    00000010     interrupt.o (.text.SysTick_Handler)
                  000093e0    00000010     board.o (.text.mspm0_delay_ms)
                  000093f0    00000010     libc.a : wcslen.c.obj (.text.wcslen)
                  00009400    0000000e     libclang_rt.builtins.a : aeabi_memset.S.obj (.text.__aeabi_memset)
                  0000940e    0000000e     libc.a : _printfi.c.obj (.text.strlen)
                  0000941c    0000000e            : strlen.c.obj (.text.strlen)
                  0000942a    0000000e     mpu6050.o (.text.tap_cb)
                  00009438    0000000e     libc.a : memset16.S.obj (.text:TI_memset_small)
                  00009446    0000000c     motor.o (.text.Stop_Car)
                  00009452    00000002     --HOLE-- [fill = 0]
                  00009454    0000000c     board.o (.text.Systick_getTick)
                  00009460    0000000c     libclang_rt.builtins.a : aeabi_memset.S.obj (.text.__aeabi_memclr)
                  0000946c    0000000a     driverlib.a : dl_common.o (.text.DL_Common_delayCycles)
                  00009476    0000000a     libc.a : _printfi.c.obj (.text.OUTLINED_FUNCTION_0)
                  00009480    00000010     libclang_rt.builtins.a : adddf3.S.obj (.tramp.__aeabi_dsub.1)
                  00009490    0000000a     libc.a : e_asin.c.obj (.text.OUTLINED_FUNCTION_0)
                  0000949a    00000002     --HOLE-- [fill = 0]
                  0000949c    00000010     libclang_rt.builtins.a : muldf3.S.obj (.tramp.__aeabi_dmul.1)
                  000094ac    0000000a     libc.a : s_atan.c.obj (.text.OUTLINED_FUNCTION_0)
                  000094b6    0000000a            : _printfi.c.obj (.text.OUTLINED_FUNCTION_1)
                  000094c0    0000000a            : e_asin.c.obj (.text.OUTLINED_FUNCTION_1)
                  000094ca    0000000a            : e_asin.c.obj (.text.OUTLINED_FUNCTION_3)
                  000094d4    00000010     libclang_rt.builtins.a : divdf3.S.obj (.tramp.__aeabi_ddiv.1)
                  000094e4    0000000a     libc.a : sprintf.c.obj (.text._outc)
                  000094ee    0000000a     mpu6050.o (.text.android_orient_cb)
                  000094f8    0000000a     libc.a : atof.c.obj (.text.atof)
                  00009502    00000008            : strtod.c.obj (.text.OUTLINED_FUNCTION_1)
                  0000950a    00000002     --HOLE-- [fill = 0]
                  0000950c    00000010     libclang_rt.builtins.a : aeabi_dcmp.S.obj (.tramp.__aeabi_dcmpeq.1)
                  0000951c    00000008     libc.a : s_atan.c.obj (.text.OUTLINED_FUNCTION_2)
                  00009524    00000008     ti_msp_dl_config.o (.text.SYSCFG_DL_DMA_init)
                  0000952c    00000008     libc.a : aeabi_portable.c.obj (.text.__aeabi_errno_addr)
                  00009534    00000008     libclang_rt.builtins.a : aeabi_memcpy.S.obj (.text.__aeabi_memcpy)
                  0000953c    00000008     libc.a : printf.c.obj (.text._outc)
                  00009544    00000008            : printf.c.obj (.text._outs)
                  0000954c    00000006            : s_atan.c.obj (.text.OUTLINED_FUNCTION_1)
                  00009552    00000002     --HOLE-- [fill = 0]
                  00009554    00000010     libclang_rt.builtins.a : adddf3.S.obj (.tramp.__aeabi_dadd.1)
                  00009564    00000006     libc.a : e_asin.c.obj (.text.OUTLINED_FUNCTION_2)
                  0000956a    00000006            : exit.c.obj (.text:abort)
                  00009570    00000004     startup_mspm0g350x_ticlang.o (.text.Default_Handler)
                  00009574    00000004     libsysbm.a : hostexit.c.obj (.text.HOSTexit)
                  00009578    00000004     libc.a : e_asin.c.obj (.text.OUTLINED_FUNCTION_4)
                  0000957c    00000004     startup_mspm0g350x_ticlang.o (.text.Reset_Handler)
                  00009580    00000010     libc.a : boot_cortex_m.c.obj (.tramp._c_int00_noargs.1)
                  00009590    00000004            : pre_init.c.obj (.text._system_pre_init)
                  00009594    0000000c     --HOLE-- [fill = 0]

.cinit     0    0000ad60    00000098     
                  0000ad60    00000070     (.cinit..data.load) [load image, compression = lzss]
                  0000add0    0000000c     (__TI_handler_table)
                  0000addc    00000008     (.cinit..bss.load) [load image, compression = zero_init]
                  0000ade4    00000010     (__TI_cinit_table)
                  0000adf4    00000004     --HOLE-- [fill = 0]

.rodata    0    000095a0    000017c0     
                  000095a0    00000bf6     inv_mpu_dmp_motion_driver.o (.rodata.dmp_memory)
                  0000a196    000005f0     oled_hardware_i2c.o (.rodata.asc2_1608)
                  0000a786    00000228     oled_hardware_i2c.o (.rodata.asc2_0806)
                  0000a9ae    00000002     ti_msp_dl_config.o (.rodata.gI2C_MPU6050ClockConfig)
                  0000a9b0    00000101     libc.a : aeabi_ctype.S.obj (.rodata:__aeabi_ctype_table_)
                  0000aab1    00000007     empty.o (.rodata.str1.254342170260855183.1)
                  0000aab8    00000080     libc.a : strtod.c.obj (.rodata.digits)
                  0000ab38    00000048            : strtod.c.obj (.rodata.powerof10)
                  0000ab80    00000040            : s_atan.c.obj (.rodata.cst32)
                  0000abc0    00000028     ti_msp_dl_config.o (.rodata.gSYSPLLConfig)
                  0000abe8    00000028     inv_mpu.o (.rodata.test)
                  0000ac10    00000027     show.o (.rodata.str1.15776983441256719054.1)
                  0000ac37    0000001e     inv_mpu.o (.rodata.reg)
                  0000ac55    00000003     ti_msp_dl_config.o (.rodata.gCAPTURE_ULTRASONICClockConfig)
                  0000ac58    00000018     ti_msp_dl_config.o (.rodata.gDMA_CH0Config)
                  0000ac70    00000014     ti_msp_dl_config.o (.rodata.gTIMER_0TimerConfig)
                  0000ac84    00000014     ti_msp_dl_config.o (.rodata.gTIMER_1TimerConfig)
                  0000ac98    00000011     libc.a : _printfi.c.obj (.rodata.str1.10348868589481759720.1)
                  0000aca9    00000011            : _printfi.c.obj (.rodata.str1.15363888844622738466.1)
                  0000acba    00000002     ti_msp_dl_config.o (.rodata.gOLEDClockConfig)
                  0000acbc    00000010     ti_msp_dl_config.o (.rodata.gCAPTURE_ULTRASONICCaptureConfig)
                  0000accc    00000010     show.o (.rodata.str1.17101955116209303648.1)
                  0000acdc    0000000c     driverlib.a : dl_timer.o (.rodata..Lswitch.table.DL_Timer_initCompareMode)
                  0000ace8    0000000c     inv_mpu.o (.rodata.hw)
                  0000acf4    0000000a     ti_msp_dl_config.o (.rodata.gUART_0Config)
                  0000acfe    0000000a     ti_msp_dl_config.o (.rodata.gUART_BTConfig)
                  0000ad08    00000008     ti_msp_dl_config.o (.rodata.gPWM_0Config)
                  0000ad10    00000008     ti_msp_dl_config.o (.rodata.gPWM_ULTRASONICConfig)
                  0000ad18    00000008     empty.o (.rodata.str1.150872071346279890.1)
                  0000ad20    00000008     empty.o (.rodata.str1.2196762768037919588.1)
                  0000ad28    00000006     empty.o (.rodata.str1.11898133897667081452.1)
                  0000ad2e    00000006     empty.o (.rodata.str1.7401042497206923953.1)
                  0000ad34    00000005     empty.o (.rodata.str1.15706828512682300538.1)
                  0000ad39    00000005     empty.o (.rodata.str1.17669528882079347314.1)
                  0000ad3e    00000004     empty.o (.rodata.str1.14685083708502177989.1)
                  0000ad42    00000004     empty.o (.rodata.str1.16704889451495720520.1)
                  0000ad46    00000004     empty.o (.rodata.str1.9517790425240694019.1)
                  0000ad4a    00000003     ti_msp_dl_config.o (.rodata.gPWM_0ClockConfig)
                  0000ad4d    00000003     ti_msp_dl_config.o (.rodata.gPWM_ULTRASONICClockConfig)
                  0000ad50    00000003     ti_msp_dl_config.o (.rodata.gTIMER_0ClockConfig)
                  0000ad53    00000003     ti_msp_dl_config.o (.rodata.gTIMER_1ClockConfig)
                  0000ad56    00000002     ti_msp_dl_config.o (.rodata.gUART_0ClockConfig)
                  0000ad58    00000002     ti_msp_dl_config.o (.rodata.gUART_BTClockConfig)
                  0000ad5a    00000006     --HOLE-- [fill = 0]

.init_array 
*          0    00000000    00000000     UNINITIALIZED

.binit     0    00000000    00000000     

.bss       0    20200000    000003a2     UNINITIALIZED
                  20200000    000000c8     (.common:gBTPacket)
                  202000c8    000000bc     (.common:gPWM_ULTRASONICBackup)
                  20200184    000000a0     (.common:gCAPTURE_ULTRASONICBackup)
                  20200224    000000a0     (.common:gPWM_0Backup)
                  202002c4    00000032     uart_callback.o (.bss.bt_control.Receive)
                  202002f6    00000020     (.common:oled_buffer)
                  20200316    00000002     (.common:sensors)
                  20200318    00000014     (.common:MotorA)
                  2020032c    00000014     (.common:MotorB)
                  20200340    00000010     (.common:quat)
                  20200350    00000006     (.common:accel)
                  20200356    00000006     (.common:gyro)
                  2020035c    00000004     control.o (.bss.CarMode1.PWMA)
                  20200360    00000004     control.o (.bss.CarMode1.PWMB)
                  20200364    00000004     control.o (.bss.CarMode2.PWMA)
                  20200368    00000004     control.o (.bss.CarMode2.PWMB)
                  2020036c    00000004     control.o (.bss.CarMode3.PWMA)
                  20200370    00000004     control.o (.bss.CarMode3.PWMB)
                  20200374    00000004     control.o (.bss.Incremental_PI_Left.BiasB)
                  20200378    00000004     control.o (.bss.Incremental_PI_Right.BiasA)
                  2020037c    00000004     (.common:Get_Encoder_countA)
                  20200380    00000004     (.common:Get_Encoder_countB)
                  20200384    00000004     (.common:gpio_interrup1)
                  20200388    00000004     (.common:gpio_interrup2)
                  2020038c    00000004     (.common:pitch)
                  20200390    00000004     (.common:roll)
                  20200394    00000004     (.common:sensor_timestamp)
                  20200398    00000004     (.common:tick_ms)
                  2020039c    00000004     (.common:yaw)
                  202003a0    00000001     (.common:PID_Send)
                  202003a1    00000001     (.common:more)

.data      0    202003a4    00000242     UNINITIALIZED
                  202003a4    000000f0     libc.a : defs.c.obj (.data._ftable)
                  20200494    0000002c     inv_mpu.o (.data.st)
                  202004c0    0000001c     HX_X17.o (.data.Err_weight)
                  202004dc    00000010     control.o (.data.Get_Velocity_From_Encoder.DeltaA_Buffer)
                  202004ec    00000010     control.o (.data.Get_Velocity_From_Encoder.DeltaB_Buffer)
                  202004fc    00000010     inv_mpu_dmp_motion_driver.o (.data.dmp)
                  2020050c    0000000e     mpu6050.o (.data.hal)
                  2020051a    00000009     mpu6050.o (.data.gyro_orientation)
                  20200523    00000007     HX_X17.o (.data.sensordata)
                  2020052a    00000002     ultrasonic_capture.o (.data.DistVal)
                  2020052c    00000004     control.o (.data.CarMode1.Delta_GEA)
                  20200530    00000004     control.o (.data.CarMode1.Delta_GEB)
                  20200534    00000004     control.o (.data.CarMode1.Turn_StartGEA)
                  20200538    00000004     control.o (.data.CarMode1.Turn_StartGEB)
                  2020053c    00000004     control.o (.data.CarMode1.actuall_error)
                  20200540    00000004     control.o (.data.CarMode1.speedA)
                  20200544    00000004     control.o (.data.CarMode1.speedB)
                  20200548    00000004     control.o (.data.CarMode2.Count_Time)
                  2020054c    00000004     control.o (.data.CarMode2.Delta_GEA)
                  20200550    00000004     control.o (.data.CarMode2.Delta_GEB)
                  20200554    00000004     control.o (.data.CarMode2.Turn_StartGEA)
                  20200558    00000004     control.o (.data.CarMode2.Turn_StartGEB)
                  2020055c    00000004     control.o (.data.CarMode2.actuall_error)
                  20200560    00000004     control.o (.data.CarMode3.Tem_Time)
                  20200564    00000004     control.o (.data.CarMode3.actuall_error)
                  20200568    00000004     control.o (.data.Get_Velocity_From_Encoder.LastEncoder1)
                  2020056c    00000004     control.o (.data.Get_Velocity_From_Encoder.LastEncoder2)
                  20200570    00000004     control.o (.data.InPlaceTurn.LastError)
                  20200574    00000004     control.o (.data.Last_biasA)
                  20200578    00000004     control.o (.data.Last_biasB)
                  2020057c    00000004     control.o (.data.PwmA)
                  20200580    00000004     control.o (.data.PwmB)
                  20200584    00000004     HX_X17.o (.data.QuaTurn_Tim)
                  20200588    00000004     control.o (.data.RelativeYaw)
                  2020058c    00000004     control.o (.data.Target_Yaw)
                  20200590    00000004     control.o (.data.Turn_PWM)
                  20200594    00000004     control.o (.data.Velocity_KIa)
                  20200598    00000004     control.o (.data.Velocity_KIb)
                  2020059c    00000004     control.o (.data.Velocity_KPa)
                  202005a0    00000004     control.o (.data.Velocity_KPb)
                  202005a4    00000004     control.o (.data.Yaw_Zero)
                  202005a8    00000004     libc.a : aeabi_portable.c.obj (.data.__aeabi_errno)
                  202005ac    00000004            : _lock.c.obj (.data._lock)
                  202005b0    00000004            : _lock.c.obj (.data._unlock)
                  202005b4    00000004     uart_callback.o (.data.bt_control.Data)
                  202005b8    00000004     uart_callback.o (.data.bt_control.Usart_Receive)
                  202005bc    00000004     control.o (.data.speedA)
                  202005c0    00000004     control.o (.data.speedB)
                  202005c4    00000001     uart_callback.o (.data.BTBufferHandler.handleSize)
                  202005c5    00000001     uart_callback.o (.data.BTBufferHandler.handleflag)
                  202005c6    00000001     uart_callback.o (.data.BTBufferHandler.lastSize)
                  202005c7    00000001     control.o (.data.CarMode1.AllWhite_Tim)
                  202005c8    00000001     control.o (.data.CarMode1.Flag_Allwhite1)
                  202005c9    00000001     control.o (.data.CarMode1.Flag_Oriyaw1)
                  202005ca    00000001     control.o (.data.CarMode1.Flag_Repeatqua1)
                  202005cb    00000001     control.o (.data.CarMode1.NoAllWhite_Tim)
                  202005cc    00000001     control.o (.data.CarMode2.AllWhite_Tim)
                  202005cd    00000001     control.o (.data.CarMode2.Avoid_Mode)
                  202005ce    00000001     control.o (.data.CarMode2.Flag_Allwhite)
                  202005cf    00000001     control.o (.data.CarMode2.Flag_AllwhiteAvo)
                  202005d0    00000001     control.o (.data.CarMode2.Flag_Oriyaw)
                  202005d1    00000001     control.o (.data.CarMode2.Flag_Repeatqua)
                  202005d2    00000001     control.o (.data.CarMode2.NoAllWhite_Tim)
                  202005d3    00000001     control.o (.data.CarMode3.AllWhite_Tim)
                  202005d4    00000001     control.o (.data.CarMode3.Flag_AcrossLine)
                  202005d5    00000001     control.o (.data.CarMode3.Flag_Allwhite)
                  202005d6    00000001     control.o (.data.CarMode3.Flag_Oriyaw)
                  202005d7    00000001     control.o (.data.CarMode3.Straight_Mode)
                  202005d8    00000001     control.o (.data.CarMode3.Track_Mode)
                  202005d9    00000001     control.o (.data.CarMode3.Turn_Mode)
                  202005da    00000001     control.o (.data.CarMode4.Flag_FinalTurn)
                  202005db    00000001     control.o (.data.CarMode4.Flag_Finally)
                  202005dc    00000001     control.o (.data.CarMode4.Tem_Time)
                  202005dd    00000001     control.o (.data.CarMode4.tem_time2)
                  202005de    00000001     control.o (.data.Get_Velocity_From_Encoder.filter_index)
                  202005df    00000001     key.o (.data.Target_Cycles)
                  202005e0    00000001     uart_callback.o (.data.bt_control.Flag_PID)
                  202005e1    00000001     uart_callback.o (.data.bt_control.i)
                  202005e2    00000001     uart_callback.o (.data.bt_control.j)
                  202005e3    00000001     key.o (.data.carmode)
                  202005e4    00000001     interrupt.o (.data.enable_group1_irq)
                  202005e5    00000001     uart_callback.o (.data.gBTCounts)

.stack     0    20207e00    00000200     UNINITIALIZED
                  20207e00    00000004     libc.a : boot_cortex_m.c.obj (.stack)
                  20207e04    000001fc     --HOLE--

__llvm_prf_cnts 
*          0    20200000    00000000     UNINITIALIZED

__llvm_prf_bits 
*          0    20200000    00000000     UNINITIALIZED

MODULE SUMMARY

       Module                         code    ro data   rw data
       ------                         ----    -------   -------
    .\
       ti_msp_dl_config.o             3368    179       508    
       empty.o                        1706    57        32     
       startup_mspm0g350x_ticlang.o   8       192       0      
    +--+------------------------------+-------+---------+---------+
       Total:                         5082    428       540    
                                                               
    .\Hardware\
       inv_mpu_dmp_motion_driver.o    3110    3062      16     
       inv_mpu.o                      4600    82        44     
       oled_hardware_i2c.o            2050    2072      0      
       control.o                      3720    0         257    
       mspm0_i2c.o                    1328    0         0      
       mpu6050.o                      1256    0         70     
       uart_callback.o                1026    0         265    
       encoder.o                      528     0         16     
       board.o                        412     0         4      
       motor.o                        376     0         0      
       HX_X17.o                       326     0         39     
       show.o                         248     55        0      
       key.o                          246     0         2      
       interrupt.o                    88      0         1      
       ultrasonic_capture.o           76      0         2      
    +--+------------------------------+-------+---------+---------+
       Total:                         19390   5271      716    
                                                               
    C:/ti/mspm0_sdk_2_05_01_00/source/ti/driverlib/lib/ticlang/m0p/mspm0g1x0x_g3x0x/driverlib.a
       dl_timer.o                     888     12        0      
       dl_sysctl_mspm0g1x0x_g3x0x.o   288     0         0      
       dl_i2c.o                       192     0         0      
       dl_uart.o                      122     0         0      
       dl_dma.o                       76      0         0      
       dl_common.o                    10      0         0      
    +--+------------------------------+-------+---------+---------+
       Total:                         1576    12        0      
                                                               
    C:\ti\ccs2020\ccs\tools\compiler\ti-cgt-armllvm_4.0.3.LTS\lib\armv6m-ti-none-eabi/c/libc.a
       _printfi.c.obj                 4510    34        0      
       strtod.c.obj                   968     200       0      
       e_asin.c.obj                   908     0         0      
       s_atan.c.obj                   784     64        0      
       e_atan2.c.obj                  392     0         0      
       e_sqrt.c.obj                   368     0         0      
       aeabi_ctype.S.obj              0       257       0      
       defs.c.obj                     0       0         240    
       s_scalbn.c.obj                 216     0         0      
       copy_decompress_lzss.c.obj     124     0         0      
       printf.c.obj                   108     0         0      
       s_frexp.c.obj                  92      0         0      
       sprintf.c.obj                  90      0         0      
       _ltoa.c.obj                    88      0         0      
       atoi.c.obj                     64      0         0      
       autoinit.c.obj                 60      0         0      
       boot_cortex_m.c.obj            56      0         0      
       memccpy.c.obj                  34      0         0      
       memcmp.c.obj                   32      0         0      
       copy_zero_init.c.obj           22      0         0      
       copy_decompress_none.c.obj     18      0         0      
       memcpy16.S.obj                 18      0         0      
       wcslen.c.obj                   16      0         0      
       memset16.S.obj                 14      0         0      
       strlen.c.obj                   14      0         0      
       aeabi_portable.c.obj           8       0         4      
       _lock.c.obj                    2       0         8      
       atof.c.obj                     10      0         0      
       exit.c.obj                     6       0         0      
       pre_init.c.obj                 4       0         0      
    +--+------------------------------+-------+---------+---------+
       Total:                         9026    555       252    
                                                               
    C:\ti\ccs2020\ccs\tools\compiler\ti-cgt-armllvm_4.0.3.LTS\lib\armv6m-ti-none-eabi/c/libsysbm.a
       hostexit.c.obj                 4       0         0      
    +--+------------------------------+-------+---------+---------+
       Total:                         4       0         0      
                                                               
    C:\ti\ccs2020\ccs\tools\compiler\ti-cgt-armllvm_4.0.3.LTS\lib\armv6m-ti-none-eabi/libclang_rt.builtins.a
       adddf3.S.obj                   434     0         0      
       divdf3.S.obj                   284     0         0      
       muldf3.S.obj                   244     0         0      
       comparedf2.c.obj               220     0         0      
       addsf3.S.obj                   216     0         0      
       udivmoddi4.S.obj               162     0         0      
       mulsf3.S.obj                   140     0         0      
       divsf3.S.obj                   130     0         0      
       comparesf2.S.obj               118     0         0      
       truncdfsf2.S.obj               116     0         0      
       aeabi_dcmp.S.obj               114     0         0      
       aeabi_fcmp.S.obj               98      0         0      
       aeabi_idivmod.S.obj            86      0         0      
       fixdfsi.S.obj                  74      0         0      
       aeabi_uidivmod.S.obj           64      0         0      
       extendsfdf2.S.obj              64      0         0      
       floatsisf.S.obj                60      0         0      
       muldsi3.S.obj                  58      0         0      
       fixsfsi.S.obj                  56      0         0      
       floatsidf.S.obj                44      0         0      
       floatunsisf.S.obj              40      0         0      
       floatunsidf.S.obj              36      0         0      
       muldi3.S.obj                   36      0         0      
       ashldi3.S.obj                  30      0         0      
       aeabi_memset.S.obj             26      0         0      
       aeabi_uldivmod.S.obj           20      0         0      
       aeabi_memcpy.S.obj             8       0         0      
       aeabi_div0.c.obj               4       0         0      
    +--+------------------------------+-------+---------+---------+
       Total:                         2982    0         0      
                                                               
       Stack:                         0       0         512    
       Linker Generated:              0       148       0      
    +--+------------------------------+-------+---------+---------+
       Grand Total:                   38060   6414      2020   


LINKER GENERATED COPY TABLES

__TI_cinit_table @ 0000ade4 records: 2, size/record: 8, table size: 16
	.data: load addr=0000ad60, load size=00000070 bytes, run addr=202003a4, run size=00000242 bytes, compression=lzss
	.bss: load addr=0000addc, load size=00000008 bytes, run addr=20200000, run size=000003a2 bytes, compression=zero_init


LINKER GENERATED HANDLER TABLE

__TI_handler_table @ 0000add0 records: 3, size/record: 4, table size: 12
	index: 0, handler: __TI_decompress_lzss
	index: 1, handler: __TI_decompress_none
	index: 2, handler: __TI_zero_init


FAR CALL TRAMPOLINES

callee name               trampoline name
   callee addr  tramp addr   call addr  call info
--------------  -----------  ---------  ----------------
__aeabi_dsub              $Tramp$TT$L$PI$$__aeabi_dsub
   00003875     00009480     0000947e   libc.a : _printfi.c.obj (.text.OUTLINED_FUNCTION_0)
__aeabi_dmul              $Tramp$TT$L$PI$$__aeabi_dmul
   00005821     0000949c     00009498   libc.a : e_asin.c.obj (.text.OUTLINED_FUNCTION_0)
                             000094b4          : s_atan.c.obj (.text.OUTLINED_FUNCTION_0)
                             000094c8          : e_asin.c.obj (.text.OUTLINED_FUNCTION_1)
                             00009522          : s_atan.c.obj (.text.OUTLINED_FUNCTION_2)
                             00009568          : e_asin.c.obj (.text.OUTLINED_FUNCTION_2)
__aeabi_ddiv              $Tramp$TT$L$PI$$__aeabi_ddiv
   00004f59     000094d4     000094d2   libc.a : e_asin.c.obj (.text.OUTLINED_FUNCTION_3)
__aeabi_dcmpeq            $Tramp$TT$L$PI$$__aeabi_dcmpeq
   000070c5     0000950c     00009508   libc.a : strtod.c.obj (.text.OUTLINED_FUNCTION_1)
__aeabi_dadd              $Tramp$TT$L$PI$$__aeabi_dadd
   0000387f     00009554     00009550   libc.a : s_atan.c.obj (.text.OUTLINED_FUNCTION_1)
                             0000957a          : e_asin.c.obj (.text.OUTLINED_FUNCTION_4)
_c_int00_noargs           $Tramp$TT$L$PI$$_c_int00_noargs
   000088d1     00009580     0000957c   startup_mspm0g350x_ticlang.o (.text.Reset_Handler)

[6 trampolines]
[11 trampoline calls]


GLOBAL SYMBOLS: SORTED ALPHABETICALLY BY Name 

address   name                                 
-------   ----                                 
00009571  ADC0_IRQHandler                      
00009571  ADC1_IRQHandler                      
00009571  AES_IRQHandler                       
00005371  APP_Show                             
000059e9  BTBufferHandler                      
00007b8d  BT_DAMConfig                         
00009574  C$$EXIT                              
00009571  CANFD0_IRQHandler                    
00002429  CarMode1                             
000017d1  CarMode2                             
00001039  CarMode3                             
00005561  CarMode4                             
00007dcd  CheckIsAllWhite                      
00009571  DAC0_IRQHandler                      
0000946d  DL_Common_delayCycles                
000078e1  DL_DMA_initChannel                   
0000730d  DL_I2C_fillControllerTXFIFO          
000080d1  DL_I2C_flushControllerTXFIFO         
0000896b  DL_I2C_setClockConfig                
00005ac5  DL_SYSCTL_configSYSPLL               
00007e11  DL_SYSCTL_switchMCLKfromSYSOSCtoHSCLK
000093a1  DL_Timer_getCaptureCompareValue      
00004b09  DL_Timer_initCaptureMode             
0000516d  DL_Timer_initFourCCPWMMode           
00005739  DL_Timer_initTimerMode               
00008cc5  DL_Timer_setCaptCompUpdateMethod     
00009021  DL_Timer_setCaptureCompareOutCtl     
000093b1  DL_Timer_setCaptureCompareValue      
00008ce1  DL_Timer_setClockConfig              
00007bd5  DL_UART_init                         
0000934b  DL_UART_setClockConfig               
00008a61  DL_UART_transmitDataBlocking         
00009571  DMA_IRQHandler                       
00009571  Default_Handler                      
2020052a  DistVal                              
202004c0  Err_weight                           
00009571  GROUP0_IRQHandler                    
000036dd  GROUP1_IRQHandler                    
00008cfd  GetRelativeYaw                       
2020037c  Get_Encoder_countA                   
20200380  Get_Encoder_countB                   
00004405  Get_Velocity_From_Encoder            
00009575  HOSTexit                             
00009571  HardFault_Handler                    
00009571  I2C0_IRQHandler                      
00009571  I2C1_IRQHandler                      
00003a09  InPlaceTurn                          
000069f9  Incremental_PI_Left                  
00006a7d  Incremental_PI_Right                 
00008d19  Interrupt_Init                       
00007979  Key2_GetNum                          
00007c1d  Key3_GetNum                          
000079c5  Key4_GetNum                          
20200574  Last_biasA                           
20200578  Last_biasB                           
00007a11  LineTrackingError                    
00004185  MPU6050_Init                         
20200318  MotorA                               
2020032c  MotorB                               
00009571  NMI_Handler                          
00007749  NormalizeAngle                       
00006e59  OLED_Clear                           
00004d3d  OLED_Init                            
00008149  OLED_Set_Pos                         
00004c25  OLED_ShowChar                        
00005469  OLED_ShowNum                         
00006de9  OLED_ShowString                      
000065fd  OLED_WR_Byte                         
202003a0  PID_Send                             
00009571  PendSV_Handler                       
2020057c  PwmA                                 
20200580  PwmB                                 
20200584  QuaTurn_Tim                          
00009571  RTC_IRQHandler                       
00002af5  Read_Quad                            
00007a5d  Read_Ultrasonic                      
20200588  RelativeYaw                          
0000957d  Reset_Handler                        
00009571  SPI0_IRQHandler                      
00009571  SPI1_IRQHandler                      
00009571  SVC_Handler                          
000085e5  SYSCFG_DL_CAPTURE_ULTRASONIC_init    
000090c9  SYSCFG_DL_DMA_CH0_init               
00009525  SYSCFG_DL_DMA_init                   
00002679  SYSCFG_DL_GPIO_init                  
00007539  SYSCFG_DL_I2C_MPU6050_init           
00007591  SYSCFG_DL_OLED_init                  
00006855  SYSCFG_DL_PWM_0_init                 
00006ec5  SYSCFG_DL_PWM_ULTRASONIC_init        
00007aa9  SYSCFG_DL_SYSCTL_init                
000093c1  SYSCFG_DL_SYSTICK_init               
00008185  SYSCFG_DL_TIMER_0_init               
00007edd  SYSCFG_DL_TIMER_1_init               
0000736d  SYSCFG_DL_UART_0_init                
00007af5  SYSCFG_DL_UART_BT_init               
000073c9  SYSCFG_DL_init                       
00005d51  SYSCFG_DL_initPower                  
00004e4d  Set_PWM                              
00009447  Stop_Car                             
000093d1  SysTick_Handler                      
00009455  Systick_getTick                      
00009571  TIMA0_IRQHandler                     
00009571  TIMA1_IRQHandler                     
0000718d  TIMG0_IRQHandler                     
00009571  TIMG12_IRQHandler                    
00009571  TIMG6_IRQHandler                     
00009571  TIMG7_IRQHandler                     
00008a81  TIMG8_IRQHandler                     
0000935d  TI_memcpy_small                      
00009439  TI_memset_small                      
202005df  Target_Cycles                        
2020058c  Target_Yaw                           
20200590  Turn_PWM                             
00009571  UART0_IRQHandler                     
00009571  UART1_IRQHandler                     
00007c65  UART2_IRQHandler                     
00009571  UART3_IRQHandler                     
20200594  Velocity_KIa                         
20200598  Velocity_KIb                         
2020059c  Velocity_KPa                         
202005a0  Velocity_KPb                         
202005a4  Yaw_Zero                             
20208000  __STACK_END                          
00000200  __STACK_SIZE                         
00000000  __TI_ATRegion0_region_sz             
00000000  __TI_ATRegion0_src_addr              
00000000  __TI_ATRegion0_trg_addr              
00000000  __TI_ATRegion1_region_sz             
00000000  __TI_ATRegion1_src_addr              
00000000  __TI_ATRegion1_trg_addr              
00000000  __TI_ATRegion2_region_sz             
00000000  __TI_ATRegion2_src_addr              
00000000  __TI_ATRegion2_trg_addr              
0000ade4  __TI_CINIT_Base                      
0000adf4  __TI_CINIT_Limit                     
0000adf4  __TI_CINIT_Warm                      
0000add0  __TI_Handler_Table_Base              
0000addc  __TI_Handler_Table_Limit             
00008239  __TI_auto_init_nobinit_nopinit       
00006c09  __TI_decompress_lzss                 
0000936f  __TI_decompress_none                 
000075e9  __TI_ltoa                            
ffffffff  __TI_pprof_out_hndl                  
000000c1  __TI_printfi                         
ffffffff  __TI_prof_data_size                  
ffffffff  __TI_prof_data_start                 
00000000  __TI_static_base__                   
000091a9  __TI_zero_init_nomemset              
0000387f  __adddf3                             
00005c83  __addsf3                             
0000a9b0  __aeabi_ctype_table_                 
0000a9b0  __aeabi_ctype_table_C                
00006d01  __aeabi_d2f                          
00007b41  __aeabi_d2iz                         
0000387f  __aeabi_dadd                         
000070c5  __aeabi_dcmpeq                       
00007101  __aeabi_dcmpge                       
00007115  __aeabi_dcmpgt                       
000070ed  __aeabi_dcmple                       
000070d9  __aeabi_dcmplt                       
00004f59  __aeabi_ddiv                         
00005821  __aeabi_dmul                         
00003875  __aeabi_dsub                         
202005a8  __aeabi_errno                        
0000952d  __aeabi_errno_addr                   
00007f5d  __aeabi_f2d                          
000082ed  __aeabi_f2iz                         
00005c83  __aeabi_fadd                         
00007129  __aeabi_fcmpeq                       
00007165  __aeabi_fcmpge                       
00007179  __aeabi_fcmpgt                       
00007151  __aeabi_fcmple                       
0000713d  __aeabi_fcmplt                       
00006b85  __aeabi_fdiv                         
000068e1  __aeabi_fmul                         
00005c79  __aeabi_fsub                         
00008695  __aeabi_i2d                          
000081c1  __aeabi_i2f                          
000076f1  __aeabi_idiv                         
00003a07  __aeabi_idiv0                        
000076f1  __aeabi_idivmod                      
0000555f  __aeabi_ldiv0                        
00008b01  __aeabi_llsl                         
000089d9  __aeabi_lmul                         
00009461  __aeabi_memclr                       
00009461  __aeabi_memclr4                      
00009461  __aeabi_memclr8                      
00009535  __aeabi_memcpy                       
00009535  __aeabi_memcpy4                      
00009535  __aeabi_memcpy8                      
00009401  __aeabi_memset                       
00009401  __aeabi_memset4                      
00009401  __aeabi_memset8                      
000089b5  __aeabi_ui2d                         
000088a9  __aeabi_ui2f                         
00007f1d  __aeabi_uidiv                        
00007f1d  __aeabi_uidivmod                     
000092c5  __aeabi_uldivmod                     
00008b01  __ashldi3                            
ffffffff  __binit__                            
00006f2d  __cmpdf2                             
00008275  __cmpsf2                             
00004f59  __divdf3                             
00006b85  __divsf3                             
00006f2d  __eqdf2                              
00008275  __eqsf2                              
00007f5d  __extendsfdf2                        
00007b41  __fixdfsi                            
000082ed  __fixsfsi                            
00008695  __floatsidf                          
000081c1  __floatsisf                          
000089b5  __floatunsidf                        
000088a9  __floatunsisf                        
00006c85  __gedf2                              
000081fd  __gesf2                              
00006c85  __gtdf2                              
000081fd  __gtsf2                              
00006f2d  __ledf2                              
00008275  __lesf2                              
00006f2d  __ltdf2                              
00008275  __ltsf2                              
UNDEFED   __mpu_init                           
00005821  __muldf3                             
000089d9  __muldi3                             
000082b1  __muldsi3                            
000068e1  __mulsf3                             
00006f2d  __nedf2                              
00008275  __nesf2                              
20207e00  __stack                              
20200000  __start___llvm_prf_bits              
20200000  __start___llvm_prf_cnts              
20200000  __stop___llvm_prf_bits               
20200000  __stop___llvm_prf_cnts               
00003875  __subdf3                             
00005c79  __subsf3                             
00006d01  __truncdfsf2                         
0000641d  __udivmoddi4                         
000088d1  _c_int00_noargs                      
202003a4  _ftable                              
202005ac  _lock                                
000064bf  _nop                                 
UNDEFED   _system_post_cinit                   
00009591  _system_pre_init                     
202005b0  _unlock                              
0000956b  abort                                
20200350  accel                                
0000a786  asc2_0806                            
0000a196  asc2_1608                            
00001b55  asin                                 
00001b55  asinl                                
00001eb9  atan                                 
00003b95  atan2                                
00003b95  atan2l                               
00001eb9  atanl                                
000094f9  atof                                 
00007f9d  atoi                                 
ffffffff  binit                                
00003d1d  bt_control                           
202005e3  carmode                              
00008525  delay_ms                             
000067c5  delay_us                             
00007cad  dmp_enable_6x_lp_quat                
000021b1  dmp_enable_feature                   
000071ed  dmp_enable_gyro_cal                  
00007cf5  dmp_enable_lp_quat                   
00008d35  dmp_load_motion_driver_firmware      
0000316d  dmp_read_fifo                        
000092d9  dmp_register_android_orient_cb       
000092ed  dmp_register_tap_cb                  
00006695  dmp_set_fifo_rate                    
00003e9d  dmp_set_orientation                  
00007e55  dmp_set_shake_reject_thresh          
00008461  dmp_set_shake_reject_time            
00008493  dmp_set_shake_reject_timeout         
00006ffb  dmp_set_tap_axes                     
00007e99  dmp_set_tap_count                    
000028bd  dmp_set_tap_thresh                   
00008555  dmp_set_tap_time                     
00008585  dmp_set_tap_time_multi               
202005e4  enable_group1_irq                    
000086c1  fputc                                
00007891  fputs                                
00007425  frexp                                
00007425  frexpl                               
202005e5  gBTCounts                            
20200000  gBTPacket                            
20200184  gCAPTURE_ULTRASONICBackup            
20200224  gPWM_0Backup                         
202000c8  gPWM_ULTRASONICBackup                
20200384  gpio_interrup1                       
20200388  gpio_interrup2                       
20200356  gyro                                 
0000ace8  hw                                   
00000000  interruptVectors                     
00005ba1  ldexp                                
00005ba1  ldexpl                               
000083f9  limit_PWM                            
00000a91  main                                 
000089fd  memccpy                              
00008aa1  memcmp                               
202003a1  more                                 
00007061  mpu6050_i2c_sda_unlock               
00006151  mpu_configure_fifo                   
00006d75  mpu_get_accel_fsr                    
0000724d  mpu_get_gyro_fsr                     
0000842d  mpu_get_sample_rate                  
0000479d  mpu_init                             
000048c5  mpu_load_firmware                    
00005271  mpu_lp_accel_mode                    
00005065  mpu_read_fifo_stream                 
000062c5  mpu_read_mem                         
00002d21  mpu_reset_fifo                       
00005905  mpu_set_accel_fsr                    
0000353d  mpu_set_bypass                       
0000620d  mpu_set_dmp_state                    
00005fc9  mpu_set_gyro_fsr                     
00006561  mpu_set_int_latched                  
00005ef9  mpu_set_lpf                          
0000564d  mpu_set_sample_rate                  
0000466d  mpu_set_sensors                      
00006371  mpu_write_mem                        
000093e1  mspm0_delay_ms                       
000086ed  mspm0_get_clock_ms                   
00004539  mspm0_i2c_read                       
0000608d  mspm0_i2c_write                      
00008ac1  myabs                                
202002f6  oled_buffer                          
000072ad  oled_i2c_sda_unlock                  
000085b5  oled_pow                             
2020038c  pitch                                
000074dd  printf                               
20200340  quat                                 
0000ac37  reg                                  
20200390  roll                                 
00005ba1  scalbn                               
00005ba1  scalbnl                              
20200394  sensor_timestamp                     
20200523  sensordata                           
20200316  sensors                              
000064c1  sensortrack                          
202005bc  speedA                               
202005c0  speedB                               
00008325  sprintf                              
00004015  sqrt                                 
00004015  sqrtl                                
0000941d  strlen                               
00001419  strtod                               
00001419  strtold                              
0000abe8  test                                 
20200398  tick_ms                              
000093f1  wcslen                               
2020039c  yaw                                  


GLOBAL SYMBOLS: SORTED BY Symbol Address 

address   name                                 
-------   ----                                 
00000000  __TI_ATRegion0_region_sz             
00000000  __TI_ATRegion0_src_addr              
00000000  __TI_ATRegion0_trg_addr              
00000000  __TI_ATRegion1_region_sz             
00000000  __TI_ATRegion1_src_addr              
00000000  __TI_ATRegion1_trg_addr              
00000000  __TI_ATRegion2_region_sz             
00000000  __TI_ATRegion2_src_addr              
00000000  __TI_ATRegion2_trg_addr              
00000000  __TI_static_base__                   
00000000  interruptVectors                     
000000c1  __TI_printfi                         
00000200  __STACK_SIZE                         
00000a91  main                                 
00001039  CarMode3                             
00001419  strtod                               
00001419  strtold                              
000017d1  CarMode2                             
00001b55  asin                                 
00001b55  asinl                                
00001eb9  atan                                 
00001eb9  atanl                                
000021b1  dmp_enable_feature                   
00002429  CarMode1                             
00002679  SYSCFG_DL_GPIO_init                  
000028bd  dmp_set_tap_thresh                   
00002af5  Read_Quad                            
00002d21  mpu_reset_fifo                       
0000316d  dmp_read_fifo                        
0000353d  mpu_set_bypass                       
000036dd  GROUP1_IRQHandler                    
00003875  __aeabi_dsub                         
00003875  __subdf3                             
0000387f  __adddf3                             
0000387f  __aeabi_dadd                         
00003a07  __aeabi_idiv0                        
00003a09  InPlaceTurn                          
00003b95  atan2                                
00003b95  atan2l                               
00003d1d  bt_control                           
00003e9d  dmp_set_orientation                  
00004015  sqrt                                 
00004015  sqrtl                                
00004185  MPU6050_Init                         
00004405  Get_Velocity_From_Encoder            
00004539  mspm0_i2c_read                       
0000466d  mpu_set_sensors                      
0000479d  mpu_init                             
000048c5  mpu_load_firmware                    
00004b09  DL_Timer_initCaptureMode             
00004c25  OLED_ShowChar                        
00004d3d  OLED_Init                            
00004e4d  Set_PWM                              
00004f59  __aeabi_ddiv                         
00004f59  __divdf3                             
00005065  mpu_read_fifo_stream                 
0000516d  DL_Timer_initFourCCPWMMode           
00005271  mpu_lp_accel_mode                    
00005371  APP_Show                             
00005469  OLED_ShowNum                         
0000555f  __aeabi_ldiv0                        
00005561  CarMode4                             
0000564d  mpu_set_sample_rate                  
00005739  DL_Timer_initTimerMode               
00005821  __aeabi_dmul                         
00005821  __muldf3                             
00005905  mpu_set_accel_fsr                    
000059e9  BTBufferHandler                      
00005ac5  DL_SYSCTL_configSYSPLL               
00005ba1  ldexp                                
00005ba1  ldexpl                               
00005ba1  scalbn                               
00005ba1  scalbnl                              
00005c79  __aeabi_fsub                         
00005c79  __subsf3                             
00005c83  __addsf3                             
00005c83  __aeabi_fadd                         
00005d51  SYSCFG_DL_initPower                  
00005ef9  mpu_set_lpf                          
00005fc9  mpu_set_gyro_fsr                     
0000608d  mspm0_i2c_write                      
00006151  mpu_configure_fifo                   
0000620d  mpu_set_dmp_state                    
000062c5  mpu_read_mem                         
00006371  mpu_write_mem                        
0000641d  __udivmoddi4                         
000064bf  _nop                                 
000064c1  sensortrack                          
00006561  mpu_set_int_latched                  
000065fd  OLED_WR_Byte                         
00006695  dmp_set_fifo_rate                    
000067c5  delay_us                             
00006855  SYSCFG_DL_PWM_0_init                 
000068e1  __aeabi_fmul                         
000068e1  __mulsf3                             
000069f9  Incremental_PI_Left                  
00006a7d  Incremental_PI_Right                 
00006b85  __aeabi_fdiv                         
00006b85  __divsf3                             
00006c09  __TI_decompress_lzss                 
00006c85  __gedf2                              
00006c85  __gtdf2                              
00006d01  __aeabi_d2f                          
00006d01  __truncdfsf2                         
00006d75  mpu_get_accel_fsr                    
00006de9  OLED_ShowString                      
00006e59  OLED_Clear                           
00006ec5  SYSCFG_DL_PWM_ULTRASONIC_init        
00006f2d  __cmpdf2                             
00006f2d  __eqdf2                              
00006f2d  __ledf2                              
00006f2d  __ltdf2                              
00006f2d  __nedf2                              
00006ffb  dmp_set_tap_axes                     
00007061  mpu6050_i2c_sda_unlock               
000070c5  __aeabi_dcmpeq                       
000070d9  __aeabi_dcmplt                       
000070ed  __aeabi_dcmple                       
00007101  __aeabi_dcmpge                       
00007115  __aeabi_dcmpgt                       
00007129  __aeabi_fcmpeq                       
0000713d  __aeabi_fcmplt                       
00007151  __aeabi_fcmple                       
00007165  __aeabi_fcmpge                       
00007179  __aeabi_fcmpgt                       
0000718d  TIMG0_IRQHandler                     
000071ed  dmp_enable_gyro_cal                  
0000724d  mpu_get_gyro_fsr                     
000072ad  oled_i2c_sda_unlock                  
0000730d  DL_I2C_fillControllerTXFIFO          
0000736d  SYSCFG_DL_UART_0_init                
000073c9  SYSCFG_DL_init                       
00007425  frexp                                
00007425  frexpl                               
000074dd  printf                               
00007539  SYSCFG_DL_I2C_MPU6050_init           
00007591  SYSCFG_DL_OLED_init                  
000075e9  __TI_ltoa                            
000076f1  __aeabi_idiv                         
000076f1  __aeabi_idivmod                      
00007749  NormalizeAngle                       
00007891  fputs                                
000078e1  DL_DMA_initChannel                   
00007979  Key2_GetNum                          
000079c5  Key4_GetNum                          
00007a11  LineTrackingError                    
00007a5d  Read_Ultrasonic                      
00007aa9  SYSCFG_DL_SYSCTL_init                
00007af5  SYSCFG_DL_UART_BT_init               
00007b41  __aeabi_d2iz                         
00007b41  __fixdfsi                            
00007b8d  BT_DAMConfig                         
00007bd5  DL_UART_init                         
00007c1d  Key3_GetNum                          
00007c65  UART2_IRQHandler                     
00007cad  dmp_enable_6x_lp_quat                
00007cf5  dmp_enable_lp_quat                   
00007dcd  CheckIsAllWhite                      
00007e11  DL_SYSCTL_switchMCLKfromSYSOSCtoHSCLK
00007e55  dmp_set_shake_reject_thresh          
00007e99  dmp_set_tap_count                    
00007edd  SYSCFG_DL_TIMER_1_init               
00007f1d  __aeabi_uidiv                        
00007f1d  __aeabi_uidivmod                     
00007f5d  __aeabi_f2d                          
00007f5d  __extendsfdf2                        
00007f9d  atoi                                 
000080d1  DL_I2C_flushControllerTXFIFO         
00008149  OLED_Set_Pos                         
00008185  SYSCFG_DL_TIMER_0_init               
000081c1  __aeabi_i2f                          
000081c1  __floatsisf                          
000081fd  __gesf2                              
000081fd  __gtsf2                              
00008239  __TI_auto_init_nobinit_nopinit       
00008275  __cmpsf2                             
00008275  __eqsf2                              
00008275  __lesf2                              
00008275  __ltsf2                              
00008275  __nesf2                              
000082b1  __muldsi3                            
000082ed  __aeabi_f2iz                         
000082ed  __fixsfsi                            
00008325  sprintf                              
000083f9  limit_PWM                            
0000842d  mpu_get_sample_rate                  
00008461  dmp_set_shake_reject_time            
00008493  dmp_set_shake_reject_timeout         
00008525  delay_ms                             
00008555  dmp_set_tap_time                     
00008585  dmp_set_tap_time_multi               
000085b5  oled_pow                             
000085e5  SYSCFG_DL_CAPTURE_ULTRASONIC_init    
00008695  __aeabi_i2d                          
00008695  __floatsidf                          
000086c1  fputc                                
000086ed  mspm0_get_clock_ms                   
000088a9  __aeabi_ui2f                         
000088a9  __floatunsisf                        
000088d1  _c_int00_noargs                      
0000896b  DL_I2C_setClockConfig                
000089b5  __aeabi_ui2d                         
000089b5  __floatunsidf                        
000089d9  __aeabi_lmul                         
000089d9  __muldi3                             
000089fd  memccpy                              
00008a61  DL_UART_transmitDataBlocking         
00008a81  TIMG8_IRQHandler                     
00008aa1  memcmp                               
00008ac1  myabs                                
00008b01  __aeabi_llsl                         
00008b01  __ashldi3                            
00008cc5  DL_Timer_setCaptCompUpdateMethod     
00008ce1  DL_Timer_setClockConfig              
00008cfd  GetRelativeYaw                       
00008d19  Interrupt_Init                       
00008d35  dmp_load_motion_driver_firmware      
00009021  DL_Timer_setCaptureCompareOutCtl     
000090c9  SYSCFG_DL_DMA_CH0_init               
000091a9  __TI_zero_init_nomemset              
000092c5  __aeabi_uldivmod                     
000092d9  dmp_register_android_orient_cb       
000092ed  dmp_register_tap_cb                  
0000934b  DL_UART_setClockConfig               
0000935d  TI_memcpy_small                      
0000936f  __TI_decompress_none                 
000093a1  DL_Timer_getCaptureCompareValue      
000093b1  DL_Timer_setCaptureCompareValue      
000093c1  SYSCFG_DL_SYSTICK_init               
000093d1  SysTick_Handler                      
000093e1  mspm0_delay_ms                       
000093f1  wcslen                               
00009401  __aeabi_memset                       
00009401  __aeabi_memset4                      
00009401  __aeabi_memset8                      
0000941d  strlen                               
00009439  TI_memset_small                      
00009447  Stop_Car                             
00009455  Systick_getTick                      
00009461  __aeabi_memclr                       
00009461  __aeabi_memclr4                      
00009461  __aeabi_memclr8                      
0000946d  DL_Common_delayCycles                
000094f9  atof                                 
00009525  SYSCFG_DL_DMA_init                   
0000952d  __aeabi_errno_addr                   
00009535  __aeabi_memcpy                       
00009535  __aeabi_memcpy4                      
00009535  __aeabi_memcpy8                      
0000956b  abort                                
00009571  ADC0_IRQHandler                      
00009571  ADC1_IRQHandler                      
00009571  AES_IRQHandler                       
00009571  CANFD0_IRQHandler                    
00009571  DAC0_IRQHandler                      
00009571  DMA_IRQHandler                       
00009571  Default_Handler                      
00009571  GROUP0_IRQHandler                    
00009571  HardFault_Handler                    
00009571  I2C0_IRQHandler                      
00009571  I2C1_IRQHandler                      
00009571  NMI_Handler                          
00009571  PendSV_Handler                       
00009571  RTC_IRQHandler                       
00009571  SPI0_IRQHandler                      
00009571  SPI1_IRQHandler                      
00009571  SVC_Handler                          
00009571  TIMA0_IRQHandler                     
00009571  TIMA1_IRQHandler                     
00009571  TIMG12_IRQHandler                    
00009571  TIMG6_IRQHandler                     
00009571  TIMG7_IRQHandler                     
00009571  UART0_IRQHandler                     
00009571  UART1_IRQHandler                     
00009571  UART3_IRQHandler                     
00009574  C$$EXIT                              
00009575  HOSTexit                             
0000957d  Reset_Handler                        
00009591  _system_pre_init                     
0000a196  asc2_1608                            
0000a786  asc2_0806                            
0000a9b0  __aeabi_ctype_table_                 
0000a9b0  __aeabi_ctype_table_C                
0000abe8  test                                 
0000ac37  reg                                  
0000ace8  hw                                   
0000add0  __TI_Handler_Table_Base              
0000addc  __TI_Handler_Table_Limit             
0000ade4  __TI_CINIT_Base                      
0000adf4  __TI_CINIT_Limit                     
0000adf4  __TI_CINIT_Warm                      
20200000  __start___llvm_prf_bits              
20200000  __start___llvm_prf_cnts              
20200000  __stop___llvm_prf_bits               
20200000  __stop___llvm_prf_cnts               
20200000  gBTPacket                            
202000c8  gPWM_ULTRASONICBackup                
20200184  gCAPTURE_ULTRASONICBackup            
20200224  gPWM_0Backup                         
202002f6  oled_buffer                          
20200316  sensors                              
20200318  MotorA                               
2020032c  MotorB                               
20200340  quat                                 
20200350  accel                                
20200356  gyro                                 
2020037c  Get_Encoder_countA                   
20200380  Get_Encoder_countB                   
20200384  gpio_interrup1                       
20200388  gpio_interrup2                       
2020038c  pitch                                
20200390  roll                                 
20200394  sensor_timestamp                     
20200398  tick_ms                              
2020039c  yaw                                  
202003a0  PID_Send                             
202003a1  more                                 
202003a4  _ftable                              
202004c0  Err_weight                           
20200523  sensordata                           
2020052a  DistVal                              
20200574  Last_biasA                           
20200578  Last_biasB                           
2020057c  PwmA                                 
20200580  PwmB                                 
20200584  QuaTurn_Tim                          
20200588  RelativeYaw                          
2020058c  Target_Yaw                           
20200590  Turn_PWM                             
20200594  Velocity_KIa                         
20200598  Velocity_KIb                         
2020059c  Velocity_KPa                         
202005a0  Velocity_KPb                         
202005a4  Yaw_Zero                             
202005a8  __aeabi_errno                        
202005ac  _lock                                
202005b0  _unlock                              
202005bc  speedA                               
202005c0  speedB                               
202005df  Target_Cycles                        
202005e3  carmode                              
202005e4  enable_group1_irq                    
202005e5  gBTCounts                            
20207e00  __stack                              
20208000  __STACK_END                          
ffffffff  __TI_pprof_out_hndl                  
ffffffff  __TI_prof_data_size                  
ffffffff  __TI_prof_data_start                 
ffffffff  __binit__                            
ffffffff  binit                                
UNDEFED   __mpu_init                           
UNDEFED   _system_post_cinit                   

[352 symbols]
