******************************************************************************
            TI ARM Clang Linker PC v4.0.3                      
******************************************************************************
>> Linked Mon Jun  8 01:23:02 2026

OUTPUT FILE NAME:   <empty_LP_MSPM0G3507_nortos_ticlang.out>
ENTRY POINT SYMBOL: "_c_int00_noargs"  address: 00004579


MEMORY CONFIGURATION

         name            origin    length      used     unused   attr    fill
----------------------  --------  ---------  --------  --------  ----  --------
  FLASH                 00000000   00020000  00005a88  0001a578  R  X
  SRAM                  20200000   00008000  00000627  000079d9  RW X
  BCR_CONFIG            41c00000   000000ff  00000000  000000ff  R   
  BSL_CONFIG            41c00100   00000080  00000000  00000080  R   


SEGMENT ALLOCATION MAP

run origin  load origin   length   init length attrs members
----------  ----------- ---------- ----------- ----- -------
00000000    00000000    00005a88   00005a88    r-x
  00000000    00000000    000000c0   000000c0    r-- .intvecs
  000000c0    000000c0    00004e50   00004e50    r-x .text
  00004f10    00004f10    00000b10   00000b10    r-- .rodata
  00005a20    00005a20    00000068   00000068    r-- .cinit
20200000    20200000    00000427   00000000    rw-
  20200000    20200000    000002c8   00000000    rw- .bss
  202002c8    202002c8    0000015f   00000000    rw- .data
20207e00    20207e00    00000200   00000000    rw-
  20207e00    20207e00    00000200   00000000    rw- .stack


SECTION ALLOCATION MAP

 output                                  attributes/
section   page    origin      length       input sections
--------  ----  ----------  ----------   ----------------
.intvecs   0    00000000    000000c0     
                  00000000    000000c0     startup_mspm0g350x_ticlang.o (.intvecs)

.text      0    000000c0    00004e50     
                  000000c0    000009d0     libc.a : _printfi.c.obj (.text:__TI_printfi)
                  00000a90    000003b8            : strtod.c.obj (.text.strtod)
                  00000e48    00000220            : _printfi.c.obj (.text._pconv_a)
                  00001068    0000020c     ti_msp_dl_config.o (.text.SYSCFG_DL_GPIO_init)
                  00001274    000001f4     empty.o (.text.TIMG0_IRQHandler)
                  00001468    000001dc     libc.a : _printfi.c.obj (.text._pconv_g)
                  00001644    00000192     libclang_rt.builtins.a : adddf3.S.obj (.text.adddf3_subdf3)
                  000017d6    00000002                            : aeabi_div0.c.obj (.text.__aeabi_idiv0)
                  000017d8    00000184     empty.o (.text.main)
                  0000195c    00000180     uart_callback.o (.text.bt_control)
                  00001adc    00000170     encoder.o (.text.GROUP1_IRQHandler)
                  00001c4c    0000013c     libc.a : _printfi.c.obj (.text.fcvt)
                  00001d88    00000134     control.o (.text.Get_Velocity_From_Encoder)
                  00001ebc    00000120     libc.a : _printfi.c.obj (.text._pconv_e)
                  00001fdc    00000118     oled_hardware_i2c.o (.text.OLED_ShowChar)
                  000020f4    00000110     oled_hardware_i2c.o (.text.OLED_Init)
                  00002204    0000010c     motor.o (.text.Set_PWM)
                  00002310    0000010c     libclang_rt.builtins.a : divdf3.S.obj (.text.__divdf3)
                  0000241c    00000104     driverlib.a : dl_timer.o (.text.DL_Timer_initFourCCPWMMode)
                  00002520    000000f8     show.o (.text.APP_Show)
                  00002618    000000f6     oled_hardware_i2c.o (.text.OLED_ShowNum)
                  0000270e    00000002     libclang_rt.builtins.a : aeabi_div0.c.obj (.text.__aeabi_ldiv0)
                  00002710    000000e8     driverlib.a : dl_timer.o (.text.DL_Timer_initTimerMode)
                  000027f8    000000e4     libclang_rt.builtins.a : muldf3.S.obj (.text.__muldf3)
                  000028dc    000000dc     uart_callback.o (.text.BTBufferHandler)
                  000029b8    000000dc     driverlib.a : dl_sysctl_mspm0g1x0x_g3x0x.o (.text.DL_SYSCTL_configSYSPLL)
                  00002a94    000000d8     libc.a : s_scalbn.c.obj (.text.scalbn)
                  00002b6c    000000d8     libclang_rt.builtins.a : addsf3.S.obj (.text)
                  00002c44    000000c4     ti_msp_dl_config.o (.text.SYSCFG_DL_initPower)
                  00002d08    000000a2     libclang_rt.builtins.a : udivmoddi4.S.obj (.text)
                  00002daa    00000002     libc.a : _lock.c.obj (.text._nop)
                  00002dac    000000a0     HX_X17.o (.text.sensortrack)
                  00002e4c    00000098     oled_hardware_i2c.o (.text.OLED_WR_Byte)
                  00002ee4    00000090     board.o (.text.delay_us)
                  00002f74    0000008c     ti_msp_dl_config.o (.text.SYSCFG_DL_PWM_0_init)
                  00003000    0000008c     libclang_rt.builtins.a : mulsf3.S.obj (.text.__mulsf3)
                  0000308c    00000084     control.o (.text.Incremental_PI_Left)
                  00003110    00000084     control.o (.text.Incremental_PI_Right)
                  00003194    00000084     ti_msp_dl_config.o (.text.__NVIC_SetPriority)
                  00003218    00000082     libclang_rt.builtins.a : divsf3.S.obj (.text.__divsf3)
                  0000329a    00000002     --HOLE-- [fill = 0]
                  0000329c    0000007c     libc.a : copy_decompress_lzss.c.obj (.text:decompress:lzss)
                  00003318    00000074     libclang_rt.builtins.a : comparedf2.c.obj (.text.__gedf2)
                  0000338c    00000004     startup_mspm0g350x_ticlang.o (.text.Default_Handler)
                  00003390    00000074     libclang_rt.builtins.a : truncdfsf2.S.obj (.text.__truncdfsf2)
                  00003404    00000070     oled_hardware_i2c.o (.text.OLED_ShowString)
                  00003474    0000006a     oled_hardware_i2c.o (.text.OLED_Clear)
                  000034de    00000002     --HOLE-- [fill = 0]
                  000034e0    00000068     ti_msp_dl_config.o (.text.SYSCFG_DL_PWM_1_init)
                  00003548    00000068     ti_msp_dl_config.o (.text.SYSCFG_DL_UART_JY61P_init)
                  000035b0    00000068     libclang_rt.builtins.a : comparedf2.c.obj (.text.__ledf2)
                  00003618    00000066     libc.a : _printfi.c.obj (.text._mcpy)
                  0000367e    00000002     --HOLE-- [fill = 0]
                  00003680    00000062     libclang_rt.builtins.a : aeabi_dcmp.S.obj (.text.__aeabi_dcmp)
                  000036e2    00000002     --HOLE-- [fill = 0]
                  000036e4    00000060     oled_hardware_i2c.o (.text.oled_i2c_sda_unlock)
                  00003744    0000005e     driverlib.a : dl_i2c.o (.text.DL_I2C_fillControllerTXFIFO)
                  000037a2    00000002     --HOLE-- [fill = 0]
                  000037a4    0000005c     ti_msp_dl_config.o (.text.SYSCFG_DL_UART_0_init)
                  00003800    0000005c     libc.a : s_frexp.c.obj (.text.frexp)
                  0000385c    0000005c            : printf.c.obj (.text.printf)
                  000038b8    00000058     ti_msp_dl_config.o (.text.SYSCFG_DL_OLED_init)
                  00003910    00000058     libc.a : _ltoa.c.obj (.text.__TI_ltoa)
                  00003968    00000058            : _printfi.c.obj (.text._pconv_f)
                  000039c0    00000058     oled_hardware_i2c.o (.text.mspm0_i2c_enable)
                  00003a18    00000056     libclang_rt.builtins.a : aeabi_idivmod.S.obj (.text.__aeabi_idivmod)
                  00003a6e    00000052     libc.a : _printfi.c.obj (.text._ecpy)
                  00003ac0    00000050     oled_hardware_i2c.o (.text.DL_I2C_startControllerTransfer)
                  00003b10    00000050     board.o (.text.fputs)
                  00003b60    0000004c     driverlib.a : dl_dma.o (.text.DL_DMA_initChannel)
                  00003bac    0000004c     ti_msp_dl_config.o (.text.DL_UART_setBaudRateDivisor)
                  00003bf8    0000004c     ti_msp_dl_config.o (.text.SYSCFG_DL_SYSCTL_init)
                  00003c44    0000004c     ti_msp_dl_config.o (.text.SYSCFG_DL_UART_BT_init)
                  00003c90    0000004c     ti_msp_dl_config.o (.text.SYSCFG_DL_init)
                  00003cdc    0000004a     libclang_rt.builtins.a : fixdfsi.S.obj (.text.__fixdfsi)
                  00003d26    00000002     --HOLE-- [fill = 0]
                  00003d28    00000048     uart_callback.o (.text.BT_DAMConfig)
                  00003d70    00000048     driverlib.a : dl_uart.o (.text.DL_UART_init)
                  00003db8    00000048     uart_callback.o (.text.UART2_IRQHandler)
                  00003e00    00000048     oled_hardware_i2c.o (.text.mspm0_i2c_disable)
                  00003e48    00000044     driverlib.a : dl_sysctl_mspm0g1x0x_g3x0x.o (.text.DL_SYSCTL_switchMCLKfromSYSOSCtoHSCLK)
                  00003e8c    00000040     ti_msp_dl_config.o (.text.SYSCFG_DL_TIMER_1_init)
                  00003ecc    00000040     libclang_rt.builtins.a : aeabi_uidivmod.S.obj (.text.__aeabi_uidivmod)
                  00003f0c    00000040                            : extendsfdf2.S.obj (.text.__extendsfdf2)
                  00003f4c    00000040     libc.a : atoi.c.obj (.text.atoi)
                  00003f8c    0000003c     oled_hardware_i2c.o (.text.DL_GPIO_initPeripheralInputFunctionFeatures)
                  00003fc8    0000003c     ti_msp_dl_config.o (.text.DL_GPIO_initPeripheralInputFunctionFeatures)
                  00004004    0000003c     ti_msp_dl_config.o (.text.DL_Timer_setCounterControl)
                  00004040    0000003c     oled_hardware_i2c.o (.text.OLED_Set_Pos)
                  0000407c    0000003c     ti_msp_dl_config.o (.text.SYSCFG_DL_TIMER_0_init)
                  000040b8    0000003c     libclang_rt.builtins.a : floatsisf.S.obj (.text.__floatsisf)
                  000040f4    0000003c     libc.a : autoinit.c.obj (.text:__TI_auto_init_nobinit_nopinit)
                  00004130    0000003a     libclang_rt.builtins.a : muldsi3.S.obj (.text.__muldsi3)
                  0000416a    00000002     --HOLE-- [fill = 0]
                  0000416c    00000038                            : fixsfsi.S.obj (.text.__fixsfsi)
                  000041a4    00000034     oled_hardware_i2c.o (.text.DL_GPIO_initDigitalInputFeatures)
                  000041d8    00000034     ti_msp_dl_config.o (.text.DL_GPIO_initDigitalInputFeatures)
                  0000420c    00000034     motor.o (.text.limit_PWM)
                  00004240    00000032     libclang_rt.builtins.a : fixunssfsi.S.obj (.text.__fixunssfsi)
                  00004272    00000002     --HOLE-- [fill = 0]
                  00004274    00000030     uart_callback.o (.text.DL_DMA_setTransferSize)
                  000042a4    00000030     libc.a : _printfi.c.obj (.text._fcpy)
                  000042d4    00000030     board.o (.text.delay_ms)
                  00004304    00000030     oled_hardware_i2c.o (.text.oled_pow)
                  00004334    0000002c     empty.o (.text.__NVIC_ClearPendingIRQ)
                  00004360    0000002c     empty.o (.text.__NVIC_EnableIRQ)
                  0000438c    0000002c     libclang_rt.builtins.a : floatsidf.S.obj (.text.__floatsidf)
                  000043b8    0000002c     board.o (.text.fputc)
                  000043e4    0000002c     board.o (.text.mspm0_get_clock_ms)
                  00004410    00000028     oled_hardware_i2c.o (.text.DL_Common_updateReg)
                  00004438    00000028     ti_msp_dl_config.o (.text.DL_Common_updateReg)
                  00004460    00000028     uart_callback.o (.text.DL_DMA_setDestAddr)
                  00004488    00000028     uart_callback.o (.text.DL_DMA_setSrcAddr)
                  000044b0    00000028     ti_msp_dl_config.o (.text.DL_I2C_setControllerRXFIFOThreshold)
                  000044d8    00000028     ti_msp_dl_config.o (.text.DL_I2C_setControllerTXFIFOThreshold)
                  00004500    00000028     ti_msp_dl_config.o (.text.DL_SYSTICK_init)
                  00004528    00000028     ti_msp_dl_config.o (.text.DL_UART_setRXFIFOThreshold)
                  00004550    00000028     ti_msp_dl_config.o (.text.DL_UART_setTXFIFOThreshold)
                  00004578    00000028     libc.a : boot_cortex_m.c.obj (.text:_c_int00_noargs)
                  000045a0    00000026     uart_callback.o (.text.DL_DMA_disableChannel)
                  000045c6    00000026     uart_callback.o (.text.DL_DMA_enableChannel)
                  000045ec    00000026     ti_msp_dl_config.o (.text.DL_I2C_setAnalogGlitchFilterPulseWidth)
                  00004612    00000026     driverlib.a : dl_i2c.o (.text.DL_I2C_setClockConfig)
                  00004638    00000024     uart_callback.o (.text.DL_DMA_getTransferSize)
                  0000465c    00000024     ti_msp_dl_config.o (.text.DL_UART_setRXInterruptTimeout)
                  00004680    00000024     libclang_rt.builtins.a : muldi3.S.obj (.text.__muldi3)
                  000046a4    00000022     libc.a : memccpy.c.obj (.text.memccpy)
                  000046c6    00000002     --HOLE-- [fill = 0]
                  000046c8    00000020     ti_msp_dl_config.o (.text.DL_GPIO_initPeripheralInputFunction)
                  000046e8    00000020     ti_msp_dl_config.o (.text.DL_SYSCTL_setFlashWaitState)
                  00004708    00000020     driverlib.a : dl_uart.o (.text.DL_UART_transmitDataBlocking)
                  00004728    00000020     empty.o (.text.TIMG8_IRQHandler)
                  00004748    0000001e     ti_msp_dl_config.o (.text.DL_UART_setOversampling)
                  00004766    00000002     --HOLE-- [fill = 0]
                  00004768    0000001e     libclang_rt.builtins.a : ashldi3.S.obj (.text.__ashldi3)
                  00004786    00000002     --HOLE-- [fill = 0]
                  00004788    0000001c     encoder.o (.text.DL_GPIO_clearInterruptStatus)
                  000047a4    0000001c     ti_msp_dl_config.o (.text.DL_GPIO_clearInterruptStatus)
                  000047c0    0000001c     oled_hardware_i2c.o (.text.DL_GPIO_enableHiZ)
                  000047dc    0000001c     ti_msp_dl_config.o (.text.DL_GPIO_enableHiZ)
                  000047f8    0000001c     ti_msp_dl_config.o (.text.DL_GPIO_enableInterrupt)
                  00004814    0000001c     ti_msp_dl_config.o (.text.DL_GPIO_initPeripheralOutputFunction)
                  00004830    0000001c     oled_hardware_i2c.o (.text.DL_I2C_getSDAStatus)
                  0000484c    0000001c     ti_msp_dl_config.o (.text.DL_SYSCTL_setSYSOSCFreq)
                  00004868    0000001c     ti_msp_dl_config.o (.text.DL_SYSCTL_setULPCLKDivider)
                  00004884    0000001c     ti_msp_dl_config.o (.text.DL_Timer_enableInterrupt)
                  000048a0    0000001c     driverlib.a : dl_timer.o (.text.DL_Timer_setCaptCompUpdateMethod)
                  000048bc    0000001c                 : dl_timer.o (.text.DL_Timer_setClockConfig)
                  000048d8    0000001c     ti_msp_dl_config.o (.text.DL_UART_enableInterrupt)
                  000048f4    00000018     oled_hardware_i2c.o (.text.DL_GPIO_enableOutput)
                  0000490c    00000018     ti_msp_dl_config.o (.text.DL_GPIO_enableOutput)
                  00004924    00000018     ti_msp_dl_config.o (.text.DL_GPIO_enablePower)
                  0000493c    00000018     encoder.o (.text.DL_GPIO_getEnabledInterruptStatus)
                  00004954    00000018     oled_hardware_i2c.o (.text.DL_GPIO_initDigitalOutput)
                  0000496c    00000018     ti_msp_dl_config.o (.text.DL_GPIO_initDigitalOutput)
                  00004984    00000018     ti_msp_dl_config.o (.text.DL_GPIO_reset)
                  0000499c    00000018     motor.o (.text.DL_GPIO_setPins)
                  000049b4    00000018     oled_hardware_i2c.o (.text.DL_GPIO_setPins)
                  000049cc    00000018     ti_msp_dl_config.o (.text.DL_GPIO_setUpperPinsPolarity)
                  000049e4    00000018     oled_hardware_i2c.o (.text.DL_I2C_clearInterruptStatus)
                  000049fc    00000018     ti_msp_dl_config.o (.text.DL_I2C_enableAnalogGlitchFilter)
                  00004a14    00000018     ti_msp_dl_config.o (.text.DL_I2C_enableController)
                  00004a2c    00000018     ti_msp_dl_config.o (.text.DL_I2C_enableControllerClockStretching)
                  00004a44    00000018     oled_hardware_i2c.o (.text.DL_I2C_enablePower)
                  00004a5c    00000018     ti_msp_dl_config.o (.text.DL_I2C_enablePower)
                  00004a74    00000018     oled_hardware_i2c.o (.text.DL_I2C_getRawInterruptStatus)
                  00004a8c    00000018     oled_hardware_i2c.o (.text.DL_I2C_reset)
                  00004aa4    00000018     ti_msp_dl_config.o (.text.DL_I2C_reset)
                  00004abc    00000018     ti_msp_dl_config.o (.text.DL_I2C_setTimerPeriod)
                  00004ad4    00000018     ti_msp_dl_config.o (.text.DL_SYSCTL_setBORThreshold)
                  00004aec    00000018     ti_msp_dl_config.o (.text.DL_Timer_enablePower)
                  00004b04    00000018     ti_msp_dl_config.o (.text.DL_Timer_reset)
                  00004b1c    00000018     driverlib.a : dl_timer.o (.text.DL_Timer_setCaptureCompareOutCtl)
                  00004b34    00000018     empty.o (.text.DL_Timer_startCounter)
                  00004b4c    00000018     ti_msp_dl_config.o (.text.DL_UART_enableDMAReceiveEvent)
                  00004b64    00000018     ti_msp_dl_config.o (.text.DL_UART_enableFIFOs)
                  00004b7c    00000018     ti_msp_dl_config.o (.text.DL_UART_enablePower)
                  00004b94    00000018     board.o (.text.DL_UART_isBusy)
                  00004bac    00000018     ti_msp_dl_config.o (.text.DL_UART_reset)
                  00004bc4    00000018     ti_msp_dl_config.o (.text.SYSCFG_DL_DMA_CH0_init)
                  00004bdc    00000018     ti_msp_dl_config.o (.text.SYSCFG_DL_DMA_WIT_init)
                  00004bf4    00000016     HX_X17.o (.text.DL_GPIO_readPins)
                  00004c0a    00000016     encoder.o (.text.DL_GPIO_readPins)
                  00004c20    00000016     oled_hardware_i2c.o (.text.DL_GPIO_readPins)
                  00004c36    00000016     ti_msp_dl_config.o (.text.DL_UART_enable)
                  00004c4c    00000016     ti_msp_dl_config.o (.text.DL_UART_enableLoopbackMode)
                  00004c62    00000016     libc.a : copy_zero_init.c.obj (.text:decompress:ZI:__TI_zero_init_nomemset)
                  00004c78    00000014     motor.o (.text.DL_GPIO_clearPins)
                  00004c8c    00000014     oled_hardware_i2c.o (.text.DL_GPIO_clearPins)
                  00004ca0    00000014     ti_msp_dl_config.o (.text.DL_GPIO_clearPins)
                  00004cb4    00000014     oled_hardware_i2c.o (.text.DL_I2C_getControllerStatus)
                  00004cc8    00000014     ti_msp_dl_config.o (.text.DL_I2C_resetControllerTransfer)
                  00004cdc    00000014     ti_msp_dl_config.o (.text.DL_SYSCTL_disableSYSPLL)
                  00004cf0    00000014     ti_msp_dl_config.o (.text.DL_SYSCTL_enableMFCLK)
                  00004d04    00000014     ti_msp_dl_config.o (.text.DL_Timer_enableClock)
                  00004d18    00000014     ti_msp_dl_config.o (.text.DL_Timer_setCCPDirection)
                  00004d2c    00000014     uart_callback.o (.text.DL_UART_receiveData)
                  00004d40    00000014     libclang_rt.builtins.a : aeabi_uldivmod.S.obj (.text.__aeabi_uldivmod)
                  00004d54    00000014     libc.a : _printfi.c.obj (.text.strchr)
                  00004d68    00000012     empty.o (.text.DL_Timer_getPendingInterrupt)
                  00004d7a    00000012     uart_callback.o (.text.DL_UART_getPendingInterrupt)
                  00004d8c    00000012     driverlib.a : dl_uart.o (.text.DL_UART_setClockConfig)
                  00004d9e    00000012     libc.a : memcpy16.S.obj (.text:TI_memcpy_small)
                  00004db0    00000012            : copy_decompress_none.c.obj (.text:decompress:none)
                  00004dc2    00000002     --HOLE-- [fill = 0]
                  00004dc4    00000010     ti_msp_dl_config.o (.text.DL_SYSCTL_disableHFXT)
                  00004dd4    00000010     ti_msp_dl_config.o (.text.DL_SYSTICK_enable)
                  00004de4    00000010     driverlib.a : dl_timer.o (.text.DL_Timer_setCaptureCompareValue)
                  00004df4    00000010     ti_msp_dl_config.o (.text.SYSCFG_DL_SYSTICK_init)
                  00004e04    00000010     libc.a : wcslen.c.obj (.text.wcslen)
                  00004e14    0000000e     libclang_rt.builtins.a : aeabi_memset.S.obj (.text.__aeabi_memset)
                  00004e22    0000000e     libc.a : _printfi.c.obj (.text.strlen)
                  00004e30    0000000e            : strlen.c.obj (.text.strlen)
                  00004e3e    0000000e            : memset16.S.obj (.text:TI_memset_small)
                  00004e4c    0000000c     ti_msp_dl_config.o (.text.SYSCFG_DL_DMA_init)
                  00004e58    0000000c     board.o (.text.Systick_getTick)
                  00004e64    0000000c     libclang_rt.builtins.a : aeabi_memset.S.obj (.text.__aeabi_memclr)
                  00004e70    0000000a     driverlib.a : dl_common.o (.text.DL_Common_delayCycles)
                  00004e7a    0000000a     libc.a : _printfi.c.obj (.text.OUTLINED_FUNCTION_0)
                  00004e84    00000010     libclang_rt.builtins.a : adddf3.S.obj (.tramp.__aeabi_dsub.1)
                  00004e94    0000000a     libc.a : _printfi.c.obj (.text.OUTLINED_FUNCTION_1)
                  00004e9e    0000000a            : atof.c.obj (.text.atof)
                  00004ea8    00000008            : strtod.c.obj (.text.OUTLINED_FUNCTION_0)
                  00004eb0    00000008            : strtod.c.obj (.text.OUTLINED_FUNCTION_1)
                  00004eb8    00000010     libclang_rt.builtins.a : aeabi_dcmp.S.obj (.tramp.__aeabi_dcmpeq.1)
                  00004ec8    00000008     libc.a : aeabi_portable.c.obj (.text.__aeabi_errno_addr)
                  00004ed0    00000008     libclang_rt.builtins.a : aeabi_memcpy.S.obj (.text.__aeabi_memcpy)
                  00004ed8    00000008     libc.a : printf.c.obj (.text._outc)
                  00004ee0    00000008            : printf.c.obj (.text._outs)
                  00004ee8    00000006            : exit.c.obj (.text:abort)
                  00004eee    00000004     libsysbm.a : hostexit.c.obj (.text.HOSTexit)
                  00004ef2    00000004     startup_mspm0g350x_ticlang.o (.text.Reset_Handler)
                  00004ef6    00000002     --HOLE-- [fill = 0]
                  00004ef8    00000010     libc.a : boot_cortex_m.c.obj (.tramp._c_int00_noargs.1)
                  00004f08    00000004            : pre_init.c.obj (.text._system_pre_init)
                  00004f0c    00000004     --HOLE-- [fill = 0]

.cinit     0    00005a20    00000068     
                  00005a20    00000043     (.cinit..data.load) [load image, compression = lzss]
                  00005a63    00000001     --HOLE-- [fill = 0]
                  00005a64    0000000c     (__TI_handler_table)
                  00005a70    00000008     (.cinit..bss.load) [load image, compression = zero_init]
                  00005a78    00000010     (__TI_cinit_table)

.rodata    0    00004f10    00000b10     
                  00004f10    000005f0     oled_hardware_i2c.o (.rodata.asc2_1608)
                  00005500    00000228     oled_hardware_i2c.o (.rodata.asc2_0806)
                  00005728    00000008     ti_msp_dl_config.o (.rodata.gPWM_0Config)
                  00005730    00000101     libc.a : aeabi_ctype.S.obj (.rodata:__aeabi_ctype_table_)
                  00005831    00000005     empty.o (.rodata.str1.14685083708502177989.1)
                  00005836    00000002     ti_msp_dl_config.o (.rodata.gOLEDClockConfig)
                  00005838    00000080     libc.a : strtod.c.obj (.rodata.digits)
                  000058b8    00000048            : strtod.c.obj (.rodata.powerof10)
                  00005900    00000028     ti_msp_dl_config.o (.rodata.gSYSPLLConfig)
                  00005928    00000027     show.o (.rodata.str1.15776983441256719054.1)
                  0000594f    00000001     --HOLE-- [fill = 0]
                  00005950    00000018     ti_msp_dl_config.o (.rodata.gDMA_CH0Config)
                  00005968    00000018     ti_msp_dl_config.o (.rodata.gDMA_WITConfig)
                  00005980    00000014     ti_msp_dl_config.o (.rodata.gTIMER_0TimerConfig)
                  00005994    00000014     ti_msp_dl_config.o (.rodata.gTIMER_1TimerConfig)
                  000059a8    00000011     libc.a : _printfi.c.obj (.rodata.str1.10348868589481759720.1)
                  000059b9    00000011            : _printfi.c.obj (.rodata.str1.15363888844622738466.1)
                  000059ca    00000010     show.o (.rodata.str1.17101955116209303648.1)
                  000059da    0000000a     ti_msp_dl_config.o (.rodata.gUART_0Config)
                  000059e4    0000000a     ti_msp_dl_config.o (.rodata.gUART_BTConfig)
                  000059ee    0000000a     ti_msp_dl_config.o (.rodata.gUART_JY61PConfig)
                  000059f8    00000008     ti_msp_dl_config.o (.rodata.gPWM_1Config)
                  00005a00    00000004     empty.o (.rodata.str1.254342170260855183.1)
                  00005a04    00000004     empty.o (.rodata.str1.9517790425240694019.1)
                  00005a08    00000003     ti_msp_dl_config.o (.rodata.gPWM_0ClockConfig)
                  00005a0b    00000003     ti_msp_dl_config.o (.rodata.gPWM_1ClockConfig)
                  00005a0e    00000003     ti_msp_dl_config.o (.rodata.gTIMER_0ClockConfig)
                  00005a11    00000003     ti_msp_dl_config.o (.rodata.gTIMER_1ClockConfig)
                  00005a14    00000002     ti_msp_dl_config.o (.rodata.gUART_0ClockConfig)
                  00005a16    00000002     ti_msp_dl_config.o (.rodata.gUART_BTClockConfig)
                  00005a18    00000002     ti_msp_dl_config.o (.rodata.gUART_JY61PClockConfig)
                  00005a1a    00000006     --HOLE-- [fill = 0]

.init_array 
*          0    00000000    00000000     UNINITIALIZED

.binit     0    00000000    00000000     

.bss       0    20200000    000002c8     UNINITIALIZED
                  20200000    000000c8     (.common:gBTPacket)
                  202000c8    000000bc     (.common:gPWM_0Backup)
                  20200184    000000bc     (.common:gPWM_1Backup)
                  20200240    00000032     uart_callback.o (.bss.bt_control.Receive)
                  20200272    00000001     (.common:PID_Send)
                  20200273    00000001     --HOLE--
                  20200274    00000010     (.common:MotorA)
                  20200284    00000010     (.common:MotorB)
                  20200294    00000004     control.o (.bss.Incremental_PI_Left.Bias)
                  20200298    00000004     control.o (.bss.Incremental_PI_Left.Last_bias)
                  2020029c    00000004     control.o (.bss.Incremental_PI_Left.Pwm)
                  202002a0    00000004     control.o (.bss.Incremental_PI_Right.Bias)
                  202002a4    00000004     control.o (.bss.Incremental_PI_Right.Last_bias)
                  202002a8    00000004     control.o (.bss.Incremental_PI_Right.Pwm)
                  202002ac    00000004     (.common:Get_Encoder_countA)
                  202002b0    00000004     (.common:Get_Encoder_countB)
                  202002b4    00000004     (.common:PWMA)
                  202002b8    00000004     (.common:PWMB)
                  202002bc    00000004     (.common:gpio_interrup1)
                  202002c0    00000004     (.common:gpio_interrup2)
                  202002c4    00000004     (.common:tick_ms)

.data      0    202002c8    0000015f     UNINITIALIZED
                  202002c8    000000f0     libc.a : defs.c.obj (.data._ftable)
                  202003b8    00000010     control.o (.data.Get_Velocity_From_Encoder.DeltaA_Buffer)
                  202003c8    00000010     control.o (.data.Get_Velocity_From_Encoder.DeltaB_Buffer)
                  202003d8    00000007     HX_X17.o (.data.sensordata)
                  202003df    00000001     uart_callback.o (.data.BTBufferHandler.handleSize)
                  202003e0    00000004     control.o (.data.Get_Velocity_From_Encoder.LastEncoder1)
                  202003e4    00000004     control.o (.data.Get_Velocity_From_Encoder.LastEncoder2)
                  202003e8    00000004     control.o (.data.Velocity_KIa)
                  202003ec    00000004     control.o (.data.Velocity_KIb)
                  202003f0    00000004     control.o (.data.Velocity_KPa)
                  202003f4    00000004     control.o (.data.Velocity_KPb)
                  202003f8    00000004     libc.a : aeabi_portable.c.obj (.data.__aeabi_errno)
                  202003fc    00000004            : _lock.c.obj (.data._lock)
                  20200400    00000004            : _lock.c.obj (.data._unlock)
                  20200404    00000004     empty.o (.data.actuall_error)
                  20200408    00000004     uart_callback.o (.data.bt_control.Data)
                  2020040c    00000004     uart_callback.o (.data.bt_control.Usart_Receive)
                  20200410    00000004     empty.o (.data.speedA)
                  20200414    00000004     empty.o (.data.speedB)
                  20200418    00000004     empty.o (.data.tem2)
                  2020041c    00000004     empty.o (.data.tem4)
                  20200420    00000001     uart_callback.o (.data.BTBufferHandler.handleflag)
                  20200421    00000001     uart_callback.o (.data.BTBufferHandler.lastSize)
                  20200422    00000001     control.o (.data.Get_Velocity_From_Encoder.filter_index)
                  20200423    00000001     uart_callback.o (.data.bt_control.Flag_PID)
                  20200424    00000001     uart_callback.o (.data.bt_control.i)
                  20200425    00000001     uart_callback.o (.data.bt_control.j)
                  20200426    00000001     uart_callback.o (.data.gBTCounts)

.stack     0    20207e00    00000200     UNINITIALIZED
                  20207e00    00000004     libc.a : boot_cortex_m.c.obj (.stack)
                  20207e04    000001fc     --HOLE--

__llvm_prf_cnts 
*          0    20200000    00000000     UNINITIALIZED

__llvm_prf_bits 
*          0    20200000    00000000     UNINITIALIZED

MODULE SUMMARY

       Module                         code    ro data   rw data
       ------                         ----    -------   -------
    .\
       ti_msp_dl_config.o             3316    194       376    
       empty.o                        1050    13        28     
       startup_mspm0g350x_ticlang.o   8       192       0      
    +--+------------------------------+-------+---------+---------+
       Total:                         4374    399       404    
                                                               
    .\Hardware\
       oled_hardware_i2c.o            2050    2072      0      
       uart_callback.o                1026    0         265    
       control.o                      572     0         114    
       encoder.o                      442     0         16     
       board.o                        396     0         4      
       motor.o                        364     0         0      
       show.o                         248     55        0      
       HX_X17.o                       182     0         7      
    +--+------------------------------+-------+---------+---------+
       Total:                         5280    2127      406    
                                                               
    C:/ti/mspm0_sdk_2_05_01_00/source/ti/driverlib/lib/ticlang/m0p/mspm0g1x0x_g3x0x/driverlib.a
       dl_timer.o                     588     0         0      
       dl_sysctl_mspm0g1x0x_g3x0x.o   288     0         0      
       dl_i2c.o                       132     0         0      
       dl_uart.o                      122     0         0      
       dl_dma.o                       76      0         0      
       dl_common.o                    10      0         0      
    +--+------------------------------+-------+---------+---------+
       Total:                         1216    0         0      
                                                               
    C:\ti\ccs2020\ccs\tools\compiler\ti-cgt-armllvm_4.0.3.LTS\lib\armv6m-ti-none-eabi/c/libc.a
       _printfi.c.obj                 4510    34        0      
       strtod.c.obj                   968     200       0      
       aeabi_ctype.S.obj              0       257       0      
       defs.c.obj                     0       0         240    
       s_scalbn.c.obj                 216     0         0      
       copy_decompress_lzss.c.obj     124     0         0      
       printf.c.obj                   108     0         0      
       s_frexp.c.obj                  92      0         0      
       _ltoa.c.obj                    88      0         0      
       atoi.c.obj                     64      0         0      
       autoinit.c.obj                 60      0         0      
       boot_cortex_m.c.obj            56      0         0      
       memccpy.c.obj                  34      0         0      
       copy_zero_init.c.obj           22      0         0      
       copy_decompress_none.c.obj     18      0         0      
       memcpy16.S.obj                 18      0         0      
       wcslen.c.obj                   16      0         0      
       memset16.S.obj                 14      0         0      
       strlen.c.obj                   14      0         0      
       aeabi_portable.c.obj           8       0         4      
       _lock.c.obj                    2       0         8      
       atof.c.obj                     10      0         0      
       exit.c.obj                     6       0         0      
       pre_init.c.obj                 4       0         0      
    +--+------------------------------+-------+---------+---------+
       Total:                         6452    491       252    
                                                               
    C:\ti\ccs2020\ccs\tools\compiler\ti-cgt-armllvm_4.0.3.LTS\lib\armv6m-ti-none-eabi/c/libsysbm.a
       hostexit.c.obj                 4       0         0      
    +--+------------------------------+-------+---------+---------+
       Total:                         4       0         0      
                                                               
    C:\ti\ccs2020\ccs\tools\compiler\ti-cgt-armllvm_4.0.3.LTS\lib\armv6m-ti-none-eabi/libclang_rt.builtins.a
       adddf3.S.obj                   418     0         0      
       divdf3.S.obj                   268     0         0      
       muldf3.S.obj                   228     0         0      
       comparedf2.c.obj               220     0         0      
       addsf3.S.obj                   216     0         0      
       udivmoddi4.S.obj               162     0         0      
       mulsf3.S.obj                   140     0         0      
       divsf3.S.obj                   130     0         0      
       truncdfsf2.S.obj               116     0         0      
       aeabi_dcmp.S.obj               114     0         0      
       aeabi_idivmod.S.obj            86      0         0      
       fixdfsi.S.obj                  74      0         0      
       aeabi_uidivmod.S.obj           64      0         0      
       extendsfdf2.S.obj              64      0         0      
       floatsisf.S.obj                60      0         0      
       muldsi3.S.obj                  58      0         0      
       fixsfsi.S.obj                  56      0         0      
       fixunssfsi.S.obj               50      0         0      
       floatsidf.S.obj                44      0         0      
       muldi3.S.obj                   36      0         0      
       ashldi3.S.obj                  30      0         0      
       aeabi_memset.S.obj             26      0         0      
       aeabi_uldivmod.S.obj           20      0         0      
       aeabi_memcpy.S.obj             8       0         0      
       aeabi_div0.c.obj               4       0         0      
    +--+------------------------------+-------+---------+---------+
       Total:                         2692    0         0      
                                                               
       Stack:                         0       0         512    
       Linker Generated:              0       103       0      
    +--+------------------------------+-------+---------+---------+
       Grand Total:                   20018   3120      1574   


LINKER GENERATED COPY TABLES

__TI_cinit_table @ 00005a78 records: 2, size/record: 8, table size: 16
	.data: load addr=00005a20, load size=00000043 bytes, run addr=202002c8, run size=0000015f bytes, compression=lzss
	.bss: load addr=00005a70, load size=00000008 bytes, run addr=20200000, run size=000002c8 bytes, compression=zero_init


LINKER GENERATED HANDLER TABLE

__TI_handler_table @ 00005a64 records: 3, size/record: 4, table size: 12
	index: 0, handler: __TI_decompress_lzss
	index: 1, handler: __TI_decompress_none
	index: 2, handler: __TI_zero_init


FAR CALL TRAMPOLINES

callee name               trampoline name
   callee addr  tramp addr   call addr  call info
--------------  -----------  ---------  ----------------
__aeabi_dsub              $Tramp$TT$L$PI$$__aeabi_dsub
   00001645     00004e84     00004e82   libc.a : _printfi.c.obj (.text.OUTLINED_FUNCTION_0)
__aeabi_dcmpeq            $Tramp$TT$L$PI$$__aeabi_dcmpeq
   00003681     00004eb8     00004eb6   libc.a : strtod.c.obj (.text.OUTLINED_FUNCTION_1)
_c_int00_noargs           $Tramp$TT$L$PI$$_c_int00_noargs
   00004579     00004ef8     00004ef2   startup_mspm0g350x_ticlang.o (.text.Reset_Handler)

[3 trampolines]
[3 trampoline calls]


GLOBAL SYMBOLS: SORTED ALPHABETICALLY BY Name 

address   name                                 
-------   ----                                 
0000338d  ADC0_IRQHandler                      
0000338d  ADC1_IRQHandler                      
0000338d  AES_IRQHandler                       
00002521  APP_Show                             
000028dd  BTBufferHandler                      
00003d29  BT_DAMConfig                         
00004eee  C$$EXIT                              
0000338d  CANFD0_IRQHandler                    
0000338d  DAC0_IRQHandler                      
00004e71  DL_Common_delayCycles                
00003b61  DL_DMA_initChannel                   
00003745  DL_I2C_fillControllerTXFIFO          
00004613  DL_I2C_setClockConfig                
000029b9  DL_SYSCTL_configSYSPLL               
00003e49  DL_SYSCTL_switchMCLKfromSYSOSCtoHSCLK
0000241d  DL_Timer_initFourCCPWMMode           
00002711  DL_Timer_initTimerMode               
000048a1  DL_Timer_setCaptCompUpdateMethod     
00004b1d  DL_Timer_setCaptureCompareOutCtl     
00004de5  DL_Timer_setCaptureCompareValue      
000048bd  DL_Timer_setClockConfig              
00003d71  DL_UART_init                         
00004d8d  DL_UART_setClockConfig               
00004709  DL_UART_transmitDataBlocking         
0000338d  DMA_IRQHandler                       
0000338d  Default_Handler                      
0000338d  GROUP0_IRQHandler                    
00001add  GROUP1_IRQHandler                    
202002ac  Get_Encoder_countA                   
202002b0  Get_Encoder_countB                   
00001d89  Get_Velocity_From_Encoder            
00004eef  HOSTexit                             
0000338d  HardFault_Handler                    
0000338d  I2C0_IRQHandler                      
0000338d  I2C1_IRQHandler                      
0000308d  Incremental_PI_Left                  
00003111  Incremental_PI_Right                 
20200274  MotorA                               
20200284  MotorB                               
0000338d  NMI_Handler                          
00003475  OLED_Clear                           
000020f5  OLED_Init                            
00004041  OLED_Set_Pos                         
00001fdd  OLED_ShowChar                        
00002619  OLED_ShowNum                         
00003405  OLED_ShowString                      
00002e4d  OLED_WR_Byte                         
20200272  PID_Send                             
202002b4  PWMA                                 
202002b8  PWMB                                 
0000338d  PendSV_Handler                       
0000338d  RTC_IRQHandler                       
00004ef3  Reset_Handler                        
0000338d  SPI0_IRQHandler                      
0000338d  SPI1_IRQHandler                      
0000338d  SVC_Handler                          
00004bc5  SYSCFG_DL_DMA_CH0_init               
00004bdd  SYSCFG_DL_DMA_WIT_init               
00004e4d  SYSCFG_DL_DMA_init                   
00001069  SYSCFG_DL_GPIO_init                  
000038b9  SYSCFG_DL_OLED_init                  
00002f75  SYSCFG_DL_PWM_0_init                 
000034e1  SYSCFG_DL_PWM_1_init                 
00003bf9  SYSCFG_DL_SYSCTL_init                
00004df5  SYSCFG_DL_SYSTICK_init               
0000407d  SYSCFG_DL_TIMER_0_init               
00003e8d  SYSCFG_DL_TIMER_1_init               
000037a5  SYSCFG_DL_UART_0_init                
00003c45  SYSCFG_DL_UART_BT_init               
00003549  SYSCFG_DL_UART_JY61P_init            
00003c91  SYSCFG_DL_init                       
00002c45  SYSCFG_DL_initPower                  
00002205  Set_PWM                              
0000338d  SysTick_Handler                      
00004e59  Systick_getTick                      
0000338d  TIMA0_IRQHandler                     
0000338d  TIMA1_IRQHandler                     
00001275  TIMG0_IRQHandler                     
0000338d  TIMG12_IRQHandler                    
0000338d  TIMG6_IRQHandler                     
0000338d  TIMG7_IRQHandler                     
00004729  TIMG8_IRQHandler                     
00004d9f  TI_memcpy_small                      
00004e3f  TI_memset_small                      
0000338d  UART0_IRQHandler                     
0000338d  UART1_IRQHandler                     
00003db9  UART2_IRQHandler                     
0000338d  UART3_IRQHandler                     
202003e8  Velocity_KIa                         
202003ec  Velocity_KIb                         
202003f0  Velocity_KPa                         
202003f4  Velocity_KPb                         
20208000  __STACK_END                          
00000200  __STACK_SIZE                         
00000000  __TI_ATRegion0_region_sz             
00000000  __TI_ATRegion0_src_addr              
00000000  __TI_ATRegion0_trg_addr              
00000000  __TI_ATRegion1_region_sz             
00000000  __TI_ATRegion1_src_addr              
00000000  __TI_ATRegion1_trg_addr              
00000000  __TI_ATRegion2_region_sz             
00000000  __TI_ATRegion2_src_addr              
00000000  __TI_ATRegion2_trg_addr              
00005a78  __TI_CINIT_Base                      
00005a88  __TI_CINIT_Limit                     
00005a88  __TI_CINIT_Warm                      
00005a64  __TI_Handler_Table_Base              
00005a70  __TI_Handler_Table_Limit             
000040f5  __TI_auto_init_nobinit_nopinit       
0000329d  __TI_decompress_lzss                 
00004db1  __TI_decompress_none                 
00003911  __TI_ltoa                            
ffffffff  __TI_pprof_out_hndl                  
000000c1  __TI_printfi                         
ffffffff  __TI_prof_data_size                  
ffffffff  __TI_prof_data_start                 
00000000  __TI_static_base__                   
00004c63  __TI_zero_init_nomemset              
0000164f  __adddf3                             
00002b77  __addsf3                             
00005730  __aeabi_ctype_table_                 
00005730  __aeabi_ctype_table_C                
00003391  __aeabi_d2f                          
00003cdd  __aeabi_d2iz                         
0000164f  __aeabi_dadd                         
00003681  __aeabi_dcmpeq                       
000036bd  __aeabi_dcmpge                       
000036d1  __aeabi_dcmpgt                       
000036a9  __aeabi_dcmple                       
00003695  __aeabi_dcmplt                       
00002311  __aeabi_ddiv                         
000027f9  __aeabi_dmul                         
00001645  __aeabi_dsub                         
202003f8  __aeabi_errno                        
00004ec9  __aeabi_errno_addr                   
00003f0d  __aeabi_f2d                          
0000416d  __aeabi_f2iz                         
00004241  __aeabi_f2uiz                        
00002b77  __aeabi_fadd                         
00003219  __aeabi_fdiv                         
00003001  __aeabi_fmul                         
00002b6d  __aeabi_fsub                         
0000438d  __aeabi_i2d                          
000040b9  __aeabi_i2f                          
00003a19  __aeabi_idiv                         
000017d7  __aeabi_idiv0                        
00003a19  __aeabi_idivmod                      
0000270f  __aeabi_ldiv0                        
00004769  __aeabi_llsl                         
00004681  __aeabi_lmul                         
00004e65  __aeabi_memclr                       
00004e65  __aeabi_memclr4                      
00004e65  __aeabi_memclr8                      
00004ed1  __aeabi_memcpy                       
00004ed1  __aeabi_memcpy4                      
00004ed1  __aeabi_memcpy8                      
00004e15  __aeabi_memset                       
00004e15  __aeabi_memset4                      
00004e15  __aeabi_memset8                      
00003ecd  __aeabi_uidiv                        
00003ecd  __aeabi_uidivmod                     
00004d41  __aeabi_uldivmod                     
00004769  __ashldi3                            
ffffffff  __binit__                            
000035b1  __cmpdf2                             
00002311  __divdf3                             
00003219  __divsf3                             
000035b1  __eqdf2                              
00003f0d  __extendsfdf2                        
00003cdd  __fixdfsi                            
0000416d  __fixsfsi                            
00004241  __fixunssfsi                         
0000438d  __floatsidf                          
000040b9  __floatsisf                          
00003319  __gedf2                              
00003319  __gtdf2                              
000035b1  __ledf2                              
000035b1  __ltdf2                              
UNDEFED   __mpu_init                           
000027f9  __muldf3                             
00004681  __muldi3                             
00004131  __muldsi3                            
00003001  __mulsf3                             
000035b1  __nedf2                              
20207e00  __stack                              
20200000  __start___llvm_prf_bits              
20200000  __start___llvm_prf_cnts              
20200000  __stop___llvm_prf_bits               
20200000  __stop___llvm_prf_cnts               
00001645  __subdf3                             
00002b6d  __subsf3                             
00003391  __truncdfsf2                         
00002d09  __udivmoddi4                         
00004579  _c_int00_noargs                      
202002c8  _ftable                              
202003fc  _lock                                
00002dab  _nop                                 
UNDEFED   _system_post_cinit                   
00004f09  _system_pre_init                     
20200400  _unlock                              
00004ee9  abort                                
20200404  actuall_error                        
00005500  asc2_0806                            
00004f10  asc2_1608                            
00004e9f  atof                                 
00003f4d  atoi                                 
ffffffff  binit                                
0000195d  bt_control                           
000042d5  delay_ms                             
00002ee5  delay_us                             
000043b9  fputc                                
00003b11  fputs                                
00003801  frexp                                
00003801  frexpl                               
20200426  gBTCounts                            
20200000  gBTPacket                            
202000c8  gPWM_0Backup                         
20200184  gPWM_1Backup                         
202002bc  gpio_interrup1                       
202002c0  gpio_interrup2                       
00000000  interruptVectors                     
00002a95  ldexp                                
00002a95  ldexpl                               
0000420d  limit_PWM                            
000017d9  main                                 
000046a5  memccpy                              
000043e5  mspm0_get_clock_ms                   
000036e5  oled_i2c_sda_unlock                  
00004305  oled_pow                             
0000385d  printf                               
00002a95  scalbn                               
00002a95  scalbnl                              
202003d8  sensordata                           
00002dad  sensortrack                          
20200410  speedA                               
20200414  speedB                               
00004e31  strlen                               
00000a91  strtod                               
00000a91  strtold                              
20200418  tem2                                 
2020041c  tem4                                 
202002c4  tick_ms                              
00004e05  wcslen                               


GLOBAL SYMBOLS: SORTED BY Symbol Address 

address   name                                 
-------   ----                                 
00000000  __TI_ATRegion0_region_sz             
00000000  __TI_ATRegion0_src_addr              
00000000  __TI_ATRegion0_trg_addr              
00000000  __TI_ATRegion1_region_sz             
00000000  __TI_ATRegion1_src_addr              
00000000  __TI_ATRegion1_trg_addr              
00000000  __TI_ATRegion2_region_sz             
00000000  __TI_ATRegion2_src_addr              
00000000  __TI_ATRegion2_trg_addr              
00000000  __TI_static_base__                   
00000000  interruptVectors                     
000000c1  __TI_printfi                         
00000200  __STACK_SIZE                         
00000a91  strtod                               
00000a91  strtold                              
00001069  SYSCFG_DL_GPIO_init                  
00001275  TIMG0_IRQHandler                     
00001645  __aeabi_dsub                         
00001645  __subdf3                             
0000164f  __adddf3                             
0000164f  __aeabi_dadd                         
000017d7  __aeabi_idiv0                        
000017d9  main                                 
0000195d  bt_control                           
00001add  GROUP1_IRQHandler                    
00001d89  Get_Velocity_From_Encoder            
00001fdd  OLED_ShowChar                        
000020f5  OLED_Init                            
00002205  Set_PWM                              
00002311  __aeabi_ddiv                         
00002311  __divdf3                             
0000241d  DL_Timer_initFourCCPWMMode           
00002521  APP_Show                             
00002619  OLED_ShowNum                         
0000270f  __aeabi_ldiv0                        
00002711  DL_Timer_initTimerMode               
000027f9  __aeabi_dmul                         
000027f9  __muldf3                             
000028dd  BTBufferHandler                      
000029b9  DL_SYSCTL_configSYSPLL               
00002a95  ldexp                                
00002a95  ldexpl                               
00002a95  scalbn                               
00002a95  scalbnl                              
00002b6d  __aeabi_fsub                         
00002b6d  __subsf3                             
00002b77  __addsf3                             
00002b77  __aeabi_fadd                         
00002c45  SYSCFG_DL_initPower                  
00002d09  __udivmoddi4                         
00002dab  _nop                                 
00002dad  sensortrack                          
00002e4d  OLED_WR_Byte                         
00002ee5  delay_us                             
00002f75  SYSCFG_DL_PWM_0_init                 
00003001  __aeabi_fmul                         
00003001  __mulsf3                             
0000308d  Incremental_PI_Left                  
00003111  Incremental_PI_Right                 
00003219  __aeabi_fdiv                         
00003219  __divsf3                             
0000329d  __TI_decompress_lzss                 
00003319  __gedf2                              
00003319  __gtdf2                              
0000338d  ADC0_IRQHandler                      
0000338d  ADC1_IRQHandler                      
0000338d  AES_IRQHandler                       
0000338d  CANFD0_IRQHandler                    
0000338d  DAC0_IRQHandler                      
0000338d  DMA_IRQHandler                       
0000338d  Default_Handler                      
0000338d  GROUP0_IRQHandler                    
0000338d  HardFault_Handler                    
0000338d  I2C0_IRQHandler                      
0000338d  I2C1_IRQHandler                      
0000338d  NMI_Handler                          
0000338d  PendSV_Handler                       
0000338d  RTC_IRQHandler                       
0000338d  SPI0_IRQHandler                      
0000338d  SPI1_IRQHandler                      
0000338d  SVC_Handler                          
0000338d  SysTick_Handler                      
0000338d  TIMA0_IRQHandler                     
0000338d  TIMA1_IRQHandler                     
0000338d  TIMG12_IRQHandler                    
0000338d  TIMG6_IRQHandler                     
0000338d  TIMG7_IRQHandler                     
0000338d  UART0_IRQHandler                     
0000338d  UART1_IRQHandler                     
0000338d  UART3_IRQHandler                     
00003391  __aeabi_d2f                          
00003391  __truncdfsf2                         
00003405  OLED_ShowString                      
00003475  OLED_Clear                           
000034e1  SYSCFG_DL_PWM_1_init                 
00003549  SYSCFG_DL_UART_JY61P_init            
000035b1  __cmpdf2                             
000035b1  __eqdf2                              
000035b1  __ledf2                              
000035b1  __ltdf2                              
000035b1  __nedf2                              
00003681  __aeabi_dcmpeq                       
00003695  __aeabi_dcmplt                       
000036a9  __aeabi_dcmple                       
000036bd  __aeabi_dcmpge                       
000036d1  __aeabi_dcmpgt                       
000036e5  oled_i2c_sda_unlock                  
00003745  DL_I2C_fillControllerTXFIFO          
000037a5  SYSCFG_DL_UART_0_init                
00003801  frexp                                
00003801  frexpl                               
0000385d  printf                               
000038b9  SYSCFG_DL_OLED_init                  
00003911  __TI_ltoa                            
00003a19  __aeabi_idiv                         
00003a19  __aeabi_idivmod                      
00003b11  fputs                                
00003b61  DL_DMA_initChannel                   
00003bf9  SYSCFG_DL_SYSCTL_init                
00003c45  SYSCFG_DL_UART_BT_init               
00003c91  SYSCFG_DL_init                       
00003cdd  __aeabi_d2iz                         
00003cdd  __fixdfsi                            
00003d29  BT_DAMConfig                         
00003d71  DL_UART_init                         
00003db9  UART2_IRQHandler                     
00003e49  DL_SYSCTL_switchMCLKfromSYSOSCtoHSCLK
00003e8d  SYSCFG_DL_TIMER_1_init               
00003ecd  __aeabi_uidiv                        
00003ecd  __aeabi_uidivmod                     
00003f0d  __aeabi_f2d                          
00003f0d  __extendsfdf2                        
00003f4d  atoi                                 
00004041  OLED_Set_Pos                         
0000407d  SYSCFG_DL_TIMER_0_init               
000040b9  __aeabi_i2f                          
000040b9  __floatsisf                          
000040f5  __TI_auto_init_nobinit_nopinit       
00004131  __muldsi3                            
0000416d  __aeabi_f2iz                         
0000416d  __fixsfsi                            
0000420d  limit_PWM                            
00004241  __aeabi_f2uiz                        
00004241  __fixunssfsi                         
000042d5  delay_ms                             
00004305  oled_pow                             
0000438d  __aeabi_i2d                          
0000438d  __floatsidf                          
000043b9  fputc                                
000043e5  mspm0_get_clock_ms                   
00004579  _c_int00_noargs                      
00004613  DL_I2C_setClockConfig                
00004681  __aeabi_lmul                         
00004681  __muldi3                             
000046a5  memccpy                              
00004709  DL_UART_transmitDataBlocking         
00004729  TIMG8_IRQHandler                     
00004769  __aeabi_llsl                         
00004769  __ashldi3                            
000048a1  DL_Timer_setCaptCompUpdateMethod     
000048bd  DL_Timer_setClockConfig              
00004b1d  DL_Timer_setCaptureCompareOutCtl     
00004bc5  SYSCFG_DL_DMA_CH0_init               
00004bdd  SYSCFG_DL_DMA_WIT_init               
00004c63  __TI_zero_init_nomemset              
00004d41  __aeabi_uldivmod                     
00004d8d  DL_UART_setClockConfig               
00004d9f  TI_memcpy_small                      
00004db1  __TI_decompress_none                 
00004de5  DL_Timer_setCaptureCompareValue      
00004df5  SYSCFG_DL_SYSTICK_init               
00004e05  wcslen                               
00004e15  __aeabi_memset                       
00004e15  __aeabi_memset4                      
00004e15  __aeabi_memset8                      
00004e31  strlen                               
00004e3f  TI_memset_small                      
00004e4d  SYSCFG_DL_DMA_init                   
00004e59  Systick_getTick                      
00004e65  __aeabi_memclr                       
00004e65  __aeabi_memclr4                      
00004e65  __aeabi_memclr8                      
00004e71  DL_Common_delayCycles                
00004e9f  atof                                 
00004ec9  __aeabi_errno_addr                   
00004ed1  __aeabi_memcpy                       
00004ed1  __aeabi_memcpy4                      
00004ed1  __aeabi_memcpy8                      
00004ee9  abort                                
00004eee  C$$EXIT                              
00004eef  HOSTexit                             
00004ef3  Reset_Handler                        
00004f09  _system_pre_init                     
00004f10  asc2_1608                            
00005500  asc2_0806                            
00005730  __aeabi_ctype_table_                 
00005730  __aeabi_ctype_table_C                
00005a64  __TI_Handler_Table_Base              
00005a70  __TI_Handler_Table_Limit             
00005a78  __TI_CINIT_Base                      
00005a88  __TI_CINIT_Limit                     
00005a88  __TI_CINIT_Warm                      
20200000  __start___llvm_prf_bits              
20200000  __start___llvm_prf_cnts              
20200000  __stop___llvm_prf_bits               
20200000  __stop___llvm_prf_cnts               
20200000  gBTPacket                            
202000c8  gPWM_0Backup                         
20200184  gPWM_1Backup                         
20200272  PID_Send                             
20200274  MotorA                               
20200284  MotorB                               
202002ac  Get_Encoder_countA                   
202002b0  Get_Encoder_countB                   
202002b4  PWMA                                 
202002b8  PWMB                                 
202002bc  gpio_interrup1                       
202002c0  gpio_interrup2                       
202002c4  tick_ms                              
202002c8  _ftable                              
202003d8  sensordata                           
202003e8  Velocity_KIa                         
202003ec  Velocity_KIb                         
202003f0  Velocity_KPa                         
202003f4  Velocity_KPb                         
202003f8  __aeabi_errno                        
202003fc  _lock                                
20200400  _unlock                              
20200404  actuall_error                        
20200410  speedA                               
20200414  speedB                               
20200418  tem2                                 
2020041c  tem4                                 
20200426  gBTCounts                            
20207e00  __stack                              
20208000  __STACK_END                          
ffffffff  __TI_pprof_out_hndl                  
ffffffff  __TI_prof_data_size                  
ffffffff  __TI_prof_data_start                 
ffffffff  __binit__                            
ffffffff  binit                                
UNDEFED   __mpu_init                           
UNDEFED   _system_post_cinit                   

[243 symbols]
