<?xml version="1.0" encoding="ISO-8859-1" ?>
<link_info>
   <banner>TI ARM Clang Linker PC v4.0.3.LTS</banner>
   <copyright>Copyright (c) 1996-2018 Texas Instruments Incorporated</copyright>
   <command_line>C:\ti\ccs2020\ccs\tools\compiler\ti-cgt-armllvm_4.0.3.LTS\bin\tiarmlnk -IC:\ti\ccs2020\ccs\tools\compiler\ti-cgt-armllvm_4.0.3.LTS\lib -o empty_LP_MSPM0G3507_nortos_ticlang.out -mempty_LP_MSPM0G3507_nortos_ticlang.map -iC:/ti/mspm0_sdk_2_05_01_00/source -iD:/mspm0/NUEDC/TraCar_6050HQ/Tra_C -iD:/mspm0/NUEDC/TraCar_6050HQ/Tra_C/Debug/syscfg -iC:/ti/ccs2020/ccs/tools/compiler/ti-cgt-armllvm_4.0.3.LTS/lib --diag_wrap=off --display_error_number --warn_sections --xml_link_info=empty_LP_MSPM0G3507_nortos_ticlang_linkInfo.xml --rom_model ./empty.o ./ti_msp_dl_config.o ./startup_mspm0g350x_ticlang.o ./Hardware/HX_X17.o ./Hardware/board.o ./Hardware/control.o ./Hardware/encoder.o ./Hardware/interrupt.o ./Hardware/inv_mpu.o ./Hardware/inv_mpu_dmp_motion_driver.o ./Hardware/kalman.o ./Hardware/key.o ./Hardware/led.o ./Hardware/motor.o ./Hardware/mpu6050.o ./Hardware/mspm0_i2c.o ./Hardware/oled_hardware_i2c.o ./Hardware/show.o ./Hardware/uart_callback.o -l./device_linker.cmd -ldevice.cmd.genlibs -llibc.a --start-group -llibc++.a -llibc++abi.a -llibc.a -llibsys.a -llibsysbm.a -llibclang_rt.builtins.a -llibclang_rt.profile.a --end-group --cg_opt_level=0</command_line>
   <link_time>0x6a298d1d</link_time>
   <link_errors>0x0</link_errors>
   <output_file>D:\mspm0\NUEDC\TraCar_6050HQ\Tra_C\Debug\empty_LP_MSPM0G3507_nortos_ticlang.out</output_file>
   <entry_point>
      <name>_c_int00_noargs</name>
      <address>0x7829</address>
   </entry_point>
   <input_file_list>
      <input_file id="fl-1">
         <path>D:\mspm0\NUEDC\TraCar_6050HQ\Tra_C\Debug\.\</path>
         <kind>object</kind>
         <file>empty.o</file>
         <name>empty.o</name>
      </input_file>
      <input_file id="fl-2">
         <path>D:\mspm0\NUEDC\TraCar_6050HQ\Tra_C\Debug\.\</path>
         <kind>object</kind>
         <file>ti_msp_dl_config.o</file>
         <name>ti_msp_dl_config.o</name>
      </input_file>
      <input_file id="fl-3">
         <path>D:\mspm0\NUEDC\TraCar_6050HQ\Tra_C\Debug\.\</path>
         <kind>object</kind>
         <file>startup_mspm0g350x_ticlang.o</file>
         <name>startup_mspm0g350x_ticlang.o</name>
      </input_file>
      <input_file id="fl-4">
         <path>D:\mspm0\NUEDC\TraCar_6050HQ\Tra_C\Debug\.\Hardware\</path>
         <kind>object</kind>
         <file>HX_X17.o</file>
         <name>HX_X17.o</name>
      </input_file>
      <input_file id="fl-5">
         <path>D:\mspm0\NUEDC\TraCar_6050HQ\Tra_C\Debug\.\Hardware\</path>
         <kind>object</kind>
         <file>board.o</file>
         <name>board.o</name>
      </input_file>
      <input_file id="fl-6">
         <path>D:\mspm0\NUEDC\TraCar_6050HQ\Tra_C\Debug\.\Hardware\</path>
         <kind>object</kind>
         <file>control.o</file>
         <name>control.o</name>
      </input_file>
      <input_file id="fl-7">
         <path>D:\mspm0\NUEDC\TraCar_6050HQ\Tra_C\Debug\.\Hardware\</path>
         <kind>object</kind>
         <file>encoder.o</file>
         <name>encoder.o</name>
      </input_file>
      <input_file id="fl-8">
         <path>D:\mspm0\NUEDC\TraCar_6050HQ\Tra_C\Debug\.\Hardware\</path>
         <kind>object</kind>
         <file>interrupt.o</file>
         <name>interrupt.o</name>
      </input_file>
      <input_file id="fl-9">
         <path>D:\mspm0\NUEDC\TraCar_6050HQ\Tra_C\Debug\.\Hardware\</path>
         <kind>object</kind>
         <file>inv_mpu.o</file>
         <name>inv_mpu.o</name>
      </input_file>
      <input_file id="fl-a">
         <path>D:\mspm0\NUEDC\TraCar_6050HQ\Tra_C\Debug\.\Hardware\</path>
         <kind>object</kind>
         <file>inv_mpu_dmp_motion_driver.o</file>
         <name>inv_mpu_dmp_motion_driver.o</name>
      </input_file>
      <input_file id="fl-b">
         <path>D:\mspm0\NUEDC\TraCar_6050HQ\Tra_C\Debug\.\Hardware\</path>
         <kind>object</kind>
         <file>kalman.o</file>
         <name>kalman.o</name>
      </input_file>
      <input_file id="fl-c">
         <path>D:\mspm0\NUEDC\TraCar_6050HQ\Tra_C\Debug\.\Hardware\</path>
         <kind>object</kind>
         <file>key.o</file>
         <name>key.o</name>
      </input_file>
      <input_file id="fl-d">
         <path>D:\mspm0\NUEDC\TraCar_6050HQ\Tra_C\Debug\.\Hardware\</path>
         <kind>object</kind>
         <file>led.o</file>
         <name>led.o</name>
      </input_file>
      <input_file id="fl-e">
         <path>D:\mspm0\NUEDC\TraCar_6050HQ\Tra_C\Debug\.\Hardware\</path>
         <kind>object</kind>
         <file>motor.o</file>
         <name>motor.o</name>
      </input_file>
      <input_file id="fl-f">
         <path>D:\mspm0\NUEDC\TraCar_6050HQ\Tra_C\Debug\.\Hardware\</path>
         <kind>object</kind>
         <file>mpu6050.o</file>
         <name>mpu6050.o</name>
      </input_file>
      <input_file id="fl-10">
         <path>D:\mspm0\NUEDC\TraCar_6050HQ\Tra_C\Debug\.\Hardware\</path>
         <kind>object</kind>
         <file>mspm0_i2c.o</file>
         <name>mspm0_i2c.o</name>
      </input_file>
      <input_file id="fl-11">
         <path>D:\mspm0\NUEDC\TraCar_6050HQ\Tra_C\Debug\.\Hardware\</path>
         <kind>object</kind>
         <file>oled_hardware_i2c.o</file>
         <name>oled_hardware_i2c.o</name>
      </input_file>
      <input_file id="fl-12">
         <path>D:\mspm0\NUEDC\TraCar_6050HQ\Tra_C\Debug\.\Hardware\</path>
         <kind>object</kind>
         <file>show.o</file>
         <name>show.o</name>
      </input_file>
      <input_file id="fl-13">
         <path>D:\mspm0\NUEDC\TraCar_6050HQ\Tra_C\Debug\.\Hardware\</path>
         <kind>object</kind>
         <file>uart_callback.o</file>
         <name>uart_callback.o</name>
      </input_file>
      <input_file id="fl-20">
         <path>D:\mspm0\NUEDC\TraCar_6050HQ\Tra_C\Debug\</path>
         <kind>object</kind>
         <file>&lt;internal&gt;</file>
         <name>&lt;internal&gt;</name>
      </input_file>
      <input_file id="fl-21">
         <path>C:\ti\mspm0_sdk_2_05_01_00\source\ti\driverlib\lib\ticlang\m0p\mspm0g1x0x_g3x0x\</path>
         <kind>archive</kind>
         <file>driverlib.a</file>
         <name>dl_common.o</name>
      </input_file>
      <input_file id="fl-22">
         <path>C:\ti\mspm0_sdk_2_05_01_00\source\ti\driverlib\lib\ticlang\m0p\mspm0g1x0x_g3x0x\</path>
         <kind>archive</kind>
         <file>driverlib.a</file>
         <name>dl_dma.o</name>
      </input_file>
      <input_file id="fl-23">
         <path>C:\ti\mspm0_sdk_2_05_01_00\source\ti\driverlib\lib\ticlang\m0p\mspm0g1x0x_g3x0x\</path>
         <kind>archive</kind>
         <file>driverlib.a</file>
         <name>dl_i2c.o</name>
      </input_file>
      <input_file id="fl-24">
         <path>C:\ti\mspm0_sdk_2_05_01_00\source\ti\driverlib\lib\ticlang\m0p\mspm0g1x0x_g3x0x\</path>
         <kind>archive</kind>
         <file>driverlib.a</file>
         <name>dl_timer.o</name>
      </input_file>
      <input_file id="fl-25">
         <path>C:\ti\mspm0_sdk_2_05_01_00\source\ti\driverlib\lib\ticlang\m0p\mspm0g1x0x_g3x0x\</path>
         <kind>archive</kind>
         <file>driverlib.a</file>
         <name>dl_uart.o</name>
      </input_file>
      <input_file id="fl-26">
         <path>C:\ti\mspm0_sdk_2_05_01_00\source\ti\driverlib\lib\ticlang\m0p\mspm0g1x0x_g3x0x\</path>
         <kind>archive</kind>
         <file>driverlib.a</file>
         <name>dl_sysctl_mspm0g1x0x_g3x0x.o</name>
      </input_file>
      <input_file id="fl-3d">
         <path>C:\ti\ccs2020\ccs\tools\compiler\ti-cgt-armllvm_4.0.3.LTS\lib\armv6m-ti-none-eabi\c\</path>
         <kind>archive</kind>
         <file>libc.a</file>
         <name>printf.c.obj</name>
      </input_file>
      <input_file id="fl-3e">
         <path>C:\ti\ccs2020\ccs\tools\compiler\ti-cgt-armllvm_4.0.3.LTS\lib\armv6m-ti-none-eabi\c\</path>
         <kind>archive</kind>
         <file>libc.a</file>
         <name>_printfi.c.obj</name>
      </input_file>
      <input_file id="fl-3f">
         <path>C:\ti\ccs2020\ccs\tools\compiler\ti-cgt-armllvm_4.0.3.LTS\lib\armv6m-ti-none-eabi\c\</path>
         <kind>archive</kind>
         <file>libc.a</file>
         <name>e_asin.c.obj</name>
      </input_file>
      <input_file id="fl-40">
         <path>C:\ti\ccs2020\ccs\tools\compiler\ti-cgt-armllvm_4.0.3.LTS\lib\armv6m-ti-none-eabi\c\</path>
         <kind>archive</kind>
         <file>libc.a</file>
         <name>e_atan2.c.obj</name>
      </input_file>
      <input_file id="fl-41">
         <path>C:\ti\ccs2020\ccs\tools\compiler\ti-cgt-armllvm_4.0.3.LTS\lib\armv6m-ti-none-eabi\c\</path>
         <kind>archive</kind>
         <file>libc.a</file>
         <name>e_sqrt.c.obj</name>
      </input_file>
      <input_file id="fl-42">
         <path>C:\ti\ccs2020\ccs\tools\compiler\ti-cgt-armllvm_4.0.3.LTS\lib\armv6m-ti-none-eabi\c\</path>
         <kind>archive</kind>
         <file>libc.a</file>
         <name>s_atan.c.obj</name>
      </input_file>
      <input_file id="fl-43">
         <path>C:\ti\ccs2020\ccs\tools\compiler\ti-cgt-armllvm_4.0.3.LTS\lib\armv6m-ti-none-eabi\c\</path>
         <kind>archive</kind>
         <file>libc.a</file>
         <name>s_frexp.c.obj</name>
      </input_file>
      <input_file id="fl-44">
         <path>C:\ti\ccs2020\ccs\tools\compiler\ti-cgt-armllvm_4.0.3.LTS\lib\armv6m-ti-none-eabi\c\</path>
         <kind>archive</kind>
         <file>libc.a</file>
         <name>s_scalbn.c.obj</name>
      </input_file>
      <input_file id="fl-45">
         <path>C:\ti\ccs2020\ccs\tools\compiler\ti-cgt-armllvm_4.0.3.LTS\lib\armv6m-ti-none-eabi\c\</path>
         <kind>archive</kind>
         <file>libc.a</file>
         <name>wcslen.c.obj</name>
      </input_file>
      <input_file id="fl-46">
         <path>C:\ti\ccs2020\ccs\tools\compiler\ti-cgt-armllvm_4.0.3.LTS\lib\armv6m-ti-none-eabi\c\</path>
         <kind>archive</kind>
         <file>libc.a</file>
         <name>aeabi_portable.c.obj</name>
      </input_file>
      <input_file id="fl-47">
         <path>C:\ti\ccs2020\ccs\tools\compiler\ti-cgt-armllvm_4.0.3.LTS\lib\armv6m-ti-none-eabi\c\</path>
         <kind>archive</kind>
         <file>libc.a</file>
         <name>_lock.c.obj</name>
      </input_file>
      <input_file id="fl-48">
         <path>C:\ti\ccs2020\ccs\tools\compiler\ti-cgt-armllvm_4.0.3.LTS\lib\armv6m-ti-none-eabi\c\</path>
         <kind>archive</kind>
         <file>libc.a</file>
         <name>_ltoa.c.obj</name>
      </input_file>
      <input_file id="fl-49">
         <path>C:\ti\ccs2020\ccs\tools\compiler\ti-cgt-armllvm_4.0.3.LTS\lib\armv6m-ti-none-eabi\c\</path>
         <kind>archive</kind>
         <file>libc.a</file>
         <name>assert.c.obj</name>
      </input_file>
      <input_file id="fl-4a">
         <path>C:\ti\ccs2020\ccs\tools\compiler\ti-cgt-armllvm_4.0.3.LTS\lib\armv6m-ti-none-eabi\c\</path>
         <kind>archive</kind>
         <file>libc.a</file>
         <name>atof.c.obj</name>
      </input_file>
      <input_file id="fl-4b">
         <path>C:\ti\ccs2020\ccs\tools\compiler\ti-cgt-armllvm_4.0.3.LTS\lib\armv6m-ti-none-eabi\c\</path>
         <kind>archive</kind>
         <file>libc.a</file>
         <name>atoi.c.obj</name>
      </input_file>
      <input_file id="fl-4c">
         <path>C:\ti\ccs2020\ccs\tools\compiler\ti-cgt-armllvm_4.0.3.LTS\lib\armv6m-ti-none-eabi\c\</path>
         <kind>archive</kind>
         <file>libc.a</file>
         <name>defs.c.obj</name>
      </input_file>
      <input_file id="fl-4d">
         <path>C:\ti\ccs2020\ccs\tools\compiler\ti-cgt-armllvm_4.0.3.LTS\lib\armv6m-ti-none-eabi\c\</path>
         <kind>archive</kind>
         <file>libc.a</file>
         <name>memccpy.c.obj</name>
      </input_file>
      <input_file id="fl-4e">
         <path>C:\ti\ccs2020\ccs\tools\compiler\ti-cgt-armllvm_4.0.3.LTS\lib\armv6m-ti-none-eabi\c\</path>
         <kind>archive</kind>
         <file>libc.a</file>
         <name>memcmp.c.obj</name>
      </input_file>
      <input_file id="fl-4f">
         <path>C:\ti\ccs2020\ccs\tools\compiler\ti-cgt-armllvm_4.0.3.LTS\lib\armv6m-ti-none-eabi\c\</path>
         <kind>archive</kind>
         <file>libc.a</file>
         <name>memory.c.obj</name>
      </input_file>
      <input_file id="fl-50">
         <path>C:\ti\ccs2020\ccs\tools\compiler\ti-cgt-armllvm_4.0.3.LTS\lib\armv6m-ti-none-eabi\c\</path>
         <kind>archive</kind>
         <file>libc.a</file>
         <name>strlen.c.obj</name>
      </input_file>
      <input_file id="fl-51">
         <path>C:\ti\ccs2020\ccs\tools\compiler\ti-cgt-armllvm_4.0.3.LTS\lib\armv6m-ti-none-eabi\c\</path>
         <kind>archive</kind>
         <file>libc.a</file>
         <name>strtod.c.obj</name>
      </input_file>
      <input_file id="fl-52">
         <path>C:\ti\ccs2020\ccs\tools\compiler\ti-cgt-armllvm_4.0.3.LTS\lib\armv6m-ti-none-eabi\c\</path>
         <kind>archive</kind>
         <file>libc.a</file>
         <name>boot_cortex_m.c.obj</name>
      </input_file>
      <input_file id="fl-53">
         <path>C:\ti\ccs2020\ccs\tools\compiler\ti-cgt-armllvm_4.0.3.LTS\lib\armv6m-ti-none-eabi\c\</path>
         <kind>archive</kind>
         <file>libc.a</file>
         <name>mathacl_init.c.obj</name>
      </input_file>
      <input_file id="fl-54">
         <path>C:\ti\ccs2020\ccs\tools\compiler\ti-cgt-armllvm_4.0.3.LTS\lib\armv6m-ti-none-eabi\c\</path>
         <kind>archive</kind>
         <file>libc.a</file>
         <name>autoinit.c.obj</name>
      </input_file>
      <input_file id="fl-55">
         <path>C:\ti\ccs2020\ccs\tools\compiler\ti-cgt-armllvm_4.0.3.LTS\lib\armv6m-ti-none-eabi\c\</path>
         <kind>archive</kind>
         <file>libc.a</file>
         <name>pre_init.c.obj</name>
      </input_file>
      <input_file id="fl-56">
         <path>C:\ti\ccs2020\ccs\tools\compiler\ti-cgt-armllvm_4.0.3.LTS\lib\armv6m-ti-none-eabi\c\</path>
         <kind>archive</kind>
         <file>libc.a</file>
         <name>cpy_tbl.c.obj</name>
      </input_file>
      <input_file id="fl-57">
         <path>C:\ti\ccs2020\ccs\tools\compiler\ti-cgt-armllvm_4.0.3.LTS\lib\armv6m-ti-none-eabi\c\</path>
         <kind>archive</kind>
         <file>libc.a</file>
         <name>copy_zero_init.c.obj</name>
      </input_file>
      <input_file id="fl-58">
         <path>C:\ti\ccs2020\ccs\tools\compiler\ti-cgt-armllvm_4.0.3.LTS\lib\armv6m-ti-none-eabi\c\</path>
         <kind>archive</kind>
         <file>libc.a</file>
         <name>copy_decompress_none.c.obj</name>
      </input_file>
      <input_file id="fl-59">
         <path>C:\ti\ccs2020\ccs\tools\compiler\ti-cgt-armllvm_4.0.3.LTS\lib\armv6m-ti-none-eabi\c\</path>
         <kind>archive</kind>
         <file>libc.a</file>
         <name>copy_decompress_lzss.c.obj</name>
      </input_file>
      <input_file id="fl-5a">
         <path>C:\ti\ccs2020\ccs\tools\compiler\ti-cgt-armllvm_4.0.3.LTS\lib\armv6m-ti-none-eabi\c\</path>
         <kind>archive</kind>
         <file>libc.a</file>
         <name>sprintf.c.obj</name>
      </input_file>
      <input_file id="fl-5b">
         <path>C:\ti\ccs2020\ccs\tools\compiler\ti-cgt-armllvm_4.0.3.LTS\lib\armv6m-ti-none-eabi\c\</path>
         <kind>archive</kind>
         <file>libc.a</file>
         <name>fflush.c.obj</name>
      </input_file>
      <input_file id="fl-5c">
         <path>C:\ti\ccs2020\ccs\tools\compiler\ti-cgt-armllvm_4.0.3.LTS\lib\armv6m-ti-none-eabi\c\</path>
         <kind>archive</kind>
         <file>libc.a</file>
         <name>aeabi_ctype.S.obj</name>
      </input_file>
      <input_file id="fl-5d">
         <path>C:\ti\ccs2020\ccs\tools\compiler\ti-cgt-armllvm_4.0.3.LTS\lib\armv6m-ti-none-eabi\c\</path>
         <kind>archive</kind>
         <file>libc.a</file>
         <name>exit.c.obj</name>
      </input_file>
      <input_file id="fl-5e">
         <path>C:\ti\ccs2020\ccs\tools\compiler\ti-cgt-armllvm_4.0.3.LTS\lib\armv6m-ti-none-eabi\c\</path>
         <kind>archive</kind>
         <file>libc.a</file>
         <name>args_main.c.obj</name>
      </input_file>
      <input_file id="fl-fe">
         <path>C:\ti\ccs2020\ccs\tools\compiler\ti-cgt-armllvm_4.0.3.LTS\lib\armv6m-ti-none-eabi\c\</path>
         <kind>archive</kind>
         <file>libsysbm.a</file>
         <name>hostexit.c.obj</name>
      </input_file>
      <input_file id="fl-ff">
         <path>C:\ti\ccs2020\ccs\tools\compiler\ti-cgt-armllvm_4.0.3.LTS\lib\armv6m-ti-none-eabi\c\</path>
         <kind>archive</kind>
         <file>libsysbm.a</file>
         <name>write.c.obj</name>
      </input_file>
      <input_file id="fl-100">
         <path>C:\ti\ccs2020\ccs\tools\compiler\ti-cgt-armllvm_4.0.3.LTS\lib\armv6m-ti-none-eabi\c\</path>
         <kind>archive</kind>
         <file>libsysbm.a</file>
         <name>host_device.c.obj</name>
      </input_file>
      <input_file id="fl-101">
         <path>C:\ti\ccs2020\ccs\tools\compiler\ti-cgt-armllvm_4.0.3.LTS\lib\armv6m-ti-none-eabi\c\</path>
         <kind>archive</kind>
         <file>libsysbm.a</file>
         <name>hostclose.c.obj</name>
      </input_file>
      <input_file id="fl-102">
         <path>C:\ti\ccs2020\ccs\tools\compiler\ti-cgt-armllvm_4.0.3.LTS\lib\armv6m-ti-none-eabi\c\</path>
         <kind>archive</kind>
         <file>libsysbm.a</file>
         <name>hostlseek.c.obj</name>
      </input_file>
      <input_file id="fl-103">
         <path>C:\ti\ccs2020\ccs\tools\compiler\ti-cgt-armllvm_4.0.3.LTS\lib\armv6m-ti-none-eabi\c\</path>
         <kind>archive</kind>
         <file>libsysbm.a</file>
         <name>hostopen.c.obj</name>
      </input_file>
      <input_file id="fl-104">
         <path>C:\ti\ccs2020\ccs\tools\compiler\ti-cgt-armllvm_4.0.3.LTS\lib\armv6m-ti-none-eabi\c\</path>
         <kind>archive</kind>
         <file>libsysbm.a</file>
         <name>hostread.c.obj</name>
      </input_file>
      <input_file id="fl-105">
         <path>C:\ti\ccs2020\ccs\tools\compiler\ti-cgt-armllvm_4.0.3.LTS\lib\armv6m-ti-none-eabi\c\</path>
         <kind>archive</kind>
         <file>libsysbm.a</file>
         <name>hostrename.c.obj</name>
      </input_file>
      <input_file id="fl-106">
         <path>C:\ti\ccs2020\ccs\tools\compiler\ti-cgt-armllvm_4.0.3.LTS\lib\armv6m-ti-none-eabi\c\</path>
         <kind>archive</kind>
         <file>libsysbm.a</file>
         <name>hostunlink.c.obj</name>
      </input_file>
      <input_file id="fl-107">
         <path>C:\ti\ccs2020\ccs\tools\compiler\ti-cgt-armllvm_4.0.3.LTS\lib\armv6m-ti-none-eabi\c\</path>
         <kind>archive</kind>
         <file>libsysbm.a</file>
         <name>hostwrite.c.obj</name>
      </input_file>
      <input_file id="fl-108">
         <path>C:\ti\ccs2020\ccs\tools\compiler\ti-cgt-armllvm_4.0.3.LTS\lib\armv6m-ti-none-eabi\c\</path>
         <kind>archive</kind>
         <file>libsysbm.a</file>
         <name>trgmsg.c.obj</name>
      </input_file>
      <input_file id="fl-109">
         <path>C:\ti\ccs2020\ccs\tools\compiler\ti-cgt-armllvm_4.0.3.LTS\lib\armv6m-ti-none-eabi\</path>
         <kind>archive</kind>
         <file>libclang_rt.builtins.a</file>
         <name>addsf3.S.obj</name>
      </input_file>
      <input_file id="fl-10a">
         <path>C:\ti\ccs2020\ccs\tools\compiler\ti-cgt-armllvm_4.0.3.LTS\lib\armv6m-ti-none-eabi\</path>
         <kind>archive</kind>
         <file>libclang_rt.builtins.a</file>
         <name>adddf3.S.obj</name>
      </input_file>
      <input_file id="fl-10b">
         <path>C:\ti\ccs2020\ccs\tools\compiler\ti-cgt-armllvm_4.0.3.LTS\lib\armv6m-ti-none-eabi\</path>
         <kind>archive</kind>
         <file>libclang_rt.builtins.a</file>
         <name>muldf3.S.obj</name>
      </input_file>
      <input_file id="fl-10c">
         <path>C:\ti\ccs2020\ccs\tools\compiler\ti-cgt-armllvm_4.0.3.LTS\lib\armv6m-ti-none-eabi\</path>
         <kind>archive</kind>
         <file>libclang_rt.builtins.a</file>
         <name>muldsi3.S.obj</name>
      </input_file>
      <input_file id="fl-10d">
         <path>C:\ti\ccs2020\ccs\tools\compiler\ti-cgt-armllvm_4.0.3.LTS\lib\armv6m-ti-none-eabi\</path>
         <kind>archive</kind>
         <file>libclang_rt.builtins.a</file>
         <name>mulsf3.S.obj</name>
      </input_file>
      <input_file id="fl-10e">
         <path>C:\ti\ccs2020\ccs\tools\compiler\ti-cgt-armllvm_4.0.3.LTS\lib\armv6m-ti-none-eabi\</path>
         <kind>archive</kind>
         <file>libclang_rt.builtins.a</file>
         <name>divsf3.S.obj</name>
      </input_file>
      <input_file id="fl-10f">
         <path>C:\ti\ccs2020\ccs\tools\compiler\ti-cgt-armllvm_4.0.3.LTS\lib\armv6m-ti-none-eabi\</path>
         <kind>archive</kind>
         <file>libclang_rt.builtins.a</file>
         <name>divdf3.S.obj</name>
      </input_file>
      <input_file id="fl-110">
         <path>C:\ti\ccs2020\ccs\tools\compiler\ti-cgt-armllvm_4.0.3.LTS\lib\armv6m-ti-none-eabi\</path>
         <kind>archive</kind>
         <file>libclang_rt.builtins.a</file>
         <name>extendsfdf2.S.obj</name>
      </input_file>
      <input_file id="fl-111">
         <path>C:\ti\ccs2020\ccs\tools\compiler\ti-cgt-armllvm_4.0.3.LTS\lib\armv6m-ti-none-eabi\</path>
         <kind>archive</kind>
         <file>libclang_rt.builtins.a</file>
         <name>fixdfsi.S.obj</name>
      </input_file>
      <input_file id="fl-112">
         <path>C:\ti\ccs2020\ccs\tools\compiler\ti-cgt-armllvm_4.0.3.LTS\lib\armv6m-ti-none-eabi\</path>
         <kind>archive</kind>
         <file>libclang_rt.builtins.a</file>
         <name>fixsfsi.S.obj</name>
      </input_file>
      <input_file id="fl-113">
         <path>C:\ti\ccs2020\ccs\tools\compiler\ti-cgt-armllvm_4.0.3.LTS\lib\armv6m-ti-none-eabi\</path>
         <kind>archive</kind>
         <file>libclang_rt.builtins.a</file>
         <name>fixunssfsi.S.obj</name>
      </input_file>
      <input_file id="fl-114">
         <path>C:\ti\ccs2020\ccs\tools\compiler\ti-cgt-armllvm_4.0.3.LTS\lib\armv6m-ti-none-eabi\</path>
         <kind>archive</kind>
         <file>libclang_rt.builtins.a</file>
         <name>floatsidf.S.obj</name>
      </input_file>
      <input_file id="fl-115">
         <path>C:\ti\ccs2020\ccs\tools\compiler\ti-cgt-armllvm_4.0.3.LTS\lib\armv6m-ti-none-eabi\</path>
         <kind>archive</kind>
         <file>libclang_rt.builtins.a</file>
         <name>floatsisf.S.obj</name>
      </input_file>
      <input_file id="fl-116">
         <path>C:\ti\ccs2020\ccs\tools\compiler\ti-cgt-armllvm_4.0.3.LTS\lib\armv6m-ti-none-eabi\</path>
         <kind>archive</kind>
         <file>libclang_rt.builtins.a</file>
         <name>floatunsisf.S.obj</name>
      </input_file>
      <input_file id="fl-117">
         <path>C:\ti\ccs2020\ccs\tools\compiler\ti-cgt-armllvm_4.0.3.LTS\lib\armv6m-ti-none-eabi\</path>
         <kind>archive</kind>
         <file>libclang_rt.builtins.a</file>
         <name>muldi3.S.obj</name>
      </input_file>
      <input_file id="fl-118">
         <path>C:\ti\ccs2020\ccs\tools\compiler\ti-cgt-armllvm_4.0.3.LTS\lib\armv6m-ti-none-eabi\</path>
         <kind>archive</kind>
         <file>libclang_rt.builtins.a</file>
         <name>truncdfsf2.S.obj</name>
      </input_file>
      <input_file id="fl-119">
         <path>C:\ti\ccs2020\ccs\tools\compiler\ti-cgt-armllvm_4.0.3.LTS\lib\armv6m-ti-none-eabi\</path>
         <kind>archive</kind>
         <file>libclang_rt.builtins.a</file>
         <name>aeabi_dcmp.S.obj</name>
      </input_file>
      <input_file id="fl-11a">
         <path>C:\ti\ccs2020\ccs\tools\compiler\ti-cgt-armllvm_4.0.3.LTS\lib\armv6m-ti-none-eabi\</path>
         <kind>archive</kind>
         <file>libclang_rt.builtins.a</file>
         <name>aeabi_fcmp.S.obj</name>
      </input_file>
      <input_file id="fl-11b">
         <path>C:\ti\ccs2020\ccs\tools\compiler\ti-cgt-armllvm_4.0.3.LTS\lib\armv6m-ti-none-eabi\</path>
         <kind>archive</kind>
         <file>libclang_rt.builtins.a</file>
         <name>aeabi_idivmod.S.obj</name>
      </input_file>
      <input_file id="fl-11c">
         <path>C:\ti\ccs2020\ccs\tools\compiler\ti-cgt-armllvm_4.0.3.LTS\lib\armv6m-ti-none-eabi\</path>
         <kind>archive</kind>
         <file>libclang_rt.builtins.a</file>
         <name>aeabi_ldivmod.S.obj</name>
      </input_file>
      <input_file id="fl-11d">
         <path>C:\ti\ccs2020\ccs\tools\compiler\ti-cgt-armllvm_4.0.3.LTS\lib\armv6m-ti-none-eabi\</path>
         <kind>archive</kind>
         <file>libclang_rt.builtins.a</file>
         <name>aeabi_memcpy.S.obj</name>
      </input_file>
      <input_file id="fl-11e">
         <path>C:\ti\ccs2020\ccs\tools\compiler\ti-cgt-armllvm_4.0.3.LTS\lib\armv6m-ti-none-eabi\</path>
         <kind>archive</kind>
         <file>libclang_rt.builtins.a</file>
         <name>aeabi_memset.S.obj</name>
      </input_file>
      <input_file id="fl-11f">
         <path>C:\ti\ccs2020\ccs\tools\compiler\ti-cgt-armllvm_4.0.3.LTS\lib\armv6m-ti-none-eabi\</path>
         <kind>archive</kind>
         <file>libclang_rt.builtins.a</file>
         <name>aeabi_uidivmod.S.obj</name>
      </input_file>
      <input_file id="fl-120">
         <path>C:\ti\ccs2020\ccs\tools\compiler\ti-cgt-armllvm_4.0.3.LTS\lib\armv6m-ti-none-eabi\</path>
         <kind>archive</kind>
         <file>libclang_rt.builtins.a</file>
         <name>aeabi_uldivmod.S.obj</name>
      </input_file>
      <input_file id="fl-121">
         <path>C:\ti\ccs2020\ccs\tools\compiler\ti-cgt-armllvm_4.0.3.LTS\lib\armv6m-ti-none-eabi\</path>
         <kind>archive</kind>
         <file>libclang_rt.builtins.a</file>
         <name>comparesf2.S.obj</name>
      </input_file>
      <input_file id="fl-122">
         <path>C:\ti\ccs2020\ccs\tools\compiler\ti-cgt-armllvm_4.0.3.LTS\lib\armv6m-ti-none-eabi\</path>
         <kind>archive</kind>
         <file>libclang_rt.builtins.a</file>
         <name>udivmoddi4.S.obj</name>
      </input_file>
      <input_file id="fl-123">
         <path>C:\ti\ccs2020\ccs\tools\compiler\ti-cgt-armllvm_4.0.3.LTS\lib\armv6m-ti-none-eabi\</path>
         <kind>archive</kind>
         <file>libclang_rt.builtins.a</file>
         <name>ashldi3.S.obj</name>
      </input_file>
      <input_file id="fl-124">
         <path>C:\ti\ccs2020\ccs\tools\compiler\ti-cgt-armllvm_4.0.3.LTS\lib\armv6m-ti-none-eabi\</path>
         <kind>archive</kind>
         <file>libclang_rt.builtins.a</file>
         <name>comparedf2.c.obj</name>
      </input_file>
      <input_file id="fl-125">
         <path>C:\ti\ccs2020\ccs\tools\compiler\ti-cgt-armllvm_4.0.3.LTS\lib\armv6m-ti-none-eabi\</path>
         <kind>archive</kind>
         <file>libclang_rt.builtins.a</file>
         <name>divmoddi4.c.obj</name>
      </input_file>
      <input_file id="fl-126">
         <path>C:\ti\ccs2020\ccs\tools\compiler\ti-cgt-armllvm_4.0.3.LTS\lib\armv6m-ti-none-eabi\</path>
         <kind>archive</kind>
         <file>libclang_rt.builtins.a</file>
         <name>aeabi_div0.c.obj</name>
      </input_file>
      <input_file id="fl-127">
         <path>C:\ti\ccs2020\ccs\tools\compiler\ti-cgt-armllvm_4.0.3.LTS\lib\armv6m-ti-none-eabi\c\</path>
         <kind>archive</kind>
         <file>libc.a</file>
         <name>memcpy16.S.obj</name>
      </input_file>
      <input_file id="fl-128">
         <path>C:\ti\ccs2020\ccs\tools\compiler\ti-cgt-armllvm_4.0.3.LTS\lib\armv6m-ti-none-eabi\c\</path>
         <kind>archive</kind>
         <file>libc.a</file>
         <name>memset16.S.obj</name>
      </input_file>
   </input_file_list>
   <object_component_list>
      <object_component id="oc-18">
         <name>.intvecs</name>
         <load_address>0x0</load_address>
         <readonly>true</readonly>
         <run_address>0x0</run_address>
         <size>0xc0</size>
         <alignment>0x4</alignment>
         <input_file_ref idref="fl-3"/>
      </object_component>
      <object_component id="oc-24d">
         <name>.text:__TI_printfi</name>
         <load_address>0xc0</load_address>
         <readonly>true</readonly>
         <executable>true</executable>
         <run_address>0xc0</run_address>
         <size>0x9d0</size>
         <alignment>0x4</alignment>
         <input_file_ref idref="fl-3e"/>
      </object_component>
      <object_component id="oc-23d">
         <name>.text.strtod</name>
         <load_address>0xa90</load_address>
         <readonly>true</readonly>
         <executable>true</executable>
         <run_address>0xa90</run_address>
         <size>0x3b8</size>
         <alignment>0x4</alignment>
         <input_file_ref idref="fl-51"/>
      </object_component>
      <object_component id="oc-de">
         <name>.text.asin</name>
         <load_address>0xe48</load_address>
         <readonly>true</readonly>
         <executable>true</executable>
         <run_address>0xe48</run_address>
         <size>0x364</size>
         <alignment>0x4</alignment>
         <input_file_ref idref="fl-3f"/>
      </object_component>
      <object_component id="oc-1ac">
         <name>.text.atan</name>
         <load_address>0x11ac</load_address>
         <readonly>true</readonly>
         <executable>true</executable>
         <run_address>0x11ac</run_address>
         <size>0x2f8</size>
         <alignment>0x4</alignment>
         <input_file_ref idref="fl-42"/>
      </object_component>
      <object_component id="oc-ba">
         <name>.text.main</name>
         <load_address>0x14a4</load_address>
         <readonly>true</readonly>
         <executable>true</executable>
         <run_address>0x14a4</run_address>
         <size>0x2c8</size>
         <alignment>0x4</alignment>
         <input_file_ref idref="fl-1"/>
      </object_component>
      <object_component id="oc-1f9">
         <name>.text.dmp_enable_feature</name>
         <load_address>0x176c</load_address>
         <readonly>true</readonly>
         <executable>true</executable>
         <run_address>0x176c</run_address>
         <size>0x278</size>
         <alignment>0x4</alignment>
         <input_file_ref idref="fl-a"/>
      </object_component>
      <object_component id="oc-1d5">
         <name>.text.SYSCFG_DL_GPIO_init</name>
         <load_address>0x19e4</load_address>
         <readonly>true</readonly>
         <executable>true</executable>
         <run_address>0x19e4</run_address>
         <size>0x244</size>
         <alignment>0x4</alignment>
         <input_file_ref idref="fl-2"/>
      </object_component>
      <object_component id="oc-2cf">
         <name>.text.dmp_set_tap_thresh</name>
         <load_address>0x1c28</load_address>
         <readonly>true</readonly>
         <executable>true</executable>
         <run_address>0x1c28</run_address>
         <size>0x238</size>
         <alignment>0x4</alignment>
         <input_file_ref idref="fl-a"/>
      </object_component>
      <object_component id="oc-74">
         <name>.text.Read_Quad</name>
         <load_address>0x1e60</load_address>
         <readonly>true</readonly>
         <executable>true</executable>
         <run_address>0x1e60</run_address>
         <size>0x22c</size>
         <alignment>0x4</alignment>
         <input_file_ref idref="fl-f"/>
      </object_component>
      <object_component id="oc-184">
         <name>.text.mpu_reset_fifo</name>
         <load_address>0x208c</load_address>
         <readonly>true</readonly>
         <executable>true</executable>
         <run_address>0x208c</run_address>
         <size>0x22c</size>
         <alignment>0x4</alignment>
         <input_file_ref idref="fl-9"/>
      </object_component>
      <object_component id="oc-324">
         <name>.text._pconv_a</name>
         <load_address>0x22b8</load_address>
         <readonly>true</readonly>
         <executable>true</executable>
         <run_address>0x22b8</run_address>
         <size>0x220</size>
         <alignment>0x4</alignment>
         <input_file_ref idref="fl-3e"/>
      </object_component>
      <object_component id="oc-c9">
         <name>.text.dmp_read_fifo</name>
         <load_address>0x24d8</load_address>
         <readonly>true</readonly>
         <executable>true</executable>
         <run_address>0x24d8</run_address>
         <size>0x1f4</size>
         <alignment>0x4</alignment>
         <input_file_ref idref="fl-a"/>
      </object_component>
      <object_component id="oc-325">
         <name>.text._pconv_g</name>
         <load_address>0x26cc</load_address>
         <readonly>true</readonly>
         <executable>true</executable>
         <run_address>0x26cc</run_address>
         <size>0x1dc</size>
         <alignment>0x4</alignment>
         <input_file_ref idref="fl-3e"/>
      </object_component>
      <object_component id="oc-2c6">
         <name>.text.mpu_set_bypass</name>
         <load_address>0x28a8</load_address>
         <readonly>true</readonly>
         <executable>true</executable>
         <run_address>0x28a8</run_address>
         <size>0x1a0</size>
         <alignment>0x4</alignment>
         <input_file_ref idref="fl-9"/>
      </object_component>
      <object_component id="oc-39">
         <name>.text.GROUP1_IRQHandler</name>
         <load_address>0x2a48</load_address>
         <readonly>true</readonly>
         <executable>true</executable>
         <run_address>0x2a48</run_address>
         <size>0x198</size>
         <alignment>0x4</alignment>
         <input_file_ref idref="fl-7"/>
      </object_component>
      <object_component id="oc-197">
         <name>.text.adddf3_subdf3</name>
         <load_address>0x2be0</load_address>
         <readonly>true</readonly>
         <executable>true</executable>
         <run_address>0x2be0</run_address>
         <size>0x192</size>
         <alignment>0x4</alignment>
         <input_file_ref idref="fl-10a"/>
      </object_component>
      <object_component id="oc-2e7">
         <name>.text.__aeabi_idiv0</name>
         <load_address>0x2d72</load_address>
         <readonly>true</readonly>
         <executable>true</executable>
         <run_address>0x2d72</run_address>
         <size>0x2</size>
         <alignment>0x2</alignment>
         <input_file_ref idref="fl-126"/>
      </object_component>
      <object_component id="oc-ec">
         <name>.text.atan2</name>
         <load_address>0x2d74</load_address>
         <readonly>true</readonly>
         <executable>true</executable>
         <run_address>0x2d74</run_address>
         <size>0x188</size>
         <alignment>0x4</alignment>
         <input_file_ref idref="fl-40"/>
      </object_component>
      <object_component id="oc-fe">
         <name>.text.bt_control</name>
         <load_address>0x2efc</load_address>
         <readonly>true</readonly>
         <executable>true</executable>
         <run_address>0x2efc</run_address>
         <size>0x180</size>
         <alignment>0x4</alignment>
         <input_file_ref idref="fl-13"/>
      </object_component>
      <object_component id="oc-1f6">
         <name>.text.dmp_set_orientation</name>
         <load_address>0x307c</load_address>
         <readonly>true</readonly>
         <executable>true</executable>
         <run_address>0x307c</run_address>
         <size>0x178</size>
         <alignment>0x4</alignment>
         <input_file_ref idref="fl-a"/>
      </object_component>
      <object_component id="oc-1a1">
         <name>.text.sqrt</name>
         <load_address>0x31f4</load_address>
         <readonly>true</readonly>
         <executable>true</executable>
         <run_address>0x31f4</run_address>
         <size>0x170</size>
         <alignment>0x4</alignment>
         <input_file_ref idref="fl-41"/>
      </object_component>
      <object_component id="oc-14a">
         <name>.text.MPU6050_Init</name>
         <load_address>0x3364</load_address>
         <readonly>true</readonly>
         <executable>true</executable>
         <run_address>0x3364</run_address>
         <size>0x144</size>
         <alignment>0x4</alignment>
         <input_file_ref idref="fl-f"/>
      </object_component>
      <object_component id="oc-385">
         <name>.text.fcvt</name>
         <load_address>0x34a8</load_address>
         <readonly>true</readonly>
         <executable>true</executable>
         <run_address>0x34a8</run_address>
         <size>0x13c</size>
         <alignment>0x4</alignment>
         <input_file_ref idref="fl-3e"/>
      </object_component>
      <object_component id="oc-94">
         <name>.text.Get_Velocity_From_Encoder</name>
         <load_address>0x35e4</load_address>
         <readonly>true</readonly>
         <executable>true</executable>
         <run_address>0x35e4</run_address>
         <size>0x134</size>
         <alignment>0x4</alignment>
         <input_file_ref idref="fl-6"/>
      </object_component>
      <object_component id="oc-220">
         <name>.text.mspm0_i2c_read</name>
         <load_address>0x3718</load_address>
         <readonly>true</readonly>
         <executable>true</executable>
         <run_address>0x3718</run_address>
         <size>0x134</size>
         <alignment>0x4</alignment>
         <input_file_ref idref="fl-10"/>
      </object_component>
      <object_component id="oc-1ee">
         <name>.text.mpu_set_sensors</name>
         <load_address>0x384c</load_address>
         <readonly>true</readonly>
         <executable>true</executable>
         <run_address>0x384c</run_address>
         <size>0x130</size>
         <alignment>0x4</alignment>
         <input_file_ref idref="fl-9"/>
      </object_component>
      <object_component id="oc-1ed">
         <name>.text.mpu_init</name>
         <load_address>0x397c</load_address>
         <readonly>true</readonly>
         <executable>true</executable>
         <run_address>0x397c</run_address>
         <size>0x128</size>
         <alignment>0x4</alignment>
         <input_file_ref idref="fl-9"/>
      </object_component>
      <object_component id="oc-2ca">
         <name>.text.mpu_load_firmware</name>
         <load_address>0x3aa4</load_address>
         <readonly>true</readonly>
         <executable>true</executable>
         <run_address>0x3aa4</run_address>
         <size>0x124</size>
         <alignment>0x4</alignment>
         <input_file_ref idref="fl-9"/>
      </object_component>
      <object_component id="oc-327">
         <name>.text._pconv_e</name>
         <load_address>0x3bc8</load_address>
         <readonly>true</readonly>
         <executable>true</executable>
         <run_address>0x3bc8</run_address>
         <size>0x120</size>
         <alignment>0x4</alignment>
         <input_file_ref idref="fl-3e"/>
      </object_component>
      <object_component id="oc-28d">
         <name>.text.DL_Timer_initCaptureMode</name>
         <load_address>0x3ce8</load_address>
         <readonly>true</readonly>
         <executable>true</executable>
         <run_address>0x3ce8</run_address>
         <size>0x11c</size>
         <alignment>0x4</alignment>
         <input_file_ref idref="fl-24"/>
      </object_component>
      <object_component id="oc-209">
         <name>.text.OLED_ShowChar</name>
         <load_address>0x3e04</load_address>
         <readonly>true</readonly>
         <executable>true</executable>
         <run_address>0x3e04</run_address>
         <size>0x118</size>
         <alignment>0x4</alignment>
         <input_file_ref idref="fl-11"/>
      </object_component>
      <object_component id="oc-14f">
         <name>.text.OLED_Init</name>
         <load_address>0x3f1c</load_address>
         <readonly>true</readonly>
         <executable>true</executable>
         <run_address>0x3f1c</run_address>
         <size>0x110</size>
         <alignment>0x4</alignment>
         <input_file_ref idref="fl-11"/>
      </object_component>
      <object_component id="oc-a5">
         <name>.text.Set_PWM</name>
         <load_address>0x402c</load_address>
         <readonly>true</readonly>
         <executable>true</executable>
         <run_address>0x402c</run_address>
         <size>0x10c</size>
         <alignment>0x4</alignment>
         <input_file_ref idref="fl-e"/>
      </object_component>
      <object_component id="oc-11f">
         <name>.text.__divdf3</name>
         <load_address>0x4138</load_address>
         <readonly>true</readonly>
         <executable>true</executable>
         <run_address>0x4138</run_address>
         <size>0x10c</size>
         <alignment>0x4</alignment>
         <input_file_ref idref="fl-10f"/>
      </object_component>
      <object_component id="oc-17f">
         <name>.text.mpu_read_fifo_stream</name>
         <load_address>0x4244</load_address>
         <readonly>true</readonly>
         <executable>true</executable>
         <run_address>0x4244</run_address>
         <size>0x108</size>
         <alignment>0x4</alignment>
         <input_file_ref idref="fl-9"/>
      </object_component>
      <object_component id="oc-283">
         <name>.text.DL_Timer_initFourCCPWMMode</name>
         <load_address>0x434c</load_address>
         <readonly>true</readonly>
         <executable>true</executable>
         <run_address>0x434c</run_address>
         <size>0x104</size>
         <alignment>0x4</alignment>
         <input_file_ref idref="fl-24"/>
      </object_component>
      <object_component id="oc-2c9">
         <name>.text.mpu_lp_accel_mode</name>
         <load_address>0x4450</load_address>
         <readonly>true</readonly>
         <executable>true</executable>
         <run_address>0x4450</run_address>
         <size>0x100</size>
         <alignment>0x4</alignment>
         <input_file_ref idref="fl-9"/>
      </object_component>
      <object_component id="oc-81">
         <name>.text.APP_Show</name>
         <load_address>0x4550</load_address>
         <readonly>true</readonly>
         <executable>true</executable>
         <run_address>0x4550</run_address>
         <size>0xf8</size>
         <alignment>0x4</alignment>
         <input_file_ref idref="fl-12"/>
      </object_component>
      <object_component id="oc-159">
         <name>.text.OLED_ShowNum</name>
         <load_address>0x4648</load_address>
         <readonly>true</readonly>
         <executable>true</executable>
         <run_address>0x4648</run_address>
         <size>0xf6</size>
         <alignment>0x2</alignment>
         <input_file_ref idref="fl-11"/>
      </object_component>
      <object_component id="oc-392">
         <name>.text.__aeabi_ldiv0</name>
         <load_address>0x473e</load_address>
         <readonly>true</readonly>
         <executable>true</executable>
         <run_address>0x473e</run_address>
         <size>0x2</size>
         <alignment>0x2</alignment>
         <input_file_ref idref="fl-126"/>
      </object_component>
      <object_component id="oc-1f0">
         <name>.text.mpu_set_sample_rate</name>
         <load_address>0x4740</load_address>
         <readonly>true</readonly>
         <executable>true</executable>
         <run_address>0x4740</run_address>
         <size>0xec</size>
         <alignment>0x4</alignment>
         <input_file_ref idref="fl-9"/>
      </object_component>
      <object_component id="oc-290">
         <name>.text.DL_Timer_initTimerMode</name>
         <load_address>0x482c</load_address>
         <readonly>true</readonly>
         <executable>true</executable>
         <run_address>0x482c</run_address>
         <size>0xe8</size>
         <alignment>0x4</alignment>
         <input_file_ref idref="fl-24"/>
      </object_component>
      <object_component id="oc-e4">
         <name>.text.__muldf3</name>
         <load_address>0x4914</load_address>
         <readonly>true</readonly>
         <executable>true</executable>
         <run_address>0x4914</run_address>
         <size>0xe4</size>
         <alignment>0x4</alignment>
         <input_file_ref idref="fl-10b"/>
      </object_component>
      <object_component id="oc-2c4">
         <name>.text.mpu_set_accel_fsr</name>
         <load_address>0x49f8</load_address>
         <readonly>true</readonly>
         <executable>true</executable>
         <run_address>0x49f8</run_address>
         <size>0xe4</size>
         <alignment>0x4</alignment>
         <input_file_ref idref="fl-9"/>
      </object_component>
      <object_component id="oc-80">
         <name>.text.BTBufferHandler</name>
         <load_address>0x4adc</load_address>
         <readonly>true</readonly>
         <executable>true</executable>
         <run_address>0x4adc</run_address>
         <size>0xdc</size>
         <alignment>0x4</alignment>
         <input_file_ref idref="fl-13"/>
      </object_component>
      <object_component id="oc-277">
         <name>.text.DL_SYSCTL_configSYSPLL</name>
         <load_address>0x4bb8</load_address>
         <readonly>true</readonly>
         <executable>true</executable>
         <run_address>0x4bb8</run_address>
         <size>0xdc</size>
         <alignment>0x4</alignment>
         <input_file_ref idref="fl-26"/>
      </object_component>
      <object_component id="oc-48">
         <name>.text.TIMG0_IRQHandler</name>
         <load_address>0x4c94</load_address>
         <readonly>true</readonly>
         <executable>true</executable>
         <run_address>0x4c94</run_address>
         <size>0xdc</size>
         <alignment>0x4</alignment>
         <input_file_ref idref="fl-1"/>
      </object_component>
      <object_component id="oc-301">
         <name>.text.scalbn</name>
         <load_address>0x4d70</load_address>
         <readonly>true</readonly>
         <executable>true</executable>
         <run_address>0x4d70</run_address>
         <size>0xd8</size>
         <alignment>0x4</alignment>
         <input_file_ref idref="fl-44"/>
      </object_component>
      <object_component id="oc-9a">
         <name>.text</name>
         <load_address>0x4e48</load_address>
         <readonly>true</readonly>
         <executable>true</executable>
         <run_address>0x4e48</run_address>
         <size>0xd8</size>
         <alignment>0x4</alignment>
         <input_file_ref idref="fl-109"/>
      </object_component>
      <object_component id="oc-1d4">
         <name>.text.SYSCFG_DL_initPower</name>
         <load_address>0x4f20</load_address>
         <readonly>true</readonly>
         <executable>true</executable>
         <run_address>0x4f20</run_address>
         <size>0xd4</size>
         <alignment>0x4</alignment>
         <input_file_ref idref="fl-2"/>
      </object_component>
      <object_component id="oc-2c8">
         <name>.text.set_int_enable</name>
         <load_address>0x4ff4</load_address>
         <readonly>true</readonly>
         <executable>true</executable>
         <run_address>0x4ff4</run_address>
         <size>0xd4</size>
         <alignment>0x4</alignment>
         <input_file_ref idref="fl-9"/>
      </object_component>
      <object_component id="oc-2c5">
         <name>.text.mpu_set_lpf</name>
         <load_address>0x50c8</load_address>
         <readonly>true</readonly>
         <executable>true</executable>
         <run_address>0x50c8</run_address>
         <size>0xd0</size>
         <alignment>0x4</alignment>
         <input_file_ref idref="fl-9"/>
      </object_component>
      <object_component id="oc-2c3">
         <name>.text.mpu_set_gyro_fsr</name>
         <load_address>0x5198</load_address>
         <readonly>true</readonly>
         <executable>true</executable>
         <run_address>0x5198</run_address>
         <size>0xc4</size>
         <alignment>0x4</alignment>
         <input_file_ref idref="fl-9"/>
      </object_component>
      <object_component id="oc-224">
         <name>.text.mspm0_i2c_write</name>
         <load_address>0x525c</load_address>
         <readonly>true</readonly>
         <executable>true</executable>
         <run_address>0x525c</run_address>
         <size>0xc4</size>
         <alignment>0x4</alignment>
         <input_file_ref idref="fl-10"/>
      </object_component>
      <object_component id="oc-1ef">
         <name>.text.mpu_configure_fifo</name>
         <load_address>0x5320</load_address>
         <readonly>true</readonly>
         <executable>true</executable>
         <run_address>0x5320</run_address>
         <size>0xbc</size>
         <alignment>0x4</alignment>
         <input_file_ref idref="fl-9"/>
      </object_component>
      <object_component id="oc-1fb">
         <name>.text.mpu_set_dmp_state</name>
         <load_address>0x53dc</load_address>
         <readonly>true</readonly>
         <executable>true</executable>
         <run_address>0x53dc</run_address>
         <size>0xb8</size>
         <alignment>0x4</alignment>
         <input_file_ref idref="fl-9"/>
      </object_component>
      <object_component id="oc-345">
         <name>.text.mpu_read_mem</name>
         <load_address>0x5494</load_address>
         <readonly>true</readonly>
         <executable>true</executable>
         <run_address>0x5494</run_address>
         <size>0xac</size>
         <alignment>0x4</alignment>
         <input_file_ref idref="fl-9"/>
      </object_component>
      <object_component id="oc-2cd">
         <name>.text.mpu_write_mem</name>
         <load_address>0x5540</load_address>
         <readonly>true</readonly>
         <executable>true</executable>
         <run_address>0x5540</run_address>
         <size>0xac</size>
         <alignment>0x4</alignment>
         <input_file_ref idref="fl-9"/>
      </object_component>
      <object_component id="oc-36b">
         <name>.text</name>
         <load_address>0x55ec</load_address>
         <readonly>true</readonly>
         <executable>true</executable>
         <run_address>0x55ec</run_address>
         <size>0xa2</size>
         <alignment>0x4</alignment>
         <input_file_ref idref="fl-122"/>
      </object_component>
      <object_component id="oc-24e">
         <name>.text._nop</name>
         <load_address>0x568e</load_address>
         <readonly>true</readonly>
         <executable>true</executable>
         <run_address>0x568e</run_address>
         <size>0x2</size>
         <alignment>0x2</alignment>
         <input_file_ref idref="fl-47"/>
      </object_component>
      <object_component id="oc-8e">
         <name>.text.sensortrack</name>
         <load_address>0x5690</load_address>
         <readonly>true</readonly>
         <executable>true</executable>
         <run_address>0x5690</run_address>
         <size>0xa0</size>
         <alignment>0x4</alignment>
         <input_file_ref idref="fl-4"/>
      </object_component>
      <object_component id="oc-2c7">
         <name>.text.mpu_set_int_latched</name>
         <load_address>0x5730</load_address>
         <readonly>true</readonly>
         <executable>true</executable>
         <run_address>0x5730</run_address>
         <size>0x9c</size>
         <alignment>0x4</alignment>
         <input_file_ref idref="fl-9"/>
      </object_component>
      <object_component id="oc-205">
         <name>.text.OLED_WR_Byte</name>
         <load_address>0x57cc</load_address>
         <readonly>true</readonly>
         <executable>true</executable>
         <run_address>0x57cc</run_address>
         <size>0x98</size>
         <alignment>0x4</alignment>
         <input_file_ref idref="fl-11"/>
      </object_component>
      <object_component id="oc-1fa">
         <name>.text.dmp_set_fifo_rate</name>
         <load_address>0x5864</load_address>
         <readonly>true</readonly>
         <executable>true</executable>
         <run_address>0x5864</run_address>
         <size>0x98</size>
         <alignment>0x4</alignment>
         <input_file_ref idref="fl-a"/>
      </object_component>
      <object_component id="oc-2cc">
         <name>.text.inv_row_2_scale</name>
         <load_address>0x58fc</load_address>
         <readonly>true</readonly>
         <executable>true</executable>
         <run_address>0x58fc</run_address>
         <size>0x96</size>
         <alignment>0x2</alignment>
         <input_file_ref idref="fl-f"/>
      </object_component>
      <object_component id="oc-2de">
         <name>.text.delay_us</name>
         <load_address>0x5994</load_address>
         <readonly>true</readonly>
         <executable>true</executable>
         <run_address>0x5994</run_address>
         <size>0x90</size>
         <alignment>0x4</alignment>
         <input_file_ref idref="fl-5"/>
      </object_component>
      <object_component id="oc-1d7">
         <name>.text.SYSCFG_DL_PWM_0_init</name>
         <load_address>0x5a24</load_address>
         <readonly>true</readonly>
         <executable>true</executable>
         <run_address>0x5a24</run_address>
         <size>0x8c</size>
         <alignment>0x4</alignment>
         <input_file_ref idref="fl-2"/>
      </object_component>
      <object_component id="oc-d6">
         <name>.text.__mulsf3</name>
         <load_address>0x5ab0</load_address>
         <readonly>true</readonly>
         <executable>true</executable>
         <run_address>0x5ab0</run_address>
         <size>0x8c</size>
         <alignment>0x4</alignment>
         <input_file_ref idref="fl-10d"/>
      </object_component>
      <object_component id="oc-185">
         <name>.text.decode_gesture</name>
         <load_address>0x5b3c</load_address>
         <readonly>true</readonly>
         <executable>true</executable>
         <run_address>0x5b3c</run_address>
         <size>0x8c</size>
         <alignment>0x4</alignment>
         <input_file_ref idref="fl-a"/>
      </object_component>
      <object_component id="oc-9f">
         <name>.text.Incremental_PI_Left</name>
         <load_address>0x5bc8</load_address>
         <readonly>true</readonly>
         <executable>true</executable>
         <run_address>0x5bc8</run_address>
         <size>0x84</size>
         <alignment>0x4</alignment>
         <input_file_ref idref="fl-6"/>
      </object_component>
      <object_component id="oc-9e">
         <name>.text.Incremental_PI_Right</name>
         <load_address>0x5c4c</load_address>
         <readonly>true</readonly>
         <executable>true</executable>
         <run_address>0x5c4c</run_address>
         <size>0x84</size>
         <alignment>0x4</alignment>
         <input_file_ref idref="fl-6"/>
      </object_component>
      <object_component id="oc-280">
         <name>.text.__NVIC_SetPriority</name>
         <load_address>0x5cd0</load_address>
         <readonly>true</readonly>
         <executable>true</executable>
         <run_address>0x5cd0</run_address>
         <size>0x84</size>
         <alignment>0x4</alignment>
         <input_file_ref idref="fl-2"/>
      </object_component>
      <object_component id="oc-d2">
         <name>.text.__divsf3</name>
         <load_address>0x5d54</load_address>
         <readonly>true</readonly>
         <executable>true</executable>
         <run_address>0x5d54</run_address>
         <size>0x82</size>
         <alignment>0x4</alignment>
         <input_file_ref idref="fl-10e"/>
      </object_component>
      <object_component id="oc-1c">
         <name>.text:decompress:lzss</name>
         <load_address>0x5dd8</load_address>
         <readonly>true</readonly>
         <executable>true</executable>
         <run_address>0x5dd8</run_address>
         <size>0x7c</size>
         <alignment>0x4</alignment>
         <input_file_ref idref="fl-59"/>
      </object_component>
      <object_component id="oc-232">
         <name>.text.__gedf2</name>
         <load_address>0x5e54</load_address>
         <readonly>true</readonly>
         <executable>true</executable>
         <run_address>0x5e54</run_address>
         <size>0x74</size>
         <alignment>0x4</alignment>
         <input_file_ref idref="fl-124"/>
      </object_component>
      <object_component id="oc-2ff">
         <name>.text.OUTLINED_FUNCTION_0</name>
         <load_address>0x5ec8</load_address>
         <readonly>true</readonly>
         <executable>true</executable>
         <run_address>0x5ec8</run_address>
         <size>0x8</size>
         <alignment>0x2</alignment>
         <input_file_ref idref="fl-51"/>
      </object_component>
      <object_component id="oc-e8">
         <name>.text.__truncdfsf2</name>
         <load_address>0x5ed0</load_address>
         <readonly>true</readonly>
         <executable>true</executable>
         <run_address>0x5ed0</run_address>
         <size>0x74</size>
         <alignment>0x10</alignment>
         <input_file_ref idref="fl-118"/>
      </object_component>
      <object_component id="oc-1f3">
         <name>.text.mpu_get_accel_fsr</name>
         <load_address>0x5f44</load_address>
         <readonly>true</readonly>
         <executable>true</executable>
         <run_address>0x5f44</run_address>
         <size>0x74</size>
         <alignment>0x4</alignment>
         <input_file_ref idref="fl-9"/>
      </object_component>
      <object_component id="oc-154">
         <name>.text.OLED_ShowString</name>
         <load_address>0x5fb8</load_address>
         <readonly>true</readonly>
         <executable>true</executable>
         <run_address>0x5fb8</run_address>
         <size>0x70</size>
         <alignment>0x2</alignment>
         <input_file_ref idref="fl-11"/>
      </object_component>
      <object_component id="oc-206">
         <name>.text.OLED_Clear</name>
         <load_address>0x6028</load_address>
         <readonly>true</readonly>
         <executable>true</executable>
         <run_address>0x6028</run_address>
         <size>0x6a</size>
         <alignment>0x2</alignment>
         <input_file_ref idref="fl-11"/>
      </object_component>
      <object_component id="oc-1d8">
         <name>.text.SYSCFG_DL_PWM_ULTRASONIC_init</name>
         <load_address>0x6094</load_address>
         <readonly>true</readonly>
         <executable>true</executable>
         <run_address>0x6094</run_address>
         <size>0x68</size>
         <alignment>0x4</alignment>
         <input_file_ref idref="fl-2"/>
      </object_component>
      <object_component id="oc-22c">
         <name>.text.__ledf2</name>
         <load_address>0x60fc</load_address>
         <readonly>true</readonly>
         <executable>true</executable>
         <run_address>0x60fc</run_address>
         <size>0x68</size>
         <alignment>0x4</alignment>
         <input_file_ref idref="fl-124"/>
      </object_component>
      <object_component id="oc-384">
         <name>.text._mcpy</name>
         <load_address>0x6164</load_address>
         <readonly>true</readonly>
         <executable>true</executable>
         <run_address>0x6164</run_address>
         <size>0x66</size>
         <alignment>0x2</alignment>
         <input_file_ref idref="fl-3e"/>
      </object_component>
      <object_component id="oc-2d0">
         <name>.text.dmp_set_tap_axes</name>
         <load_address>0x61ca</load_address>
         <readonly>true</readonly>
         <executable>true</executable>
         <run_address>0x61ca</run_address>
         <size>0x66</size>
         <alignment>0x2</alignment>
         <input_file_ref idref="fl-a"/>
      </object_component>
      <object_component id="oc-1e8">
         <name>.text.mpu6050_i2c_sda_unlock</name>
         <load_address>0x6230</load_address>
         <readonly>true</readonly>
         <executable>true</executable>
         <run_address>0x6230</run_address>
         <size>0x64</size>
         <alignment>0x4</alignment>
         <input_file_ref idref="fl-10"/>
      </object_component>
      <object_component id="oc-19b">
         <name>.text.__aeabi_dcmp</name>
         <load_address>0x6294</load_address>
         <readonly>true</readonly>
         <executable>true</executable>
         <run_address>0x6294</run_address>
         <size>0x62</size>
         <alignment>0x4</alignment>
         <input_file_ref idref="fl-119"/>
      </object_component>
      <object_component id="oc-2ce">
         <name>.text.dmp_enable_gyro_cal</name>
         <load_address>0x62f8</load_address>
         <readonly>true</readonly>
         <executable>true</executable>
         <run_address>0x62f8</run_address>
         <size>0x60</size>
         <alignment>0x4</alignment>
         <input_file_ref idref="fl-a"/>
      </object_component>
      <object_component id="oc-1f2">
         <name>.text.mpu_get_gyro_fsr</name>
         <load_address>0x6358</load_address>
         <readonly>true</readonly>
         <executable>true</executable>
         <run_address>0x6358</run_address>
         <size>0x60</size>
         <alignment>0x4</alignment>
         <input_file_ref idref="fl-9"/>
      </object_component>
      <object_component id="oc-203">
         <name>.text.oled_i2c_sda_unlock</name>
         <load_address>0x63b8</load_address>
         <readonly>true</readonly>
         <executable>true</executable>
         <run_address>0x63b8</run_address>
         <size>0x60</size>
         <alignment>0x4</alignment>
         <input_file_ref idref="fl-11"/>
      </object_component>
      <object_component id="oc-2df">
         <name>.text.DL_I2C_fillControllerTXFIFO</name>
         <load_address>0x6418</load_address>
         <readonly>true</readonly>
         <executable>true</executable>
         <run_address>0x6418</run_address>
         <size>0x5e</size>
         <alignment>0x2</alignment>
         <input_file_ref idref="fl-23"/>
      </object_component>
      <object_component id="oc-1de">
         <name>.text.SYSCFG_DL_UART_0_init</name>
         <load_address>0x6478</load_address>
         <readonly>true</readonly>
         <executable>true</executable>
         <run_address>0x6478</run_address>
         <size>0x5c</size>
         <alignment>0x4</alignment>
         <input_file_ref idref="fl-2"/>
      </object_component>
      <object_component id="oc-145">
         <name>.text.SYSCFG_DL_init</name>
         <load_address>0x64d4</load_address>
         <readonly>true</readonly>
         <executable>true</executable>
         <run_address>0x64d4</run_address>
         <size>0x5c</size>
         <alignment>0x4</alignment>
         <input_file_ref idref="fl-2"/>
      </object_component>
      <object_component id="oc-370">
         <name>.text.frexp</name>
         <load_address>0x6530</load_address>
         <readonly>true</readonly>
         <executable>true</executable>
         <run_address>0x6530</run_address>
         <size>0x5c</size>
         <alignment>0x4</alignment>
         <input_file_ref idref="fl-43"/>
      </object_component>
      <object_component id="oc-2c0">
         <name>.text.mspm0_i2c_enable</name>
         <load_address>0x658c</load_address>
         <readonly>true</readonly>
         <executable>true</executable>
         <run_address>0x658c</run_address>
         <size>0x5c</size>
         <alignment>0x4</alignment>
         <input_file_ref idref="fl-10"/>
      </object_component>
      <object_component id="oc-106">
         <name>.text.printf</name>
         <load_address>0x65e8</load_address>
         <readonly>true</readonly>
         <executable>true</executable>
         <run_address>0x65e8</run_address>
         <size>0x5c</size>
         <alignment>0x4</alignment>
         <input_file_ref idref="fl-3d"/>
      </object_component>
      <object_component id="oc-1dd">
         <name>.text.SYSCFG_DL_I2C_MPU6050_init</name>
         <load_address>0x6644</load_address>
         <readonly>true</readonly>
         <executable>true</executable>
         <run_address>0x6644</run_address>
         <size>0x58</size>
         <alignment>0x4</alignment>
         <input_file_ref idref="fl-2"/>
      </object_component>
      <object_component id="oc-1dc">
         <name>.text.SYSCFG_DL_OLED_init</name>
         <load_address>0x669c</load_address>
         <readonly>true</readonly>
         <executable>true</executable>
         <run_address>0x669c</run_address>
         <size>0x58</size>
         <alignment>0x4</alignment>
         <input_file_ref idref="fl-2"/>
      </object_component>
      <object_component id="oc-378">
         <name>.text.__TI_ltoa</name>
         <load_address>0x66f4</load_address>
         <readonly>true</readonly>
         <executable>true</executable>
         <run_address>0x66f4</run_address>
         <size>0x58</size>
         <alignment>0x2</alignment>
         <input_file_ref idref="fl-48"/>
      </object_component>
      <object_component id="oc-326">
         <name>.text._pconv_f</name>
         <load_address>0x674c</load_address>
         <readonly>true</readonly>
         <executable>true</executable>
         <run_address>0x674c</run_address>
         <size>0x58</size>
         <alignment>0x2</alignment>
         <input_file_ref idref="fl-3e"/>
      </object_component>
      <object_component id="oc-2dd">
         <name>.text.mspm0_i2c_enable</name>
         <load_address>0x67a4</load_address>
         <readonly>true</readonly>
         <executable>true</executable>
         <run_address>0x67a4</run_address>
         <size>0x58</size>
         <alignment>0x4</alignment>
         <input_file_ref idref="fl-11"/>
      </object_component>
      <object_component id="oc-34e">
         <name>.text.__aeabi_idivmod</name>
         <load_address>0x67fc</load_address>
         <readonly>true</readonly>
         <executable>true</executable>
         <run_address>0x67fc</run_address>
         <size>0x56</size>
         <alignment>0x4</alignment>
         <input_file_ref idref="fl-11b"/>
      </object_component>
      <object_component id="oc-382">
         <name>.text._ecpy</name>
         <load_address>0x6852</load_address>
         <readonly>true</readonly>
         <executable>true</executable>
         <run_address>0x6852</run_address>
         <size>0x52</size>
         <alignment>0x2</alignment>
         <input_file_ref idref="fl-3e"/>
      </object_component>
      <object_component id="oc-2f5">
         <name>.text.DL_I2C_startControllerTransfer</name>
         <load_address>0x68a4</load_address>
         <readonly>true</readonly>
         <executable>true</executable>
         <run_address>0x68a4</run_address>
         <size>0x50</size>
         <alignment>0x4</alignment>
         <input_file_ref idref="fl-10"/>
      </object_component>
      <object_component id="oc-2e2">
         <name>.text.DL_I2C_startControllerTransfer</name>
         <load_address>0x68f4</load_address>
         <readonly>true</readonly>
         <executable>true</executable>
         <run_address>0x68f4</run_address>
         <size>0x50</size>
         <alignment>0x4</alignment>
         <input_file_ref idref="fl-11"/>
      </object_component>
      <object_component id="oc-257">
         <name>.text.fputs</name>
         <load_address>0x6944</load_address>
         <readonly>true</readonly>
         <executable>true</executable>
         <run_address>0x6944</run_address>
         <size>0x50</size>
         <alignment>0x4</alignment>
         <input_file_ref idref="fl-5"/>
      </object_component>
      <object_component id="oc-339">
         <name>.text.DL_DMA_initChannel</name>
         <load_address>0x6994</load_address>
         <readonly>true</readonly>
         <executable>true</executable>
         <run_address>0x6994</run_address>
         <size>0x4c</size>
         <alignment>0x4</alignment>
         <input_file_ref idref="fl-22"/>
      </object_component>
      <object_component id="oc-2ae">
         <name>.text.DL_UART_setBaudRateDivisor</name>
         <load_address>0x69e0</load_address>
         <readonly>true</readonly>
         <executable>true</executable>
         <run_address>0x69e0</run_address>
         <size>0x4c</size>
         <alignment>0x4</alignment>
         <input_file_ref idref="fl-2"/>
      </object_component>
      <object_component id="oc-15a">
         <name>.text.Key2_GetNum</name>
         <load_address>0x6a2c</load_address>
         <readonly>true</readonly>
         <executable>true</executable>
         <run_address>0x6a2c</run_address>
         <size>0x4c</size>
         <alignment>0x4</alignment>
         <input_file_ref idref="fl-c"/>
      </object_component>
      <object_component id="oc-93">
         <name>.text.LineTrackingError</name>
         <load_address>0x6a78</load_address>
         <readonly>true</readonly>
         <executable>true</executable>
         <run_address>0x6a78</run_address>
         <size>0x4c</size>
         <alignment>0x4</alignment>
         <input_file_ref idref="fl-4"/>
      </object_component>
      <object_component id="oc-1d6">
         <name>.text.SYSCFG_DL_SYSCTL_init</name>
         <load_address>0x6ac4</load_address>
         <readonly>true</readonly>
         <executable>true</executable>
         <run_address>0x6ac4</run_address>
         <size>0x4c</size>
         <alignment>0x4</alignment>
         <input_file_ref idref="fl-2"/>
      </object_component>
      <object_component id="oc-1df">
         <name>.text.SYSCFG_DL_UART_BT_init</name>
         <load_address>0x6b10</load_address>
         <readonly>true</readonly>
         <executable>true</executable>
         <run_address>0x6b10</run_address>
         <size>0x4c</size>
         <alignment>0x4</alignment>
         <input_file_ref idref="fl-2"/>
      </object_component>
      <object_component id="oc-374">
         <name>.text.__fixdfsi</name>
         <load_address>0x6b5c</load_address>
         <readonly>true</readonly>
         <executable>true</executable>
         <run_address>0x6b5c</run_address>
         <size>0x4a</size>
         <alignment>0x4</alignment>
         <input_file_ref idref="fl-111"/>
      </object_component>
      <object_component id="oc-89">
         <name>.text.BT_DAMConfig</name>
         <load_address>0x6ba8</load_address>
         <readonly>true</readonly>
         <executable>true</executable>
         <run_address>0x6ba8</run_address>
         <size>0x48</size>
         <alignment>0x4</alignment>
         <input_file_ref idref="fl-13"/>
      </object_component>
      <object_component id="oc-2ac">
         <name>.text.DL_UART_init</name>
         <load_address>0x6bf0</load_address>
         <readonly>true</readonly>
         <executable>true</executable>
         <run_address>0x6bf0</run_address>
         <size>0x48</size>
         <alignment>0x4</alignment>
         <input_file_ref idref="fl-25"/>
      </object_component>
      <object_component id="oc-43">
         <name>.text.UART2_IRQHandler</name>
         <load_address>0x6c38</load_address>
         <readonly>true</readonly>
         <executable>true</executable>
         <run_address>0x6c38</run_address>
         <size>0x48</size>
         <alignment>0x4</alignment>
         <input_file_ref idref="fl-13"/>
      </object_component>
      <object_component id="oc-2d8">
         <name>.text.dmp_enable_6x_lp_quat</name>
         <load_address>0x6c80</load_address>
         <readonly>true</readonly>
         <executable>true</executable>
         <run_address>0x6c80</run_address>
         <size>0x48</size>
         <alignment>0x4</alignment>
         <input_file_ref idref="fl-a"/>
      </object_component>
      <object_component id="oc-2d7">
         <name>.text.dmp_enable_lp_quat</name>
         <load_address>0x6cc8</load_address>
         <readonly>true</readonly>
         <executable>true</executable>
         <run_address>0x6cc8</run_address>
         <size>0x48</size>
         <alignment>0x4</alignment>
         <input_file_ref idref="fl-a"/>
      </object_component>
      <object_component id="oc-2bc">
         <name>.text.mspm0_i2c_disable</name>
         <load_address>0x6d10</load_address>
         <readonly>true</readonly>
         <executable>true</executable>
         <run_address>0x6d10</run_address>
         <size>0x48</size>
         <alignment>0x4</alignment>
         <input_file_ref idref="fl-10"/>
      </object_component>
      <object_component id="oc-2d9">
         <name>.text.mspm0_i2c_disable</name>
         <load_address>0x6d58</load_address>
         <readonly>true</readonly>
         <executable>true</executable>
         <run_address>0x6d58</run_address>
         <size>0x48</size>
         <alignment>0x4</alignment>
         <input_file_ref idref="fl-11"/>
      </object_component>
      <object_component id="oc-99">
         <name>.text.CheckIsAllWhite</name>
         <load_address>0x6da0</load_address>
         <readonly>true</readonly>
         <executable>true</executable>
         <run_address>0x6da0</run_address>
         <size>0x44</size>
         <alignment>0x4</alignment>
         <input_file_ref idref="fl-4"/>
      </object_component>
      <object_component id="oc-27f">
         <name>.text.DL_SYSCTL_switchMCLKfromSYSOSCtoHSCLK</name>
         <load_address>0x6de4</load_address>
         <readonly>true</readonly>
         <executable>true</executable>
         <run_address>0x6de4</run_address>
         <size>0x44</size>
         <alignment>0x4</alignment>
         <input_file_ref idref="fl-26"/>
      </object_component>
      <object_component id="oc-2d4">
         <name>.text.dmp_set_shake_reject_thresh</name>
         <load_address>0x6e28</load_address>
         <readonly>true</readonly>
         <executable>true</executable>
         <run_address>0x6e28</run_address>
         <size>0x44</size>
         <alignment>0x2</alignment>
         <input_file_ref idref="fl-a"/>
      </object_component>
      <object_component id="oc-2d1">
         <name>.text.dmp_set_tap_count</name>
         <load_address>0x6e6c</load_address>
         <readonly>true</readonly>
         <executable>true</executable>
         <run_address>0x6e6c</run_address>
         <size>0x44</size>
         <alignment>0x2</alignment>
         <input_file_ref idref="fl-a"/>
      </object_component>
      <object_component id="oc-1db">
         <name>.text.SYSCFG_DL_TIMER_1_init</name>
         <load_address>0x6eb0</load_address>
         <readonly>true</readonly>
         <executable>true</executable>
         <run_address>0x6eb0</run_address>
         <size>0x40</size>
         <alignment>0x4</alignment>
         <input_file_ref idref="fl-2"/>
      </object_component>
      <object_component id="oc-20c">
         <name>.text.__aeabi_uidivmod</name>
         <load_address>0x6ef0</load_address>
         <readonly>true</readonly>
         <executable>true</executable>
         <run_address>0x6ef0</run_address>
         <size>0x40</size>
         <alignment>0x4</alignment>
         <input_file_ref idref="fl-11f"/>
      </object_component>
      <object_component id="oc-da">
         <name>.text.__extendsfdf2</name>
         <load_address>0x6f30</load_address>
         <readonly>true</readonly>
         <executable>true</executable>
         <run_address>0x6f30</run_address>
         <size>0x40</size>
         <alignment>0x4</alignment>
         <input_file_ref idref="fl-110"/>
      </object_component>
      <object_component id="oc-313">
         <name>.text.atoi</name>
         <load_address>0x6f70</load_address>
         <readonly>true</readonly>
         <executable>true</executable>
         <run_address>0x6f70</run_address>
         <size>0x40</size>
         <alignment>0x4</alignment>
         <input_file_ref idref="fl-4b"/>
      </object_component>
      <object_component id="oc-1f5">
         <name>.text.inv_orientation_matrix_to_scalar</name>
         <load_address>0x6fb0</load_address>
         <readonly>true</readonly>
         <executable>true</executable>
         <run_address>0x6fb0</run_address>
         <size>0x3e</size>
         <alignment>0x2</alignment>
         <input_file_ref idref="fl-f"/>
      </object_component>
      <object_component id="oc-342">
         <name>.text.DL_GPIO_initPeripheralInputFunctionFeatures</name>
         <load_address>0x6ff0</load_address>
         <readonly>true</readonly>
         <executable>true</executable>
         <run_address>0x6ff0</run_address>
         <size>0x3c</size>
         <alignment>0x4</alignment>
         <input_file_ref idref="fl-10"/>
      </object_component>
      <object_component id="oc-356">
         <name>.text.DL_GPIO_initPeripheralInputFunctionFeatures</name>
         <load_address>0x702c</load_address>
         <readonly>true</readonly>
         <executable>true</executable>
         <run_address>0x702c</run_address>
         <size>0x3c</size>
         <alignment>0x4</alignment>
         <input_file_ref idref="fl-11"/>
      </object_component>
      <object_component id="oc-269">
         <name>.text.DL_GPIO_initPeripheralInputFunctionFeatures</name>
         <load_address>0x7068</load_address>
         <readonly>true</readonly>
         <executable>true</executable>
         <run_address>0x7068</run_address>
         <size>0x3c</size>
         <alignment>0x4</alignment>
         <input_file_ref idref="fl-2"/>
      </object_component>
      <object_component id="oc-2f9">
         <name>.text.DL_I2C_flushControllerTXFIFO</name>
         <load_address>0x70a4</load_address>
         <readonly>true</readonly>
         <executable>true</executable>
         <run_address>0x70a4</run_address>
         <size>0x3c</size>
         <alignment>0x4</alignment>
         <input_file_ref idref="fl-23"/>
      </object_component>
      <object_component id="oc-284">
         <name>.text.DL_Timer_setCounterControl</name>
         <load_address>0x70e0</load_address>
         <readonly>true</readonly>
         <executable>true</executable>
         <run_address>0x70e0</run_address>
         <size>0x3c</size>
         <alignment>0x4</alignment>
         <input_file_ref idref="fl-2"/>
      </object_component>
      <object_component id="oc-2e4">
         <name>.text.OLED_Set_Pos</name>
         <load_address>0x711c</load_address>
         <readonly>true</readonly>
         <executable>true</executable>
         <run_address>0x711c</run_address>
         <size>0x3c</size>
         <alignment>0x2</alignment>
         <input_file_ref idref="fl-11"/>
      </object_component>
      <object_component id="oc-1da">
         <name>.text.SYSCFG_DL_TIMER_0_init</name>
         <load_address>0x7158</load_address>
         <readonly>true</readonly>
         <executable>true</executable>
         <run_address>0x7158</run_address>
         <size>0x3c</size>
         <alignment>0x4</alignment>
         <input_file_ref idref="fl-2"/>
      </object_component>
      <object_component id="oc-ce">
         <name>.text.__floatsisf</name>
         <load_address>0x7194</load_address>
         <readonly>true</readonly>
         <executable>true</executable>
         <run_address>0x7194</run_address>
         <size>0x3c</size>
         <alignment>0x4</alignment>
         <input_file_ref idref="fl-115"/>
      </object_component>
      <object_component id="oc-16d">
         <name>.text:__TI_auto_init_nobinit_nopinit</name>
         <load_address>0x71d0</load_address>
         <readonly>true</readonly>
         <executable>true</executable>
         <run_address>0x71d0</run_address>
         <size>0x3c</size>
         <alignment>0x4</alignment>
         <input_file_ref idref="fl-54"/>
      </object_component>
      <object_component id="oc-18c">
         <name>.text.__muldsi3</name>
         <load_address>0x720c</load_address>
         <readonly>true</readonly>
         <executable>true</executable>
         <run_address>0x720c</run_address>
         <size>0x3a</size>
         <alignment>0x4</alignment>
         <input_file_ref idref="fl-10c"/>
      </object_component>
      <object_component id="oc-102">
         <name>.text.__fixsfsi</name>
         <load_address>0x7248</load_address>
         <readonly>true</readonly>
         <executable>true</executable>
         <run_address>0x7248</run_address>
         <size>0x38</size>
         <alignment>0x4</alignment>
         <input_file_ref idref="fl-112"/>
      </object_component>
      <object_component id="oc-340">
         <name>.text.DL_GPIO_initDigitalInputFeatures</name>
         <load_address>0x7280</load_address>
[...]
         <value>0x6419</value>
         <object_component_ref idref="oc-2df"/>
      </symbol>
      <symbol id="sm-4a0">
         <name>DL_I2C_flushControllerTXFIFO</name>
         <value>0x70a5</value>
         <object_component_ref idref="oc-2f9"/>
      </symbol>
      <symbol id="sm-4c0">
         <name>DL_Timer_setClockConfig</name>
         <value>0x7bf5</value>
         <object_component_ref idref="oc-282"/>
      </symbol>
      <symbol id="sm-4c1">
         <name>DL_Timer_initTimerMode</name>
         <value>0x482d</value>
         <object_component_ref idref="oc-290"/>
      </symbol>
      <symbol id="sm-4c2">
         <name>DL_Timer_setCaptureCompareValue</name>
         <value>0x8299</value>
         <object_component_ref idref="oc-135"/>
      </symbol>
      <symbol id="sm-4c3">
         <name>DL_Timer_initCaptureMode</name>
         <value>0x3ce9</value>
         <object_component_ref idref="oc-28d"/>
      </symbol>
      <symbol id="sm-4c4">
         <name>DL_Timer_setCaptCompUpdateMethod</name>
         <value>0x7bd9</value>
         <object_component_ref idref="oc-286"/>
      </symbol>
      <symbol id="sm-4c5">
         <name>DL_Timer_setCaptureCompareOutCtl</name>
         <value>0x7f19</value>
         <object_component_ref idref="oc-285"/>
      </symbol>
      <symbol id="sm-4c6">
         <name>DL_Timer_initFourCCPWMMode</name>
         <value>0x434d</value>
         <object_component_ref idref="oc-283"/>
      </symbol>
      <symbol id="sm-4d6">
         <name>DL_UART_init</name>
         <value>0x6bf1</value>
         <object_component_ref idref="oc-2ac"/>
      </symbol>
      <symbol id="sm-4d7">
         <name>DL_UART_setClockConfig</name>
         <value>0x8243</value>
         <object_component_ref idref="oc-2a6"/>
      </symbol>
      <symbol id="sm-4d8">
         <name>DL_UART_transmitDataBlocking</name>
         <value>0x7995</value>
         <object_component_ref idref="oc-32c"/>
      </symbol>
      <symbol id="sm-4e6">
         <name>DL_SYSCTL_configSYSPLL</name>
         <value>0x4bb9</value>
         <object_component_ref idref="oc-277"/>
      </symbol>
      <symbol id="sm-4e7">
         <name>DL_SYSCTL_switchMCLKfromSYSOSCtoHSCLK</name>
         <value>0x6de5</value>
         <object_component_ref idref="oc-27f"/>
      </symbol>
      <symbol id="sm-4f8">
         <name>printf</name>
         <value>0x65e9</value>
         <object_component_ref idref="oc-106"/>
      </symbol>
      <symbol id="sm-541">
         <name>__TI_printfi</name>
         <value>0xc1</value>
         <object_component_ref idref="oc-24d"/>
      </symbol>
      <symbol id="sm-55b">
         <name>asin</name>
         <value>0xe49</value>
         <object_component_ref idref="oc-de"/>
      </symbol>
      <symbol id="sm-55c">
         <name>asinl</name>
         <value>0xe49</value>
         <object_component_ref idref="oc-de"/>
      </symbol>
      <symbol id="sm-56a">
         <name>atan2</name>
         <value>0x2d75</value>
         <object_component_ref idref="oc-ec"/>
      </symbol>
      <symbol id="sm-56b">
         <name>atan2l</name>
         <value>0x2d75</value>
         <object_component_ref idref="oc-ec"/>
      </symbol>
      <symbol id="sm-575">
         <name>sqrt</name>
         <value>0x31f5</value>
         <object_component_ref idref="oc-1a1"/>
      </symbol>
      <symbol id="sm-576">
         <name>sqrtl</name>
         <value>0x31f5</value>
         <object_component_ref idref="oc-1a1"/>
      </symbol>
      <symbol id="sm-58d">
         <name>atan</name>
         <value>0x11ad</value>
         <object_component_ref idref="oc-1ac"/>
      </symbol>
      <symbol id="sm-58e">
         <name>atanl</name>
         <value>0x11ad</value>
         <object_component_ref idref="oc-1ac"/>
      </symbol>
      <symbol id="sm-598">
         <name>frexp</name>
         <value>0x6531</value>
         <object_component_ref idref="oc-370"/>
      </symbol>
      <symbol id="sm-599">
         <name>frexpl</name>
         <value>0x6531</value>
         <object_component_ref idref="oc-370"/>
      </symbol>
      <symbol id="sm-5a3">
         <name>scalbn</name>
         <value>0x4d71</value>
         <object_component_ref idref="oc-301"/>
      </symbol>
      <symbol id="sm-5a4">
         <name>ldexp</name>
         <value>0x4d71</value>
         <object_component_ref idref="oc-301"/>
      </symbol>
      <symbol id="sm-5a5">
         <name>scalbnl</name>
         <value>0x4d71</value>
         <object_component_ref idref="oc-301"/>
      </symbol>
      <symbol id="sm-5a6">
         <name>ldexpl</name>
         <value>0x4d71</value>
         <object_component_ref idref="oc-301"/>
      </symbol>
      <symbol id="sm-5af">
         <name>wcslen</name>
         <value>0x82d9</value>
         <object_component_ref idref="oc-317"/>
      </symbol>
      <symbol id="sm-5ba">
         <name>__aeabi_errno_addr</name>
         <value>0x8409</value>
         <object_component_ref idref="oc-192"/>
      </symbol>
      <symbol id="sm-5bb">
         <name>__aeabi_errno</name>
         <value>0x20200524</value>
         <object_component_ref idref="oc-227"/>
      </symbol>
      <symbol id="sm-5c4">
         <name>_nop</name>
         <value>0x568f</value>
         <object_component_ref idref="oc-24e"/>
      </symbol>
      <symbol id="sm-5c5">
         <name>_lock</name>
         <value>0x20200528</value>
         <object_component_ref idref="oc-1c1"/>
      </symbol>
      <symbol id="sm-5c6">
         <name>_unlock</name>
         <value>0x2020052c</value>
         <object_component_ref idref="oc-1c7"/>
      </symbol>
      <symbol id="sm-5cf">
         <name>__TI_ltoa</name>
         <value>0x66f5</value>
         <object_component_ref idref="oc-378"/>
      </symbol>
      <symbol id="sm-5d9">
         <name>atof</name>
         <value>0x83d7</value>
         <object_component_ref idref="oc-1b5"/>
      </symbol>
      <symbol id="sm-5e3">
         <name>atoi</name>
         <value>0x6f71</value>
         <object_component_ref idref="oc-313"/>
      </symbol>
      <symbol id="sm-5e8">
         <name>_ftable</name>
         <value>0x20200384</value>
         <object_component_ref idref="oc-1c3"/>
      </symbol>
      <symbol id="sm-5f1">
         <name>memccpy</name>
         <value>0x7931</value>
         <object_component_ref idref="oc-30c"/>
      </symbol>
      <symbol id="sm-5fa">
         <name>memcmp</name>
         <value>0x79d5</value>
         <object_component_ref idref="oc-346"/>
      </symbol>
      <symbol id="sm-604">
         <name>strlen</name>
         <value>0x8305</value>
         <object_component_ref idref="oc-328"/>
      </symbol>
      <symbol id="sm-619">
         <name>strtod</name>
         <value>0xa91</value>
         <object_component_ref idref="oc-23d"/>
      </symbol>
      <symbol id="sm-61a">
         <name>strtold</name>
         <value>0xa91</value>
         <object_component_ref idref="oc-23d"/>
      </symbol>
      <symbol id="sm-625">
         <name>_c_int00_noargs</name>
         <value>0x7829</value>
         <object_component_ref idref="oc-64"/>
      </symbol>
      <symbol id="sm-626">
         <name>__stack</name>
         <value>0x20207e00</value>
         <object_component_ref idref="oc-1a"/>
      </symbol>
      <symbol id="sm-635">
         <name>__TI_auto_init_nobinit_nopinit</name>
         <value>0x71d1</value>
         <object_component_ref idref="oc-16d"/>
      </symbol>
      <symbol id="sm-63d">
         <name>_system_pre_init</name>
         <value>0x846d</value>
         <object_component_ref idref="oc-b6"/>
      </symbol>
      <symbol id="sm-648">
         <name>__TI_zero_init_nomemset</name>
         <value>0x80a1</value>
         <object_component_ref idref="oc-5b"/>
      </symbol>
      <symbol id="sm-651">
         <name>__TI_decompress_none</name>
         <value>0x8267</value>
         <object_component_ref idref="oc-20"/>
      </symbol>
      <symbol id="sm-65c">
         <name>__TI_decompress_lzss</name>
         <value>0x5dd9</value>
         <object_component_ref idref="oc-1c"/>
      </symbol>
      <symbol id="sm-65f">
         <name>__aeabi_ctype_table_</name>
         <value>0x9880</value>
         <object_component_ref idref="oc-305"/>
      </symbol>
      <symbol id="sm-660">
         <name>__aeabi_ctype_table_C</name>
         <value>0x9880</value>
         <object_component_ref idref="oc-305"/>
      </symbol>
      <symbol id="sm-66a">
         <name>abort</name>
         <value>0x8447</value>
         <object_component_ref idref="oc-166"/>
      </symbol>
      <symbol id="sm-673">
         <name>HOSTexit</name>
         <value>0x8451</value>
         <object_component_ref idref="oc-213"/>
      </symbol>
      <symbol id="sm-674">
         <name>C$$EXIT</name>
         <value>0x8450</value>
         <object_component_ref idref="oc-213"/>
      </symbol>
      <symbol id="sm-684">
         <name>__aeabi_fadd</name>
         <value>0x4e53</value>
         <object_component_ref idref="oc-9a"/>
      </symbol>
      <symbol id="sm-685">
         <name>__addsf3</name>
         <value>0x4e53</value>
         <object_component_ref idref="oc-9a"/>
      </symbol>
      <symbol id="sm-686">
         <name>__aeabi_fsub</name>
         <value>0x4e49</value>
         <object_component_ref idref="oc-9a"/>
      </symbol>
      <symbol id="sm-687">
         <name>__subsf3</name>
         <value>0x4e49</value>
         <object_component_ref idref="oc-9a"/>
      </symbol>
      <symbol id="sm-68d">
         <name>__aeabi_dadd</name>
         <value>0x2beb</value>
         <object_component_ref idref="oc-197"/>
      </symbol>
      <symbol id="sm-68e">
         <name>__adddf3</name>
         <value>0x2beb</value>
         <object_component_ref idref="oc-197"/>
      </symbol>
      <symbol id="sm-68f">
         <name>__aeabi_dsub</name>
         <value>0x2be1</value>
         <object_component_ref idref="oc-197"/>
      </symbol>
      <symbol id="sm-690">
         <name>__subdf3</name>
         <value>0x2be1</value>
         <object_component_ref idref="oc-197"/>
      </symbol>
      <symbol id="sm-69c">
         <name>__aeabi_dmul</name>
         <value>0x4915</value>
         <object_component_ref idref="oc-e4"/>
      </symbol>
      <symbol id="sm-69d">
         <name>__muldf3</name>
         <value>0x4915</value>
         <object_component_ref idref="oc-e4"/>
      </symbol>
      <symbol id="sm-6a6">
         <name>__muldsi3</name>
         <value>0x720d</value>
         <object_component_ref idref="oc-18c"/>
      </symbol>
      <symbol id="sm-6ac">
         <name>__aeabi_fmul</name>
         <value>0x5ab1</value>
         <object_component_ref idref="oc-d6"/>
      </symbol>
      <symbol id="sm-6ad">
         <name>__mulsf3</name>
         <value>0x5ab1</value>
         <object_component_ref idref="oc-d6"/>
      </symbol>
      <symbol id="sm-6b3">
         <name>__aeabi_fdiv</name>
         <value>0x5d55</value>
         <object_component_ref idref="oc-d2"/>
      </symbol>
      <symbol id="sm-6b4">
         <name>__divsf3</name>
         <value>0x5d55</value>
         <object_component_ref idref="oc-d2"/>
      </symbol>
      <symbol id="sm-6ba">
         <name>__aeabi_ddiv</name>
         <value>0x4139</value>
         <object_component_ref idref="oc-11f"/>
      </symbol>
      <symbol id="sm-6bb">
         <name>__divdf3</name>
         <value>0x4139</value>
         <object_component_ref idref="oc-11f"/>
      </symbol>
      <symbol id="sm-6c4">
         <name>__aeabi_f2d</name>
         <value>0x6f31</value>
         <object_component_ref idref="oc-da"/>
      </symbol>
      <symbol id="sm-6c5">
         <name>__extendsfdf2</name>
         <value>0x6f31</value>
         <object_component_ref idref="oc-da"/>
      </symbol>
      <symbol id="sm-6cb">
         <name>__aeabi_d2iz</name>
         <value>0x6b5d</value>
         <object_component_ref idref="oc-374"/>
      </symbol>
      <symbol id="sm-6cc">
         <name>__fixdfsi</name>
         <value>0x6b5d</value>
         <object_component_ref idref="oc-374"/>
      </symbol>
      <symbol id="sm-6d2">
         <name>__aeabi_f2iz</name>
         <value>0x7249</value>
         <object_component_ref idref="oc-102"/>
      </symbol>
      <symbol id="sm-6d3">
         <name>__fixsfsi</name>
         <value>0x7249</value>
         <object_component_ref idref="oc-102"/>
      </symbol>
      <symbol id="sm-6d9">
         <name>__aeabi_f2uiz</name>
         <value>0x7385</value>
         <object_component_ref idref="oc-155"/>
      </symbol>
      <symbol id="sm-6da">
         <name>__fixunssfsi</name>
         <value>0x7385</value>
         <object_component_ref idref="oc-155"/>
      </symbol>
      <symbol id="sm-6e0">
         <name>__aeabi_i2d</name>
         <value>0x75ed</value>
         <object_component_ref idref="oc-37c"/>
      </symbol>
      <symbol id="sm-6e1">
         <name>__floatsidf</name>
         <value>0x75ed</value>
         <object_component_ref idref="oc-37c"/>
      </symbol>
      <symbol id="sm-6e7">
         <name>__aeabi_i2f</name>
         <value>0x7195</value>
         <object_component_ref idref="oc-ce"/>
      </symbol>
      <symbol id="sm-6e8">
         <name>__floatsisf</name>
         <value>0x7195</value>
         <object_component_ref idref="oc-ce"/>
      </symbol>
      <symbol id="sm-6ee">
         <name>__aeabi_ui2f</name>
         <value>0x7801</value>
         <object_component_ref idref="oc-34a"/>
      </symbol>
      <symbol id="sm-6ef">
         <name>__floatunsisf</name>
         <value>0x7801</value>
         <object_component_ref idref="oc-34a"/>
      </symbol>
      <symbol id="sm-6f5">
         <name>__aeabi_lmul</name>
         <value>0x790d</value>
         <object_component_ref idref="oc-31b"/>
      </symbol>
      <symbol id="sm-6f6">
         <name>__muldi3</name>
         <value>0x790d</value>
         <object_component_ref idref="oc-31b"/>
      </symbol>
      <symbol id="sm-6fd">
         <name>__aeabi_d2f</name>
         <value>0x5ed1</value>
         <object_component_ref idref="oc-e8"/>
      </symbol>
      <symbol id="sm-6fe">
         <name>__truncdfsf2</name>
         <value>0x5ed1</value>
         <object_component_ref idref="oc-e8"/>
      </symbol>
      <symbol id="sm-704">
         <name>__aeabi_dcmpeq</name>
         <value>0x6295</value>
         <object_component_ref idref="oc-19b"/>
      </symbol>
      <symbol id="sm-705">
         <name>__aeabi_dcmplt</name>
         <value>0x62a9</value>
         <object_component_ref idref="oc-19b"/>
      </symbol>
      <symbol id="sm-706">
         <name>__aeabi_dcmple</name>
         <value>0x62bd</value>
         <object_component_ref idref="oc-19b"/>
      </symbol>
      <symbol id="sm-707">
         <name>__aeabi_dcmpge</name>
         <value>0x62d1</value>
         <object_component_ref idref="oc-19b"/>
      </symbol>
      <symbol id="sm-708">
         <name>__aeabi_dcmpgt</name>
         <value>0x62e5</value>
         <object_component_ref idref="oc-19b"/>
      </symbol>
      <symbol id="sm-711">
         <name>__aeabi_idiv</name>
         <value>0x67fd</value>
         <object_component_ref idref="oc-34e"/>
      </symbol>
      <symbol id="sm-712">
         <name>__aeabi_idivmod</name>
         <value>0x67fd</value>
         <object_component_ref idref="oc-34e"/>
      </symbol>
      <symbol id="sm-718">
         <name>__aeabi_memcpy</name>
         <value>0x8411</value>
         <object_component_ref idref="oc-54"/>
      </symbol>
      <symbol id="sm-719">
         <name>__aeabi_memcpy4</name>
         <value>0x8411</value>
         <object_component_ref idref="oc-54"/>
      </symbol>
      <symbol id="sm-71a">
         <name>__aeabi_memcpy8</name>
         <value>0x8411</value>
         <object_component_ref idref="oc-54"/>
      </symbol>
      <symbol id="sm-723">
         <name>__aeabi_memset</name>
         <value>0x82e9</value>
         <object_component_ref idref="oc-30b"/>
      </symbol>
      <symbol id="sm-724">
         <name>__aeabi_memset4</name>
         <value>0x82e9</value>
         <object_component_ref idref="oc-30b"/>
      </symbol>
      <symbol id="sm-725">
         <name>__aeabi_memset8</name>
         <value>0x82e9</value>
         <object_component_ref idref="oc-30b"/>
      </symbol>
      <symbol id="sm-726">
         <name>__aeabi_memclr</name>
         <value>0x8349</value>
         <object_component_ref idref="oc-b1"/>
      </symbol>
      <symbol id="sm-727">
         <name>__aeabi_memclr4</name>
         <value>0x8349</value>
         <object_component_ref idref="oc-b1"/>
      </symbol>
      <symbol id="sm-728">
         <name>__aeabi_memclr8</name>
         <value>0x8349</value>
         <object_component_ref idref="oc-b1"/>
      </symbol>
      <symbol id="sm-72e">
         <name>__aeabi_uidiv</name>
         <value>0x6ef1</value>
         <object_component_ref idref="oc-20c"/>
      </symbol>
      <symbol id="sm-72f">
         <name>__aeabi_uidivmod</name>
         <value>0x6ef1</value>
         <object_component_ref idref="oc-20c"/>
      </symbol>
      <symbol id="sm-735">
         <name>__aeabi_uldivmod</name>
         <value>0x81bd</value>
         <object_component_ref idref="oc-320"/>
      </symbol>
      <symbol id="sm-73b">
         <name>__udivmoddi4</name>
         <value>0x55ed</value>
         <object_component_ref idref="oc-36b"/>
      </symbol>
      <symbol id="sm-741">
         <name>__aeabi_llsl</name>
         <value>0x7a15</value>
         <object_component_ref idref="oc-393"/>
      </symbol>
      <symbol id="sm-742">
         <name>__ashldi3</name>
         <value>0x7a15</value>
         <object_component_ref idref="oc-393"/>
      </symbol>
      <symbol id="sm-750">
         <name>__ledf2</name>
         <value>0x60fd</value>
         <object_component_ref idref="oc-22c"/>
      </symbol>
      <symbol id="sm-751">
         <name>__gedf2</name>
         <value>0x5e55</value>
         <object_component_ref idref="oc-232"/>
      </symbol>
      <symbol id="sm-752">
         <name>__cmpdf2</name>
         <value>0x60fd</value>
         <object_component_ref idref="oc-22c"/>
      </symbol>
      <symbol id="sm-753">
         <name>__eqdf2</name>
         <value>0x60fd</value>
         <object_component_ref idref="oc-22c"/>
      </symbol>
      <symbol id="sm-754">
         <name>__ltdf2</name>
         <value>0x60fd</value>
         <object_component_ref idref="oc-22c"/>
      </symbol>
      <symbol id="sm-755">
         <name>__nedf2</name>
         <value>0x60fd</value>
         <object_component_ref idref="oc-22c"/>
      </symbol>
      <symbol id="sm-756">
         <name>__gtdf2</name>
         <value>0x5e55</value>
         <object_component_ref idref="oc-232"/>
      </symbol>
      <symbol id="sm-763">
         <name>__aeabi_idiv0</name>
         <value>0x2d73</value>
         <object_component_ref idref="oc-2e7"/>
      </symbol>
      <symbol id="sm-764">
         <name>__aeabi_ldiv0</name>
         <value>0x473f</value>
         <object_component_ref idref="oc-392"/>
      </symbol>
      <symbol id="sm-76d">
         <name>TI_memcpy_small</name>
         <value>0x8255</value>
         <object_component_ref idref="oc-13b"/>
      </symbol>
      <symbol id="sm-776">
         <name>TI_memset_small</name>
         <value>0x8321</value>
         <object_component_ref idref="oc-1ce"/>
      </symbol>
      <symbol id="sm-777">
         <name>__TI_static_base__</name>
         <value>0x0</value>
      </symbol>
      <symbol id="sm-77b">
         <name>__mpu_init</name>
         <value>0x0</value>
      </symbol>
      <symbol id="sm-77c">
         <name>_system_post_cinit</name>
         <value>0x0</value>
      </symbol>
   </symbol_table>
   <title>Link successful</title>
</link_info>
