******************************************************************************
            TI ARM Clang Linker PC v4.0.3                      
******************************************************************************
>> Linked Thu Jun 11 21:50:26 2026

OUTPUT FILE NAME:   <empty_LP_MSPM0G3507_nortos_ticlang.out>
ENTRY POINT SYMBOL: "_c_int00_noargs"  address: 00007af1


MEMORY CONFIGURATION

         name            origin    length      used     unused   attr    fill
----------------------  --------  ---------  --------  --------  ----  --------
  FLASH                 00000000   00020000  00009fc8  00016038  R  X
  SRAM                  20200000   00008000  00000782  0000787e  RW X
  BCR_CONFIG            41c00000   000000ff  00000000  000000ff  R   
  BSL_CONFIG            41c00100   00000080  00000000  00000080  R   


SEGMENT ALLOCATION MAP

run origin  load origin   length   init length attrs members
----------  ----------- ---------- ----------- ----- -------
00000000    00000000    00009fc8   00009fc8    r-x
  00000000    00000000    000000c0   000000c0    r-- .intvecs
  000000c0    000000c0    000086c0   000086c0    r-x .text
  00008780    00008780    000017b0   000017b0    r-- .rodata
  00009f30    00009f30    00000098   00000098    r-- .cinit
20200000    20200000    00000584   00000000    rw-
  20200000    20200000    000003a2   00000000    rw- .bss
  202003a4    202003a4    000001e0   00000000    rw- .data
20207e00    20207e00    00000200   00000000    rw-
  20207e00    20207e00    00000200   00000000    rw- .stack


SECTION ALLOCATION MAP

 output                                  attributes/
section   page    origin      length       input sections
--------  ----  ----------  ----------   ----------------
.intvecs   0    00000000    000000c0     
                  00000000    000000c0     startup_mspm0g350x_ticlang.o (.intvecs)

.text      0    000000c0    000086c0     
                  000000c0    000009d0     libc.a : _printfi.c.obj (.text:__TI_printfi)
                  00000a90    000003b8            : strtod.c.obj (.text.strtod)
                  00000e48    00000384     empty.o (.text.main)
                  000011cc    00000364     libc.a : e_asin.c.obj (.text.asin)
                  00001530    000002f8            : s_atan.c.obj (.text.atan)
                  00001828    00000278     inv_mpu_dmp_motion_driver.o (.text.dmp_enable_feature)
                  00001aa0    00000244     ti_msp_dl_config.o (.text.SYSCFG_DL_GPIO_init)
                  00001ce4    00000238     inv_mpu_dmp_motion_driver.o (.text.dmp_set_tap_thresh)
                  00001f1c    0000022c     mpu6050.o (.text.Read_Quad)
                  00002148    0000022c     inv_mpu.o (.text.mpu_reset_fifo)
                  00002374    00000220     libc.a : _printfi.c.obj (.text._pconv_a)
                  00002594    000001f4     inv_mpu_dmp_motion_driver.o (.text.dmp_read_fifo)
                  00002788    000001e0     empty.o (.text.TIMG0_IRQHandler)
                  00002968    000001dc     libc.a : _printfi.c.obj (.text._pconv_g)
                  00002b44    000001a0     inv_mpu.o (.text.mpu_set_bypass)
                  00002ce4    00000198     encoder.o (.text.GROUP1_IRQHandler)
                  00002e7c    00000192     libclang_rt.builtins.a : adddf3.S.obj (.text.adddf3_subdf3)
                  0000300e    00000002                            : aeabi_div0.c.obj (.text.__aeabi_idiv0)
                  00003010    00000188     libc.a : e_atan2.c.obj (.text.atan2)
                  00003198    00000180     uart_callback.o (.text.bt_control)
                  00003318    00000178     inv_mpu_dmp_motion_driver.o (.text.dmp_set_orientation)
                  00003490    00000170     libc.a : e_sqrt.c.obj (.text.sqrt)
                  00003600    00000144     mpu6050.o (.text.MPU6050_Init)
                  00003744    0000013c     libc.a : _printfi.c.obj (.text.fcvt)
                  00003880    00000134     control.o (.text.Get_Velocity_From_Encoder)
                  000039b4    00000134     mspm0_i2c.o (.text.mspm0_i2c_read)
                  00003ae8    00000130     inv_mpu.o (.text.mpu_set_sensors)
                  00003c18    00000128     inv_mpu.o (.text.mpu_init)
                  00003d40    00000124     inv_mpu.o (.text.mpu_load_firmware)
                  00003e64    00000120     libc.a : _printfi.c.obj (.text._pconv_e)
                  00003f84    0000011c     driverlib.a : dl_timer.o (.text.DL_Timer_initCaptureMode)
                  000040a0    00000118     oled_hardware_i2c.o (.text.OLED_ShowChar)
                  000041b8    00000110     oled_hardware_i2c.o (.text.OLED_Init)
                  000042c8    0000010c     motor.o (.text.Set_PWM)
                  000043d4    0000010c     libclang_rt.builtins.a : divdf3.S.obj (.text.__divdf3)
                  000044e0    00000108     inv_mpu.o (.text.mpu_read_fifo_stream)
                  000045e8    00000104     driverlib.a : dl_timer.o (.text.DL_Timer_initFourCCPWMMode)
                  000046ec    00000100     inv_mpu.o (.text.mpu_lp_accel_mode)
                  000047ec    000000f8     show.o (.text.APP_Show)
                  000048e4    000000f6     oled_hardware_i2c.o (.text.OLED_ShowNum)
                  000049da    00000002     libclang_rt.builtins.a : aeabi_div0.c.obj (.text.__aeabi_ldiv0)
                  000049dc    000000ec     inv_mpu.o (.text.mpu_set_sample_rate)
                  00004ac8    000000e8     driverlib.a : dl_timer.o (.text.DL_Timer_initTimerMode)
                  00004bb0    000000e4     libclang_rt.builtins.a : muldf3.S.obj (.text.__muldf3)
                  00004c94    000000e4     inv_mpu.o (.text.mpu_set_accel_fsr)
                  00004d78    000000dc     uart_callback.o (.text.BTBufferHandler)
                  00004e54    000000dc     driverlib.a : dl_sysctl_mspm0g1x0x_g3x0x.o (.text.DL_SYSCTL_configSYSPLL)
                  00004f30    000000d8     libc.a : s_scalbn.c.obj (.text.scalbn)
                  00005008    000000d8     libclang_rt.builtins.a : addsf3.S.obj (.text)
                  000050e0    000000d4     ti_msp_dl_config.o (.text.SYSCFG_DL_initPower)
                  000051b4    000000d4     inv_mpu.o (.text.set_int_enable)
                  00005288    000000d0     inv_mpu.o (.text.mpu_set_lpf)
                  00005358    000000c4     inv_mpu.o (.text.mpu_set_gyro_fsr)
                  0000541c    000000c4     mspm0_i2c.o (.text.mspm0_i2c_write)
                  000054e0    000000bc     inv_mpu.o (.text.mpu_configure_fifo)
                  0000559c    000000b8     inv_mpu.o (.text.mpu_set_dmp_state)
                  00005654    000000ac     inv_mpu.o (.text.mpu_read_mem)
                  00005700    000000ac     inv_mpu.o (.text.mpu_write_mem)
                  000057ac    000000a2     libclang_rt.builtins.a : udivmoddi4.S.obj (.text)
                  0000584e    00000002     libc.a : _lock.c.obj (.text._nop)
                  00005850    000000a0     HX_X17.o (.text.sensortrack)
                  000058f0    0000009c     inv_mpu.o (.text.mpu_set_int_latched)
                  0000598c    00000098     oled_hardware_i2c.o (.text.OLED_WR_Byte)
                  00005a24    00000098     inv_mpu_dmp_motion_driver.o (.text.dmp_set_fifo_rate)
                  00005abc    00000096     mpu6050.o (.text.inv_row_2_scale)
                  00005b52    00000002     --HOLE-- [fill = 0]
                  00005b54    00000090     board.o (.text.delay_us)
                  00005be4    0000008c     ti_msp_dl_config.o (.text.SYSCFG_DL_PWM_0_init)
                  00005c70    0000008c     libclang_rt.builtins.a : mulsf3.S.obj (.text.__mulsf3)
                  00005cfc    0000008c     inv_mpu_dmp_motion_driver.o (.text.decode_gesture)
                  00005d88    00000084     control.o (.text.Incremental_PI_Left)
                  00005e0c    00000084     control.o (.text.Incremental_PI_Right)
                  00005e90    00000084     ti_msp_dl_config.o (.text.__NVIC_SetPriority)
                  00005f14    00000082     libclang_rt.builtins.a : divsf3.S.obj (.text.__divsf3)
                  00005f96    00000002     --HOLE-- [fill = 0]
                  00005f98    0000007c     libc.a : copy_decompress_lzss.c.obj (.text:decompress:lzss)
                  00006014    00000074     libclang_rt.builtins.a : comparedf2.c.obj (.text.__gedf2)
                  00006088    00000008     libc.a : strtod.c.obj (.text.OUTLINED_FUNCTION_0)
                  00006090    00000074     libclang_rt.builtins.a : truncdfsf2.S.obj (.text.__truncdfsf2)
                  00006104    00000074     inv_mpu.o (.text.mpu_get_accel_fsr)
                  00006178    00000070     oled_hardware_i2c.o (.text.OLED_ShowString)
                  000061e8    0000006a     oled_hardware_i2c.o (.text.OLED_Clear)
                  00006252    00000002     --HOLE-- [fill = 0]
                  00006254    00000068     ti_msp_dl_config.o (.text.SYSCFG_DL_PWM_ULTRASONIC_init)
                  000062bc    00000068     libclang_rt.builtins.a : comparedf2.c.obj (.text.__ledf2)
                  00006324    00000066     libc.a : _printfi.c.obj (.text._mcpy)
                  0000638a    00000066     inv_mpu_dmp_motion_driver.o (.text.dmp_set_tap_axes)
                  000063f0    00000064     mspm0_i2c.o (.text.mpu6050_i2c_sda_unlock)
                  00006454    00000062     libclang_rt.builtins.a : aeabi_dcmp.S.obj (.text.__aeabi_dcmp)
                  000064b6    00000002     --HOLE-- [fill = 0]
                  000064b8    00000060     inv_mpu_dmp_motion_driver.o (.text.dmp_enable_gyro_cal)
                  00006518    00000060     inv_mpu.o (.text.mpu_get_gyro_fsr)
                  00006578    00000060     oled_hardware_i2c.o (.text.oled_i2c_sda_unlock)
                  000065d8    0000005e     driverlib.a : dl_i2c.o (.text.DL_I2C_fillControllerTXFIFO)
                  00006636    00000002     --HOLE-- [fill = 0]
                  00006638    0000005c     ti_msp_dl_config.o (.text.SYSCFG_DL_UART_0_init)
                  00006694    0000005c     ti_msp_dl_config.o (.text.SYSCFG_DL_init)
                  000066f0    0000005c     libc.a : s_frexp.c.obj (.text.frexp)
                  0000674c    0000005c     mspm0_i2c.o (.text.mspm0_i2c_enable)
                  000067a8    0000005c     libc.a : printf.c.obj (.text.printf)
                  00006804    00000058     ti_msp_dl_config.o (.text.SYSCFG_DL_I2C_MPU6050_init)
                  0000685c    00000058     ti_msp_dl_config.o (.text.SYSCFG_DL_OLED_init)
                  000068b4    00000058     libc.a : _ltoa.c.obj (.text.__TI_ltoa)
                  0000690c    00000058            : _printfi.c.obj (.text._pconv_f)
                  00006964    00000058     oled_hardware_i2c.o (.text.mspm0_i2c_enable)
                  000069bc    00000056     libclang_rt.builtins.a : aeabi_idivmod.S.obj (.text.__aeabi_idivmod)
                  00006a12    00000052     libc.a : _printfi.c.obj (.text._ecpy)
                  00006a64    00000050     mspm0_i2c.o (.text.DL_I2C_startControllerTransfer)
                  00006ab4    00000050     oled_hardware_i2c.o (.text.DL_I2C_startControllerTransfer)
                  00006b04    00000050     board.o (.text.fputs)
                  00006b54    0000004c     driverlib.a : dl_dma.o (.text.DL_DMA_initChannel)
                  00006ba0    0000004c     ti_msp_dl_config.o (.text.DL_UART_setBaudRateDivisor)
                  00006bec    0000004c     key.o (.text.Key2_GetNum)
                  00006c38    0000004c     key.o (.text.Key4_GetNum)
                  00006c84    0000004c     HX_X17.o (.text.LineTrackingError)
                  00006cd0    0000004c     ti_msp_dl_config.o (.text.SYSCFG_DL_SYSCTL_init)
                  00006d1c    0000004c     ti_msp_dl_config.o (.text.SYSCFG_DL_UART_BT_init)
                  00006d68    0000004a     libclang_rt.builtins.a : fixdfsi.S.obj (.text.__fixdfsi)
                  00006db2    00000002     --HOLE-- [fill = 0]
                  00006db4    00000048     uart_callback.o (.text.BT_DAMConfig)
                  00006dfc    00000048     driverlib.a : dl_uart.o (.text.DL_UART_init)
                  00006e44    00000048     key.o (.text.Key3_GetNum)
                  00006e8c    00000048     uart_callback.o (.text.UART2_IRQHandler)
                  00006ed4    00000048     inv_mpu_dmp_motion_driver.o (.text.dmp_enable_6x_lp_quat)
                  00006f1c    00000048     inv_mpu_dmp_motion_driver.o (.text.dmp_enable_lp_quat)
                  00006f64    00000048     mspm0_i2c.o (.text.mspm0_i2c_disable)
                  00006fac    00000048     oled_hardware_i2c.o (.text.mspm0_i2c_disable)
                  00006ff4    00000044     HX_X17.o (.text.CheckIsAllWhite)
                  00007038    00000044     driverlib.a : dl_sysctl_mspm0g1x0x_g3x0x.o (.text.DL_SYSCTL_switchMCLKfromSYSOSCtoHSCLK)
                  0000707c    00000044     inv_mpu_dmp_motion_driver.o (.text.dmp_set_shake_reject_thresh)
                  000070c0    00000044     inv_mpu_dmp_motion_driver.o (.text.dmp_set_tap_count)
                  00007104    00000040     ti_msp_dl_config.o (.text.SYSCFG_DL_TIMER_1_init)
                  00007144    00000040     libclang_rt.builtins.a : aeabi_uidivmod.S.obj (.text.__aeabi_uidivmod)
                  00007184    00000040                            : extendsfdf2.S.obj (.text.__extendsfdf2)
                  000071c4    00000040     libc.a : atoi.c.obj (.text.atoi)
                  00007204    0000003e     mpu6050.o (.text.inv_orientation_matrix_to_scalar)
                  00007242    00000002     --HOLE-- [fill = 0]
                  00007244    0000003c     mspm0_i2c.o (.text.DL_GPIO_initPeripheralInputFunctionFeatures)
                  00007280    0000003c     oled_hardware_i2c.o (.text.DL_GPIO_initPeripheralInputFunctionFeatures)
                  000072bc    0000003c     ti_msp_dl_config.o (.text.DL_GPIO_initPeripheralInputFunctionFeatures)
                  000072f8    0000003c     driverlib.a : dl_i2c.o (.text.DL_I2C_flushControllerTXFIFO)
                  00007334    0000003c     ti_msp_dl_config.o (.text.DL_Timer_setCounterControl)
                  00007370    0000003c     oled_hardware_i2c.o (.text.OLED_Set_Pos)
                  000073ac    0000003c     ti_msp_dl_config.o (.text.SYSCFG_DL_TIMER_0_init)
                  000073e8    0000003c     HX_X17.o (.text.TrackQua)
                  00007424    0000003c     libclang_rt.builtins.a : floatsisf.S.obj (.text.__floatsisf)
                  00007460    0000003c     libc.a : autoinit.c.obj (.text:__TI_auto_init_nobinit_nopinit)
                  0000749c    0000003a     libclang_rt.builtins.a : muldsi3.S.obj (.text.__muldsi3)
                  000074d6    00000002     --HOLE-- [fill = 0]
                  000074d8    00000038                            : fixsfsi.S.obj (.text.__fixsfsi)
                  00007510    00000038     libc.a : sprintf.c.obj (.text.sprintf)
                  00007548    00000034     mspm0_i2c.o (.text.DL_GPIO_initDigitalInputFeatures)
                  0000757c    00000034     oled_hardware_i2c.o (.text.DL_GPIO_initDigitalInputFeatures)
                  000075b0    00000034     ti_msp_dl_config.o (.text.DL_GPIO_initDigitalInputFeatures)
                  000075e4    00000034     motor.o (.text.limit_PWM)
                  00007618    00000034     inv_mpu.o (.text.mpu_get_sample_rate)
                  0000764c    00000032     libclang_rt.builtins.a : fixunssfsi.S.obj (.text.__fixunssfsi)
                  0000767e    00000032     inv_mpu_dmp_motion_driver.o (.text.dmp_set_shake_reject_time)
                  000076b0    00000032     inv_mpu_dmp_motion_driver.o (.text.dmp_set_shake_reject_timeout)
                  000076e2    00000002     --HOLE-- [fill = 0]
                  000076e4    00000030     uart_callback.o (.text.DL_DMA_setTransferSize)
                  00007714    00000030     libc.a : _printfi.c.obj (.text._fcpy)
                  00007744    00000030     board.o (.text.delay_ms)
                  00007774    00000030     inv_mpu_dmp_motion_driver.o (.text.dmp_set_tap_time)
                  000077a4    00000030     inv_mpu_dmp_motion_driver.o (.text.dmp_set_tap_time_multi)
                  000077d4    00000030     oled_hardware_i2c.o (.text.oled_pow)
                  00007804    0000002c     ti_msp_dl_config.o (.text.SYSCFG_DL_CAPTURE_ULTRASONIC_init)
                  00007830    0000002c     empty.o (.text.__NVIC_ClearPendingIRQ)
                  0000785c    0000002c     empty.o (.text.__NVIC_EnableIRQ)
                  00007888    0000002c     interrupt.o (.text.__NVIC_EnableIRQ)
                  000078b4    0000002c     libclang_rt.builtins.a : floatsidf.S.obj (.text.__floatsidf)
                  000078e0    0000002c     board.o (.text.fputc)
                  0000790c    0000002c     board.o (.text.mspm0_get_clock_ms)
                  00007938    00000028     mspm0_i2c.o (.text.DL_Common_updateReg)
                  00007960    00000028     oled_hardware_i2c.o (.text.DL_Common_updateReg)
                  00007988    00000028     ti_msp_dl_config.o (.text.DL_Common_updateReg)
                  000079b0    00000028     uart_callback.o (.text.DL_DMA_setDestAddr)
                  000079d8    00000028     uart_callback.o (.text.DL_DMA_setSrcAddr)
                  00007a00    00000028     ti_msp_dl_config.o (.text.DL_I2C_setControllerRXFIFOThreshold)
                  00007a28    00000028     ti_msp_dl_config.o (.text.DL_I2C_setControllerTXFIFOThreshold)
                  00007a50    00000028     ti_msp_dl_config.o (.text.DL_SYSTICK_init)
                  00007a78    00000028     ti_msp_dl_config.o (.text.DL_UART_setRXFIFOThreshold)
                  00007aa0    00000028     ti_msp_dl_config.o (.text.DL_UART_setTXFIFOThreshold)
                  00007ac8    00000028     libclang_rt.builtins.a : floatunsisf.S.obj (.text.__floatunsisf)
                  00007af0    00000028     libc.a : boot_cortex_m.c.obj (.text:_c_int00_noargs)
                  00007b18    00000026     uart_callback.o (.text.DL_DMA_disableChannel)
                  00007b3e    00000026     uart_callback.o (.text.DL_DMA_enableChannel)
                  00007b64    00000026     ti_msp_dl_config.o (.text.DL_I2C_setAnalogGlitchFilterPulseWidth)
                  00007b8a    00000026     driverlib.a : dl_i2c.o (.text.DL_I2C_setClockConfig)
                  00007bb0    00000024     uart_callback.o (.text.DL_DMA_getTransferSize)
                  00007bd4    00000024     libclang_rt.builtins.a : muldi3.S.obj (.text.__muldi3)
                  00007bf8    00000022     libc.a : memccpy.c.obj (.text.memccpy)
                  00007c1a    00000002     --HOLE-- [fill = 0]
                  00007c1c    00000020     ti_msp_dl_config.o (.text.DL_GPIO_initPeripheralInputFunction)
                  00007c3c    00000020     ti_msp_dl_config.o (.text.DL_SYSCTL_setFlashWaitState)
                  00007c5c    00000020     driverlib.a : dl_uart.o (.text.DL_UART_transmitDataBlocking)
                  00007c7c    00000020     empty.o (.text.TIMG8_IRQHandler)
                  00007c9c    00000020     libc.a : memcmp.c.obj (.text.memcmp)
                  00007cbc    00000020     control.o (.text.myabs)
                  00007cdc    0000001e     ti_msp_dl_config.o (.text.DL_UART_setOversampling)
                  00007cfa    00000002     --HOLE-- [fill = 0]
                  00007cfc    0000001e     libclang_rt.builtins.a : ashldi3.S.obj (.text.__ashldi3)
                  00007d1a    00000002     --HOLE-- [fill = 0]
                  00007d1c    0000001c     encoder.o (.text.DL_GPIO_clearInterruptStatus)
                  00007d38    0000001c     ti_msp_dl_config.o (.text.DL_GPIO_clearInterruptStatus)
                  00007d54    0000001c     mspm0_i2c.o (.text.DL_GPIO_enableHiZ)
                  00007d70    0000001c     oled_hardware_i2c.o (.text.DL_GPIO_enableHiZ)
                  00007d8c    0000001c     ti_msp_dl_config.o (.text.DL_GPIO_enableHiZ)
                  00007da8    0000001c     ti_msp_dl_config.o (.text.DL_GPIO_enableInterrupt)
                  00007dc4    0000001c     ti_msp_dl_config.o (.text.DL_GPIO_initPeripheralOutputFunction)
                  00007de0    0000001c     ti_msp_dl_config.o (.text.DL_GPIO_setLowerPinsPolarity)
                  00007dfc    0000001c     mpu6050.o (.text.DL_I2C_getSDAStatus)
                  00007e18    0000001c     oled_hardware_i2c.o (.text.DL_I2C_getSDAStatus)
                  00007e34    0000001c     mspm0_i2c.o (.text.DL_I2C_isControllerRXFIFOEmpty)
                  00007e50    0000001c     encoder.o (.text.DL_Interrupt_getPendingGroup)
                  00007e6c    0000001c     ti_msp_dl_config.o (.text.DL_SYSCTL_setSYSOSCFreq)
                  00007e88    0000001c     ti_msp_dl_config.o (.text.DL_SYSCTL_setULPCLKDivider)
                  00007ea4    0000001c     ti_msp_dl_config.o (.text.DL_Timer_enableInterrupt)
                  00007ec0    0000001c     driverlib.a : dl_timer.o (.text.DL_Timer_setCaptCompUpdateMethod)
                  00007edc    0000001c                 : dl_timer.o (.text.DL_Timer_setClockConfig)
                  00007ef8    0000001c     interrupt.o (.text.Interrupt_Init)
                  00007f14    0000001c     inv_mpu_dmp_motion_driver.o (.text.dmp_load_motion_driver_firmware)
                  00007f30    00000018     mspm0_i2c.o (.text.DL_GPIO_enableOutput)
                  00007f48    00000018     oled_hardware_i2c.o (.text.DL_GPIO_enableOutput)
                  00007f60    00000018     ti_msp_dl_config.o (.text.DL_GPIO_enableOutput)
                  00007f78    00000018     ti_msp_dl_config.o (.text.DL_GPIO_enablePower)
                  00007f90    00000018     encoder.o (.text.DL_GPIO_getEnabledInterruptStatus)
                  00007fa8    00000018     mspm0_i2c.o (.text.DL_GPIO_initDigitalOutput)
                  00007fc0    00000018     oled_hardware_i2c.o (.text.DL_GPIO_initDigitalOutput)
                  00007fd8    00000018     ti_msp_dl_config.o (.text.DL_GPIO_initDigitalOutput)
                  00007ff0    00000018     ti_msp_dl_config.o (.text.DL_GPIO_reset)
                  00008008    00000018     motor.o (.text.DL_GPIO_setPins)
                  00008020    00000018     mspm0_i2c.o (.text.DL_GPIO_setPins)
                  00008038    00000018     oled_hardware_i2c.o (.text.DL_GPIO_setPins)
                  00008050    00000018     ti_msp_dl_config.o (.text.DL_GPIO_setUpperPinsPolarity)
                  00008068    00000018     mspm0_i2c.o (.text.DL_I2C_clearInterruptStatus)
                  00008080    00000018     oled_hardware_i2c.o (.text.DL_I2C_clearInterruptStatus)
                  00008098    00000018     ti_msp_dl_config.o (.text.DL_I2C_enableAnalogGlitchFilter)
                  000080b0    00000018     ti_msp_dl_config.o (.text.DL_I2C_enableController)
                  000080c8    00000018     ti_msp_dl_config.o (.text.DL_I2C_enableControllerClockStretching)
                  000080e0    00000018     mspm0_i2c.o (.text.DL_I2C_enablePower)
                  000080f8    00000018     oled_hardware_i2c.o (.text.DL_I2C_enablePower)
                  00008110    00000018     ti_msp_dl_config.o (.text.DL_I2C_enablePower)
                  00008128    00000018     mspm0_i2c.o (.text.DL_I2C_getRawInterruptStatus)
                  00008140    00000018     oled_hardware_i2c.o (.text.DL_I2C_getRawInterruptStatus)
                  00008158    00000018     mspm0_i2c.o (.text.DL_I2C_reset)
                  00008170    00000018     oled_hardware_i2c.o (.text.DL_I2C_reset)
                  00008188    00000018     ti_msp_dl_config.o (.text.DL_I2C_reset)
                  000081a0    00000018     ti_msp_dl_config.o (.text.DL_I2C_setTimerPeriod)
                  000081b8    00000018     ti_msp_dl_config.o (.text.DL_SYSCTL_setBORThreshold)
                  000081d0    00000018     ti_msp_dl_config.o (.text.DL_Timer_enablePower)
                  000081e8    00000018     ti_msp_dl_config.o (.text.DL_Timer_reset)
                  00008200    00000018     driverlib.a : dl_timer.o (.text.DL_Timer_setCaptureCompareOutCtl)
                  00008218    00000018     empty.o (.text.DL_Timer_startCounter)
                  00008230    00000018     empty.o (.text.DL_Timer_stopCounter)
                  00008248    00000018     ti_msp_dl_config.o (.text.DL_UART_enableDMAReceiveEvent)
                  00008260    00000018     ti_msp_dl_config.o (.text.DL_UART_enableFIFOs)
                  00008278    00000018     ti_msp_dl_config.o (.text.DL_UART_enablePower)
                  00008290    00000018     board.o (.text.DL_UART_isBusy)
                  000082a8    00000018     ti_msp_dl_config.o (.text.DL_UART_reset)
                  000082c0    00000018     ti_msp_dl_config.o (.text.SYSCFG_DL_DMA_CH0_init)
                  000082d8    00000018     libc.a : sprintf.c.obj (.text._outs)
                  000082f0    00000016     HX_X17.o (.text.DL_GPIO_readPins)
                  00008306    00000016     encoder.o (.text.DL_GPIO_readPins)
                  0000831c    00000016     key.o (.text.DL_GPIO_readPins)
                  00008332    00000016     mspm0_i2c.o (.text.DL_GPIO_readPins)
                  00008348    00000016     oled_hardware_i2c.o (.text.DL_GPIO_readPins)
                  0000835e    00000016     mspm0_i2c.o (.text.DL_I2C_transmitControllerData)
                  00008374    00000016     ti_msp_dl_config.o (.text.DL_UART_enable)
                  0000838a    00000016     ti_msp_dl_config.o (.text.DL_UART_enableLoopbackMode)
                  000083a0    00000016     libc.a : copy_zero_init.c.obj (.text:decompress:ZI:__TI_zero_init_nomemset)
                  000083b6    00000014     motor.o (.text.DL_GPIO_clearPins)
                  000083ca    00000014     mspm0_i2c.o (.text.DL_GPIO_clearPins)
                  000083de    00000014     oled_hardware_i2c.o (.text.DL_GPIO_clearPins)
                  000083f2    00000014     ti_msp_dl_config.o (.text.DL_GPIO_clearPins)
                  00008406    00000002     --HOLE-- [fill = 0]
                  00008408    00000014     mspm0_i2c.o (.text.DL_I2C_getControllerStatus)
                  0000841c    00000014     oled_hardware_i2c.o (.text.DL_I2C_getControllerStatus)
                  00008430    00000014     mspm0_i2c.o (.text.DL_I2C_receiveControllerData)
                  00008444    00000014     ti_msp_dl_config.o (.text.DL_I2C_resetControllerTransfer)
                  00008458    00000014     ti_msp_dl_config.o (.text.DL_SYSCTL_disableSYSPLL)
                  0000846c    00000014     ti_msp_dl_config.o (.text.DL_SYSCTL_enableMFCLK)
                  00008480    00000014     ti_msp_dl_config.o (.text.DL_Timer_enableClock)
                  00008494    00000014     ti_msp_dl_config.o (.text.DL_Timer_setCCPDirection)
                  000084a8    00000014     uart_callback.o (.text.DL_UART_receiveData)
                  000084bc    00000014     libclang_rt.builtins.a : aeabi_uldivmod.S.obj (.text.__aeabi_uldivmod)
                  000084d0    00000014     inv_mpu_dmp_motion_driver.o (.text.dmp_register_android_orient_cb)
                  000084e4    00000014     inv_mpu_dmp_motion_driver.o (.text.dmp_register_tap_cb)
                  000084f8    00000014     libc.a : _printfi.c.obj (.text.strchr)
                  0000850c    00000012     encoder.o (.text.DL_GPIO_getPendingInterrupt)
                  0000851e    00000012     empty.o (.text.DL_Timer_getPendingInterrupt)
                  00008530    00000012     uart_callback.o (.text.DL_UART_getPendingInterrupt)
                  00008542    00000012     driverlib.a : dl_uart.o (.text.DL_UART_setClockConfig)
                  00008554    00000012     libc.a : memcpy16.S.obj (.text:TI_memcpy_small)
                  00008566    00000012            : copy_decompress_none.c.obj (.text:decompress:none)
                  00008578    00000010     ti_msp_dl_config.o (.text.DL_SYSCTL_disableHFXT)
                  00008588    00000010     ti_msp_dl_config.o (.text.DL_SYSTICK_enable)
                  00008598    00000010     driverlib.a : dl_timer.o (.text.DL_Timer_setCaptureCompareValue)
                  000085a8    00000010     ti_msp_dl_config.o (.text.SYSCFG_DL_SYSTICK_init)
                  000085b8    00000010     interrupt.o (.text.SysTick_Handler)
                  000085c8    00000010     board.o (.text.mspm0_delay_ms)
                  000085d8    00000010     libc.a : wcslen.c.obj (.text.wcslen)
                  000085e8    0000000e     libclang_rt.builtins.a : aeabi_memset.S.obj (.text.__aeabi_memset)
                  000085f6    0000000e     libc.a : _printfi.c.obj (.text.strlen)
                  00008604    0000000e            : strlen.c.obj (.text.strlen)
                  00008612    0000000e     mpu6050.o (.text.tap_cb)
                  00008620    0000000e     libc.a : memset16.S.obj (.text:TI_memset_small)
                  0000862e    0000000c     motor.o (.text.Stop_Car)
                  0000863a    00000002     --HOLE-- [fill = 0]
                  0000863c    0000000c     board.o (.text.Systick_getTick)
                  00008648    0000000c     libclang_rt.builtins.a : aeabi_memset.S.obj (.text.__aeabi_memclr)
                  00008654    0000000a     driverlib.a : dl_common.o (.text.DL_Common_delayCycles)
                  0000865e    0000000a     libc.a : _printfi.c.obj (.text.OUTLINED_FUNCTION_0)
                  00008668    00000010     libclang_rt.builtins.a : adddf3.S.obj (.tramp.__aeabi_dsub.1)
                  00008678    0000000a     libc.a : e_asin.c.obj (.text.OUTLINED_FUNCTION_0)
                  00008682    00000002     --HOLE-- [fill = 0]
                  00008684    00000010     libclang_rt.builtins.a : muldf3.S.obj (.tramp.__aeabi_dmul.1)
                  00008694    0000000a     libc.a : s_atan.c.obj (.text.OUTLINED_FUNCTION_0)
                  0000869e    0000000a            : _printfi.c.obj (.text.OUTLINED_FUNCTION_1)
                  000086a8    0000000a            : e_asin.c.obj (.text.OUTLINED_FUNCTION_1)
                  000086b2    0000000a            : e_asin.c.obj (.text.OUTLINED_FUNCTION_3)
                  000086bc    00000010     libclang_rt.builtins.a : divdf3.S.obj (.tramp.__aeabi_ddiv.1)
                  000086cc    0000000a     libc.a : sprintf.c.obj (.text._outc)
                  000086d6    0000000a     mpu6050.o (.text.android_orient_cb)
                  000086e0    0000000a     libc.a : atof.c.obj (.text.atof)
                  000086ea    00000008            : strtod.c.obj (.text.OUTLINED_FUNCTION_1)
                  000086f2    00000002     --HOLE-- [fill = 0]
                  000086f4    00000010     libclang_rt.builtins.a : aeabi_dcmp.S.obj (.tramp.__aeabi_dcmpeq.1)
                  00008704    00000008     libc.a : s_atan.c.obj (.text.OUTLINED_FUNCTION_2)
                  0000870c    00000008     ti_msp_dl_config.o (.text.SYSCFG_DL_DMA_init)
                  00008714    00000008     libc.a : aeabi_portable.c.obj (.text.__aeabi_errno_addr)
                  0000871c    00000008     libclang_rt.builtins.a : aeabi_memcpy.S.obj (.text.__aeabi_memcpy)
                  00008724    00000008     libc.a : printf.c.obj (.text._outc)
                  0000872c    00000008            : printf.c.obj (.text._outs)
                  00008734    00000006            : s_atan.c.obj (.text.OUTLINED_FUNCTION_1)
                  0000873a    00000002     --HOLE-- [fill = 0]
                  0000873c    00000010     libclang_rt.builtins.a : adddf3.S.obj (.tramp.__aeabi_dadd.1)
                  0000874c    00000006     libc.a : e_asin.c.obj (.text.OUTLINED_FUNCTION_2)
                  00008752    00000006            : exit.c.obj (.text:abort)
                  00008758    00000004     startup_mspm0g350x_ticlang.o (.text.Default_Handler)
                  0000875c    00000004     libsysbm.a : hostexit.c.obj (.text.HOSTexit)
                  00008760    00000004     libc.a : e_asin.c.obj (.text.OUTLINED_FUNCTION_4)
                  00008764    00000004     startup_mspm0g350x_ticlang.o (.text.Reset_Handler)
                  00008768    00000010     libc.a : boot_cortex_m.c.obj (.tramp._c_int00_noargs.1)
                  00008778    00000004            : pre_init.c.obj (.text._system_pre_init)
                  0000877c    00000004     --HOLE-- [fill = 0]

.cinit     0    00009f30    00000098     
                  00009f30    0000006d     (.cinit..data.load) [load image, compression = lzss]
                  00009f9d    00000003     --HOLE-- [fill = 0]
                  00009fa0    0000000c     (__TI_handler_table)
                  00009fac    00000008     (.cinit..bss.load) [load image, compression = zero_init]
                  00009fb4    00000010     (__TI_cinit_table)
                  00009fc4    00000004     --HOLE-- [fill = 0]

.rodata    0    00008780    000017b0     
                  00008780    00000bf6     inv_mpu_dmp_motion_driver.o (.rodata.dmp_memory)
                  00009376    000005f0     oled_hardware_i2c.o (.rodata.asc2_1608)
                  00009966    00000228     oled_hardware_i2c.o (.rodata.asc2_0806)
                  00009b8e    00000002     ti_msp_dl_config.o (.rodata.gI2C_MPU6050ClockConfig)
                  00009b90    00000101     libc.a : aeabi_ctype.S.obj (.rodata:__aeabi_ctype_table_)
                  00009c91    00000007     empty.o (.rodata.str1.16704889451495720520.1)
                  00009c98    00000080     libc.a : strtod.c.obj (.rodata.digits)
                  00009d18    00000048            : strtod.c.obj (.rodata.powerof10)
                  00009d60    00000040            : s_atan.c.obj (.rodata.cst32)
                  00009da0    00000028     ti_msp_dl_config.o (.rodata.gSYSPLLConfig)
                  00009dc8    00000028     inv_mpu.o (.rodata.test)
                  00009df0    00000027     show.o (.rodata.str1.15776983441256719054.1)
                  00009e17    0000001e     inv_mpu.o (.rodata.reg)
                  00009e35    00000003     ti_msp_dl_config.o (.rodata.gCAPTURE_ULTRASONICClockConfig)
                  00009e38    00000018     ti_msp_dl_config.o (.rodata.gDMA_CH0Config)
                  00009e50    00000014     ti_msp_dl_config.o (.rodata.gTIMER_0TimerConfig)
                  00009e64    00000014     ti_msp_dl_config.o (.rodata.gTIMER_1TimerConfig)
                  00009e78    00000011     libc.a : _printfi.c.obj (.rodata.str1.10348868589481759720.1)
                  00009e89    00000011            : _printfi.c.obj (.rodata.str1.15363888844622738466.1)
                  00009e9a    00000002     ti_msp_dl_config.o (.rodata.gOLEDClockConfig)
                  00009e9c    00000010     ti_msp_dl_config.o (.rodata.gCAPTURE_ULTRASONICCaptureConfig)
                  00009eac    00000010     show.o (.rodata.str1.17101955116209303648.1)
                  00009ebc    0000000c     driverlib.a : dl_timer.o (.rodata..Lswitch.table.DL_Timer_initCompareMode)
                  00009ec8    0000000c     inv_mpu.o (.rodata.hw)
                  00009ed4    0000000a     ti_msp_dl_config.o (.rodata.gUART_0Config)
                  00009ede    0000000a     ti_msp_dl_config.o (.rodata.gUART_BTConfig)
                  00009ee8    00000008     ti_msp_dl_config.o (.rodata.gPWM_0Config)
                  00009ef0    00000008     ti_msp_dl_config.o (.rodata.gPWM_ULTRASONICConfig)
                  00009ef8    00000006     empty.o (.rodata.str1.11898133897667081452.1)
                  00009efe    00000005     empty.o (.rodata.str1.14685083708502177989.1)
                  00009f03    00000005     empty.o (.rodata.str1.17669528882079347314.1)
                  00009f08    00000005     empty.o (.rodata.str1.7401042497206923953.1)
                  00009f0d    00000004     empty.o (.rodata.str1.254342170260855183.1)
                  00009f11    00000004     empty.o (.rodata.str1.9517790425240694019.1)
                  00009f15    00000003     ti_msp_dl_config.o (.rodata.gPWM_0ClockConfig)
                  00009f18    00000003     ti_msp_dl_config.o (.rodata.gPWM_ULTRASONICClockConfig)
                  00009f1b    00000003     ti_msp_dl_config.o (.rodata.gTIMER_0ClockConfig)
                  00009f1e    00000003     ti_msp_dl_config.o (.rodata.gTIMER_1ClockConfig)
                  00009f21    00000002     ti_msp_dl_config.o (.rodata.gUART_0ClockConfig)
                  00009f23    00000002     ti_msp_dl_config.o (.rodata.gUART_BTClockConfig)
                  00009f25    0000000b     --HOLE-- [fill = 0]

.init_array 
*          0    00000000    00000000     UNINITIALIZED

.binit     0    00000000    00000000     

.bss       0    20200000    000003a2     UNINITIALIZED
                  20200000    000000c8     (.common:gBTPacket)
                  202000c8    000000bc     (.common:gPWM_ULTRASONICBackup)
                  20200184    000000a0     (.common:gCAPTURE_ULTRASONICBackup)
                  20200224    000000a0     (.common:gPWM_0Backup)
                  202002c4    00000032     uart_callback.o (.bss.bt_control.Receive)
                  202002f6    00000020     (.common:oled_buffer)
                  20200316    00000002     (.common:sensors)
                  20200318    00000014     (.common:MotorA)
                  2020032c    00000014     (.common:MotorB)
                  20200340    00000010     (.common:quat)
                  20200350    00000006     (.common:accel)
                  20200356    00000006     (.common:gyro)
                  2020035c    00000004     control.o (.bss.Incremental_PI_Left.Bias)
                  20200360    00000004     control.o (.bss.Incremental_PI_Left.Last_bias)
                  20200364    00000004     control.o (.bss.Incremental_PI_Left.Pwm)
                  20200368    00000004     control.o (.bss.Incremental_PI_Right.Bias)
                  2020036c    00000004     control.o (.bss.Incremental_PI_Right.Last_bias)
                  20200370    00000004     control.o (.bss.Incremental_PI_Right.Pwm)
                  20200374    00000004     (.common:Get_Encoder_countA)
                  20200378    00000004     (.common:Get_Encoder_countB)
                  2020037c    00000004     (.common:PWMA)
                  20200380    00000004     (.common:PWMB)
                  20200384    00000004     (.common:gpio_interrup1)
                  20200388    00000004     (.common:gpio_interrup2)
                  2020038c    00000004     (.common:pitch)
                  20200390    00000004     (.common:roll)
                  20200394    00000004     (.common:sensor_timestamp)
                  20200398    00000004     (.common:tick_ms)
                  2020039c    00000004     (.common:yaw)
                  202003a0    00000001     (.common:PID_Send)
                  202003a1    00000001     (.common:more)

.data      0    202003a4    000001e0     UNINITIALIZED
                  202003a4    000000f0     libc.a : defs.c.obj (.data._ftable)
                  20200494    0000002c     inv_mpu.o (.data.st)
                  202004c0    0000001c     HX_X17.o (.data.Err_weight)
                  202004dc    00000010     control.o (.data.Get_Velocity_From_Encoder.DeltaA_Buffer)
                  202004ec    00000010     control.o (.data.Get_Velocity_From_Encoder.DeltaB_Buffer)
                  202004fc    00000010     inv_mpu_dmp_motion_driver.o (.data.dmp)
                  2020050c    0000000e     mpu6050.o (.data.hal)
                  2020051a    00000009     mpu6050.o (.data.gyro_orientation)
                  20200523    00000007     HX_X17.o (.data.sensordata)
                  2020052a    00000001     uart_callback.o (.data.BTBufferHandler.handleSize)
                  2020052b    00000001     uart_callback.o (.data.BTBufferHandler.handleflag)
                  2020052c    00000004     empty.o (.data.Delta_GEA)
                  20200530    00000004     empty.o (.data.Delta_GEB)
                  20200534    00000004     control.o (.data.Get_Velocity_From_Encoder.LastEncoder1)
                  20200538    00000004     control.o (.data.Get_Velocity_From_Encoder.LastEncoder2)
                  2020053c    00000004     empty.o (.data.QuaTurn_Tim)
                  20200540    00000004     empty.o (.data.Turn_StartGEA)
                  20200544    00000004     empty.o (.data.Turn_StartGEB)
                  20200548    00000004     control.o (.data.Velocity_KIa)
                  2020054c    00000004     control.o (.data.Velocity_KIb)
                  20200550    00000004     control.o (.data.Velocity_KPa)
                  20200554    00000004     control.o (.data.Velocity_KPb)
                  20200558    00000004     libc.a : aeabi_portable.c.obj (.data.__aeabi_errno)
                  2020055c    00000004            : _lock.c.obj (.data._lock)
                  20200560    00000004            : _lock.c.obj (.data._unlock)
                  20200564    00000004     empty.o (.data.actuall_error)
                  20200568    00000004     uart_callback.o (.data.bt_control.Data)
                  2020056c    00000004     uart_callback.o (.data.bt_control.Usart_Receive)
                  20200570    00000004     empty.o (.data.speedA)
                  20200574    00000004     empty.o (.data.speedB)
                  20200578    00000001     uart_callback.o (.data.BTBufferHandler.lastSize)
                  20200579    00000001     empty.o (.data.Flag_Allwhite)
                  2020057a    00000001     empty.o (.data.Flag_Finishqua)
                  2020057b    00000001     empty.o (.data.Flag_Repeatqua)
                  2020057c    00000001     control.o (.data.Get_Velocity_From_Encoder.filter_index)
                  2020057d    00000001     empty.o (.data.Target_Cycles)
                  2020057e    00000001     uart_callback.o (.data.bt_control.Flag_PID)
                  2020057f    00000001     uart_callback.o (.data.bt_control.i)
                  20200580    00000001     uart_callback.o (.data.bt_control.j)
                  20200581    00000001     empty.o (.data.carmode)
                  20200582    00000001     interrupt.o (.data.enable_group1_irq)
                  20200583    00000001     uart_callback.o (.data.gBTCounts)

.stack     0    20207e00    00000200     UNINITIALIZED
                  20207e00    00000004     libc.a : boot_cortex_m.c.obj (.stack)
                  20207e04    000001fc     --HOLE--

__llvm_prf_cnts 
*          0    20200000    00000000     UNINITIALIZED

__llvm_prf_bits 
*          0    20200000    00000000     UNINITIALIZED

MODULE SUMMARY

       Module                         code    ro data   rw data
       ------                         ----    -------   -------
    .\
       ti_msp_dl_config.o             3368    179       508    
       empty.o                        1566    36        77     
       startup_mspm0g350x_ticlang.o   8       192       0      
    +--+------------------------------+-------+---------+---------+
       Total:                         4942    407       585    
                                                               
    .\Hardware\
       inv_mpu_dmp_motion_driver.o    3110    3062      16     
       inv_mpu.o                      4600    82        44     
       oled_hardware_i2c.o            2050    2072      0      
       mspm0_i2c.o                    1328    0         0      
       uart_callback.o                1026    0         265    
       mpu6050.o                      1144    0         70     
       control.o                      604     0         122    
       encoder.o                      528     0         16     
       HX_X17.o                       386     0         35     
       board.o                        412     0         4      
       motor.o                        376     0         0      
       show.o                         248     55        0      
       key.o                          246     0         0      
       interrupt.o                    88      0         1      
    +--+------------------------------+-------+---------+---------+
       Total:                         16146   5271      573    
                                                               
    C:/ti/mspm0_sdk_2_05_01_00/source/ti/driverlib/lib/ticlang/m0p/mspm0g1x0x_g3x0x/driverlib.a
       dl_timer.o                     872     12        0      
       dl_sysctl_mspm0g1x0x_g3x0x.o   288     0         0      
       dl_i2c.o                       192     0         0      
       dl_uart.o                      122     0         0      
       dl_dma.o                       76      0         0      
       dl_common.o                    10      0         0      
    +--+------------------------------+-------+---------+---------+
       Total:                         1560    12        0      
                                                               
    C:\ti\ccs2020\ccs\tools\compiler\ti-cgt-armllvm_4.0.3.LTS\lib\armv6m-ti-none-eabi/c/libc.a
       _printfi.c.obj                 4510    34        0      
       strtod.c.obj                   968     200       0      
       e_asin.c.obj                   908     0         0      
       s_atan.c.obj                   784     64        0      
       e_atan2.c.obj                  392     0         0      
       e_sqrt.c.obj                   368     0         0      
       aeabi_ctype.S.obj              0       257       0      
       defs.c.obj                     0       0         240    
       s_scalbn.c.obj                 216     0         0      
       copy_decompress_lzss.c.obj     124     0         0      
       printf.c.obj                   108     0         0      
       s_frexp.c.obj                  92      0         0      
       sprintf.c.obj                  90      0         0      
       _ltoa.c.obj                    88      0         0      
       atoi.c.obj                     64      0         0      
       autoinit.c.obj                 60      0         0      
       boot_cortex_m.c.obj            56      0         0      
       memccpy.c.obj                  34      0         0      
       memcmp.c.obj                   32      0         0      
       copy_zero_init.c.obj           22      0         0      
       copy_decompress_none.c.obj     18      0         0      
       memcpy16.S.obj                 18      0         0      
       wcslen.c.obj                   16      0         0      
       memset16.S.obj                 14      0         0      
       strlen.c.obj                   14      0         0      
       aeabi_portable.c.obj           8       0         4      
       _lock.c.obj                    2       0         8      
       atof.c.obj                     10      0         0      
       exit.c.obj                     6       0         0      
       pre_init.c.obj                 4       0         0      
    +--+------------------------------+-------+---------+---------+
       Total:                         9026    555       252    
                                                               
    C:\ti\ccs2020\ccs\tools\compiler\ti-cgt-armllvm_4.0.3.LTS\lib\armv6m-ti-none-eabi/c/libsysbm.a
       hostexit.c.obj                 4       0         0      
    +--+------------------------------+-------+---------+---------+
       Total:                         4       0         0      
                                                               
    C:\ti\ccs2020\ccs\tools\compiler\ti-cgt-armllvm_4.0.3.LTS\lib\armv6m-ti-none-eabi/libclang_rt.builtins.a
       adddf3.S.obj                   434     0         0      
       divdf3.S.obj                   284     0         0      
       muldf3.S.obj                   244     0         0      
       comparedf2.c.obj               220     0         0      
       addsf3.S.obj                   216     0         0      
       udivmoddi4.S.obj               162     0         0      
       mulsf3.S.obj                   140     0         0      
       divsf3.S.obj                   130     0         0      
       truncdfsf2.S.obj               116     0         0      
       aeabi_dcmp.S.obj               114     0         0      
       aeabi_idivmod.S.obj            86      0         0      
       fixdfsi.S.obj                  74      0         0      
       aeabi_uidivmod.S.obj           64      0         0      
       extendsfdf2.S.obj              64      0         0      
       floatsisf.S.obj                60      0         0      
       muldsi3.S.obj                  58      0         0      
       fixsfsi.S.obj                  56      0         0      
       fixunssfsi.S.obj               50      0         0      
       floatsidf.S.obj                44      0         0      
       floatunsisf.S.obj              40      0         0      
       muldi3.S.obj                   36      0         0      
       ashldi3.S.obj                  30      0         0      
       aeabi_memset.S.obj             26      0         0      
       aeabi_uldivmod.S.obj           20      0         0      
       aeabi_memcpy.S.obj             8       0         0      
       aeabi_div0.c.obj               4       0         0      
    +--+------------------------------+-------+---------+---------+
       Total:                         2780    0         0      
                                                               
       Stack:                         0       0         512    
       Linker Generated:              0       145       0      
    +--+------------------------------+-------+---------+---------+
       Grand Total:                   34458   6390      1922   


LINKER GENERATED COPY TABLES

__TI_cinit_table @ 00009fb4 records: 2, size/record: 8, table size: 16
	.data: load addr=00009f30, load size=0000006d bytes, run addr=202003a4, run size=000001e0 bytes, compression=lzss
	.bss: load addr=00009fac, load size=00000008 bytes, run addr=20200000, run size=000003a2 bytes, compression=zero_init


LINKER GENERATED HANDLER TABLE

__TI_handler_table @ 00009fa0 records: 3, size/record: 4, table size: 12
	index: 0, handler: __TI_decompress_lzss
	index: 1, handler: __TI_decompress_none
	index: 2, handler: __TI_zero_init


FAR CALL TRAMPOLINES

callee name               trampoline name
   callee addr  tramp addr   call addr  call info
--------------  -----------  ---------  ----------------
__aeabi_dsub              $Tramp$TT$L$PI$$__aeabi_dsub
   00002e7d     00008668     00008666   libc.a : _printfi.c.obj (.text.OUTLINED_FUNCTION_0)
__aeabi_dmul              $Tramp$TT$L$PI$$__aeabi_dmul
   00004bb1     00008684     00008680   libc.a : e_asin.c.obj (.text.OUTLINED_FUNCTION_0)
                             0000869c          : s_atan.c.obj (.text.OUTLINED_FUNCTION_0)
                             000086b0          : e_asin.c.obj (.text.OUTLINED_FUNCTION_1)
                             0000870a          : s_atan.c.obj (.text.OUTLINED_FUNCTION_2)
                             00008750          : e_asin.c.obj (.text.OUTLINED_FUNCTION_2)
__aeabi_ddiv              $Tramp$TT$L$PI$$__aeabi_ddiv
   000043d5     000086bc     000086ba   libc.a : e_asin.c.obj (.text.OUTLINED_FUNCTION_3)
__aeabi_dcmpeq            $Tramp$TT$L$PI$$__aeabi_dcmpeq
   00006455     000086f4     000086f0   libc.a : strtod.c.obj (.text.OUTLINED_FUNCTION_1)
__aeabi_dadd              $Tramp$TT$L$PI$$__aeabi_dadd
   00002e87     0000873c     00008738   libc.a : s_atan.c.obj (.text.OUTLINED_FUNCTION_1)
                             00008762          : e_asin.c.obj (.text.OUTLINED_FUNCTION_4)
_c_int00_noargs           $Tramp$TT$L$PI$$_c_int00_noargs
   00007af1     00008768     00008764   startup_mspm0g350x_ticlang.o (.text.Reset_Handler)

[6 trampolines]
[11 trampoline calls]


GLOBAL SYMBOLS: SORTED ALPHABETICALLY BY Name 

address   name                                 
-------   ----                                 
00008759  ADC0_IRQHandler                      
00008759  ADC1_IRQHandler                      
00008759  AES_IRQHandler                       
000047ed  APP_Show                             
00004d79  BTBufferHandler                      
00006db5  BT_DAMConfig                         
0000875c  C$$EXIT                              
00008759  CANFD0_IRQHandler                    
00006ff5  CheckIsAllWhite                      
00008759  DAC0_IRQHandler                      
00008655  DL_Common_delayCycles                
00006b55  DL_DMA_initChannel                   
000065d9  DL_I2C_fillControllerTXFIFO          
000072f9  DL_I2C_flushControllerTXFIFO         
00007b8b  DL_I2C_setClockConfig                
00004e55  DL_SYSCTL_configSYSPLL               
00007039  DL_SYSCTL_switchMCLKfromSYSOSCtoHSCLK
00003f85  DL_Timer_initCaptureMode             
000045e9  DL_Timer_initFourCCPWMMode           
00004ac9  DL_Timer_initTimerMode               
00007ec1  DL_Timer_setCaptCompUpdateMethod     
00008201  DL_Timer_setCaptureCompareOutCtl     
00008599  DL_Timer_setCaptureCompareValue      
00007edd  DL_Timer_setClockConfig              
00006dfd  DL_UART_init                         
00008543  DL_UART_setClockConfig               
00007c5d  DL_UART_transmitDataBlocking         
00008759  DMA_IRQHandler                       
00008759  Default_Handler                      
2020052c  Delta_GEA                            
20200530  Delta_GEB                            
202004c0  Err_weight                           
20200579  Flag_Allwhite                        
2020057a  Flag_Finishqua                       
2020057b  Flag_Repeatqua                       
00008759  GROUP0_IRQHandler                    
00002ce5  GROUP1_IRQHandler                    
20200374  Get_Encoder_countA                   
20200378  Get_Encoder_countB                   
00003881  Get_Velocity_From_Encoder            
0000875d  HOSTexit                             
00008759  HardFault_Handler                    
00008759  I2C0_IRQHandler                      
00008759  I2C1_IRQHandler                      
00005d89  Incremental_PI_Left                  
00005e0d  Incremental_PI_Right                 
00007ef9  Interrupt_Init                       
00006bed  Key2_GetNum                          
00006e45  Key3_GetNum                          
00006c39  Key4_GetNum                          
00006c85  LineTrackingError                    
00003601  MPU6050_Init                         
20200318  MotorA                               
2020032c  MotorB                               
00008759  NMI_Handler                          
000061e9  OLED_Clear                           
000041b9  OLED_Init                            
00007371  OLED_Set_Pos                         
000040a1  OLED_ShowChar                        
000048e5  OLED_ShowNum                         
00006179  OLED_ShowString                      
0000598d  OLED_WR_Byte                         
202003a0  PID_Send                             
2020037c  PWMA                                 
20200380  PWMB                                 
00008759  PendSV_Handler                       
2020053c  QuaTurn_Tim                          
00008759  RTC_IRQHandler                       
00001f1d  Read_Quad                            
00008765  Reset_Handler                        
00008759  SPI0_IRQHandler                      
00008759  SPI1_IRQHandler                      
00008759  SVC_Handler                          
00007805  SYSCFG_DL_CAPTURE_ULTRASONIC_init    
000082c1  SYSCFG_DL_DMA_CH0_init               
0000870d  SYSCFG_DL_DMA_init                   
00001aa1  SYSCFG_DL_GPIO_init                  
00006805  SYSCFG_DL_I2C_MPU6050_init           
0000685d  SYSCFG_DL_OLED_init                  
00005be5  SYSCFG_DL_PWM_0_init                 
00006255  SYSCFG_DL_PWM_ULTRASONIC_init        
00006cd1  SYSCFG_DL_SYSCTL_init                
000085a9  SYSCFG_DL_SYSTICK_init               
000073ad  SYSCFG_DL_TIMER_0_init               
00007105  SYSCFG_DL_TIMER_1_init               
00006639  SYSCFG_DL_UART_0_init                
00006d1d  SYSCFG_DL_UART_BT_init               
00006695  SYSCFG_DL_init                       
000050e1  SYSCFG_DL_initPower                  
000042c9  Set_PWM                              
0000862f  Stop_Car                             
000085b9  SysTick_Handler                      
0000863d  Systick_getTick                      
00008759  TIMA0_IRQHandler                     
00008759  TIMA1_IRQHandler                     
00002789  TIMG0_IRQHandler                     
00008759  TIMG12_IRQHandler                    
00008759  TIMG6_IRQHandler                     
00008759  TIMG7_IRQHandler                     
00007c7d  TIMG8_IRQHandler                     
00008555  TI_memcpy_small                      
00008621  TI_memset_small                      
2020057d  Target_Cycles                        
000073e9  TrackQua                             
20200540  Turn_StartGEA                        
20200544  Turn_StartGEB                        
00008759  UART0_IRQHandler                     
00008759  UART1_IRQHandler                     
00006e8d  UART2_IRQHandler                     
00008759  UART3_IRQHandler                     
20200548  Velocity_KIa                         
2020054c  Velocity_KIb                         
20200550  Velocity_KPa                         
20200554  Velocity_KPb                         
20208000  __STACK_END                          
00000200  __STACK_SIZE                         
00000000  __TI_ATRegion0_region_sz             
00000000  __TI_ATRegion0_src_addr              
00000000  __TI_ATRegion0_trg_addr              
00000000  __TI_ATRegion1_region_sz             
00000000  __TI_ATRegion1_src_addr              
00000000  __TI_ATRegion1_trg_addr              
00000000  __TI_ATRegion2_region_sz             
00000000  __TI_ATRegion2_src_addr              
00000000  __TI_ATRegion2_trg_addr              
00009fb4  __TI_CINIT_Base                      
00009fc4  __TI_CINIT_Limit                     
00009fc4  __TI_CINIT_Warm                      
00009fa0  __TI_Handler_Table_Base              
00009fac  __TI_Handler_Table_Limit             
00007461  __TI_auto_init_nobinit_nopinit       
00005f99  __TI_decompress_lzss                 
00008567  __TI_decompress_none                 
000068b5  __TI_ltoa                            
ffffffff  __TI_pprof_out_hndl                  
000000c1  __TI_printfi                         
ffffffff  __TI_prof_data_size                  
ffffffff  __TI_prof_data_start                 
00000000  __TI_static_base__                   
000083a1  __TI_zero_init_nomemset              
00002e87  __adddf3                             
00005013  __addsf3                             
00009b90  __aeabi_ctype_table_                 
00009b90  __aeabi_ctype_table_C                
00006091  __aeabi_d2f                          
00006d69  __aeabi_d2iz                         
00002e87  __aeabi_dadd                         
00006455  __aeabi_dcmpeq                       
00006491  __aeabi_dcmpge                       
000064a5  __aeabi_dcmpgt                       
0000647d  __aeabi_dcmple                       
00006469  __aeabi_dcmplt                       
000043d5  __aeabi_ddiv                         
00004bb1  __aeabi_dmul                         
00002e7d  __aeabi_dsub                         
20200558  __aeabi_errno                        
00008715  __aeabi_errno_addr                   
00007185  __aeabi_f2d                          
000074d9  __aeabi_f2iz                         
0000764d  __aeabi_f2uiz                        
00005013  __aeabi_fadd                         
00005f15  __aeabi_fdiv                         
00005c71  __aeabi_fmul                         
00005009  __aeabi_fsub                         
000078b5  __aeabi_i2d                          
00007425  __aeabi_i2f                          
000069bd  __aeabi_idiv                         
0000300f  __aeabi_idiv0                        
000069bd  __aeabi_idivmod                      
000049db  __aeabi_ldiv0                        
00007cfd  __aeabi_llsl                         
00007bd5  __aeabi_lmul                         
00008649  __aeabi_memclr                       
00008649  __aeabi_memclr4                      
00008649  __aeabi_memclr8                      
0000871d  __aeabi_memcpy                       
0000871d  __aeabi_memcpy4                      
0000871d  __aeabi_memcpy8                      
000085e9  __aeabi_memset                       
000085e9  __aeabi_memset4                      
000085e9  __aeabi_memset8                      
00007ac9  __aeabi_ui2f                         
00007145  __aeabi_uidiv                        
00007145  __aeabi_uidivmod                     
000084bd  __aeabi_uldivmod                     
00007cfd  __ashldi3                            
ffffffff  __binit__                            
000062bd  __cmpdf2                             
000043d5  __divdf3                             
00005f15  __divsf3                             
000062bd  __eqdf2                              
00007185  __extendsfdf2                        
00006d69  __fixdfsi                            
000074d9  __fixsfsi                            
0000764d  __fixunssfsi                         
000078b5  __floatsidf                          
00007425  __floatsisf                          
00007ac9  __floatunsisf                        
00006015  __gedf2                              
00006015  __gtdf2                              
000062bd  __ledf2                              
000062bd  __ltdf2                              
UNDEFED   __mpu_init                           
00004bb1  __muldf3                             
00007bd5  __muldi3                             
0000749d  __muldsi3                            
00005c71  __mulsf3                             
000062bd  __nedf2                              
20207e00  __stack                              
20200000  __start___llvm_prf_bits              
20200000  __start___llvm_prf_cnts              
20200000  __stop___llvm_prf_bits               
20200000  __stop___llvm_prf_cnts               
00002e7d  __subdf3                             
00005009  __subsf3                             
00006091  __truncdfsf2                         
000057ad  __udivmoddi4                         
00007af1  _c_int00_noargs                      
202003a4  _ftable                              
2020055c  _lock                                
0000584f  _nop                                 
UNDEFED   _system_post_cinit                   
00008779  _system_pre_init                     
20200560  _unlock                              
00008753  abort                                
20200350  accel                                
20200564  actuall_error                        
00009966  asc2_0806                            
00009376  asc2_1608                            
000011cd  asin                                 
000011cd  asinl                                
00001531  atan                                 
00003011  atan2                                
00003011  atan2l                               
00001531  atanl                                
000086e1  atof                                 
000071c5  atoi                                 
ffffffff  binit                                
00003199  bt_control                           
20200581  carmode                              
00007745  delay_ms                             
00005b55  delay_us                             
00006ed5  dmp_enable_6x_lp_quat                
00001829  dmp_enable_feature                   
000064b9  dmp_enable_gyro_cal                  
00006f1d  dmp_enable_lp_quat                   
00007f15  dmp_load_motion_driver_firmware      
00002595  dmp_read_fifo                        
000084d1  dmp_register_android_orient_cb       
000084e5  dmp_register_tap_cb                  
00005a25  dmp_set_fifo_rate                    
00003319  dmp_set_orientation                  
0000707d  dmp_set_shake_reject_thresh          
0000767f  dmp_set_shake_reject_time            
000076b1  dmp_set_shake_reject_timeout         
0000638b  dmp_set_tap_axes                     
000070c1  dmp_set_tap_count                    
00001ce5  dmp_set_tap_thresh                   
00007775  dmp_set_tap_time                     
000077a5  dmp_set_tap_time_multi               
20200582  enable_group1_irq                    
000078e1  fputc                                
00006b05  fputs                                
000066f1  frexp                                
000066f1  frexpl                               
20200583  gBTCounts                            
20200000  gBTPacket                            
20200184  gCAPTURE_ULTRASONICBackup            
20200224  gPWM_0Backup                         
202000c8  gPWM_ULTRASONICBackup                
20200384  gpio_interrup1                       
20200388  gpio_interrup2                       
20200356  gyro                                 
00009ec8  hw                                   
00000000  interruptVectors                     
00004f31  ldexp                                
00004f31  ldexpl                               
000075e5  limit_PWM                            
00000e49  main                                 
00007bf9  memccpy                              
00007c9d  memcmp                               
202003a1  more                                 
000063f1  mpu6050_i2c_sda_unlock               
000054e1  mpu_configure_fifo                   
00006105  mpu_get_accel_fsr                    
00006519  mpu_get_gyro_fsr                     
00007619  mpu_get_sample_rate                  
00003c19  mpu_init                             
00003d41  mpu_load_firmware                    
000046ed  mpu_lp_accel_mode                    
000044e1  mpu_read_fifo_stream                 
00005655  mpu_read_mem                         
00002149  mpu_reset_fifo                       
00004c95  mpu_set_accel_fsr                    
00002b45  mpu_set_bypass                       
0000559d  mpu_set_dmp_state                    
00005359  mpu_set_gyro_fsr                     
000058f1  mpu_set_int_latched                  
00005289  mpu_set_lpf                          
000049dd  mpu_set_sample_rate                  
00003ae9  mpu_set_sensors                      
00005701  mpu_write_mem                        
000085c9  mspm0_delay_ms                       
0000790d  mspm0_get_clock_ms                   
000039b5  mspm0_i2c_read                       
0000541d  mspm0_i2c_write                      
00007cbd  myabs                                
202002f6  oled_buffer                          
00006579  oled_i2c_sda_unlock                  
000077d5  oled_pow                             
2020038c  pitch                                
000067a9  printf                               
20200340  quat                                 
00009e17  reg                                  
20200390  roll                                 
00004f31  scalbn                               
00004f31  scalbnl                              
20200394  sensor_timestamp                     
20200523  sensordata                           
20200316  sensors                              
00005851  sensortrack                          
20200570  speedA                               
20200574  speedB                               
00007511  sprintf                              
00003491  sqrt                                 
00003491  sqrtl                                
00008605  strlen                               
00000a91  strtod                               
00000a91  strtold                              
00009dc8  test                                 
20200398  tick_ms                              
000085d9  wcslen                               
2020039c  yaw                                  


GLOBAL SYMBOLS: SORTED BY Symbol Address 

address   name                                 
-------   ----                                 
00000000  __TI_ATRegion0_region_sz             
00000000  __TI_ATRegion0_src_addr              
00000000  __TI_ATRegion0_trg_addr              
00000000  __TI_ATRegion1_region_sz             
00000000  __TI_ATRegion1_src_addr              
00000000  __TI_ATRegion1_trg_addr              
00000000  __TI_ATRegion2_region_sz             
00000000  __TI_ATRegion2_src_addr              
00000000  __TI_ATRegion2_trg_addr              
00000000  __TI_static_base__                   
00000000  interruptVectors                     
000000c1  __TI_printfi                         
00000200  __STACK_SIZE                         
00000a91  strtod                               
00000a91  strtold                              
00000e49  main                                 
000011cd  asin                                 
000011cd  asinl                                
00001531  atan                                 
00001531  atanl                                
00001829  dmp_enable_feature                   
00001aa1  SYSCFG_DL_GPIO_init                  
00001ce5  dmp_set_tap_thresh                   
00001f1d  Read_Quad                            
00002149  mpu_reset_fifo                       
00002595  dmp_read_fifo                        
00002789  TIMG0_IRQHandler                     
00002b45  mpu_set_bypass                       
00002ce5  GROUP1_IRQHandler                    
00002e7d  __aeabi_dsub                         
00002e7d  __subdf3                             
00002e87  __adddf3                             
00002e87  __aeabi_dadd                         
0000300f  __aeabi_idiv0                        
00003011  atan2                                
00003011  atan2l                               
00003199  bt_control                           
00003319  dmp_set_orientation                  
00003491  sqrt                                 
00003491  sqrtl                                
00003601  MPU6050_Init                         
00003881  Get_Velocity_From_Encoder            
000039b5  mspm0_i2c_read                       
00003ae9  mpu_set_sensors                      
00003c19  mpu_init                             
00003d41  mpu_load_firmware                    
00003f85  DL_Timer_initCaptureMode             
000040a1  OLED_ShowChar                        
000041b9  OLED_Init                            
000042c9  Set_PWM                              
000043d5  __aeabi_ddiv                         
000043d5  __divdf3                             
000044e1  mpu_read_fifo_stream                 
000045e9  DL_Timer_initFourCCPWMMode           
000046ed  mpu_lp_accel_mode                    
000047ed  APP_Show                             
000048e5  OLED_ShowNum                         
000049db  __aeabi_ldiv0                        
000049dd  mpu_set_sample_rate                  
00004ac9  DL_Timer_initTimerMode               
00004bb1  __aeabi_dmul                         
00004bb1  __muldf3                             
00004c95  mpu_set_accel_fsr                    
00004d79  BTBufferHandler                      
00004e55  DL_SYSCTL_configSYSPLL               
00004f31  ldexp                                
00004f31  ldexpl                               
00004f31  scalbn                               
00004f31  scalbnl                              
00005009  __aeabi_fsub                         
00005009  __subsf3                             
00005013  __addsf3                             
00005013  __aeabi_fadd                         
000050e1  SYSCFG_DL_initPower                  
00005289  mpu_set_lpf                          
00005359  mpu_set_gyro_fsr                     
0000541d  mspm0_i2c_write                      
000054e1  mpu_configure_fifo                   
0000559d  mpu_set_dmp_state                    
00005655  mpu_read_mem                         
00005701  mpu_write_mem                        
000057ad  __udivmoddi4                         
0000584f  _nop                                 
00005851  sensortrack                          
000058f1  mpu_set_int_latched                  
0000598d  OLED_WR_Byte                         
00005a25  dmp_set_fifo_rate                    
00005b55  delay_us                             
00005be5  SYSCFG_DL_PWM_0_init                 
00005c71  __aeabi_fmul                         
00005c71  __mulsf3                             
00005d89  Incremental_PI_Left                  
00005e0d  Incremental_PI_Right                 
00005f15  __aeabi_fdiv                         
00005f15  __divsf3                             
00005f99  __TI_decompress_lzss                 
00006015  __gedf2                              
00006015  __gtdf2                              
00006091  __aeabi_d2f                          
00006091  __truncdfsf2                         
00006105  mpu_get_accel_fsr                    
00006179  OLED_ShowString                      
000061e9  OLED_Clear                           
00006255  SYSCFG_DL_PWM_ULTRASONIC_init        
000062bd  __cmpdf2                             
000062bd  __eqdf2                              
000062bd  __ledf2                              
000062bd  __ltdf2                              
000062bd  __nedf2                              
0000638b  dmp_set_tap_axes                     
000063f1  mpu6050_i2c_sda_unlock               
00006455  __aeabi_dcmpeq                       
00006469  __aeabi_dcmplt                       
0000647d  __aeabi_dcmple                       
00006491  __aeabi_dcmpge                       
000064a5  __aeabi_dcmpgt                       
000064b9  dmp_enable_gyro_cal                  
00006519  mpu_get_gyro_fsr                     
00006579  oled_i2c_sda_unlock                  
000065d9  DL_I2C_fillControllerTXFIFO          
00006639  SYSCFG_DL_UART_0_init                
00006695  SYSCFG_DL_init                       
000066f1  frexp                                
000066f1  frexpl                               
000067a9  printf                               
00006805  SYSCFG_DL_I2C_MPU6050_init           
0000685d  SYSCFG_DL_OLED_init                  
000068b5  __TI_ltoa                            
000069bd  __aeabi_idiv                         
000069bd  __aeabi_idivmod                      
00006b05  fputs                                
00006b55  DL_DMA_initChannel                   
00006bed  Key2_GetNum                          
00006c39  Key4_GetNum                          
00006c85  LineTrackingError                    
00006cd1  SYSCFG_DL_SYSCTL_init                
00006d1d  SYSCFG_DL_UART_BT_init               
00006d69  __aeabi_d2iz                         
00006d69  __fixdfsi                            
00006db5  BT_DAMConfig                         
00006dfd  DL_UART_init                         
00006e45  Key3_GetNum                          
00006e8d  UART2_IRQHandler                     
00006ed5  dmp_enable_6x_lp_quat                
00006f1d  dmp_enable_lp_quat                   
00006ff5  CheckIsAllWhite                      
00007039  DL_SYSCTL_switchMCLKfromSYSOSCtoHSCLK
0000707d  dmp_set_shake_reject_thresh          
000070c1  dmp_set_tap_count                    
00007105  SYSCFG_DL_TIMER_1_init               
00007145  __aeabi_uidiv                        
00007145  __aeabi_uidivmod                     
00007185  __aeabi_f2d                          
00007185  __extendsfdf2                        
000071c5  atoi                                 
000072f9  DL_I2C_flushControllerTXFIFO         
00007371  OLED_Set_Pos                         
000073ad  SYSCFG_DL_TIMER_0_init               
000073e9  TrackQua                             
00007425  __aeabi_i2f                          
00007425  __floatsisf                          
00007461  __TI_auto_init_nobinit_nopinit       
0000749d  __muldsi3                            
000074d9  __aeabi_f2iz                         
000074d9  __fixsfsi                            
00007511  sprintf                              
000075e5  limit_PWM                            
00007619  mpu_get_sample_rate                  
0000764d  __aeabi_f2uiz                        
0000764d  __fixunssfsi                         
0000767f  dmp_set_shake_reject_time            
000076b1  dmp_set_shake_reject_timeout         
00007745  delay_ms                             
00007775  dmp_set_tap_time                     
000077a5  dmp_set_tap_time_multi               
000077d5  oled_pow                             
00007805  SYSCFG_DL_CAPTURE_ULTRASONIC_init    
000078b5  __aeabi_i2d                          
000078b5  __floatsidf                          
000078e1  fputc                                
0000790d  mspm0_get_clock_ms                   
00007ac9  __aeabi_ui2f                         
00007ac9  __floatunsisf                        
00007af1  _c_int00_noargs                      
00007b8b  DL_I2C_setClockConfig                
00007bd5  __aeabi_lmul                         
00007bd5  __muldi3                             
00007bf9  memccpy                              
00007c5d  DL_UART_transmitDataBlocking         
00007c7d  TIMG8_IRQHandler                     
00007c9d  memcmp                               
00007cbd  myabs                                
00007cfd  __aeabi_llsl                         
00007cfd  __ashldi3                            
00007ec1  DL_Timer_setCaptCompUpdateMethod     
00007edd  DL_Timer_setClockConfig              
00007ef9  Interrupt_Init                       
00007f15  dmp_load_motion_driver_firmware      
00008201  DL_Timer_setCaptureCompareOutCtl     
000082c1  SYSCFG_DL_DMA_CH0_init               
000083a1  __TI_zero_init_nomemset              
000084bd  __aeabi_uldivmod                     
000084d1  dmp_register_android_orient_cb       
000084e5  dmp_register_tap_cb                  
00008543  DL_UART_setClockConfig               
00008555  TI_memcpy_small                      
00008567  __TI_decompress_none                 
00008599  DL_Timer_setCaptureCompareValue      
000085a9  SYSCFG_DL_SYSTICK_init               
000085b9  SysTick_Handler                      
000085c9  mspm0_delay_ms                       
000085d9  wcslen                               
000085e9  __aeabi_memset                       
000085e9  __aeabi_memset4                      
000085e9  __aeabi_memset8                      
00008605  strlen                               
00008621  TI_memset_small                      
0000862f  Stop_Car                             
0000863d  Systick_getTick                      
00008649  __aeabi_memclr                       
00008649  __aeabi_memclr4                      
00008649  __aeabi_memclr8                      
00008655  DL_Common_delayCycles                
000086e1  atof                                 
0000870d  SYSCFG_DL_DMA_init                   
00008715  __aeabi_errno_addr                   
0000871d  __aeabi_memcpy                       
0000871d  __aeabi_memcpy4                      
0000871d  __aeabi_memcpy8                      
00008753  abort                                
00008759  ADC0_IRQHandler                      
00008759  ADC1_IRQHandler                      
00008759  AES_IRQHandler                       
00008759  CANFD0_IRQHandler                    
00008759  DAC0_IRQHandler                      
00008759  DMA_IRQHandler                       
00008759  Default_Handler                      
00008759  GROUP0_IRQHandler                    
00008759  HardFault_Handler                    
00008759  I2C0_IRQHandler                      
00008759  I2C1_IRQHandler                      
00008759  NMI_Handler                          
00008759  PendSV_Handler                       
00008759  RTC_IRQHandler                       
00008759  SPI0_IRQHandler                      
00008759  SPI1_IRQHandler                      
00008759  SVC_Handler                          
00008759  TIMA0_IRQHandler                     
00008759  TIMA1_IRQHandler                     
00008759  TIMG12_IRQHandler                    
00008759  TIMG6_IRQHandler                     
00008759  TIMG7_IRQHandler                     
00008759  UART0_IRQHandler                     
00008759  UART1_IRQHandler                     
00008759  UART3_IRQHandler                     
0000875c  C$$EXIT                              
0000875d  HOSTexit                             
00008765  Reset_Handler                        
00008779  _system_pre_init                     
00009376  asc2_1608                            
00009966  asc2_0806                            
00009b90  __aeabi_ctype_table_                 
00009b90  __aeabi_ctype_table_C                
00009dc8  test                                 
00009e17  reg                                  
00009ec8  hw                                   
00009fa0  __TI_Handler_Table_Base              
00009fac  __TI_Handler_Table_Limit             
00009fb4  __TI_CINIT_Base                      
00009fc4  __TI_CINIT_Limit                     
00009fc4  __TI_CINIT_Warm                      
20200000  __start___llvm_prf_bits              
20200000  __start___llvm_prf_cnts              
20200000  __stop___llvm_prf_bits               
20200000  __stop___llvm_prf_cnts               
20200000  gBTPacket                            
202000c8  gPWM_ULTRASONICBackup                
20200184  gCAPTURE_ULTRASONICBackup            
20200224  gPWM_0Backup                         
202002f6  oled_buffer                          
20200316  sensors                              
20200318  MotorA                               
2020032c  MotorB                               
20200340  quat                                 
20200350  accel                                
20200356  gyro                                 
20200374  Get_Encoder_countA                   
20200378  Get_Encoder_countB                   
2020037c  PWMA                                 
20200380  PWMB                                 
20200384  gpio_interrup1                       
20200388  gpio_interrup2                       
2020038c  pitch                                
20200390  roll                                 
20200394  sensor_timestamp                     
20200398  tick_ms                              
2020039c  yaw                                  
202003a0  PID_Send                             
202003a1  more                                 
202003a4  _ftable                              
202004c0  Err_weight                           
20200523  sensordata                           
2020052c  Delta_GEA                            
20200530  Delta_GEB                            
2020053c  QuaTurn_Tim                          
20200540  Turn_StartGEA                        
20200544  Turn_StartGEB                        
20200548  Velocity_KIa                         
2020054c  Velocity_KIb                         
20200550  Velocity_KPa                         
20200554  Velocity_KPb                         
20200558  __aeabi_errno                        
2020055c  _lock                                
20200560  _unlock                              
20200564  actuall_error                        
20200570  speedA                               
20200574  speedB                               
20200579  Flag_Allwhite                        
2020057a  Flag_Finishqua                       
2020057b  Flag_Repeatqua                       
2020057d  Target_Cycles                        
20200581  carmode                              
20200582  enable_group1_irq                    
20200583  gBTCounts                            
20207e00  __stack                              
20208000  __STACK_END                          
ffffffff  __TI_pprof_out_hndl                  
ffffffff  __TI_prof_data_size                  
ffffffff  __TI_prof_data_start                 
ffffffff  __binit__                            
ffffffff  binit                                
UNDEFED   __mpu_init                           
UNDEFED   _system_post_cinit                   

[333 symbols]
