<?xml version="1.0" encoding="ISO-8859-1" ?>
<link_info>
   <banner>TI ARM Clang Linker PC v4.0.3.LTS</banner>
   <copyright>Copyright (c) 1996-2018 Texas Instruments Incorporated</copyright>
   <command_line>C:\ti\ccs2020\ccs\tools\compiler\ti-cgt-armllvm_4.0.3.LTS\bin\tiarmlnk -IC:\ti\ccs2020\ccs\tools\compiler\ti-cgt-armllvm_4.0.3.LTS\lib -o empty_LP_MSPM0G3507_nortos_ticlang.out -mempty_LP_MSPM0G3507_nortos_ticlang.map -iC:/ti/mspm0_sdk_2_05_01_00/source -iD:/mspm0/NUEDC/TraCar_6050HQ/Tra_C -iD:/mspm0/NUEDC/TraCar_6050HQ/Tra_C/Debug/syscfg -iC:/ti/ccs2020/ccs/tools/compiler/ti-cgt-armllvm_4.0.3.LTS/lib --diag_wrap=off --display_error_number --warn_sections --xml_link_info=empty_LP_MSPM0G3507_nortos_ticlang_linkInfo.xml --rom_model ./empty.o ./ti_msp_dl_config.o ./startup_mspm0g350x_ticlang.o ./Hardware/HX_X17.o ./Hardware/board.o ./Hardware/control.o ./Hardware/encoder.o ./Hardware/interrupt.o ./Hardware/inv_mpu.o ./Hardware/inv_mpu_dmp_motion_driver.o ./Hardware/kalman.o ./Hardware/key.o ./Hardware/led.o ./Hardware/motor.o ./Hardware/mpu6050.o ./Hardware/mspm0_i2c.o ./Hardware/oled_hardware_i2c.o ./Hardware/show.o ./Hardware/uart_callback.o ./Hardware/ultrasonic_capture.o -l./device_linker.cmd -ldevice.cmd.genlibs -llibc.a --start-group -llibc++.a -llibc++abi.a -llibc.a -llibsys.a -llibsysbm.a -llibclang_rt.builtins.a -llibclang_rt.profile.a --end-group --cg_opt_level=0</command_line>
   <link_time>0x6a2ee718</link_time>
   <link_errors>0x0</link_errors>
   <output_file>D:\mspm0\NUEDC\TraCar_6050HQ\Tra_C\Debug\empty_LP_MSPM0G3507_nortos_ticlang.out</output_file>
   <entry_point>
      <name>_c_int00_noargs</name>
      <address>0x86cd</address>
   </entry_point>
   <input_file_list>
      <input_file id="fl-1">
         <path>D:\mspm0\NUEDC\TraCar_6050HQ\Tra_C\Debug\.\</path>
         <kind>object</kind>
         <file>empty.o</file>
         <name>empty.o</name>
      </input_file>
      <input_file id="fl-2">
         <path>D:\mspm0\NUEDC\TraCar_6050HQ\Tra_C\Debug\.\</path>
         <kind>object</kind>
         <file>ti_msp_dl_config.o</file>
         <name>ti_msp_dl_config.o</name>
      </input_file>
      <input_file id="fl-3">
         <path>D:\mspm0\NUEDC\TraCar_6050HQ\Tra_C\Debug\.\</path>
         <kind>object</kind>
         <file>startup_mspm0g350x_ticlang.o</file>
         <name>startup_mspm0g350x_ticlang.o</name>
      </input_file>
      <input_file id="fl-4">
         <path>D:\mspm0\NUEDC\TraCar_6050HQ\Tra_C\Debug\.\Hardware\</path>
         <kind>object</kind>
         <file>HX_X17.o</file>
         <name>HX_X17.o</name>
      </input_file>
      <input_file id="fl-5">
         <path>D:\mspm0\NUEDC\TraCar_6050HQ\Tra_C\Debug\.\Hardware\</path>
         <kind>object</kind>
         <file>board.o</file>
         <name>board.o</name>
      </input_file>
      <input_file id="fl-6">
         <path>D:\mspm0\NUEDC\TraCar_6050HQ\Tra_C\Debug\.\Hardware\</path>
         <kind>object</kind>
         <file>control.o</file>
         <name>control.o</name>
      </input_file>
      <input_file id="fl-7">
         <path>D:\mspm0\NUEDC\TraCar_6050HQ\Tra_C\Debug\.\Hardware\</path>
         <kind>object</kind>
         <file>encoder.o</file>
         <name>encoder.o</name>
      </input_file>
      <input_file id="fl-8">
         <path>D:\mspm0\NUEDC\TraCar_6050HQ\Tra_C\Debug\.\Hardware\</path>
         <kind>object</kind>
         <file>interrupt.o</file>
         <name>interrupt.o</name>
      </input_file>
      <input_file id="fl-9">
         <path>D:\mspm0\NUEDC\TraCar_6050HQ\Tra_C\Debug\.\Hardware\</path>
         <kind>object</kind>
         <file>inv_mpu.o</file>
         <name>inv_mpu.o</name>
      </input_file>
      <input_file id="fl-a">
         <path>D:\mspm0\NUEDC\TraCar_6050HQ\Tra_C\Debug\.\Hardware\</path>
         <kind>object</kind>
         <file>inv_mpu_dmp_motion_driver.o</file>
         <name>inv_mpu_dmp_motion_driver.o</name>
      </input_file>
      <input_file id="fl-b">
         <path>D:\mspm0\NUEDC\TraCar_6050HQ\Tra_C\Debug\.\Hardware\</path>
         <kind>object</kind>
         <file>kalman.o</file>
         <name>kalman.o</name>
      </input_file>
      <input_file id="fl-c">
         <path>D:\mspm0\NUEDC\TraCar_6050HQ\Tra_C\Debug\.\Hardware\</path>
         <kind>object</kind>
         <file>key.o</file>
         <name>key.o</name>
      </input_file>
      <input_file id="fl-d">
         <path>D:\mspm0\NUEDC\TraCar_6050HQ\Tra_C\Debug\.\Hardware\</path>
         <kind>object</kind>
         <file>led.o</file>
         <name>led.o</name>
      </input_file>
      <input_file id="fl-e">
         <path>D:\mspm0\NUEDC\TraCar_6050HQ\Tra_C\Debug\.\Hardware\</path>
         <kind>object</kind>
         <file>motor.o</file>
         <name>motor.o</name>
      </input_file>
      <input_file id="fl-f">
         <path>D:\mspm0\NUEDC\TraCar_6050HQ\Tra_C\Debug\.\Hardware\</path>
         <kind>object</kind>
         <file>mpu6050.o</file>
         <name>mpu6050.o</name>
      </input_file>
      <input_file id="fl-10">
         <path>D:\mspm0\NUEDC\TraCar_6050HQ\Tra_C\Debug\.\Hardware\</path>
         <kind>object</kind>
         <file>mspm0_i2c.o</file>
         <name>mspm0_i2c.o</name>
      </input_file>
      <input_file id="fl-11">
         <path>D:\mspm0\NUEDC\TraCar_6050HQ\Tra_C\Debug\.\Hardware\</path>
         <kind>object</kind>
         <file>oled_hardware_i2c.o</file>
         <name>oled_hardware_i2c.o</name>
      </input_file>
      <input_file id="fl-12">
         <path>D:\mspm0\NUEDC\TraCar_6050HQ\Tra_C\Debug\.\Hardware\</path>
         <kind>object</kind>
         <file>show.o</file>
         <name>show.o</name>
      </input_file>
      <input_file id="fl-13">
         <path>D:\mspm0\NUEDC\TraCar_6050HQ\Tra_C\Debug\.\Hardware\</path>
         <kind>object</kind>
         <file>uart_callback.o</file>
         <name>uart_callback.o</name>
      </input_file>
      <input_file id="fl-14">
         <path>D:\mspm0\NUEDC\TraCar_6050HQ\Tra_C\Debug\.\Hardware\</path>
         <kind>object</kind>
         <file>ultrasonic_capture.o</file>
         <name>ultrasonic_capture.o</name>
      </input_file>
      <input_file id="fl-21">
         <path>D:\mspm0\NUEDC\TraCar_6050HQ\Tra_C\Debug\</path>
         <kind>object</kind>
         <file>&lt;internal&gt;</file>
         <name>&lt;internal&gt;</name>
      </input_file>
      <input_file id="fl-22">
         <path>C:\ti\mspm0_sdk_2_05_01_00\source\ti\driverlib\lib\ticlang\m0p\mspm0g1x0x_g3x0x\</path>
         <kind>archive</kind>
         <file>driverlib.a</file>
         <name>dl_common.o</name>
      </input_file>
      <input_file id="fl-23">
         <path>C:\ti\mspm0_sdk_2_05_01_00\source\ti\driverlib\lib\ticlang\m0p\mspm0g1x0x_g3x0x\</path>
         <kind>archive</kind>
         <file>driverlib.a</file>
         <name>dl_dma.o</name>
      </input_file>
      <input_file id="fl-24">
         <path>C:\ti\mspm0_sdk_2_05_01_00\source\ti\driverlib\lib\ticlang\m0p\mspm0g1x0x_g3x0x\</path>
         <kind>archive</kind>
         <file>driverlib.a</file>
         <name>dl_i2c.o</name>
      </input_file>
      <input_file id="fl-25">
         <path>C:\ti\mspm0_sdk_2_05_01_00\source\ti\driverlib\lib\ticlang\m0p\mspm0g1x0x_g3x0x\</path>
         <kind>archive</kind>
         <file>driverlib.a</file>
         <name>dl_timer.o</name>
      </input_file>
      <input_file id="fl-26">
         <path>C:\ti\mspm0_sdk_2_05_01_00\source\ti\driverlib\lib\ticlang\m0p\mspm0g1x0x_g3x0x\</path>
         <kind>archive</kind>
         <file>driverlib.a</file>
         <name>dl_uart.o</name>
      </input_file>
      <input_file id="fl-27">
         <path>C:\ti\mspm0_sdk_2_05_01_00\source\ti\driverlib\lib\ticlang\m0p\mspm0g1x0x_g3x0x\</path>
         <kind>archive</kind>
         <file>driverlib.a</file>
         <name>dl_sysctl_mspm0g1x0x_g3x0x.o</name>
      </input_file>
      <input_file id="fl-3e">
         <path>C:\ti\ccs2020\ccs\tools\compiler\ti-cgt-armllvm_4.0.3.LTS\lib\armv6m-ti-none-eabi\c\</path>
         <kind>archive</kind>
         <file>libc.a</file>
         <name>printf.c.obj</name>
      </input_file>
      <input_file id="fl-3f">
         <path>C:\ti\ccs2020\ccs\tools\compiler\ti-cgt-armllvm_4.0.3.LTS\lib\armv6m-ti-none-eabi\c\</path>
         <kind>archive</kind>
         <file>libc.a</file>
         <name>_printfi.c.obj</name>
      </input_file>
      <input_file id="fl-40">
         <path>C:\ti\ccs2020\ccs\tools\compiler\ti-cgt-armllvm_4.0.3.LTS\lib\armv6m-ti-none-eabi\c\</path>
         <kind>archive</kind>
         <file>libc.a</file>
         <name>sprintf.c.obj</name>
      </input_file>
      <input_file id="fl-41">
         <path>C:\ti\ccs2020\ccs\tools\compiler\ti-cgt-armllvm_4.0.3.LTS\lib\armv6m-ti-none-eabi\c\</path>
         <kind>archive</kind>
         <file>libc.a</file>
         <name>e_asin.c.obj</name>
      </input_file>
      <input_file id="fl-42">
         <path>C:\ti\ccs2020\ccs\tools\compiler\ti-cgt-armllvm_4.0.3.LTS\lib\armv6m-ti-none-eabi\c\</path>
         <kind>archive</kind>
         <file>libc.a</file>
         <name>e_atan2.c.obj</name>
      </input_file>
      <input_file id="fl-43">
         <path>C:\ti\ccs2020\ccs\tools\compiler\ti-cgt-armllvm_4.0.3.LTS\lib\armv6m-ti-none-eabi\c\</path>
         <kind>archive</kind>
         <file>libc.a</file>
         <name>e_sqrt.c.obj</name>
      </input_file>
      <input_file id="fl-44">
         <path>C:\ti\ccs2020\ccs\tools\compiler\ti-cgt-armllvm_4.0.3.LTS\lib\armv6m-ti-none-eabi\c\</path>
         <kind>archive</kind>
         <file>libc.a</file>
         <name>s_atan.c.obj</name>
      </input_file>
      <input_file id="fl-45">
         <path>C:\ti\ccs2020\ccs\tools\compiler\ti-cgt-armllvm_4.0.3.LTS\lib\armv6m-ti-none-eabi\c\</path>
         <kind>archive</kind>
         <file>libc.a</file>
         <name>s_frexp.c.obj</name>
      </input_file>
      <input_file id="fl-46">
         <path>C:\ti\ccs2020\ccs\tools\compiler\ti-cgt-armllvm_4.0.3.LTS\lib\armv6m-ti-none-eabi\c\</path>
         <kind>archive</kind>
         <file>libc.a</file>
         <name>s_scalbn.c.obj</name>
      </input_file>
      <input_file id="fl-47">
         <path>C:\ti\ccs2020\ccs\tools\compiler\ti-cgt-armllvm_4.0.3.LTS\lib\armv6m-ti-none-eabi\c\</path>
         <kind>archive</kind>
         <file>libc.a</file>
         <name>wcslen.c.obj</name>
      </input_file>
      <input_file id="fl-48">
         <path>C:\ti\ccs2020\ccs\tools\compiler\ti-cgt-armllvm_4.0.3.LTS\lib\armv6m-ti-none-eabi\c\</path>
         <kind>archive</kind>
         <file>libc.a</file>
         <name>aeabi_portable.c.obj</name>
      </input_file>
      <input_file id="fl-49">
         <path>C:\ti\ccs2020\ccs\tools\compiler\ti-cgt-armllvm_4.0.3.LTS\lib\armv6m-ti-none-eabi\c\</path>
         <kind>archive</kind>
         <file>libc.a</file>
         <name>_lock.c.obj</name>
      </input_file>
      <input_file id="fl-4a">
         <path>C:\ti\ccs2020\ccs\tools\compiler\ti-cgt-armllvm_4.0.3.LTS\lib\armv6m-ti-none-eabi\c\</path>
         <kind>archive</kind>
         <file>libc.a</file>
         <name>_ltoa.c.obj</name>
      </input_file>
      <input_file id="fl-4b">
         <path>C:\ti\ccs2020\ccs\tools\compiler\ti-cgt-armllvm_4.0.3.LTS\lib\armv6m-ti-none-eabi\c\</path>
         <kind>archive</kind>
         <file>libc.a</file>
         <name>assert.c.obj</name>
      </input_file>
      <input_file id="fl-4c">
         <path>C:\ti\ccs2020\ccs\tools\compiler\ti-cgt-armllvm_4.0.3.LTS\lib\armv6m-ti-none-eabi\c\</path>
         <kind>archive</kind>
         <file>libc.a</file>
         <name>atof.c.obj</name>
      </input_file>
      <input_file id="fl-4d">
         <path>C:\ti\ccs2020\ccs\tools\compiler\ti-cgt-armllvm_4.0.3.LTS\lib\armv6m-ti-none-eabi\c\</path>
         <kind>archive</kind>
         <file>libc.a</file>
         <name>atoi.c.obj</name>
      </input_file>
      <input_file id="fl-4e">
         <path>C:\ti\ccs2020\ccs\tools\compiler\ti-cgt-armllvm_4.0.3.LTS\lib\armv6m-ti-none-eabi\c\</path>
         <kind>archive</kind>
         <file>libc.a</file>
         <name>defs.c.obj</name>
      </input_file>
      <input_file id="fl-4f">
         <path>C:\ti\ccs2020\ccs\tools\compiler\ti-cgt-armllvm_4.0.3.LTS\lib\armv6m-ti-none-eabi\c\</path>
         <kind>archive</kind>
         <file>libc.a</file>
         <name>memccpy.c.obj</name>
      </input_file>
      <input_file id="fl-50">
         <path>C:\ti\ccs2020\ccs\tools\compiler\ti-cgt-armllvm_4.0.3.LTS\lib\armv6m-ti-none-eabi\c\</path>
         <kind>archive</kind>
         <file>libc.a</file>
         <name>memcmp.c.obj</name>
      </input_file>
      <input_file id="fl-51">
         <path>C:\ti\ccs2020\ccs\tools\compiler\ti-cgt-armllvm_4.0.3.LTS\lib\armv6m-ti-none-eabi\c\</path>
         <kind>archive</kind>
         <file>libc.a</file>
         <name>memory.c.obj</name>
      </input_file>
      <input_file id="fl-52">
         <path>C:\ti\ccs2020\ccs\tools\compiler\ti-cgt-armllvm_4.0.3.LTS\lib\armv6m-ti-none-eabi\c\</path>
         <kind>archive</kind>
         <file>libc.a</file>
         <name>strlen.c.obj</name>
      </input_file>
      <input_file id="fl-53">
         <path>C:\ti\ccs2020\ccs\tools\compiler\ti-cgt-armllvm_4.0.3.LTS\lib\armv6m-ti-none-eabi\c\</path>
         <kind>archive</kind>
         <file>libc.a</file>
         <name>strtod.c.obj</name>
      </input_file>
      <input_file id="fl-54">
         <path>C:\ti\ccs2020\ccs\tools\compiler\ti-cgt-armllvm_4.0.3.LTS\lib\armv6m-ti-none-eabi\c\</path>
         <kind>archive</kind>
         <file>libc.a</file>
         <name>boot_cortex_m.c.obj</name>
      </input_file>
      <input_file id="fl-55">
         <path>C:\ti\ccs2020\ccs\tools\compiler\ti-cgt-armllvm_4.0.3.LTS\lib\armv6m-ti-none-eabi\c\</path>
         <kind>archive</kind>
         <file>libc.a</file>
         <name>mathacl_init.c.obj</name>
      </input_file>
      <input_file id="fl-56">
         <path>C:\ti\ccs2020\ccs\tools\compiler\ti-cgt-armllvm_4.0.3.LTS\lib\armv6m-ti-none-eabi\c\</path>
         <kind>archive</kind>
         <file>libc.a</file>
         <name>autoinit.c.obj</name>
      </input_file>
      <input_file id="fl-57">
         <path>C:\ti\ccs2020\ccs\tools\compiler\ti-cgt-armllvm_4.0.3.LTS\lib\armv6m-ti-none-eabi\c\</path>
         <kind>archive</kind>
         <file>libc.a</file>
         <name>pre_init.c.obj</name>
      </input_file>
      <input_file id="fl-58">
         <path>C:\ti\ccs2020\ccs\tools\compiler\ti-cgt-armllvm_4.0.3.LTS\lib\armv6m-ti-none-eabi\c\</path>
         <kind>archive</kind>
         <file>libc.a</file>
         <name>cpy_tbl.c.obj</name>
      </input_file>
      <input_file id="fl-59">
         <path>C:\ti\ccs2020\ccs\tools\compiler\ti-cgt-armllvm_4.0.3.LTS\lib\armv6m-ti-none-eabi\c\</path>
         <kind>archive</kind>
         <file>libc.a</file>
         <name>copy_zero_init.c.obj</name>
      </input_file>
      <input_file id="fl-5a">
         <path>C:\ti\ccs2020\ccs\tools\compiler\ti-cgt-armllvm_4.0.3.LTS\lib\armv6m-ti-none-eabi\c\</path>
         <kind>archive</kind>
         <file>libc.a</file>
         <name>copy_decompress_none.c.obj</name>
      </input_file>
      <input_file id="fl-5b">
         <path>C:\ti\ccs2020\ccs\tools\compiler\ti-cgt-armllvm_4.0.3.LTS\lib\armv6m-ti-none-eabi\c\</path>
         <kind>archive</kind>
         <file>libc.a</file>
         <name>copy_decompress_lzss.c.obj</name>
      </input_file>
      <input_file id="fl-5c">
         <path>C:\ti\ccs2020\ccs\tools\compiler\ti-cgt-armllvm_4.0.3.LTS\lib\armv6m-ti-none-eabi\c\</path>
         <kind>archive</kind>
         <file>libc.a</file>
         <name>fflush.c.obj</name>
      </input_file>
      <input_file id="fl-5d">
         <path>C:\ti\ccs2020\ccs\tools\compiler\ti-cgt-armllvm_4.0.3.LTS\lib\armv6m-ti-none-eabi\c\</path>
         <kind>archive</kind>
         <file>libc.a</file>
         <name>aeabi_ctype.S.obj</name>
      </input_file>
      <input_file id="fl-5e">
         <path>C:\ti\ccs2020\ccs\tools\compiler\ti-cgt-armllvm_4.0.3.LTS\lib\armv6m-ti-none-eabi\c\</path>
         <kind>archive</kind>
         <file>libc.a</file>
         <name>exit.c.obj</name>
      </input_file>
      <input_file id="fl-5f">
         <path>C:\ti\ccs2020\ccs\tools\compiler\ti-cgt-armllvm_4.0.3.LTS\lib\armv6m-ti-none-eabi\c\</path>
         <kind>archive</kind>
         <file>libc.a</file>
         <name>args_main.c.obj</name>
      </input_file>
      <input_file id="fl-ff">
         <path>C:\ti\ccs2020\ccs\tools\compiler\ti-cgt-armllvm_4.0.3.LTS\lib\armv6m-ti-none-eabi\c\</path>
         <kind>archive</kind>
         <file>libsysbm.a</file>
         <name>hostexit.c.obj</name>
      </input_file>
      <input_file id="fl-100">
         <path>C:\ti\ccs2020\ccs\tools\compiler\ti-cgt-armllvm_4.0.3.LTS\lib\armv6m-ti-none-eabi\c\</path>
         <kind>archive</kind>
         <file>libsysbm.a</file>
         <name>write.c.obj</name>
      </input_file>
      <input_file id="fl-101">
         <path>C:\ti\ccs2020\ccs\tools\compiler\ti-cgt-armllvm_4.0.3.LTS\lib\armv6m-ti-none-eabi\c\</path>
         <kind>archive</kind>
         <file>libsysbm.a</file>
         <name>host_device.c.obj</name>
      </input_file>
      <input_file id="fl-102">
         <path>C:\ti\ccs2020\ccs\tools\compiler\ti-cgt-armllvm_4.0.3.LTS\lib\armv6m-ti-none-eabi\c\</path>
         <kind>archive</kind>
         <file>libsysbm.a</file>
         <name>hostclose.c.obj</name>
      </input_file>
      <input_file id="fl-103">
         <path>C:\ti\ccs2020\ccs\tools\compiler\ti-cgt-armllvm_4.0.3.LTS\lib\armv6m-ti-none-eabi\c\</path>
         <kind>archive</kind>
         <file>libsysbm.a</file>
         <name>hostlseek.c.obj</name>
      </input_file>
      <input_file id="fl-104">
         <path>C:\ti\ccs2020\ccs\tools\compiler\ti-cgt-armllvm_4.0.3.LTS\lib\armv6m-ti-none-eabi\c\</path>
         <kind>archive</kind>
         <file>libsysbm.a</file>
         <name>hostopen.c.obj</name>
      </input_file>
      <input_file id="fl-105">
         <path>C:\ti\ccs2020\ccs\tools\compiler\ti-cgt-armllvm_4.0.3.LTS\lib\armv6m-ti-none-eabi\c\</path>
         <kind>archive</kind>
         <file>libsysbm.a</file>
         <name>hostread.c.obj</name>
      </input_file>
      <input_file id="fl-106">
         <path>C:\ti\ccs2020\ccs\tools\compiler\ti-cgt-armllvm_4.0.3.LTS\lib\armv6m-ti-none-eabi\c\</path>
         <kind>archive</kind>
         <file>libsysbm.a</file>
         <name>hostrename.c.obj</name>
      </input_file>
      <input_file id="fl-107">
         <path>C:\ti\ccs2020\ccs\tools\compiler\ti-cgt-armllvm_4.0.3.LTS\lib\armv6m-ti-none-eabi\c\</path>
         <kind>archive</kind>
         <file>libsysbm.a</file>
         <name>hostunlink.c.obj</name>
      </input_file>
      <input_file id="fl-108">
         <path>C:\ti\ccs2020\ccs\tools\compiler\ti-cgt-armllvm_4.0.3.LTS\lib\armv6m-ti-none-eabi\c\</path>
         <kind>archive</kind>
         <file>libsysbm.a</file>
         <name>hostwrite.c.obj</name>
      </input_file>
      <input_file id="fl-109">
         <path>C:\ti\ccs2020\ccs\tools\compiler\ti-cgt-armllvm_4.0.3.LTS\lib\armv6m-ti-none-eabi\c\</path>
         <kind>archive</kind>
         <file>libsysbm.a</file>
         <name>trgmsg.c.obj</name>
      </input_file>
      <input_file id="fl-10a">
         <path>C:\ti\ccs2020\ccs\tools\compiler\ti-cgt-armllvm_4.0.3.LTS\lib\armv6m-ti-none-eabi\</path>
         <kind>archive</kind>
         <file>libclang_rt.builtins.a</file>
         <name>addsf3.S.obj</name>
      </input_file>
      <input_file id="fl-10b">
         <path>C:\ti\ccs2020\ccs\tools\compiler\ti-cgt-armllvm_4.0.3.LTS\lib\armv6m-ti-none-eabi\</path>
         <kind>archive</kind>
         <file>libclang_rt.builtins.a</file>
         <name>adddf3.S.obj</name>
      </input_file>
      <input_file id="fl-10c">
         <path>C:\ti\ccs2020\ccs\tools\compiler\ti-cgt-armllvm_4.0.3.LTS\lib\armv6m-ti-none-eabi\</path>
         <kind>archive</kind>
         <file>libclang_rt.builtins.a</file>
         <name>muldf3.S.obj</name>
      </input_file>
      <input_file id="fl-10d">
         <path>C:\ti\ccs2020\ccs\tools\compiler\ti-cgt-armllvm_4.0.3.LTS\lib\armv6m-ti-none-eabi\</path>
         <kind>archive</kind>
         <file>libclang_rt.builtins.a</file>
         <name>muldsi3.S.obj</name>
      </input_file>
      <input_file id="fl-10e">
         <path>C:\ti\ccs2020\ccs\tools\compiler\ti-cgt-armllvm_4.0.3.LTS\lib\armv6m-ti-none-eabi\</path>
         <kind>archive</kind>
         <file>libclang_rt.builtins.a</file>
         <name>mulsf3.S.obj</name>
      </input_file>
      <input_file id="fl-10f">
         <path>C:\ti\ccs2020\ccs\tools\compiler\ti-cgt-armllvm_4.0.3.LTS\lib\armv6m-ti-none-eabi\</path>
         <kind>archive</kind>
         <file>libclang_rt.builtins.a</file>
         <name>divsf3.S.obj</name>
      </input_file>
      <input_file id="fl-110">
         <path>C:\ti\ccs2020\ccs\tools\compiler\ti-cgt-armllvm_4.0.3.LTS\lib\armv6m-ti-none-eabi\</path>
         <kind>archive</kind>
         <file>libclang_rt.builtins.a</file>
         <name>divdf3.S.obj</name>
      </input_file>
      <input_file id="fl-111">
         <path>C:\ti\ccs2020\ccs\tools\compiler\ti-cgt-armllvm_4.0.3.LTS\lib\armv6m-ti-none-eabi\</path>
         <kind>archive</kind>
         <file>libclang_rt.builtins.a</file>
         <name>extendsfdf2.S.obj</name>
      </input_file>
      <input_file id="fl-112">
         <path>C:\ti\ccs2020\ccs\tools\compiler\ti-cgt-armllvm_4.0.3.LTS\lib\armv6m-ti-none-eabi\</path>
         <kind>archive</kind>
         <file>libclang_rt.builtins.a</file>
         <name>fixdfsi.S.obj</name>
      </input_file>
      <input_file id="fl-113">
         <path>C:\ti\ccs2020\ccs\tools\compiler\ti-cgt-armllvm_4.0.3.LTS\lib\armv6m-ti-none-eabi\</path>
         <kind>archive</kind>
         <file>libclang_rt.builtins.a</file>
         <name>fixsfsi.S.obj</name>
      </input_file>
      <input_file id="fl-114">
         <path>C:\ti\ccs2020\ccs\tools\compiler\ti-cgt-armllvm_4.0.3.LTS\lib\armv6m-ti-none-eabi\</path>
         <kind>archive</kind>
         <file>libclang_rt.builtins.a</file>
         <name>fixunssfsi.S.obj</name>
      </input_file>
      <input_file id="fl-115">
         <path>C:\ti\ccs2020\ccs\tools\compiler\ti-cgt-armllvm_4.0.3.LTS\lib\armv6m-ti-none-eabi\</path>
         <kind>archive</kind>
         <file>libclang_rt.builtins.a</file>
         <name>floatsidf.S.obj</name>
      </input_file>
      <input_file id="fl-116">
         <path>C:\ti\ccs2020\ccs\tools\compiler\ti-cgt-armllvm_4.0.3.LTS\lib\armv6m-ti-none-eabi\</path>
         <kind>archive</kind>
         <file>libclang_rt.builtins.a</file>
         <name>floatsisf.S.obj</name>
      </input_file>
      <input_file id="fl-117">
         <path>C:\ti\ccs2020\ccs\tools\compiler\ti-cgt-armllvm_4.0.3.LTS\lib\armv6m-ti-none-eabi\</path>
         <kind>archive</kind>
         <file>libclang_rt.builtins.a</file>
         <name>floatunsidf.S.obj</name>
      </input_file>
      <input_file id="fl-118">
         <path>C:\ti\ccs2020\ccs\tools\compiler\ti-cgt-armllvm_4.0.3.LTS\lib\armv6m-ti-none-eabi\</path>
         <kind>archive</kind>
         <file>libclang_rt.builtins.a</file>
         <name>floatunsisf.S.obj</name>
      </input_file>
      <input_file id="fl-119">
         <path>C:\ti\ccs2020\ccs\tools\compiler\ti-cgt-armllvm_4.0.3.LTS\lib\armv6m-ti-none-eabi\</path>
         <kind>archive</kind>
         <file>libclang_rt.builtins.a</file>
         <name>muldi3.S.obj</name>
      </input_file>
      <input_file id="fl-11a">
         <path>C:\ti\ccs2020\ccs\tools\compiler\ti-cgt-armllvm_4.0.3.LTS\lib\armv6m-ti-none-eabi\</path>
         <kind>archive</kind>
         <file>libclang_rt.builtins.a</file>
         <name>truncdfsf2.S.obj</name>
      </input_file>
      <input_file id="fl-11b">
         <path>C:\ti\ccs2020\ccs\tools\compiler\ti-cgt-armllvm_4.0.3.LTS\lib\armv6m-ti-none-eabi\</path>
         <kind>archive</kind>
         <file>libclang_rt.builtins.a</file>
         <name>aeabi_dcmp.S.obj</name>
      </input_file>
      <input_file id="fl-11c">
         <path>C:\ti\ccs2020\ccs\tools\compiler\ti-cgt-armllvm_4.0.3.LTS\lib\armv6m-ti-none-eabi\</path>
         <kind>archive</kind>
         <file>libclang_rt.builtins.a</file>
         <name>aeabi_fcmp.S.obj</name>
      </input_file>
      <input_file id="fl-11d">
         <path>C:\ti\ccs2020\ccs\tools\compiler\ti-cgt-armllvm_4.0.3.LTS\lib\armv6m-ti-none-eabi\</path>
         <kind>archive</kind>
         <file>libclang_rt.builtins.a</file>
         <name>aeabi_idivmod.S.obj</name>
      </input_file>
      <input_file id="fl-11e">
         <path>C:\ti\ccs2020\ccs\tools\compiler\ti-cgt-armllvm_4.0.3.LTS\lib\armv6m-ti-none-eabi\</path>
         <kind>archive</kind>
         <file>libclang_rt.builtins.a</file>
         <name>aeabi_ldivmod.S.obj</name>
      </input_file>
      <input_file id="fl-11f">
         <path>C:\ti\ccs2020\ccs\tools\compiler\ti-cgt-armllvm_4.0.3.LTS\lib\armv6m-ti-none-eabi\</path>
         <kind>archive</kind>
         <file>libclang_rt.builtins.a</file>
         <name>aeabi_memcpy.S.obj</name>
      </input_file>
      <input_file id="fl-120">
         <path>C:\ti\ccs2020\ccs\tools\compiler\ti-cgt-armllvm_4.0.3.LTS\lib\armv6m-ti-none-eabi\</path>
         <kind>archive</kind>
         <file>libclang_rt.builtins.a</file>
         <name>aeabi_memset.S.obj</name>
      </input_file>
      <input_file id="fl-121">
         <path>C:\ti\ccs2020\ccs\tools\compiler\ti-cgt-armllvm_4.0.3.LTS\lib\armv6m-ti-none-eabi\</path>
         <kind>archive</kind>
         <file>libclang_rt.builtins.a</file>
         <name>aeabi_uidivmod.S.obj</name>
      </input_file>
      <input_file id="fl-122">
         <path>C:\ti\ccs2020\ccs\tools\compiler\ti-cgt-armllvm_4.0.3.LTS\lib\armv6m-ti-none-eabi\</path>
         <kind>archive</kind>
         <file>libclang_rt.builtins.a</file>
         <name>aeabi_uldivmod.S.obj</name>
      </input_file>
      <input_file id="fl-123">
         <path>C:\ti\ccs2020\ccs\tools\compiler\ti-cgt-armllvm_4.0.3.LTS\lib\armv6m-ti-none-eabi\</path>
         <kind>archive</kind>
         <file>libclang_rt.builtins.a</file>
         <name>comparesf2.S.obj</name>
      </input_file>
      <input_file id="fl-124">
         <path>C:\ti\ccs2020\ccs\tools\compiler\ti-cgt-armllvm_4.0.3.LTS\lib\armv6m-ti-none-eabi\</path>
         <kind>archive</kind>
         <file>libclang_rt.builtins.a</file>
         <name>udivmoddi4.S.obj</name>
      </input_file>
      <input_file id="fl-125">
         <path>C:\ti\ccs2020\ccs\tools\compiler\ti-cgt-armllvm_4.0.3.LTS\lib\armv6m-ti-none-eabi\</path>
         <kind>archive</kind>
         <file>libclang_rt.builtins.a</file>
         <name>ashldi3.S.obj</name>
      </input_file>
      <input_file id="fl-126">
         <path>C:\ti\ccs2020\ccs\tools\compiler\ti-cgt-armllvm_4.0.3.LTS\lib\armv6m-ti-none-eabi\</path>
         <kind>archive</kind>
         <file>libclang_rt.builtins.a</file>
         <name>comparedf2.c.obj</name>
      </input_file>
      <input_file id="fl-127">
         <path>C:\ti\ccs2020\ccs\tools\compiler\ti-cgt-armllvm_4.0.3.LTS\lib\armv6m-ti-none-eabi\</path>
         <kind>archive</kind>
         <file>libclang_rt.builtins.a</file>
         <name>divmoddi4.c.obj</name>
      </input_file>
      <input_file id="fl-128">
         <path>C:\ti\ccs2020\ccs\tools\compiler\ti-cgt-armllvm_4.0.3.LTS\lib\armv6m-ti-none-eabi\</path>
         <kind>archive</kind>
         <file>libclang_rt.builtins.a</file>
         <name>aeabi_div0.c.obj</name>
      </input_file>
      <input_file id="fl-129">
         <path>C:\ti\ccs2020\ccs\tools\compiler\ti-cgt-armllvm_4.0.3.LTS\lib\armv6m-ti-none-eabi\c\</path>
         <kind>archive</kind>
         <file>libc.a</file>
         <name>memcpy16.S.obj</name>
      </input_file>
      <input_file id="fl-12a">
         <path>C:\ti\ccs2020\ccs\tools\compiler\ti-cgt-armllvm_4.0.3.LTS\lib\armv6m-ti-none-eabi\c\</path>
         <kind>archive</kind>
         <file>libc.a</file>
         <name>memset16.S.obj</name>
      </input_file>
   </input_file_list>
   <object_component_list>
      <object_component id="oc-18">
         <name>.intvecs</name>
         <load_address>0x0</load_address>
         <readonly>true</readonly>
         <run_address>0x0</run_address>
         <size>0xc0</size>
         <alignment>0x4</alignment>
         <input_file_ref idref="fl-3"/>
      </object_component>
      <object_component id="oc-2aa">
         <name>.text:__TI_printfi</name>
         <load_address>0xc0</load_address>
         <readonly>true</readonly>
         <executable>true</executable>
         <run_address>0xc0</run_address>
         <size>0x9d0</size>
         <alignment>0x4</alignment>
         <input_file_ref idref="fl-3f"/>
      </object_component>
      <object_component id="oc-a4">
         <name>.text.main</name>
         <load_address>0xa90</load_address>
         <readonly>true</readonly>
         <executable>true</executable>
         <run_address>0xa90</run_address>
         <size>0x4a8</size>
         <alignment>0x4</alignment>
         <input_file_ref idref="fl-1"/>
      </object_component>
      <object_component id="oc-29a">
         <name>.text.strtod</name>
         <load_address>0xf38</load_address>
         <readonly>true</readonly>
         <executable>true</executable>
         <run_address>0xf38</run_address>
         <size>0x3b8</size>
         <alignment>0x4</alignment>
         <input_file_ref idref="fl-53"/>
      </object_component>
      <object_component id="oc-93">
         <name>.text.CarMode2</name>
         <load_address>0x12f0</load_address>
         <readonly>true</readonly>
         <executable>true</executable>
         <run_address>0x12f0</run_address>
         <size>0x390</size>
         <alignment>0x4</alignment>
         <input_file_ref idref="fl-6"/>
      </object_component>
      <object_component id="oc-94">
         <name>.text.CarMode3</name>
         <load_address>0x1680</load_address>
         <readonly>true</readonly>
         <executable>true</executable>
         <run_address>0x1680</run_address>
         <size>0x380</size>
         <alignment>0x4</alignment>
         <input_file_ref idref="fl-6"/>
      </object_component>
      <object_component id="oc-cc">
         <name>.text.asin</name>
         <load_address>0x1a00</load_address>
         <readonly>true</readonly>
         <executable>true</executable>
         <run_address>0x1a00</run_address>
         <size>0x364</size>
         <alignment>0x4</alignment>
         <input_file_ref idref="fl-41"/>
      </object_component>
      <object_component id="oc-1e0">
         <name>.text.atan</name>
         <load_address>0x1d64</load_address>
         <readonly>true</readonly>
         <executable>true</executable>
         <run_address>0x1d64</run_address>
         <size>0x2f8</size>
         <alignment>0x4</alignment>
         <input_file_ref idref="fl-44"/>
      </object_component>
      <object_component id="oc-24b">
         <name>.text.dmp_enable_feature</name>
         <load_address>0x205c</load_address>
         <readonly>true</readonly>
         <executable>true</executable>
         <run_address>0x205c</run_address>
         <size>0x278</size>
         <alignment>0x4</alignment>
         <input_file_ref idref="fl-a"/>
      </object_component>
      <object_component id="oc-227">
         <name>.text.SYSCFG_DL_GPIO_init</name>
         <load_address>0x22d4</load_address>
         <readonly>true</readonly>
         <executable>true</executable>
         <run_address>0x22d4</run_address>
         <size>0x244</size>
         <alignment>0x4</alignment>
         <input_file_ref idref="fl-2"/>
      </object_component>
      <object_component id="oc-32f">
         <name>.text.dmp_set_tap_thresh</name>
         <load_address>0x2518</load_address>
         <readonly>true</readonly>
         <executable>true</executable>
         <run_address>0x2518</run_address>
         <size>0x238</size>
         <alignment>0x4</alignment>
         <input_file_ref idref="fl-a"/>
      </object_component>
      <object_component id="oc-8e">
         <name>.text.CarMode1</name>
         <load_address>0x2750</load_address>
         <readonly>true</readonly>
         <executable>true</executable>
         <run_address>0x2750</run_address>
         <size>0x234</size>
         <alignment>0x4</alignment>
         <input_file_ref idref="fl-6"/>
      </object_component>
      <object_component id="oc-74">
         <name>.text.Read_Quad</name>
         <load_address>0x2984</load_address>
         <readonly>true</readonly>
         <executable>true</executable>
         <run_address>0x2984</run_address>
         <size>0x22c</size>
         <alignment>0x4</alignment>
         <input_file_ref idref="fl-f"/>
      </object_component>
      <object_component id="oc-1b3">
         <name>.text.mpu_reset_fifo</name>
         <load_address>0x2bb0</load_address>
         <readonly>true</readonly>
         <executable>true</executable>
         <run_address>0x2bb0</run_address>
         <size>0x22c</size>
         <alignment>0x4</alignment>
         <input_file_ref idref="fl-9"/>
      </object_component>
      <object_component id="oc-386">
         <name>.text._pconv_a</name>
         <load_address>0x2ddc</load_address>
         <readonly>true</readonly>
         <executable>true</executable>
         <run_address>0x2ddc</run_address>
         <size>0x220</size>
         <alignment>0x4</alignment>
         <input_file_ref idref="fl-3f"/>
      </object_component>
      <object_component id="oc-b3">
         <name>.text.dmp_read_fifo</name>
         <load_address>0x2ffc</load_address>
         <readonly>true</readonly>
         <executable>true</executable>
         <run_address>0x2ffc</run_address>
         <size>0x1f4</size>
         <alignment>0x4</alignment>
         <input_file_ref idref="fl-a"/>
      </object_component>
      <object_component id="oc-387">
         <name>.text._pconv_g</name>
         <load_address>0x31f0</load_address>
         <readonly>true</readonly>
         <executable>true</executable>
         <run_address>0x31f0</run_address>
         <size>0x1dc</size>
         <alignment>0x4</alignment>
         <input_file_ref idref="fl-3f"/>
      </object_component>
      <object_component id="oc-326">
         <name>.text.mpu_set_bypass</name>
         <load_address>0x33cc</load_address>
         <readonly>true</readonly>
         <executable>true</executable>
         <run_address>0x33cc</run_address>
         <size>0x1a0</size>
         <alignment>0x4</alignment>
         <input_file_ref idref="fl-9"/>
      </object_component>
      <object_component id="oc-39">
         <name>.text.GROUP1_IRQHandler</name>
         <load_address>0x356c</load_address>
         <readonly>true</readonly>
         <executable>true</executable>
         <run_address>0x356c</run_address>
         <size>0x198</size>
         <alignment>0x4</alignment>
         <input_file_ref idref="fl-7"/>
      </object_component>
      <object_component id="oc-1c7">
         <name>.text.adddf3_subdf3</name>
         <load_address>0x3704</load_address>
         <readonly>true</readonly>
         <executable>true</executable>
         <run_address>0x3704</run_address>
         <size>0x192</size>
         <alignment>0x4</alignment>
         <input_file_ref idref="fl-10b"/>
      </object_component>
      <object_component id="oc-349">
         <name>.text.__aeabi_idiv0</name>
         <load_address>0x3896</load_address>
         <readonly>true</readonly>
         <executable>true</executable>
         <run_address>0x3896</run_address>
         <size>0x2</size>
         <alignment>0x2</alignment>
         <input_file_ref idref="fl-128"/>
      </object_component>
      <object_component id="oc-142">
         <name>.text.InPlaceTurn</name>
         <load_address>0x3898</load_address>
         <readonly>true</readonly>
         <executable>true</executable>
         <run_address>0x3898</run_address>
         <size>0x18c</size>
         <alignment>0x4</alignment>
         <input_file_ref idref="fl-6"/>
      </object_component>
      <object_component id="oc-da">
         <name>.text.atan2</name>
         <load_address>0x3a24</load_address>
         <readonly>true</readonly>
         <executable>true</executable>
         <run_address>0x3a24</run_address>
         <size>0x188</size>
         <alignment>0x4</alignment>
         <input_file_ref idref="fl-42"/>
      </object_component>
      <object_component id="oc-ec">
         <name>.text.bt_control</name>
         <load_address>0x3bac</load_address>
         <readonly>true</readonly>
         <executable>true</executable>
         <run_address>0x3bac</run_address>
         <size>0x180</size>
         <alignment>0x4</alignment>
         <input_file_ref idref="fl-13"/>
      </object_component>
      <object_component id="oc-248">
         <name>.text.dmp_set_orientation</name>
         <load_address>0x3d2c</load_address>
         <readonly>true</readonly>
         <executable>true</executable>
         <run_address>0x3d2c</run_address>
         <size>0x178</size>
         <alignment>0x4</alignment>
         <input_file_ref idref="fl-a"/>
      </object_component>
      <object_component id="oc-1d1">
         <name>.text.sqrt</name>
         <load_address>0x3ea4</load_address>
         <readonly>true</readonly>
         <executable>true</executable>
         <run_address>0x3ea4</run_address>
         <size>0x170</size>
         <alignment>0x4</alignment>
         <input_file_ref idref="fl-43"/>
      </object_component>
      <object_component id="oc-165">
         <name>.text.MPU6050_Init</name>
         <load_address>0x4014</load_address>
         <readonly>true</readonly>
         <executable>true</executable>
         <run_address>0x4014</run_address>
         <size>0x144</size>
         <alignment>0x4</alignment>
         <input_file_ref idref="fl-f"/>
      </object_component>
      <object_component id="oc-3e3">
         <name>.text.fcvt</name>
         <load_address>0x4158</load_address>
         <readonly>true</readonly>
         <executable>true</executable>
         <run_address>0x4158</run_address>
         <size>0x13c</size>
         <alignment>0x4</alignment>
         <input_file_ref idref="fl-3f"/>
      </object_component>
      <object_component id="oc-110">
         <name>.text.Get_Velocity_From_Encoder</name>
         <load_address>0x4294</load_address>
         <readonly>true</readonly>
         <executable>true</executable>
         <run_address>0x4294</run_address>
         <size>0x134</size>
         <alignment>0x4</alignment>
         <input_file_ref idref="fl-6"/>
      </object_component>
      <object_component id="oc-27c">
         <name>.text.mspm0_i2c_read</name>
         <load_address>0x43c8</load_address>
         <readonly>true</readonly>
         <executable>true</executable>
         <run_address>0x43c8</run_address>
         <size>0x134</size>
         <alignment>0x4</alignment>
         <input_file_ref idref="fl-10"/>
      </object_component>
      <object_component id="oc-240">
         <name>.text.mpu_set_sensors</name>
         <load_address>0x44fc</load_address>
         <readonly>true</readonly>
         <executable>true</executable>
         <run_address>0x44fc</run_address>
         <size>0x130</size>
         <alignment>0x4</alignment>
         <input_file_ref idref="fl-9"/>
      </object_component>
      <object_component id="oc-23f">
         <name>.text.mpu_init</name>
         <load_address>0x462c</load_address>
         <readonly>true</readonly>
         <executable>true</executable>
         <run_address>0x462c</run_address>
         <size>0x128</size>
         <alignment>0x4</alignment>
         <input_file_ref idref="fl-9"/>
      </object_component>
      <object_component id="oc-32a">
         <name>.text.mpu_load_firmware</name>
         <load_address>0x4754</load_address>
         <readonly>true</readonly>
         <executable>true</executable>
         <run_address>0x4754</run_address>
         <size>0x124</size>
         <alignment>0x4</alignment>
         <input_file_ref idref="fl-9"/>
      </object_component>
      <object_component id="oc-389">
         <name>.text._pconv_e</name>
         <load_address>0x4878</load_address>
         <readonly>true</readonly>
         <executable>true</executable>
         <run_address>0x4878</run_address>
         <size>0x120</size>
         <alignment>0x4</alignment>
         <input_file_ref idref="fl-3f"/>
      </object_component>
      <object_component id="oc-2ed">
         <name>.text.DL_Timer_initCaptureMode</name>
         <load_address>0x4998</load_address>
         <readonly>true</readonly>
         <executable>true</executable>
         <run_address>0x4998</run_address>
         <size>0x11c</size>
         <alignment>0x4</alignment>
         <input_file_ref idref="fl-25"/>
      </object_component>
      <object_component id="oc-263">
         <name>.text.OLED_ShowChar</name>
         <load_address>0x4ab4</load_address>
         <readonly>true</readonly>
         <executable>true</executable>
         <run_address>0x4ab4</run_address>
         <size>0x118</size>
         <alignment>0x4</alignment>
         <input_file_ref idref="fl-11"/>
      </object_component>
      <object_component id="oc-16a">
         <name>.text.OLED_Init</name>
         <load_address>0x4bcc</load_address>
         <readonly>true</readonly>
         <executable>true</executable>
         <run_address>0x4bcc</run_address>
         <size>0x110</size>
         <alignment>0x4</alignment>
         <input_file_ref idref="fl-11"/>
      </object_component>
      <object_component id="oc-11f">
         <name>.text.Set_PWM</name>
         <load_address>0x4cdc</load_address>
         <readonly>true</readonly>
         <executable>true</executable>
         <run_address>0x4cdc</run_address>
         <size>0x10c</size>
         <alignment>0x4</alignment>
         <input_file_ref idref="fl-e"/>
      </object_component>
      <object_component id="oc-1d8">
         <name>.text.__divdf3</name>
         <load_address>0x4de8</load_address>
         <readonly>true</readonly>
         <executable>true</executable>
         <run_address>0x4de8</run_address>
         <size>0x10c</size>
         <alignment>0x4</alignment>
         <input_file_ref idref="fl-110"/>
      </object_component>
      <object_component id="oc-1ae">
         <name>.text.mpu_read_fifo_stream</name>
         <load_address>0x4ef4</load_address>
         <readonly>true</readonly>
         <executable>true</executable>
         <run_address>0x4ef4</run_address>
         <size>0x108</size>
         <alignment>0x4</alignment>
         <input_file_ref idref="fl-9"/>
      </object_component>
      <object_component id="oc-2e3">
         <name>.text.DL_Timer_initFourCCPWMMode</name>
         <load_address>0x4ffc</load_address>
         <readonly>true</readonly>
         <executable>true</executable>
         <run_address>0x4ffc</run_address>
         <size>0x104</size>
         <alignment>0x4</alignment>
         <input_file_ref idref="fl-25"/>
      </object_component>
      <object_component id="oc-329">
         <name>.text.mpu_lp_accel_mode</name>
         <load_address>0x5100</load_address>
         <readonly>true</readonly>
         <executable>true</executable>
         <run_address>0x5100</run_address>
         <size>0x100</size>
         <alignment>0x4</alignment>
         <input_file_ref idref="fl-9"/>
      </object_component>
      <object_component id="oc-81">
         <name>.text.APP_Show</name>
         <load_address>0x5200</load_address>
         <readonly>true</readonly>
         <executable>true</executable>
         <run_address>0x5200</run_address>
         <size>0xf8</size>
         <alignment>0x4</alignment>
         <input_file_ref idref="fl-12"/>
      </object_component>
      <object_component id="oc-178">
         <name>.text.OLED_ShowNum</name>
         <load_address>0x52f8</load_address>
         <readonly>true</readonly>
         <executable>true</executable>
         <run_address>0x52f8</run_address>
         <size>0xf6</size>
         <alignment>0x2</alignment>
         <input_file_ref idref="fl-11"/>
      </object_component>
      <object_component id="oc-3f0">
         <name>.text.__aeabi_ldiv0</name>
         <load_address>0x53ee</load_address>
         <readonly>true</readonly>
         <executable>true</executable>
         <run_address>0x53ee</run_address>
         <size>0x2</size>
         <alignment>0x2</alignment>
         <input_file_ref idref="fl-128"/>
      </object_component>
      <object_component id="oc-242">
         <name>.text.mpu_set_sample_rate</name>
         <load_address>0x53f0</load_address>
         <readonly>true</readonly>
         <executable>true</executable>
         <run_address>0x53f0</run_address>
         <size>0xec</size>
         <alignment>0x4</alignment>
         <input_file_ref idref="fl-9"/>
      </object_component>
      <object_component id="oc-2f0">
         <name>.text.DL_Timer_initTimerMode</name>
         <load_address>0x54dc</load_address>
         <readonly>true</readonly>
         <executable>true</executable>
         <run_address>0x54dc</run_address>
         <size>0xe8</size>
         <alignment>0x4</alignment>
         <input_file_ref idref="fl-25"/>
      </object_component>
      <object_component id="oc-d2">
         <name>.text.__muldf3</name>
         <load_address>0x55c4</load_address>
         <readonly>true</readonly>
         <executable>true</executable>
         <run_address>0x55c4</run_address>
         <size>0xe4</size>
         <alignment>0x4</alignment>
         <input_file_ref idref="fl-10c"/>
      </object_component>
      <object_component id="oc-324">
         <name>.text.mpu_set_accel_fsr</name>
         <load_address>0x56a8</load_address>
         <readonly>true</readonly>
         <executable>true</executable>
         <run_address>0x56a8</run_address>
         <size>0xe4</size>
         <alignment>0x4</alignment>
         <input_file_ref idref="fl-9"/>
      </object_component>
      <object_component id="oc-80">
         <name>.text.BTBufferHandler</name>
         <load_address>0x578c</load_address>
         <readonly>true</readonly>
         <executable>true</executable>
         <run_address>0x578c</run_address>
         <size>0xdc</size>
         <alignment>0x4</alignment>
         <input_file_ref idref="fl-13"/>
      </object_component>
      <object_component id="oc-2d7">
         <name>.text.DL_SYSCTL_configSYSPLL</name>
         <load_address>0x5868</load_address>
         <readonly>true</readonly>
         <executable>true</executable>
         <run_address>0x5868</run_address>
         <size>0xdc</size>
         <alignment>0x4</alignment>
         <input_file_ref idref="fl-27"/>
      </object_component>
      <object_component id="oc-363">
         <name>.text.scalbn</name>
         <load_address>0x5944</load_address>
         <readonly>true</readonly>
         <executable>true</executable>
         <run_address>0x5944</run_address>
         <size>0xd8</size>
         <alignment>0x4</alignment>
         <input_file_ref idref="fl-46"/>
      </object_component>
      <object_component id="oc-c4">
         <name>.text</name>
         <load_address>0x5a1c</load_address>
         <readonly>true</readonly>
         <executable>true</executable>
         <run_address>0x5a1c</run_address>
         <size>0xd8</size>
         <alignment>0x4</alignment>
         <input_file_ref idref="fl-10a"/>
      </object_component>
      <object_component id="oc-226">
         <name>.text.SYSCFG_DL_initPower</name>
         <load_address>0x5af4</load_address>
         <readonly>true</readonly>
         <executable>true</executable>
         <run_address>0x5af4</run_address>
         <size>0xd4</size>
         <alignment>0x4</alignment>
         <input_file_ref idref="fl-2"/>
      </object_component>
      <object_component id="oc-328">
         <name>.text.set_int_enable</name>
         <load_address>0x5bc8</load_address>
         <readonly>true</readonly>
         <executable>true</executable>
         <run_address>0x5bc8</run_address>
         <size>0xd4</size>
         <alignment>0x4</alignment>
         <input_file_ref idref="fl-9"/>
      </object_component>
      <object_component id="oc-325">
         <name>.text.mpu_set_lpf</name>
         <load_address>0x5c9c</load_address>
         <readonly>true</readonly>
         <executable>true</executable>
         <run_address>0x5c9c</run_address>
         <size>0xd0</size>
         <alignment>0x4</alignment>
         <input_file_ref idref="fl-9"/>
      </object_component>
      <object_component id="oc-323">
         <name>.text.mpu_set_gyro_fsr</name>
         <load_address>0x5d6c</load_address>
         <readonly>true</readonly>
         <executable>true</executable>
         <run_address>0x5d6c</run_address>
         <size>0xc4</size>
         <alignment>0x4</alignment>
         <input_file_ref idref="fl-9"/>
      </object_component>
      <object_component id="oc-280">
         <name>.text.mspm0_i2c_write</name>
         <load_address>0x5e30</load_address>
         <readonly>true</readonly>
         <executable>true</executable>
         <run_address>0x5e30</run_address>
         <size>0xc4</size>
         <alignment>0x4</alignment>
         <input_file_ref idref="fl-10"/>
      </object_component>
      <object_component id="oc-241">
         <name>.text.mpu_configure_fifo</name>
         <load_address>0x5ef4</load_address>
         <readonly>true</readonly>
         <executable>true</executable>
         <run_address>0x5ef4</run_address>
         <size>0xbc</size>
         <alignment>0x4</alignment>
         <input_file_ref idref="fl-9"/>
      </object_component>
      <object_component id="oc-24d">
         <name>.text.mpu_set_dmp_state</name>
         <load_address>0x5fb0</load_address>
         <readonly>true</readonly>
         <executable>true</executable>
         <run_address>0x5fb0</run_address>
         <size>0xb8</size>
         <alignment>0x4</alignment>
         <input_file_ref idref="fl-9"/>
      </object_component>
      <object_component id="oc-3a7">
         <name>.text.mpu_read_mem</name>
         <load_address>0x6068</load_address>
         <readonly>true</readonly>
         <executable>true</executable>
         <run_address>0x6068</run_address>
         <size>0xac</size>
         <alignment>0x4</alignment>
         <input_file_ref idref="fl-9"/>
      </object_component>
      <object_component id="oc-32d">
         <name>.text.mpu_write_mem</name>
         <load_address>0x6114</load_address>
         <readonly>true</readonly>
         <executable>true</executable>
         <run_address>0x6114</run_address>
         <size>0xac</size>
         <alignment>0x4</alignment>
         <input_file_ref idref="fl-9"/>
      </object_component>
      <object_component id="oc-3cd">
         <name>.text</name>
         <load_address>0x61c0</load_address>
         <readonly>true</readonly>
         <executable>true</executable>
         <run_address>0x61c0</run_address>
         <size>0xa2</size>
         <alignment>0x4</alignment>
         <input_file_ref idref="fl-124"/>
      </object_component>
      <object_component id="oc-2ab">
         <name>.text._nop</name>
         <load_address>0x6262</load_address>
         <readonly>true</readonly>
         <executable>true</executable>
         <run_address>0x6262</run_address>
         <size>0x2</size>
         <alignment>0x2</alignment>
         <input_file_ref idref="fl-49"/>
      </object_component>
      <object_component id="oc-10a">
         <name>.text.sensortrack</name>
         <load_address>0x6264</load_address>
         <readonly>true</readonly>
         <executable>true</executable>
         <run_address>0x6264</run_address>
         <size>0xa0</size>
         <alignment>0x4</alignment>
         <input_file_ref idref="fl-4"/>
      </object_component>
      <object_component id="oc-327">
         <name>.text.mpu_set_int_latched</name>
         <load_address>0x6304</load_address>
         <readonly>true</readonly>
         <executable>true</executable>
         <run_address>0x6304</run_address>
         <size>0x9c</size>
         <alignment>0x4</alignment>
         <input_file_ref idref="fl-9"/>
      </object_component>
      <object_component id="oc-257">
         <name>.text.OLED_WR_Byte</name>
         <load_address>0x63a0</load_address>
         <readonly>true</readonly>
         <executable>true</executable>
         <run_address>0x63a0</run_address>
         <size>0x98</size>
         <alignment>0x4</alignment>
         <input_file_ref idref="fl-11"/>
      </object_component>
      <object_component id="oc-24c">
         <name>.text.dmp_set_fifo_rate</name>
         <load_address>0x6438</load_address>
         <readonly>true</readonly>
         <executable>true</executable>
         <run_address>0x6438</run_address>
         <size>0x98</size>
         <alignment>0x4</alignment>
         <input_file_ref idref="fl-a"/>
      </object_component>
      <object_component id="oc-32c">
         <name>.text.inv_row_2_scale</name>
         <load_address>0x64d0</load_address>
         <readonly>true</readonly>
         <executable>true</executable>
         <run_address>0x64d0</run_address>
         <size>0x96</size>
         <alignment>0x2</alignment>
         <input_file_ref idref="fl-f"/>
      </object_component>
      <object_component id="oc-33e">
         <name>.text.delay_us</name>
         <load_address>0x6568</load_address>
         <readonly>true</readonly>
         <executable>true</executable>
         <run_address>0x6568</run_address>
         <size>0x90</size>
         <alignment>0x4</alignment>
         <input_file_ref idref="fl-5"/>
      </object_component>
      <object_component id="oc-229">
         <name>.text.SYSCFG_DL_PWM_0_init</name>
         <load_address>0x65f8</load_address>
         <readonly>true</readonly>
         <executable>true</executable>
         <run_address>0x65f8</run_address>
         <size>0x8c</size>
         <alignment>0x4</alignment>
         <input_file_ref idref="fl-2"/>
      </object_component>
      <object_component id="oc-c0">
         <name>.text.__mulsf3</name>
         <load_address>0x6684</load_address>
         <readonly>true</readonly>
         <executable>true</executable>
         <run_address>0x6684</run_address>
         <size>0x8c</size>
         <alignment>0x4</alignment>
         <input_file_ref idref="fl-10e"/>
      </object_component>
      <object_component id="oc-1b4">
         <name>.text.decode_gesture</name>
         <load_address>0x6710</load_address>
         <readonly>true</readonly>
         <executable>true</executable>
         <run_address>0x6710</run_address>
         <size>0x8c</size>
         <alignment>0x4</alignment>
         <input_file_ref idref="fl-a"/>
      </object_component>
      <object_component id="oc-119">
         <name>.text.Incremental_PI_Left</name>
         <load_address>0x679c</load_address>
         <readonly>true</readonly>
         <executable>true</executable>
         <run_address>0x679c</run_address>
         <size>0x84</size>
         <alignment>0x4</alignment>
         <input_file_ref idref="fl-6"/>
      </object_component>
      <object_component id="oc-118">
         <name>.text.Incremental_PI_Right</name>
         <load_address>0x6820</load_address>
         <readonly>true</readonly>
         <executable>true</executable>
         <run_address>0x6820</run_address>
         <size>0x84</size>
         <alignment>0x4</alignment>
         <input_file_ref idref="fl-6"/>
      </object_component>
      <object_component id="oc-2e0">
         <name>.text.__NVIC_SetPriority</name>
         <load_address>0x68a4</load_address>
         <readonly>true</readonly>
         <executable>true</executable>
         <run_address>0x68a4</run_address>
         <size>0x84</size>
         <alignment>0x4</alignment>
         <input_file_ref idref="fl-2"/>
      </object_component>
      <object_component id="oc-bc">
         <name>.text.__divsf3</name>
         <load_address>0x6928</load_address>
         <readonly>true</readonly>
         <executable>true</executable>
         <run_address>0x6928</run_address>
         <size>0x82</size>
         <alignment>0x4</alignment>
         <input_file_ref idref="fl-10f"/>
      </object_component>
      <object_component id="oc-1c">
         <name>.text:decompress:lzss</name>
         <load_address>0x69ac</load_address>
         <readonly>true</readonly>
         <executable>true</executable>
         <run_address>0x69ac</run_address>
         <size>0x7c</size>
         <alignment>0x4</alignment>
         <input_file_ref idref="fl-5b"/>
      </object_component>
      <object_component id="oc-28e">
         <name>.text.__gedf2</name>
         <load_address>0x6a28</load_address>
         <readonly>true</readonly>
         <executable>true</executable>
         <run_address>0x6a28</run_address>
         <size>0x74</size>
         <alignment>0x4</alignment>
         <input_file_ref idref="fl-126"/>
      </object_component>
      <object_component id="oc-33">
         <name>.text.Default_Handler</name>
         <load_address>0x6a9c</load_address>
         <readonly>true</readonly>
         <executable>true</executable>
         <run_address>0x6a9c</run_address>
         <size>0x4</size>
         <alignment>0x2</alignment>
         <input_file_ref idref="fl-3"/>
      </object_component>
      <object_component id="oc-d6">
         <name>.text.__truncdfsf2</name>
         <load_address>0x6aa0</load_address>
         <readonly>true</readonly>
         <executable>true</executable>
         <run_address>0x6aa0</run_address>
         <size>0x74</size>
         <alignment>0x10</alignment>
         <input_file_ref idref="fl-11a"/>
      </object_component>
      <object_component id="oc-245">
         <name>.text.mpu_get_accel_fsr</name>
         <load_address>0x6b14</load_address>
         <readonly>true</readonly>
         <executable>true</executable>
         <run_address>0x6b14</run_address>
         <size>0x74</size>
         <alignment>0x4</alignment>
         <input_file_ref idref="fl-9"/>
      </object_component>
      <object_component id="oc-173">
         <name>.text.OLED_ShowString</name>
         <load_address>0x6b88</load_address>
         <readonly>true</readonly>
         <executable>true</executable>
         <run_address>0x6b88</run_address>
         <size>0x70</size>
         <alignment>0x2</alignment>
         <input_file_ref idref="fl-11"/>
      </object_component>
      <object_component id="oc-183">
         <name>.text.OLED_Clear</name>
         <load_address>0x6bf8</load_address>
         <readonly>true</readonly>
         <executable>true</executable>
         <run_address>0x6bf8</run_address>
         <size>0x6a</size>
         <alignment>0x2</alignment>
         <input_file_ref idref="fl-11"/>
      </object_component>
      <object_component id="oc-22a">
         <name>.text.SYSCFG_DL_PWM_ULTRASONIC_init</name>
         <load_address>0x6c64</load_address>
         <readonly>true</readonly>
         <executable>true</executable>
         <run_address>0x6c64</run_address>
         <size>0x68</size>
         <alignment>0x4</alignment>
         <input_file_ref idref="fl-2"/>
      </object_component>
      <object_component id="oc-288">
         <name>.text.__ledf2</name>
         <load_address>0x6ccc</load_address>
         <readonly>true</readonly>
         <executable>true</executable>
         <run_address>0x6ccc</run_address>
         <size>0x68</size>
         <alignment>0x4</alignment>
         <input_file_ref idref="fl-126"/>
      </object_component>
      <object_component id="oc-3e2">
         <name>.text._mcpy</name>
         <load_address>0x6d34</load_address>
         <readonly>true</readonly>
         <executable>true</executable>
         <run_address>0x6d34</run_address>
         <size>0x66</size>
         <alignment>0x2</alignment>
         <input_file_ref idref="fl-3f"/>
      </object_component>
      <object_component id="oc-330">
         <name>.text.dmp_set_tap_axes</name>
         <load_address>0x6d9a</load_address>
         <readonly>true</readonly>
         <executable>true</executable>
         <run_address>0x6d9a</run_address>
         <size>0x66</size>
         <alignment>0x2</alignment>
         <input_file_ref idref="fl-a"/>
      </object_component>
      <object_component id="oc-23a">
         <name>.text.mpu6050_i2c_sda_unlock</name>
         <load_address>0x6e00</load_address>
         <readonly>true</readonly>
         <executable>true</executable>
         <run_address>0x6e00</run_address>
         <size>0x64</size>
         <alignment>0x4</alignment>
         <input_file_ref idref="fl-10"/>
      </object_component>
      <object_component id="oc-1cb">
         <name>.text.__aeabi_dcmp</name>
         <load_address>0x6e64</load_address>
         <readonly>true</readonly>
         <executable>true</executable>
         <run_address>0x6e64</run_address>
         <size>0x62</size>
         <alignment>0x4</alignment>
         <input_file_ref idref="fl-11b"/>
      </object_component>
      <object_component id="oc-113">
         <name>.text.__aeabi_fcmp</name>
         <load_address>0x6ec8</load_address>
         <readonly>true</readonly>
         <executable>true</executable>
         <run_address>0x6ec8</run_address>
         <size>0x62</size>
         <alignment>0x4</alignment>
         <input_file_ref idref="fl-11c"/>
      </object_component>
      <object_component id="oc-32e">
         <name>.text.dmp_enable_gyro_cal</name>
         <load_address>0x6f2c</load_address>
         <readonly>true</readonly>
         <executable>true</executable>
         <run_address>0x6f2c</run_address>
         <size>0x60</size>
         <alignment>0x4</alignment>
         <input_file_ref idref="fl-a"/>
      </object_component>
      <object_component id="oc-244">
         <name>.text.mpu_get_gyro_fsr</name>
         <load_address>0x6f8c</load_address>
         <readonly>true</readonly>
         <executable>true</executable>
         <run_address>0x6f8c</run_address>
         <size>0x60</size>
         <alignment>0x4</alignment>
         <input_file_ref idref="fl-9"/>
      </object_component>
      <object_component id="oc-255">
         <name>.text.oled_i2c_sda_unlock</name>
         <load_address>0x6fec</load_address>
         <readonly>true</readonly>
         <executable>true</executable>
         <run_address>0x6fec</run_address>
         <size>0x60</size>
         <alignment>0x4</alignment>
         <input_file_ref idref="fl-11"/>
      </object_component>
      <object_component id="oc-33f">
         <name>.text.DL_I2C_fillControllerTXFIFO</name>
         <load_address>0x704c</load_address>
         <readonly>true</readonly>
         <executable>true</executable>
         <run_address>0x704c</run_address>
         <size>0x5e</size>
         <alignment>0x2</alignment>
         <input_file_ref idref="fl-24"/>
      </object_component>
      <object_component id="oc-230">
         <name>.text.SYSCFG_DL_UART_0_init</name>
         <load_address>0x70ac</load_address>
         <readonly>true</readonly>
         <executable>true</executable>
         <run_address>0x70ac</run_address>
         <size>0x5c</size>
         <alignment>0x4</alignment>
         <input_file_ref idref="fl-2"/>
      </object_component>
      <object_component id="oc-160">
         <name>.text.SYSCFG_DL_init</name>
         <load_address>0x7108</load_address>
         <readonly>true</readonly>
         <executable>true</executable>
         <run_address>0x7108</run_address>
         <size>0x5c</size>
         <alignment>0x4</alignment>
         <input_file_ref idref="fl-2"/>
      </object_component>
      <object_component id="oc-3d2">
         <name>.text.frexp</name>
         <load_address>0x7164</load_address>
         <readonly>true</readonly>
         <executable>true</executable>
         <run_address>0x7164</run_address>
         <size>0x5c</size>
         <alignment>0x4</alignment>
         <input_file_ref idref="fl-45"/>
      </object_component>
      <object_component id="oc-320">
         <name>.text.mspm0_i2c_enable</name>
         <load_address>0x71c0</load_address>
         <readonly>true</readonly>
         <executable>true</executable>
         <run_address>0x71c0</run_address>
         <size>0x5c</size>
         <alignment>0x4</alignment>
         <input_file_ref idref="fl-10"/>
      </object_component>
      <object_component id="oc-f4">
         <name>.text.printf</name>
         <load_address>0x721c</load_address>
         <readonly>true</readonly>
         <executable>true</executable>
         <run_address>0x721c</run_address>
         <size>0x5c</size>
         <alignment>0x4</alignment>
         <input_file_ref idref="fl-3e"/>
      </object_component>
      <object_component id="oc-22f">
         <name>.text.SYSCFG_DL_I2C_MPU6050_init</name>
         <load_address>0x7278</load_address>
         <readonly>true</readonly>
         <executable>true</executable>
         <run_address>0x7278</run_address>
         <size>0x58</size>
         <alignment>0x4</alignment>
         <input_file_ref idref="fl-2"/>
      </object_component>
      <object_component id="oc-22e">
         <name>.text.SYSCFG_DL_OLED_init</name>
         <load_address>0x72d0</load_address>
         <readonly>true</readonly>
         <executable>true</executable>
         <run_address>0x72d0</run_address>
         <size>0x58</size>
         <alignment>0x4</alignment>
         <input_file_ref idref="fl-2"/>
      </object_component>
      <object_component id="oc-3d6">
         <name>.text.__TI_ltoa</name>
         <load_address>0x7328</load_address>
         <readonly>true</readonly>
         <executable>true</executable>
         <run_address>0x7328</run_address>
         <size>0x58</size>
         <alignment>0x2</alignment>
         <input_file_ref idref="fl-4a"/>
      </object_component>
      <object_component id="oc-388">
         <name>.text._pconv_f</name>
         <load_address>0x7380</load_address>
         <readonly>true</readonly>
         <executable>true</executable>
         <run_address>0x7380</run_address>
         <size>0x58</size>
         <alignment>0x2</alignment>
         <input_file_ref idref="fl-3f"/>
      </object_component>
      <object_component id="oc-33d">
         <name>.text.mspm0_i2c_enable</name>
         <load_address>0x73d8</load_address>
         <readonly>true</readonly>
         <executable>true</executable>
         <run_address>0x73d8</run_address>
         <size>0x58</size>
         <alignment>0x4</alignment>
         <input_file_ref idref="fl-11"/>
      </object_component>
      <object_component id="oc-3b0">
         <name>.text.__aeabi_idivmod</name>
         <load_address>0x7430</load_address>
         <readonly>true</readonly>
         <executable>true</executable>
         <run_address>0x7430</run_address>
         <size>0x56</size>
         <alignment>0x4</alignment>
         <input_file_ref idref="fl-11d"/>
      </object_component>
      <object_component id="oc-21d">
         <name>.text.NormalizeAngle</name>
         <load_address>0x7488</load_address>
         <readonly>true</readonly>
         <executable>true</executable>
         <run_address>0x7488</run_address>
         <size>0x54</size>
         <alignment>0x4</alignment>
         <input_file_ref idref="fl-f"/>
      </object_component>
      <object_component id="oc-3e0">
         <name>.text._ecpy</name>
         <load_address>0x74dc</load_address>
         <readonly>true</readonly>
         <executable>true</executable>
         <run_address>0x74dc</run_address>
         <size>0x52</size>
         <alignment>0x2</alignment>
         <input_file_ref idref="fl-3f"/>
      </object_component>
      <object_component id="oc-357">
         <name>.text.DL_I2C_startControllerTransfer</name>
         <load_address>0x7530</load_address>
         <readonly>true</readonly>
         <executable>true</executable>
         <run_address>0x7530</run_address>
         <size>0x50</size>
         <alignment>0x4</alignment>
         <input_file_ref idref="fl-10"/>
      </object_component>
      <object_component id="oc-342">
         <name>.text.DL_I2C_startControllerTransfer</name>
         <load_address>0x7580</load_address>
         <readonly>true</readonly>
         <executable>true</executable>
         <run_address>0x7580</run_address>
         <size>0x50</size>
         <alignment>0x4</alignment>
         <input_file_ref idref="fl-11"/>
      </object_component>
      <object_component id="oc-2b4">
         <name>.text.fputs</name>
         <load_address>0x75d0</load_address>
         <readonly>true</readonly>
         <executable>true</executable>
         <run_address>0x75d0</run_address>
         <size>0x50</size>
         <alignment>0x4</alignment>
         <input_file_ref idref="fl-5"/>
      </object_component>
      <object_component id="oc-39b">
         <name>.text.DL_DMA_initChannel</name>
         <load_address>0x7620</load_address>
         <readonly>true</readonly>
         <executable>true</executable>
         <run_address>0x7620</run_address>
         <size>0x4c</size>
         <alignment>0x4</alignment>
         <input_file_ref idref="fl-23"/>
      </object_component>
      <object_component id="oc-30e">
         <name>.text.DL_UART_setBaudRateDivisor</name>
         <load_address>0x766c</load_address>
         <readonly>true</readonly>
         <executable>true</executable>
         <run_address>0x766c</run_address>
         <size>0x4c</size>
         <alignment>0x4</alignment>
         <input_file_ref idref="fl-2"/>
      </object_component>
      <object_component id="oc-182">
         <name>.text.Key2_GetNum</name>
         <load_address>0x76b8</load_address>
         <readonly>true</readonly>
         <executable>true</executable>
         <run_address>0x76b8</run_address>
         <size>0x4c</size>
         <alignment>0x4</alignment>
         <input_file_ref idref="fl-c"/>
      </object_component>
      <object_component id="oc-181">
         <name>.text.Key4_GetNum</name>
         <load_address>0x7704</load_address>
         <readonly>true</readonly>
         <executable>true</executable>
         <run_address>0x7704</run_address>
         <size>0x4c</size>
         <alignment>0x4</alignment>
         <input_file_ref idref="fl-c"/>
      </object_component>
      <object_component id="oc-10f">
         <name>.text.LineTrackingError</name>
         <load_address>0x7750</load_address>
         <readonly>true</readonly>
         <executable>true</executable>
         <run_address>0x7750</run_address>
         <size>0x4c</size>
         <alignment>0x4</alignment>
         <input_file_ref idref="fl-4"/>
      </object_component>
      <object_component id="oc-16f">
         <name>.text.Read_Ultrasonic</name>
         <load_address>0x779c</load_address>
         <readonly>true</readonly>
         <executable>true</executable>
         <run_address>0x779c</run_address>
         <size>0x4c</size>
         <alignment>0x4</alignment>
         <input_file_ref idref="fl-14"/>
      </object_component>
      <object_component id="oc-228">
         <name>.text.SYSCFG_DL_SYSCTL_init</name>
         <load_address>0x77e8</load_address>
         <readonly>true</readonly>
         <executable>true</executable>
         <run_address>0x77e8</run_address>
         <size>0x4c</size>
         <alignment>0x4</alignment>
         <input_file_ref idref="fl-2"/>
      </object_component>
      <object_component id="oc-231">
         <name>.text.SYSCFG_DL_UART_BT_init</name>
         <load_address>0x7834</load_address>
         <readonly>true</readonly>
         <executable>true</executable>
         <run_address>0x7834</run_address>
         <size>0x4c</size>
         <alignment>0x4</alignment>
         <input_file_ref idref="fl-2"/>
      </object_component>
      <object_component id="oc-48">
         <name>.text.TIMG0_IRQHandler</name>
         <load_address>0x7880</load_address>
         <readonly>true</readonly>
         <executable>true</executable>
         <run_address>0x7880</run_address>
         <size>0x4c</size>
         <alignment>0x4</alignment>
         <input_file_ref idref="fl-1"/>
      </object_component>
      <object_component id="oc-25f">
         <name>.text.__fixdfsi</name>
         <load_address>0x78cc</load_address>
         <readonly>true</readonly>
         <executable>true</executable>
         <run_address>0x78cc</run_address>
         <size>0x4a</size>
         <alignment>0x4</alignment>
         <input_file_ref idref="fl-112"/>
      </object_component>
      <object_component id="oc-89">
         <name>.text.BT_DAMConfig</name>
         <load_address>0x7918</load_address>
         <readonly>true</readonly>
         <executable>true</executable>
         <run_address>0x7918</run_address>
         <size>0x48</size>
         <alignment>0x4</alignment>
         <input_file_ref idref="fl-13"/>
      </object_component>
      <object_component id="oc-30c">
         <name>.text.DL_UART_init</name>
         <load_address>0x7960</load_address>
         <readonly>true</readonly>
         <executable>true</executable>
         <run_address>0x7960</run_address>
         <size>0x48</size>
         <alignment>0x4</alignment>
         <input_file_ref idref="fl-26"/>
      </object_component>
      <object_component id="oc-17f">
         <name>.text.Key3_GetNum</name>
         <load_address>0x79a8</load_address>
         <readonly>true</readonly>
         <executable>true</executable>
         <run_address>0x79a8</run_address>
         <size>0x48</size>
         <alignment>0x4</alignment>
         <input_file_ref idref="fl-c"/>
      </object_component>
      <object_component id="oc-43">
         <name>.text.UART2_IRQHandler</name>
         <load_address>0x79f0</load_address>
         <readonly>true</readonly>
         <executable>true</executable>
         <run_address>0x79f0</run_address>
         <size>0x48</size>
         <alignment>0x4</alignment>
         <input_file_ref idref="fl-13"/>
      </object_component>
      <object_component id="oc-338">
         <name>.text.dmp_enable_6x_lp_quat</name>
         <load_address>0x7a38</load_address>
         <readonly>true</readonly>
         <executable>true</executable>
         <run_address>0x7a38</run_address>
         <size>0x48</size>
         <alignment>0x4</alignment>
         <input_file_ref idref="fl-a"/>
      </object_component>
      <object_component id="oc-337">
         <name>.text.dmp_enable_lp_quat</name>
         <load_address>0x7a80</load_address>
         <readonly>true</readonly>
         <executable>true</executable>
         <run_address>0x7a80</run_address>
         <size>0x48</size>
         <alignment>0x4</alignment>
         <input_file_ref idref="fl-a"/>
      </object_component>
      <object_component id="oc-31c">
         <name>.text.mspm0_i2c_disable</name>
         <load_address>0x7ac8</load_address>
         <readonly>true</readonly>
         <executable>true</executable>
         <run_address>0x7ac8</run_address>
         <size>0x48</size>
         <alignment>0x4</alignment>
         <input_file_ref idref="fl-10"/>
      </object_component>
      <object_component id="oc-339">
         <name>.text.mspm0_i2c_disable</name>
         <load_address>0x7b10</load_address>
         <readonly>true</readonly>
         <executable>true</executable>
         <run_address>0x7b10</run_address>
         <size>0x48</size>
         <alignment>0x4</alignment>
         <input_file_ref idref="fl-11"/>
      </object_component>
      <object_component id="oc-112">
         <name>.text.CheckIsAllWhite</name>
         <load_address>0x7b58</load_address>
         <readonly>true</readonly>
         <executable>true</executable>
         <run_address>0x7b58</run_address>
         <size>0x44</size>
         <alignment>0x4</alignment>
         <input_file_ref idref="fl-4"/>
      </object_component>
      <object_component id="oc-2df">
         <name>.text.DL_SYSCTL_switchMCLKfromSYSOSCtoHSCLK</name>
         <load_address>0x7b9c</load_address>
         <readonly>true</readonly>
         <executable>true</executable>
         <run_address>0x7b9c</run_address>
         <size>0x44</size>
         <alignment>0x4</alignment>
         <input_file_ref idref="fl-27"/>
      </object_component>
      <object_component id="oc-334">
         <name>.text.dmp_set_shake_reject_thresh</name>
         <load_address>0x7be0</load_address>
         <readonly>true</readonly>
         <executable>true</executable>
         <run_address>0x7be0</run_address>
         <size>0x44</size>
         <alignment>0x2</alignment>
         <input_file_ref idref="fl-a"/>
      </object_component>
      <object_component id="oc-331">
         <name>.text.dmp_set_tap_count</name>
         <load_address>0x7c24</load_address>
         <readonly>true</readonly>
         <executable>true</executable>
         <run_address>0x7c24</run_address>
         <size>0x44</size>
         <alignment>0x2</alignment>
         <input_file_ref idref="fl-a"/>
      </object_component>
      <object_component id="oc-22d">
         <name>.text.SYSCFG_DL_TIMER_1_init</name>
         <load_address>0x7c68</load_address>
         <readonly>true</readonly>
         <executable>true</executable>
         <run_address>0x7c68</run_address>
         <size>0x40</size>
         <alignment>0x4</alignment>
         <input_file_ref idref="fl-2"/>
      </object_component>
      <object_component id="oc-266">
         <name>.text.__aeabi_uidivmod</name>
         <load_address>0x7ca8</load_address>
         <readonly>true</readonly>
         <executable>true</executable>
         <run_address>0x7ca8</run_address>
         <size>0x40</size>
         <alignment>0x4</alignment>
         <input_file_ref idref="fl-121"/>
      </object_component>
      <object_component id="oc-c8">
         <name>.text.__extendsfdf2</name>
         <load_address>0x7ce8</load_address>
         <readonly>true</readonly>
         <executable>true</executable>
         <run_address>0x7ce8</run_address>
         <size>0x40</size>
         <alignment>0x4</alignment>
         <input_file_ref idref="fl-111"/>
      </object_component>
      <object_component id="oc-375">
         <name>.text.atoi</name>
         <load_address>0x7d28</load_address>
         <readonly>true</readonly>
         <executable>true</executable>
         <run_address>0x7d28</run_address>
         <size>0x40</size>
         <alignment>0x4</alignment>
         <input_file_ref idref="fl-4d"/>
      </object_component>
      <object_component id="oc-247">
         <name>.text.inv_orientation_matrix_to_scalar</name>
         <load_address>0x7d68</load_address>
         <readonly>true</readonly>
         <executable>true</executable>
         <run_address>0x7d68</run_address>
         <size>0x3e</size>
         <alignment>0x2</alignment>
         <input_file_ref idref="fl-f"/>
      </object_component>
      <object_component id="oc-3a4">
         <name>.text.DL_GPIO_initPeripheralInputFunctionFeatures</name>
         <load_address>0x7da8</load_address>
         <readonly>true</readonly>
         <executable>true</executable>
         <run_address>0x7da8</run_address>
         <size>0x3c</size>
         <alignment>0x4</alignment>
         <input_file_ref idref="fl-10"/>
      </object_component>
      <object_component id="oc-3b8">
[...]
      </symbol>
      <symbol id="sm-582">
         <name>printf</name>
         <value>0x721d</value>
         <object_component_ref idref="oc-f4"/>
      </symbol>
      <symbol id="sm-5cb">
         <name>__TI_printfi</name>
         <value>0xc1</value>
         <object_component_ref idref="oc-2aa"/>
      </symbol>
      <symbol id="sm-5dc">
         <name>sprintf</name>
         <value>0x80ed</value>
         <object_component_ref idref="oc-179"/>
      </symbol>
      <symbol id="sm-5f6">
         <name>asin</name>
         <value>0x1a01</value>
         <object_component_ref idref="oc-cc"/>
      </symbol>
      <symbol id="sm-5f7">
         <name>asinl</name>
         <value>0x1a01</value>
         <object_component_ref idref="oc-cc"/>
      </symbol>
      <symbol id="sm-605">
         <name>atan2</name>
         <value>0x3a25</value>
         <object_component_ref idref="oc-da"/>
      </symbol>
      <symbol id="sm-606">
         <name>atan2l</name>
         <value>0x3a25</value>
         <object_component_ref idref="oc-da"/>
      </symbol>
      <symbol id="sm-610">
         <name>sqrt</name>
         <value>0x3ea5</value>
         <object_component_ref idref="oc-1d1"/>
      </symbol>
      <symbol id="sm-611">
         <name>sqrtl</name>
         <value>0x3ea5</value>
         <object_component_ref idref="oc-1d1"/>
      </symbol>
      <symbol id="sm-628">
         <name>atan</name>
         <value>0x1d65</value>
         <object_component_ref idref="oc-1e0"/>
      </symbol>
      <symbol id="sm-629">
         <name>atanl</name>
         <value>0x1d65</value>
         <object_component_ref idref="oc-1e0"/>
      </symbol>
      <symbol id="sm-633">
         <name>frexp</name>
         <value>0x7165</value>
         <object_component_ref idref="oc-3d2"/>
      </symbol>
      <symbol id="sm-634">
         <name>frexpl</name>
         <value>0x7165</value>
         <object_component_ref idref="oc-3d2"/>
      </symbol>
      <symbol id="sm-63e">
         <name>scalbn</name>
         <value>0x5945</value>
         <object_component_ref idref="oc-363"/>
      </symbol>
      <symbol id="sm-63f">
         <name>ldexp</name>
         <value>0x5945</value>
         <object_component_ref idref="oc-363"/>
      </symbol>
      <symbol id="sm-640">
         <name>scalbnl</name>
         <value>0x5945</value>
         <object_component_ref idref="oc-363"/>
      </symbol>
      <symbol id="sm-641">
         <name>ldexpl</name>
         <value>0x5945</value>
         <object_component_ref idref="oc-363"/>
      </symbol>
      <symbol id="sm-64a">
         <name>wcslen</name>
         <value>0x9205</value>
         <object_component_ref idref="oc-379"/>
      </symbol>
      <symbol id="sm-655">
         <name>__aeabi_errno_addr</name>
         <value>0x9349</value>
         <object_component_ref idref="oc-1c2"/>
      </symbol>
      <symbol id="sm-656">
         <name>__aeabi_errno</name>
         <value>0x202005a8</value>
         <object_component_ref idref="oc-283"/>
      </symbol>
      <symbol id="sm-65f">
         <name>_nop</name>
         <value>0x6263</value>
         <object_component_ref idref="oc-2ab"/>
      </symbol>
      <symbol id="sm-660">
         <name>_lock</name>
         <value>0x202005ac</value>
         <object_component_ref idref="oc-1f5"/>
      </symbol>
      <symbol id="sm-661">
         <name>_unlock</name>
         <value>0x202005b0</value>
         <object_component_ref idref="oc-1fb"/>
      </symbol>
      <symbol id="sm-66a">
         <name>__TI_ltoa</name>
         <value>0x7329</value>
         <object_component_ref idref="oc-3d6"/>
      </symbol>
      <symbol id="sm-674">
         <name>atof</name>
         <value>0x930d</value>
         <object_component_ref idref="oc-1e9"/>
      </symbol>
      <symbol id="sm-67e">
         <name>atoi</name>
         <value>0x7d29</value>
         <object_component_ref idref="oc-375"/>
      </symbol>
      <symbol id="sm-683">
         <name>_ftable</name>
         <value>0x202003a4</value>
         <object_component_ref idref="oc-1f7"/>
      </symbol>
      <symbol id="sm-68c">
         <name>memccpy</name>
         <value>0x87f9</value>
         <object_component_ref idref="oc-36e"/>
      </symbol>
      <symbol id="sm-695">
         <name>memcmp</name>
         <value>0x889d</value>
         <object_component_ref idref="oc-3a8"/>
      </symbol>
      <symbol id="sm-69f">
         <name>strlen</name>
         <value>0x9231</value>
         <object_component_ref idref="oc-38a"/>
      </symbol>
      <symbol id="sm-6b4">
         <name>strtod</name>
         <value>0xf39</value>
         <object_component_ref idref="oc-29a"/>
      </symbol>
      <symbol id="sm-6b5">
         <name>strtold</name>
         <value>0xf39</value>
         <object_component_ref idref="oc-29a"/>
      </symbol>
      <symbol id="sm-6c0">
         <name>_c_int00_noargs</name>
         <value>0x86cd</value>
         <object_component_ref idref="oc-64"/>
      </symbol>
      <symbol id="sm-6c1">
         <name>__stack</name>
         <value>0x20207e00</value>
         <object_component_ref idref="oc-1a"/>
      </symbol>
      <symbol id="sm-6d0">
         <name>__TI_auto_init_nobinit_nopinit</name>
         <value>0x8001</value>
         <object_component_ref idref="oc-19c"/>
      </symbol>
      <symbol id="sm-6d8">
         <name>_system_pre_init</name>
         <value>0x93a9</value>
         <object_component_ref idref="oc-a0"/>
      </symbol>
      <symbol id="sm-6e3">
         <name>__TI_zero_init_nomemset</name>
         <value>0x8fbd</value>
         <object_component_ref idref="oc-5b"/>
      </symbol>
      <symbol id="sm-6ec">
         <name>__TI_decompress_none</name>
         <value>0x9183</value>
         <object_component_ref idref="oc-20"/>
      </symbol>
      <symbol id="sm-6f7">
         <name>__TI_decompress_lzss</name>
         <value>0x69ad</value>
         <object_component_ref idref="oc-1c"/>
      </symbol>
      <symbol id="sm-6f9">
         <name>__aeabi_ctype_table_</name>
         <value>0xa7c0</value>
         <object_component_ref idref="oc-367"/>
      </symbol>
      <symbol id="sm-6fa">
         <name>__aeabi_ctype_table_C</name>
         <value>0xa7c0</value>
         <object_component_ref idref="oc-367"/>
      </symbol>
      <symbol id="sm-704">
         <name>abort</name>
         <value>0x9387</value>
         <object_component_ref idref="oc-195"/>
      </symbol>
      <symbol id="sm-70d">
         <name>HOSTexit</name>
         <value>0x938d</value>
         <object_component_ref idref="oc-26f"/>
      </symbol>
      <symbol id="sm-70e">
         <name>C$$EXIT</name>
         <value>0x938c</value>
         <object_component_ref idref="oc-26f"/>
      </symbol>
      <symbol id="sm-71e">
         <name>__aeabi_fadd</name>
         <value>0x5a27</value>
         <object_component_ref idref="oc-c4"/>
      </symbol>
      <symbol id="sm-71f">
         <name>__addsf3</name>
         <value>0x5a27</value>
         <object_component_ref idref="oc-c4"/>
      </symbol>
      <symbol id="sm-720">
         <name>__aeabi_fsub</name>
         <value>0x5a1d</value>
         <object_component_ref idref="oc-c4"/>
      </symbol>
      <symbol id="sm-721">
         <name>__subsf3</name>
         <value>0x5a1d</value>
         <object_component_ref idref="oc-c4"/>
      </symbol>
      <symbol id="sm-727">
         <name>__aeabi_dadd</name>
         <value>0x370f</value>
         <object_component_ref idref="oc-1c7"/>
      </symbol>
      <symbol id="sm-728">
         <name>__adddf3</name>
         <value>0x370f</value>
         <object_component_ref idref="oc-1c7"/>
      </symbol>
      <symbol id="sm-729">
         <name>__aeabi_dsub</name>
         <value>0x3705</value>
         <object_component_ref idref="oc-1c7"/>
      </symbol>
      <symbol id="sm-72a">
         <name>__subdf3</name>
         <value>0x3705</value>
         <object_component_ref idref="oc-1c7"/>
      </symbol>
      <symbol id="sm-736">
         <name>__aeabi_dmul</name>
         <value>0x55c5</value>
         <object_component_ref idref="oc-d2"/>
      </symbol>
      <symbol id="sm-737">
         <name>__muldf3</name>
         <value>0x55c5</value>
         <object_component_ref idref="oc-d2"/>
      </symbol>
      <symbol id="sm-740">
         <name>__muldsi3</name>
         <value>0x8079</value>
         <object_component_ref idref="oc-1bb"/>
      </symbol>
      <symbol id="sm-746">
         <name>__aeabi_fmul</name>
         <value>0x6685</value>
         <object_component_ref idref="oc-c0"/>
      </symbol>
      <symbol id="sm-747">
         <name>__mulsf3</name>
         <value>0x6685</value>
         <object_component_ref idref="oc-c0"/>
      </symbol>
      <symbol id="sm-74d">
         <name>__aeabi_fdiv</name>
         <value>0x6929</value>
         <object_component_ref idref="oc-bc"/>
      </symbol>
      <symbol id="sm-74e">
         <name>__divsf3</name>
         <value>0x6929</value>
         <object_component_ref idref="oc-bc"/>
      </symbol>
      <symbol id="sm-754">
         <name>__aeabi_ddiv</name>
         <value>0x4de9</value>
         <object_component_ref idref="oc-1d8"/>
      </symbol>
      <symbol id="sm-755">
         <name>__divdf3</name>
         <value>0x4de9</value>
         <object_component_ref idref="oc-1d8"/>
      </symbol>
      <symbol id="sm-75e">
         <name>__aeabi_f2d</name>
         <value>0x7ce9</value>
         <object_component_ref idref="oc-c8"/>
      </symbol>
      <symbol id="sm-75f">
         <name>__extendsfdf2</name>
         <value>0x7ce9</value>
         <object_component_ref idref="oc-c8"/>
      </symbol>
      <symbol id="sm-765">
         <name>__aeabi_d2iz</name>
         <value>0x78cd</value>
         <object_component_ref idref="oc-25f"/>
      </symbol>
      <symbol id="sm-766">
         <name>__fixdfsi</name>
         <value>0x78cd</value>
         <object_component_ref idref="oc-25f"/>
      </symbol>
      <symbol id="sm-76c">
         <name>__aeabi_f2iz</name>
         <value>0x80b5</value>
         <object_component_ref idref="oc-f0"/>
      </symbol>
      <symbol id="sm-76d">
         <name>__fixsfsi</name>
         <value>0x80b5</value>
         <object_component_ref idref="oc-f0"/>
      </symbol>
      <symbol id="sm-773">
         <name>__aeabi_f2uiz</name>
         <value>0x8229</value>
         <object_component_ref idref="oc-174"/>
      </symbol>
      <symbol id="sm-774">
         <name>__fixunssfsi</name>
         <value>0x8229</value>
         <object_component_ref idref="oc-174"/>
      </symbol>
      <symbol id="sm-77a">
         <name>__aeabi_i2d</name>
         <value>0x8491</value>
         <object_component_ref idref="oc-3da"/>
      </symbol>
      <symbol id="sm-77b">
         <name>__floatsidf</name>
         <value>0x8491</value>
         <object_component_ref idref="oc-3da"/>
      </symbol>
      <symbol id="sm-781">
         <name>__aeabi_i2f</name>
         <value>0x7f89</value>
         <object_component_ref idref="oc-b8"/>
      </symbol>
      <symbol id="sm-782">
         <name>__floatsisf</name>
         <value>0x7f89</value>
         <object_component_ref idref="oc-b8"/>
      </symbol>
      <symbol id="sm-788">
         <name>__aeabi_ui2d</name>
         <value>0x87b1</value>
         <object_component_ref idref="oc-25b"/>
      </symbol>
      <symbol id="sm-789">
         <name>__floatunsidf</name>
         <value>0x87b1</value>
         <object_component_ref idref="oc-25b"/>
      </symbol>
      <symbol id="sm-78f">
         <name>__aeabi_ui2f</name>
         <value>0x86a5</value>
         <object_component_ref idref="oc-3ac"/>
      </symbol>
      <symbol id="sm-790">
         <name>__floatunsisf</name>
         <value>0x86a5</value>
         <object_component_ref idref="oc-3ac"/>
      </symbol>
      <symbol id="sm-796">
         <name>__aeabi_lmul</name>
         <value>0x87d5</value>
         <object_component_ref idref="oc-37d"/>
      </symbol>
      <symbol id="sm-797">
         <name>__muldi3</name>
         <value>0x87d5</value>
         <object_component_ref idref="oc-37d"/>
      </symbol>
      <symbol id="sm-79e">
         <name>__aeabi_d2f</name>
         <value>0x6aa1</value>
         <object_component_ref idref="oc-d6"/>
      </symbol>
      <symbol id="sm-79f">
         <name>__truncdfsf2</name>
         <value>0x6aa1</value>
         <object_component_ref idref="oc-d6"/>
      </symbol>
      <symbol id="sm-7a5">
         <name>__aeabi_dcmpeq</name>
         <value>0x6e65</value>
         <object_component_ref idref="oc-1cb"/>
      </symbol>
      <symbol id="sm-7a6">
         <name>__aeabi_dcmplt</name>
         <value>0x6e79</value>
         <object_component_ref idref="oc-1cb"/>
      </symbol>
      <symbol id="sm-7a7">
         <name>__aeabi_dcmple</name>
         <value>0x6e8d</value>
         <object_component_ref idref="oc-1cb"/>
      </symbol>
      <symbol id="sm-7a8">
         <name>__aeabi_dcmpge</name>
         <value>0x6ea1</value>
         <object_component_ref idref="oc-1cb"/>
      </symbol>
      <symbol id="sm-7a9">
         <name>__aeabi_dcmpgt</name>
         <value>0x6eb5</value>
         <object_component_ref idref="oc-1cb"/>
      </symbol>
      <symbol id="sm-7b2">
         <name>__aeabi_fcmpeq</name>
         <value>0x6ec9</value>
         <object_component_ref idref="oc-113"/>
      </symbol>
      <symbol id="sm-7b3">
         <name>__aeabi_fcmplt</name>
         <value>0x6edd</value>
         <object_component_ref idref="oc-113"/>
      </symbol>
      <symbol id="sm-7b4">
         <name>__aeabi_fcmple</name>
         <value>0x6ef1</value>
         <object_component_ref idref="oc-113"/>
      </symbol>
      <symbol id="sm-7b5">
         <name>__aeabi_fcmpge</name>
         <value>0x6f05</value>
         <object_component_ref idref="oc-113"/>
      </symbol>
      <symbol id="sm-7b6">
         <name>__aeabi_fcmpgt</name>
         <value>0x6f19</value>
         <object_component_ref idref="oc-113"/>
      </symbol>
      <symbol id="sm-7bc">
         <name>__aeabi_idiv</name>
         <value>0x7431</value>
         <object_component_ref idref="oc-3b0"/>
      </symbol>
      <symbol id="sm-7bd">
         <name>__aeabi_idivmod</name>
         <value>0x7431</value>
         <object_component_ref idref="oc-3b0"/>
      </symbol>
      <symbol id="sm-7c3">
         <name>__aeabi_memcpy</name>
         <value>0x9351</value>
         <object_component_ref idref="oc-54"/>
      </symbol>
      <symbol id="sm-7c4">
         <name>__aeabi_memcpy4</name>
         <value>0x9351</value>
         <object_component_ref idref="oc-54"/>
      </symbol>
      <symbol id="sm-7c5">
         <name>__aeabi_memcpy8</name>
         <value>0x9351</value>
         <object_component_ref idref="oc-54"/>
      </symbol>
      <symbol id="sm-7ce">
         <name>__aeabi_memset</name>
         <value>0x9215</value>
         <object_component_ref idref="oc-36d"/>
      </symbol>
      <symbol id="sm-7cf">
         <name>__aeabi_memset4</name>
         <value>0x9215</value>
         <object_component_ref idref="oc-36d"/>
      </symbol>
      <symbol id="sm-7d0">
         <name>__aeabi_memset8</name>
         <value>0x9215</value>
         <object_component_ref idref="oc-36d"/>
      </symbol>
      <symbol id="sm-7d1">
         <name>__aeabi_memclr</name>
         <value>0x9275</value>
         <object_component_ref idref="oc-9b"/>
      </symbol>
      <symbol id="sm-7d2">
         <name>__aeabi_memclr4</name>
         <value>0x9275</value>
         <object_component_ref idref="oc-9b"/>
      </symbol>
      <symbol id="sm-7d3">
         <name>__aeabi_memclr8</name>
         <value>0x9275</value>
         <object_component_ref idref="oc-9b"/>
      </symbol>
      <symbol id="sm-7d9">
         <name>__aeabi_uidiv</name>
         <value>0x7ca9</value>
         <object_component_ref idref="oc-266"/>
      </symbol>
      <symbol id="sm-7da">
         <name>__aeabi_uidivmod</name>
         <value>0x7ca9</value>
         <object_component_ref idref="oc-266"/>
      </symbol>
      <symbol id="sm-7e0">
         <name>__aeabi_uldivmod</name>
         <value>0x90d9</value>
         <object_component_ref idref="oc-382"/>
      </symbol>
      <symbol id="sm-7e9">
         <name>__eqsf2</name>
         <value>0x803d</value>
         <object_component_ref idref="oc-207"/>
      </symbol>
      <symbol id="sm-7ea">
         <name>__lesf2</name>
         <value>0x803d</value>
         <object_component_ref idref="oc-207"/>
      </symbol>
      <symbol id="sm-7eb">
         <name>__ltsf2</name>
         <value>0x803d</value>
         <object_component_ref idref="oc-207"/>
      </symbol>
      <symbol id="sm-7ec">
         <name>__nesf2</name>
         <value>0x803d</value>
         <object_component_ref idref="oc-207"/>
      </symbol>
      <symbol id="sm-7ed">
         <name>__cmpsf2</name>
         <value>0x803d</value>
         <object_component_ref idref="oc-207"/>
      </symbol>
      <symbol id="sm-7ee">
         <name>__gtsf2</name>
         <value>0x7fc5</value>
         <object_component_ref idref="oc-20c"/>
      </symbol>
      <symbol id="sm-7ef">
         <name>__gesf2</name>
         <value>0x7fc5</value>
         <object_component_ref idref="oc-20c"/>
      </symbol>
      <symbol id="sm-7f5">
         <name>__udivmoddi4</name>
         <value>0x61c1</value>
         <object_component_ref idref="oc-3cd"/>
      </symbol>
      <symbol id="sm-7fb">
         <name>__aeabi_llsl</name>
         <value>0x88fd</value>
         <object_component_ref idref="oc-3f1"/>
      </symbol>
      <symbol id="sm-7fc">
         <name>__ashldi3</name>
         <value>0x88fd</value>
         <object_component_ref idref="oc-3f1"/>
      </symbol>
      <symbol id="sm-80a">
         <name>__ledf2</name>
         <value>0x6ccd</value>
         <object_component_ref idref="oc-288"/>
      </symbol>
      <symbol id="sm-80b">
         <name>__gedf2</name>
         <value>0x6a29</value>
         <object_component_ref idref="oc-28e"/>
      </symbol>
      <symbol id="sm-80c">
         <name>__cmpdf2</name>
         <value>0x6ccd</value>
         <object_component_ref idref="oc-288"/>
      </symbol>
      <symbol id="sm-80d">
         <name>__eqdf2</name>
         <value>0x6ccd</value>
         <object_component_ref idref="oc-288"/>
      </symbol>
      <symbol id="sm-80e">
         <name>__ltdf2</name>
         <value>0x6ccd</value>
         <object_component_ref idref="oc-288"/>
      </symbol>
      <symbol id="sm-80f">
         <name>__nedf2</name>
         <value>0x6ccd</value>
         <object_component_ref idref="oc-288"/>
      </symbol>
      <symbol id="sm-810">
         <name>__gtdf2</name>
         <value>0x6a29</value>
         <object_component_ref idref="oc-28e"/>
      </symbol>
      <symbol id="sm-81d">
         <name>__aeabi_idiv0</name>
         <value>0x3897</value>
         <object_component_ref idref="oc-349"/>
      </symbol>
      <symbol id="sm-81e">
         <name>__aeabi_ldiv0</name>
         <value>0x53ef</value>
         <object_component_ref idref="oc-3f0"/>
      </symbol>
      <symbol id="sm-827">
         <name>TI_memcpy_small</name>
         <value>0x9171</value>
         <object_component_ref idref="oc-156"/>
      </symbol>
      <symbol id="sm-830">
         <name>TI_memset_small</name>
         <value>0x924d</value>
         <object_component_ref idref="oc-220"/>
      </symbol>
      <symbol id="sm-831">
         <name>__TI_static_base__</name>
         <value>0x0</value>
      </symbol>
      <symbol id="sm-835">
         <name>__mpu_init</name>
         <value>0x0</value>
      </symbol>
      <symbol id="sm-836">
         <name>_system_post_cinit</name>
         <value>0x0</value>
      </symbol>
   </symbol_table>
   <title>Link successful</title>
</link_info>
