******************************************************************************
            TI ARM Clang Linker PC v4.0.3                      
******************************************************************************
>> Linked Fri Jun  5 23:37:10 2026

OUTPUT FILE NAME:   <empty_LP_MSPM0G3507_nortos_ticlang.out>
ENTRY POINT SYMBOL: "_c_int00_noargs"  address: 00003ce1


MEMORY CONFIGURATION

         name            origin    length      used     unused   attr    fill
----------------------  --------  ---------  --------  --------  ----  --------
  FLASH                 00000000   00020000  00004fe0  0001b020  R  X
  SRAM                  20200000   00008000  0000062b  000079d5  RW X
  BCR_CONFIG            41c00000   000000ff  00000000  000000ff  R   
  BSL_CONFIG            41c00100   00000080  00000000  00000080  R   


SEGMENT ALLOCATION MAP

run origin  load origin   length   init length attrs members
----------  ----------- ---------- ----------- ----- -------
00000000    00000000    00004fe0   00004fe0    r-x
  00000000    00000000    000000c0   000000c0    r-- .intvecs
  000000c0    000000c0    00004560   00004560    r-x .text
  00004620    00004620    00000958   00000958    r-- .rodata
  00004f78    00004f78    00000068   00000068    r-- .cinit
20200000    20200000    0000042b   00000000    rw-
  20200000    20200000    000002c8   00000000    rw- .bss
  202002c8    202002c8    00000163   00000000    rw- .data
20207e00    20207e00    00000200   00000000    rw-
  20207e00    20207e00    00000200   00000000    rw- .stack


SECTION ALLOCATION MAP

 output                                  attributes/
section   page    origin      length       input sections
--------  ----  ----------  ----------   ----------------
.intvecs   0    00000000    000000c0     
                  00000000    000000c0     startup_mspm0g350x_ticlang.o (.intvecs)

.text      0    000000c0    00004560     
                  000000c0    00000a48     libc.a : e_pow.c.obj (.text.pow)
                  00000b08    00000284            : _printfi.c.obj (.text:__TI_printfi_minimal)
                  00000d8c    00000274     empty.o (.text.TIMG0_IRQHandler)
                  00001000    0000020c     ti_msp_dl_config.o (.text.SYSCFG_DL_GPIO_init)
                  0000120c    000001d0     uart_callback.o (.text.bt_control)
                  000013dc    00000192     libclang_rt.builtins.a : adddf3.S.obj (.text.adddf3_subdf3)
                  0000156e    00000002                            : aeabi_div0.c.obj (.text.__aeabi_idiv0)
                  00001570    00000170     encoder.o (.text.GROUP1_IRQHandler)
                  000016e0    00000170     libc.a : e_sqrt.c.obj (.text.sqrt)
                  00001850    00000164     empty.o (.text.main)
                  000019b4    00000134     control.o (.text.Get_Velocity_From_Encoder)
                  00001ae8    00000118     oled_hardware_i2c.o (.text.OLED_ShowChar)
                  00001c00    00000110     oled_hardware_i2c.o (.text.OLED_Init)
                  00001d10    0000010c     motor.o (.text.Set_PWM)
                  00001e1c    0000010c     libclang_rt.builtins.a : divdf3.S.obj (.text.__divdf3)
                  00001f28    00000104     driverlib.a : dl_timer.o (.text.DL_Timer_initFourCCPWMMode)
                  0000202c    000000f6     oled_hardware_i2c.o (.text.OLED_ShowNum)
                  00002122    00000002     libc.a : _lock.c.obj (.text._nop)
                  00002124    000000e8     driverlib.a : dl_timer.o (.text.DL_Timer_initTimerMode)
                  0000220c    000000e4     libclang_rt.builtins.a : muldf3.S.obj (.text.__muldf3)
                  000022f0    000000dc     uart_callback.o (.text.BTBufferHandler)
                  000023cc    000000dc     driverlib.a : dl_sysctl_mspm0g1x0x_g3x0x.o (.text.DL_SYSCTL_configSYSPLL)
                  000024a8    000000d8     libc.a : s_scalbn.c.obj (.text.scalbn)
                  00002580    000000d8     libclang_rt.builtins.a : addsf3.S.obj (.text)
                  00002658    000000c8     show.o (.text.APP_Show)
                  00002720    000000c4     ti_msp_dl_config.o (.text.SYSCFG_DL_initPower)
                  000027e4    000000a0     HX_X17.o (.text.sensortrack)
                  00002884    00000098     oled_hardware_i2c.o (.text.OLED_WR_Byte)
                  0000291c    00000090     board.o (.text.delay_us)
                  000029ac    0000008c     ti_msp_dl_config.o (.text.SYSCFG_DL_PWM_0_init)
                  00002a38    0000008c     libclang_rt.builtins.a : mulsf3.S.obj (.text.__mulsf3)
                  00002ac4    00000084     control.o (.text.Incremental_PI_Left)
                  00002b48    00000084     control.o (.text.Incremental_PI_Right)
                  00002bcc    00000084     ti_msp_dl_config.o (.text.__NVIC_SetPriority)
                  00002c50    00000082     libclang_rt.builtins.a : divsf3.S.obj (.text.__divsf3)
                  00002cd2    00000002     --HOLE-- [fill = 0]
                  00002cd4    0000007c     libc.a : copy_decompress_lzss.c.obj (.text:decompress:lzss)
                  00002d50    00000074     libclang_rt.builtins.a : comparedf2.c.obj (.text.__gedf2)
                  00002dc4    0000000c     ti_msp_dl_config.o (.text.SYSCFG_DL_DMA_init)
                  00002dd0    00000074     libclang_rt.builtins.a : truncdfsf2.S.obj (.text.__truncdfsf2)
                  00002e44    00000070     oled_hardware_i2c.o (.text.OLED_ShowString)
                  00002eb4    0000006a     oled_hardware_i2c.o (.text.OLED_Clear)
                  00002f1e    00000002     --HOLE-- [fill = 0]
                  00002f20    00000068     ti_msp_dl_config.o (.text.SYSCFG_DL_PWM_1_init)
                  00002f88    00000068     ti_msp_dl_config.o (.text.SYSCFG_DL_UART_JY61P_init)
                  00002ff0    00000068     libclang_rt.builtins.a : comparedf2.c.obj (.text.__ledf2)
                  00003058    00000062                            : aeabi_dcmp.S.obj (.text.__aeabi_dcmp)
                  000030ba    00000002     --HOLE-- [fill = 0]
                  000030bc    00000060     oled_hardware_i2c.o (.text.oled_i2c_sda_unlock)
                  0000311c    0000005e     driverlib.a : dl_i2c.o (.text.DL_I2C_fillControllerTXFIFO)
                  0000317a    00000002     --HOLE-- [fill = 0]
                  0000317c    0000005c     ti_msp_dl_config.o (.text.SYSCFG_DL_UART_0_init)
                  000031d8    0000005c     libc.a : printf.c.obj (.text.printf)
                  00003234    00000058     ti_msp_dl_config.o (.text.SYSCFG_DL_OLED_init)
                  0000328c    00000058     oled_hardware_i2c.o (.text.mspm0_i2c_enable)
                  000032e4    00000050     oled_hardware_i2c.o (.text.DL_I2C_startControllerTransfer)
                  00003334    00000050     board.o (.text.fputs)
                  00003384    0000004c     driverlib.a : dl_dma.o (.text.DL_DMA_initChannel)
                  000033d0    0000004c     ti_msp_dl_config.o (.text.DL_UART_setBaudRateDivisor)
                  0000341c    0000004c     ti_msp_dl_config.o (.text.SYSCFG_DL_SYSCTL_init)
                  00003468    0000004c     ti_msp_dl_config.o (.text.SYSCFG_DL_UART_BT_init)
                  000034b4    0000004c     ti_msp_dl_config.o (.text.SYSCFG_DL_init)
                  00003500    00000048     uart_callback.o (.text.BT_DAMConfig)
                  00003548    00000048     driverlib.a : dl_uart.o (.text.DL_UART_init)
                  00003590    00000048     uart_callback.o (.text.UART2_IRQHandler)
                  000035d8    00000048     oled_hardware_i2c.o (.text.mspm0_i2c_disable)
                  00003620    00000044     driverlib.a : dl_sysctl_mspm0g1x0x_g3x0x.o (.text.DL_SYSCTL_switchMCLKfromSYSOSCtoHSCLK)
                  00003664    00000040     ti_msp_dl_config.o (.text.SYSCFG_DL_TIMER_1_init)
                  000036a4    00000040     libclang_rt.builtins.a : aeabi_uidivmod.S.obj (.text.__aeabi_uidivmod)
                  000036e4    00000040                            : extendsfdf2.S.obj (.text.__extendsfdf2)
                  00003724    0000003c     oled_hardware_i2c.o (.text.DL_GPIO_initPeripheralInputFunctionFeatures)
                  00003760    0000003c     ti_msp_dl_config.o (.text.DL_GPIO_initPeripheralInputFunctionFeatures)
                  0000379c    0000003c     ti_msp_dl_config.o (.text.DL_Timer_setCounterControl)
                  000037d8    0000003c     oled_hardware_i2c.o (.text.OLED_Set_Pos)
                  00003814    0000003c     ti_msp_dl_config.o (.text.SYSCFG_DL_TIMER_0_init)
                  00003850    0000003c     libclang_rt.builtins.a : floatsisf.S.obj (.text.__floatsisf)
                  0000388c    0000003c     libc.a : autoinit.c.obj (.text:__TI_auto_init_nobinit_nopinit)
                  000038c8    0000003a     libclang_rt.builtins.a : muldsi3.S.obj (.text.__muldsi3)
                  00003902    00000002     --HOLE-- [fill = 0]
                  00003904    00000038                            : fixsfsi.S.obj (.text.__fixsfsi)
                  0000393c    00000034     oled_hardware_i2c.o (.text.DL_GPIO_initDigitalInputFeatures)
                  00003970    00000034     ti_msp_dl_config.o (.text.DL_GPIO_initDigitalInputFeatures)
                  000039a4    00000034     motor.o (.text.limit_PWM)
                  000039d8    00000032     libclang_rt.builtins.a : fixunssfsi.S.obj (.text.__fixunssfsi)
                  00003a0a    00000002     --HOLE-- [fill = 0]
                  00003a0c    00000030     uart_callback.o (.text.DL_DMA_setTransferSize)
                  00003a3c    00000030     board.o (.text.delay_ms)
                  00003a6c    00000030     oled_hardware_i2c.o (.text.oled_pow)
                  00003a9c    0000002c     empty.o (.text.__NVIC_ClearPendingIRQ)
                  00003ac8    0000002c     empty.o (.text.__NVIC_EnableIRQ)
                  00003af4    0000002c     libclang_rt.builtins.a : floatsidf.S.obj (.text.__floatsidf)
                  00003b20    0000002c     board.o (.text.fputc)
                  00003b4c    0000002c     board.o (.text.mspm0_get_clock_ms)
                  00003b78    00000028     oled_hardware_i2c.o (.text.DL_Common_updateReg)
                  00003ba0    00000028     ti_msp_dl_config.o (.text.DL_Common_updateReg)
                  00003bc8    00000028     uart_callback.o (.text.DL_DMA_setDestAddr)
                  00003bf0    00000028     uart_callback.o (.text.DL_DMA_setSrcAddr)
                  00003c18    00000028     ti_msp_dl_config.o (.text.DL_I2C_setControllerRXFIFOThreshold)
                  00003c40    00000028     ti_msp_dl_config.o (.text.DL_I2C_setControllerTXFIFOThreshold)
                  00003c68    00000028     ti_msp_dl_config.o (.text.DL_SYSTICK_init)
                  00003c90    00000028     ti_msp_dl_config.o (.text.DL_UART_setRXFIFOThreshold)
                  00003cb8    00000028     ti_msp_dl_config.o (.text.DL_UART_setTXFIFOThreshold)
                  00003ce0    00000028     libc.a : boot_cortex_m.c.obj (.text:_c_int00_noargs)
                  00003d08    00000026     uart_callback.o (.text.DL_DMA_disableChannel)
                  00003d2e    00000026     uart_callback.o (.text.DL_DMA_enableChannel)
                  00003d54    00000026     ti_msp_dl_config.o (.text.DL_I2C_setAnalogGlitchFilterPulseWidth)
                  00003d7a    00000026     driverlib.a : dl_i2c.o (.text.DL_I2C_setClockConfig)
                  00003da0    00000024     uart_callback.o (.text.DL_DMA_getTransferSize)
                  00003dc4    00000024     ti_msp_dl_config.o (.text.DL_UART_setRXInterruptTimeout)
                  00003de8    00000022     libc.a : memccpy.c.obj (.text.memccpy)
                  00003e0a    00000002     --HOLE-- [fill = 0]
                  00003e0c    00000020     ti_msp_dl_config.o (.text.DL_GPIO_initPeripheralInputFunction)
                  00003e2c    00000020     ti_msp_dl_config.o (.text.DL_SYSCTL_setFlashWaitState)
                  00003e4c    00000020     driverlib.a : dl_uart.o (.text.DL_UART_transmitDataBlocking)
                  00003e6c    00000020     empty.o (.text.TIMG8_IRQHandler)
                  00003e8c    0000001e     ti_msp_dl_config.o (.text.DL_UART_setOversampling)
                  00003eaa    00000002     --HOLE-- [fill = 0]
                  00003eac    0000001c     encoder.o (.text.DL_GPIO_clearInterruptStatus)
                  00003ec8    0000001c     ti_msp_dl_config.o (.text.DL_GPIO_clearInterruptStatus)
                  00003ee4    0000001c     oled_hardware_i2c.o (.text.DL_GPIO_enableHiZ)
                  00003f00    0000001c     ti_msp_dl_config.o (.text.DL_GPIO_enableHiZ)
                  00003f1c    0000001c     ti_msp_dl_config.o (.text.DL_GPIO_enableInterrupt)
                  00003f38    0000001c     ti_msp_dl_config.o (.text.DL_GPIO_initPeripheralOutputFunction)
                  00003f54    0000001c     oled_hardware_i2c.o (.text.DL_I2C_getSDAStatus)
                  00003f70    0000001c     ti_msp_dl_config.o (.text.DL_SYSCTL_setSYSOSCFreq)
                  00003f8c    0000001c     ti_msp_dl_config.o (.text.DL_SYSCTL_setULPCLKDivider)
                  00003fa8    0000001c     ti_msp_dl_config.o (.text.DL_Timer_enableInterrupt)
                  00003fc4    0000001c     driverlib.a : dl_timer.o (.text.DL_Timer_setCaptCompUpdateMethod)
                  00003fe0    0000001c                 : dl_timer.o (.text.DL_Timer_setClockConfig)
                  00003ffc    0000001c     ti_msp_dl_config.o (.text.DL_UART_enableInterrupt)
                  00004018    00000018     oled_hardware_i2c.o (.text.DL_GPIO_enableOutput)
                  00004030    00000018     ti_msp_dl_config.o (.text.DL_GPIO_enableOutput)
                  00004048    00000018     ti_msp_dl_config.o (.text.DL_GPIO_enablePower)
                  00004060    00000018     encoder.o (.text.DL_GPIO_getEnabledInterruptStatus)
                  00004078    00000018     oled_hardware_i2c.o (.text.DL_GPIO_initDigitalOutput)
                  00004090    00000018     ti_msp_dl_config.o (.text.DL_GPIO_initDigitalOutput)
                  000040a8    00000018     ti_msp_dl_config.o (.text.DL_GPIO_reset)
                  000040c0    00000018     motor.o (.text.DL_GPIO_setPins)
                  000040d8    00000018     oled_hardware_i2c.o (.text.DL_GPIO_setPins)
                  000040f0    00000018     ti_msp_dl_config.o (.text.DL_GPIO_setUpperPinsPolarity)
                  00004108    00000018     oled_hardware_i2c.o (.text.DL_I2C_clearInterruptStatus)
                  00004120    00000018     ti_msp_dl_config.o (.text.DL_I2C_enableAnalogGlitchFilter)
                  00004138    00000018     ti_msp_dl_config.o (.text.DL_I2C_enableController)
                  00004150    00000018     ti_msp_dl_config.o (.text.DL_I2C_enableControllerClockStretching)
                  00004168    00000018     oled_hardware_i2c.o (.text.DL_I2C_enablePower)
                  00004180    00000018     ti_msp_dl_config.o (.text.DL_I2C_enablePower)
                  00004198    00000018     oled_hardware_i2c.o (.text.DL_I2C_getRawInterruptStatus)
                  000041b0    00000018     oled_hardware_i2c.o (.text.DL_I2C_reset)
                  000041c8    00000018     ti_msp_dl_config.o (.text.DL_I2C_reset)
                  000041e0    00000018     ti_msp_dl_config.o (.text.DL_I2C_setTimerPeriod)
                  000041f8    00000018     ti_msp_dl_config.o (.text.DL_SYSCTL_setBORThreshold)
                  00004210    00000018     ti_msp_dl_config.o (.text.DL_Timer_enablePower)
                  00004228    00000018     ti_msp_dl_config.o (.text.DL_Timer_reset)
                  00004240    00000018     driverlib.a : dl_timer.o (.text.DL_Timer_setCaptureCompareOutCtl)
                  00004258    00000018     empty.o (.text.DL_Timer_startCounter)
                  00004270    00000018     ti_msp_dl_config.o (.text.DL_UART_enableDMAReceiveEvent)
                  00004288    00000018     ti_msp_dl_config.o (.text.DL_UART_enableFIFOs)
                  000042a0    00000018     ti_msp_dl_config.o (.text.DL_UART_enablePower)
                  000042b8    00000018     board.o (.text.DL_UART_isBusy)
                  000042d0    00000018     ti_msp_dl_config.o (.text.DL_UART_reset)
                  000042e8    00000018     ti_msp_dl_config.o (.text.SYSCFG_DL_DMA_CH0_init)
                  00004300    00000018     ti_msp_dl_config.o (.text.SYSCFG_DL_DMA_WIT_init)
                  00004318    00000016     HX_X17.o (.text.DL_GPIO_readPins)
                  0000432e    00000016     encoder.o (.text.DL_GPIO_readPins)
                  00004344    00000016     oled_hardware_i2c.o (.text.DL_GPIO_readPins)
                  0000435a    00000016     ti_msp_dl_config.o (.text.DL_UART_enable)
                  00004370    00000016     ti_msp_dl_config.o (.text.DL_UART_enableLoopbackMode)
                  00004386    00000016     libc.a : copy_zero_init.c.obj (.text:decompress:ZI:__TI_zero_init_nomemset)
                  0000439c    00000014     motor.o (.text.DL_GPIO_clearPins)
                  000043b0    00000014     oled_hardware_i2c.o (.text.DL_GPIO_clearPins)
                  000043c4    00000014     ti_msp_dl_config.o (.text.DL_GPIO_clearPins)
                  000043d8    00000014     oled_hardware_i2c.o (.text.DL_I2C_getControllerStatus)
                  000043ec    00000014     ti_msp_dl_config.o (.text.DL_I2C_resetControllerTransfer)
                  00004400    00000014     ti_msp_dl_config.o (.text.DL_SYSCTL_disableSYSPLL)
                  00004414    00000014     ti_msp_dl_config.o (.text.DL_SYSCTL_enableMFCLK)
                  00004428    00000014     ti_msp_dl_config.o (.text.DL_Timer_enableClock)
                  0000443c    00000014     ti_msp_dl_config.o (.text.DL_Timer_setCCPDirection)
                  00004450    00000014     uart_callback.o (.text.DL_UART_receiveData)
                  00004464    00000012     empty.o (.text.DL_Timer_getPendingInterrupt)
                  00004476    00000012     uart_callback.o (.text.DL_UART_getPendingInterrupt)
                  00004488    00000012     driverlib.a : dl_uart.o (.text.DL_UART_setClockConfig)
                  0000449a    00000012     libc.a : memcpy16.S.obj (.text:TI_memcpy_small)
                  000044ac    00000012            : copy_decompress_none.c.obj (.text:decompress:none)
                  000044be    00000002     --HOLE-- [fill = 0]
                  000044c0    00000010     ti_msp_dl_config.o (.text.DL_SYSCTL_disableHFXT)
                  000044d0    00000010     ti_msp_dl_config.o (.text.DL_SYSTICK_enable)
                  000044e0    00000010     driverlib.a : dl_timer.o (.text.DL_Timer_setCaptureCompareValue)
                  000044f0    00000010     ti_msp_dl_config.o (.text.SYSCFG_DL_SYSTICK_init)
                  00004500    0000000e     libclang_rt.builtins.a : aeabi_memset.S.obj (.text.__aeabi_memset)
                  0000450e    0000000e     libc.a : _printfi.c.obj (.text.strlen)
                  0000451c    0000000e            : strlen.c.obj (.text.strlen)
                  0000452a    0000000e            : memset16.S.obj (.text:TI_memset_small)
                  00004538    0000000c     board.o (.text.Systick_getTick)
                  00004544    0000000c     libclang_rt.builtins.a : aeabi_memset.S.obj (.text.__aeabi_memclr)
                  00004550    0000000a     driverlib.a : dl_common.o (.text.DL_Common_delayCycles)
                  0000455a    0000000a     libc.a : e_pow.c.obj (.text.OUTLINED_FUNCTION_0)
                  00004564    00000010     libclang_rt.builtins.a : muldf3.S.obj (.tramp.__aeabi_dmul.1)
                  00004574    0000000a     libc.a : e_pow.c.obj (.text.OUTLINED_FUNCTION_1)
                  0000457e    0000000a            : e_pow.c.obj (.text.OUTLINED_FUNCTION_6)
                  00004588    00000008            : e_pow.c.obj (.text.OUTLINED_FUNCTION_2)
                  00004590    00000010     libclang_rt.builtins.a : adddf3.S.obj (.tramp.__aeabi_dsub.1)
                  000045a0    00000008     libc.a : aeabi_portable.c.obj (.text.__aeabi_errno_addr)
                  000045a8    00000008     libclang_rt.builtins.a : aeabi_memcpy.S.obj (.text.__aeabi_memcpy)
                  000045b0    00000008     libc.a : printf.c.obj (.text._outc)
                  000045b8    00000008            : printf.c.obj (.text._outs)
                  000045c0    00000006            : e_pow.c.obj (.text.OUTLINED_FUNCTION_3)
                  000045c6    00000002     --HOLE-- [fill = 0]
                  000045c8    00000010     libclang_rt.builtins.a : adddf3.S.obj (.tramp.__aeabi_dadd.1)
                  000045d8    00000006     libc.a : e_pow.c.obj (.text.OUTLINED_FUNCTION_4)
                  000045de    00000006            : e_pow.c.obj (.text.OUTLINED_FUNCTION_5)
                  000045e4    00000006            : exit.c.obj (.text:abort)
                  000045ea    00000004     startup_mspm0g350x_ticlang.o (.text.Default_Handler)
                  000045ee    00000004     libsysbm.a : hostexit.c.obj (.text.HOSTexit)
                  000045f2    00000004     libc.a : e_pow.c.obj (.text.OUTLINED_FUNCTION_10)
                  000045f6    00000004            : e_pow.c.obj (.text.OUTLINED_FUNCTION_7)
                  000045fa    00000004            : e_pow.c.obj (.text.OUTLINED_FUNCTION_8)
                  000045fe    00000004            : e_pow.c.obj (.text.OUTLINED_FUNCTION_9)
                  00004602    00000004     startup_mspm0g350x_ticlang.o (.text.Reset_Handler)
                  00004606    00000002     --HOLE-- [fill = 0]
                  00004608    00000010     libc.a : boot_cortex_m.c.obj (.tramp._c_int00_noargs.1)
                  00004618    00000004            : pre_init.c.obj (.text._system_pre_init)
                  0000461c    00000004     --HOLE-- [fill = 0]

.cinit     0    00004f78    00000068     
                  00004f78    00000040     (.cinit..data.load) [load image, compression = lzss]
                  00004fb8    0000000c     (__TI_handler_table)
                  00004fc4    00000008     (.cinit..bss.load) [load image, compression = zero_init]
                  00004fcc    00000010     (__TI_cinit_table)
                  00004fdc    00000004     --HOLE-- [fill = 0]

.rodata    0    00004620    00000958     
                  00004620    000005f0     oled_hardware_i2c.o (.rodata.asc2_1608)
                  00004c10    00000228     oled_hardware_i2c.o (.rodata.asc2_0806)
                  00004e38    00000030     libc.a : e_pow.c.obj (.rodata.cst16)
                  00004e68    00000028     ti_msp_dl_config.o (.rodata.gSYSPLLConfig)
                  00004e90    0000001f     show.o (.rodata.str1.15776983441256719054.1)
                  00004eaf    00000001     --HOLE-- [fill = 0]
                  00004eb0    00000018     ti_msp_dl_config.o (.rodata.gDMA_CH0Config)
                  00004ec8    00000018     ti_msp_dl_config.o (.rodata.gDMA_WITConfig)
                  00004ee0    00000014     ti_msp_dl_config.o (.rodata.gTIMER_0TimerConfig)
                  00004ef4    00000014     ti_msp_dl_config.o (.rodata.gTIMER_1TimerConfig)
                  00004f08    00000011     libc.a : _printfi.c.obj (.rodata.str1.15363888844622738466.1)
                  00004f19    0000000d     show.o (.rodata.str1.17101955116209303648.1)
                  00004f26    0000000a     ti_msp_dl_config.o (.rodata.gUART_0Config)
                  00004f30    0000000a     ti_msp_dl_config.o (.rodata.gUART_BTConfig)
                  00004f3a    0000000a     ti_msp_dl_config.o (.rodata.gUART_JY61PConfig)
                  00004f44    00000008     ti_msp_dl_config.o (.rodata.gPWM_0Config)
                  00004f4c    00000008     ti_msp_dl_config.o (.rodata.gPWM_1Config)
                  00004f54    00000005     empty.o (.rodata.str1.14685083708502177989.1)
                  00004f59    00000004     empty.o (.rodata.str1.254342170260855183.1)
                  00004f5d    00000004     empty.o (.rodata.str1.9517790425240694019.1)
                  00004f61    00000003     ti_msp_dl_config.o (.rodata.gPWM_0ClockConfig)
                  00004f64    00000003     ti_msp_dl_config.o (.rodata.gPWM_1ClockConfig)
                  00004f67    00000003     ti_msp_dl_config.o (.rodata.gTIMER_0ClockConfig)
                  00004f6a    00000003     ti_msp_dl_config.o (.rodata.gTIMER_1ClockConfig)
                  00004f6d    00000002     ti_msp_dl_config.o (.rodata.gOLEDClockConfig)
                  00004f6f    00000002     ti_msp_dl_config.o (.rodata.gUART_0ClockConfig)
                  00004f71    00000002     ti_msp_dl_config.o (.rodata.gUART_BTClockConfig)
                  00004f73    00000002     ti_msp_dl_config.o (.rodata.gUART_JY61PClockConfig)
                  00004f75    00000003     --HOLE-- [fill = 0]

.init_array 
*          0    00000000    00000000     UNINITIALIZED

.binit     0    00000000    00000000     

.bss       0    20200000    000002c8     UNINITIALIZED
                  20200000    000000c8     (.common:gBTPacket)
                  202000c8    000000bc     (.common:gPWM_0Backup)
                  20200184    000000bc     (.common:gPWM_1Backup)
                  20200240    00000032     uart_callback.o (.bss.bt_control.Receive)
                  20200272    00000001     (.common:PID_Send)
                  20200273    00000001     --HOLE--
                  20200274    00000010     (.common:MotorA)
                  20200284    00000010     (.common:MotorB)
                  20200294    00000004     control.o (.bss.Incremental_PI_Left.Bias)
                  20200298    00000004     control.o (.bss.Incremental_PI_Left.Last_bias)
                  2020029c    00000004     control.o (.bss.Incremental_PI_Left.Pwm)
                  202002a0    00000004     control.o (.bss.Incremental_PI_Right.Bias)
                  202002a4    00000004     control.o (.bss.Incremental_PI_Right.Last_bias)
                  202002a8    00000004     control.o (.bss.Incremental_PI_Right.Pwm)
                  202002ac    00000004     (.common:Get_Encoder_countA)
                  202002b0    00000004     (.common:Get_Encoder_countB)
                  202002b4    00000004     (.common:PWMA)
                  202002b8    00000004     (.common:PWMB)
                  202002bc    00000004     (.common:gpio_interrup1)
                  202002c0    00000004     (.common:gpio_interrup2)
                  202002c4    00000004     (.common:tick_ms)

.data      0    202002c8    00000163     UNINITIALIZED
                  202002c8    000000f0     libc.a : defs.c.obj (.data._ftable)
                  202003b8    00000010     control.o (.data.Get_Velocity_From_Encoder.DeltaA_Buffer)
                  202003c8    00000010     control.o (.data.Get_Velocity_From_Encoder.DeltaB_Buffer)
                  202003d8    00000007     HX_X17.o (.data.sensordata)
                  202003df    00000001     uart_callback.o (.data.BTBufferHandler.handleSize)
                  202003e0    00000004     control.o (.data.Get_Velocity_From_Encoder.LastEncoder1)
                  202003e4    00000004     control.o (.data.Get_Velocity_From_Encoder.LastEncoder2)
                  202003e8    00000004     control.o (.data.Velocity_KIa)
                  202003ec    00000004     control.o (.data.Velocity_KIb)
                  202003f0    00000004     control.o (.data.Velocity_KPa)
                  202003f4    00000004     control.o (.data.Velocity_KPb)
                  202003f8    00000004     libc.a : aeabi_portable.c.obj (.data.__aeabi_errno)
                  202003fc    00000004            : _lock.c.obj (.data._lock)
                  20200400    00000004            : _lock.c.obj (.data._unlock)
                  20200404    00000004     empty.o (.data.actuall_error)
                  20200408    00000004     uart_callback.o (.data.bt_control.Data)
                  2020040c    00000004     uart_callback.o (.data.bt_control.Usart_Receive)
                  20200410    00000004     empty.o (.data.quaTurn_Tim)
                  20200414    00000004     empty.o (.data.speedA)
                  20200418    00000004     empty.o (.data.speedB)
                  2020041c    00000004     empty.o (.data.tem2)
                  20200420    00000004     empty.o (.data.tem4)
                  20200424    00000001     uart_callback.o (.data.BTBufferHandler.handleflag)
                  20200425    00000001     uart_callback.o (.data.BTBufferHandler.lastSize)
                  20200426    00000001     control.o (.data.Get_Velocity_From_Encoder.filter_index)
                  20200427    00000001     uart_callback.o (.data.bt_control.Flag_PID)
                  20200428    00000001     uart_callback.o (.data.bt_control.i)
                  20200429    00000001     uart_callback.o (.data.bt_control.j)
                  2020042a    00000001     uart_callback.o (.data.gBTCounts)

.stack     0    20207e00    00000200     UNINITIALIZED
                  20207e00    00000004     libc.a : boot_cortex_m.c.obj (.stack)
                  20207e04    000001fc     --HOLE--

__llvm_prf_cnts 
*          0    20200000    00000000     UNINITIALIZED

__llvm_prf_bits 
*          0    20200000    00000000     UNINITIALIZED

MODULE SUMMARY

       Module                         code    ro data   rw data
       ------                         ----    -------   -------
    .\
       ti_msp_dl_config.o             3316    194       376    
       empty.o                        1146    13        32     
       startup_mspm0g350x_ticlang.o   8       192       0      
    +--+------------------------------+-------+---------+---------+
       Total:                         4470    399       408    
                                                               
    .\Hardware\
       oled_hardware_i2c.o            2050    2072      0      
       uart_callback.o                1106    0         265    
       control.o                      572     0         114    
       encoder.o                      442     0         16     
       board.o                        396     0         4      
       motor.o                        364     0         0      
       show.o                         200     44        0      
       HX_X17.o                       182     0         7      
    +--+------------------------------+-------+---------+---------+
       Total:                         5312    2116      406    
                                                               
    C:/ti/mspm0_sdk_2_05_01_00/source/ti/driverlib/lib/ticlang/m0p/mspm0g1x0x_g3x0x/driverlib.a
       dl_timer.o                     588     0         0      
       dl_sysctl_mspm0g1x0x_g3x0x.o   288     0         0      
       dl_i2c.o                       132     0         0      
       dl_uart.o                      122     0         0      
       dl_dma.o                       76      0         0      
       dl_common.o                    10      0         0      
    +--+------------------------------+-------+---------+---------+
       Total:                         1216    0         0      
                                                               
    C:\ti\ccs2020\ccs\tools\compiler\ti-cgt-armllvm_4.0.3.LTS\lib\armv6m-ti-none-eabi/c/libc.a
       e_pow.c.obj                    2704    48        0      
       _printfi.c.obj                 658     17        0      
       e_sqrt.c.obj                   368     0         0      
       defs.c.obj                     0       0         240    
       s_scalbn.c.obj                 216     0         0      
       copy_decompress_lzss.c.obj     124     0         0      
       printf.c.obj                   108     0         0      
       autoinit.c.obj                 60      0         0      
       boot_cortex_m.c.obj            56      0         0      
       memccpy.c.obj                  34      0         0      
       copy_zero_init.c.obj           22      0         0      
       copy_decompress_none.c.obj     18      0         0      
       memcpy16.S.obj                 18      0         0      
       memset16.S.obj                 14      0         0      
       strlen.c.obj                   14      0         0      
       aeabi_portable.c.obj           8       0         4      
       _lock.c.obj                    2       0         8      
       exit.c.obj                     6       0         0      
       pre_init.c.obj                 4       0         0      
    +--+------------------------------+-------+---------+---------+
       Total:                         4434    65        252    
                                                               
    C:\ti\ccs2020\ccs\tools\compiler\ti-cgt-armllvm_4.0.3.LTS\lib\armv6m-ti-none-eabi/c/libsysbm.a
       hostexit.c.obj                 4       0         0      
    +--+------------------------------+-------+---------+---------+
       Total:                         4       0         0      
                                                               
    C:\ti\ccs2020\ccs\tools\compiler\ti-cgt-armllvm_4.0.3.LTS\lib\armv6m-ti-none-eabi/libclang_rt.builtins.a
       adddf3.S.obj                   434     0         0      
       divdf3.S.obj                   268     0         0      
       muldf3.S.obj                   244     0         0      
       comparedf2.c.obj               220     0         0      
       addsf3.S.obj                   216     0         0      
       mulsf3.S.obj                   140     0         0      
       divsf3.S.obj                   130     0         0      
       truncdfsf2.S.obj               116     0         0      
       aeabi_dcmp.S.obj               98      0         0      
       aeabi_uidivmod.S.obj           64      0         0      
       extendsfdf2.S.obj              64      0         0      
       floatsisf.S.obj                60      0         0      
       muldsi3.S.obj                  58      0         0      
       fixsfsi.S.obj                  56      0         0      
       fixunssfsi.S.obj               50      0         0      
       floatsidf.S.obj                44      0         0      
       aeabi_memset.S.obj             26      0         0      
       aeabi_memcpy.S.obj             8       0         0      
       aeabi_div0.c.obj               2       0         0      
    +--+------------------------------+-------+---------+---------+
       Total:                         2298    0         0      
                                                               
       Stack:                         0       0         512    
       Linker Generated:              0       100       0      
    +--+------------------------------+-------+---------+---------+
       Grand Total:                   17734   2680      1578   


LINKER GENERATED COPY TABLES

__TI_cinit_table @ 00004fcc records: 2, size/record: 8, table size: 16
	.data: load addr=00004f78, load size=00000040 bytes, run addr=202002c8, run size=00000163 bytes, compression=lzss
	.bss: load addr=00004fc4, load size=00000008 bytes, run addr=20200000, run size=000002c8 bytes, compression=zero_init


LINKER GENERATED HANDLER TABLE

__TI_handler_table @ 00004fb8 records: 3, size/record: 4, table size: 12
	index: 0, handler: __TI_decompress_lzss
	index: 1, handler: __TI_decompress_none
	index: 2, handler: __TI_zero_init


FAR CALL TRAMPOLINES

callee name               trampoline name
   callee addr  tramp addr   call addr  call info
--------------  -----------  ---------  ----------------
__aeabi_dmul              $Tramp$TT$L$PI$$__aeabi_dmul
   0000220d     00004564     00004562   libc.a : e_pow.c.obj (.text.OUTLINED_FUNCTION_0)
                             0000457c          : e_pow.c.obj (.text.OUTLINED_FUNCTION_1)
                             00004586          : e_pow.c.obj (.text.OUTLINED_FUNCTION_6)
                             000045dc          : e_pow.c.obj (.text.OUTLINED_FUNCTION_4)
                             000045e2          : e_pow.c.obj (.text.OUTLINED_FUNCTION_5)
                             000045fc          : e_pow.c.obj (.text.OUTLINED_FUNCTION_8)
__aeabi_dsub              $Tramp$TT$L$PI$$__aeabi_dsub
   000013dd     00004590     0000458e   libc.a : e_pow.c.obj (.text.OUTLINED_FUNCTION_2)
__aeabi_dadd              $Tramp$TT$L$PI$$__aeabi_dadd
   000013e7     000045c8     000045c4   libc.a : e_pow.c.obj (.text.OUTLINED_FUNCTION_3)
                             000045f4          : e_pow.c.obj (.text.OUTLINED_FUNCTION_10)
                             000045f8          : e_pow.c.obj (.text.OUTLINED_FUNCTION_7)
                             00004600          : e_pow.c.obj (.text.OUTLINED_FUNCTION_9)
_c_int00_noargs           $Tramp$TT$L$PI$$_c_int00_noargs
   00003ce1     00004608     00004602   startup_mspm0g350x_ticlang.o (.text.Reset_Handler)

[4 trampolines]
[12 trampoline calls]


GLOBAL SYMBOLS: SORTED ALPHABETICALLY BY Name 

address   name                                 
-------   ----                                 
000045eb  ADC0_IRQHandler                      
000045eb  ADC1_IRQHandler                      
000045eb  AES_IRQHandler                       
00002659  APP_Show                             
000022f1  BTBufferHandler                      
00003501  BT_DAMConfig                         
000045ee  C$$EXIT                              
000045eb  CANFD0_IRQHandler                    
000045eb  DAC0_IRQHandler                      
00004551  DL_Common_delayCycles                
00003385  DL_DMA_initChannel                   
0000311d  DL_I2C_fillControllerTXFIFO          
00003d7b  DL_I2C_setClockConfig                
000023cd  DL_SYSCTL_configSYSPLL               
00003621  DL_SYSCTL_switchMCLKfromSYSOSCtoHSCLK
00001f29  DL_Timer_initFourCCPWMMode           
00002125  DL_Timer_initTimerMode               
00003fc5  DL_Timer_setCaptCompUpdateMethod     
00004241  DL_Timer_setCaptureCompareOutCtl     
000044e1  DL_Timer_setCaptureCompareValue      
00003fe1  DL_Timer_setClockConfig              
00003549  DL_UART_init                         
00004489  DL_UART_setClockConfig               
00003e4d  DL_UART_transmitDataBlocking         
000045eb  DMA_IRQHandler                       
000045eb  Default_Handler                      
000045eb  GROUP0_IRQHandler                    
00001571  GROUP1_IRQHandler                    
202002ac  Get_Encoder_countA                   
202002b0  Get_Encoder_countB                   
000019b5  Get_Velocity_From_Encoder            
000045ef  HOSTexit                             
000045eb  HardFault_Handler                    
000045eb  I2C0_IRQHandler                      
000045eb  I2C1_IRQHandler                      
00002ac5  Incremental_PI_Left                  
00002b49  Incremental_PI_Right                 
20200274  MotorA                               
20200284  MotorB                               
000045eb  NMI_Handler                          
00002eb5  OLED_Clear                           
00001c01  OLED_Init                            
000037d9  OLED_Set_Pos                         
00001ae9  OLED_ShowChar                        
0000202d  OLED_ShowNum                         
00002e45  OLED_ShowString                      
00002885  OLED_WR_Byte                         
20200272  PID_Send                             
202002b4  PWMA                                 
202002b8  PWMB                                 
000045eb  PendSV_Handler                       
000045eb  RTC_IRQHandler                       
00004603  Reset_Handler                        
000045eb  SPI0_IRQHandler                      
000045eb  SPI1_IRQHandler                      
000045eb  SVC_Handler                          
000042e9  SYSCFG_DL_DMA_CH0_init               
00004301  SYSCFG_DL_DMA_WIT_init               
00002dc5  SYSCFG_DL_DMA_init                   
00001001  SYSCFG_DL_GPIO_init                  
00003235  SYSCFG_DL_OLED_init                  
000029ad  SYSCFG_DL_PWM_0_init                 
00002f21  SYSCFG_DL_PWM_1_init                 
0000341d  SYSCFG_DL_SYSCTL_init                
000044f1  SYSCFG_DL_SYSTICK_init               
00003815  SYSCFG_DL_TIMER_0_init               
00003665  SYSCFG_DL_TIMER_1_init               
0000317d  SYSCFG_DL_UART_0_init                
00003469  SYSCFG_DL_UART_BT_init               
00002f89  SYSCFG_DL_UART_JY61P_init            
000034b5  SYSCFG_DL_init                       
00002721  SYSCFG_DL_initPower                  
00001d11  Set_PWM                              
000045eb  SysTick_Handler                      
00004539  Systick_getTick                      
000045eb  TIMA0_IRQHandler                     
000045eb  TIMA1_IRQHandler                     
00000d8d  TIMG0_IRQHandler                     
000045eb  TIMG12_IRQHandler                    
000045eb  TIMG6_IRQHandler                     
000045eb  TIMG7_IRQHandler                     
00003e6d  TIMG8_IRQHandler                     
0000449b  TI_memcpy_small                      
0000452b  TI_memset_small                      
000045eb  UART0_IRQHandler                     
000045eb  UART1_IRQHandler                     
00003591  UART2_IRQHandler                     
000045eb  UART3_IRQHandler                     
202003e8  Velocity_KIa                         
202003ec  Velocity_KIb                         
202003f0  Velocity_KPa                         
202003f4  Velocity_KPb                         
20208000  __STACK_END                          
00000200  __STACK_SIZE                         
00000000  __TI_ATRegion0_region_sz             
00000000  __TI_ATRegion0_src_addr              
00000000  __TI_ATRegion0_trg_addr              
00000000  __TI_ATRegion1_region_sz             
00000000  __TI_ATRegion1_src_addr              
00000000  __TI_ATRegion1_trg_addr              
00000000  __TI_ATRegion2_region_sz             
00000000  __TI_ATRegion2_src_addr              
00000000  __TI_ATRegion2_trg_addr              
00004fcc  __TI_CINIT_Base                      
00004fdc  __TI_CINIT_Limit                     
00004fdc  __TI_CINIT_Warm                      
00004fb8  __TI_Handler_Table_Base              
00004fc4  __TI_Handler_Table_Limit             
0000388d  __TI_auto_init_nobinit_nopinit       
00002cd5  __TI_decompress_lzss                 
000044ad  __TI_decompress_none                 
ffffffff  __TI_pprof_out_hndl                  
00000b09  __TI_printfi_minimal                 
ffffffff  __TI_prof_data_size                  
ffffffff  __TI_prof_data_start                 
00000000  __TI_static_base__                   
00004387  __TI_zero_init_nomemset              
000013e7  __adddf3                             
0000258b  __addsf3                             
00002dd1  __aeabi_d2f                          
000013e7  __aeabi_dadd                         
00003059  __aeabi_dcmpeq                       
00003095  __aeabi_dcmpge                       
000030a9  __aeabi_dcmpgt                       
00003081  __aeabi_dcmple                       
0000306d  __aeabi_dcmplt                       
00001e1d  __aeabi_ddiv                         
0000220d  __aeabi_dmul                         
000013dd  __aeabi_dsub                         
202003f8  __aeabi_errno                        
000045a1  __aeabi_errno_addr                   
000036e5  __aeabi_f2d                          
00003905  __aeabi_f2iz                         
000039d9  __aeabi_f2uiz                        
0000258b  __aeabi_fadd                         
00002c51  __aeabi_fdiv                         
00002a39  __aeabi_fmul                         
00002581  __aeabi_fsub                         
00003af5  __aeabi_i2d                          
00003851  __aeabi_i2f                          
0000156f  __aeabi_idiv0                        
00004545  __aeabi_memclr                       
00004545  __aeabi_memclr4                      
00004545  __aeabi_memclr8                      
000045a9  __aeabi_memcpy                       
000045a9  __aeabi_memcpy4                      
000045a9  __aeabi_memcpy8                      
00004501  __aeabi_memset                       
00004501  __aeabi_memset4                      
00004501  __aeabi_memset8                      
000036a5  __aeabi_uidiv                        
000036a5  __aeabi_uidivmod                     
ffffffff  __binit__                            
00002ff1  __cmpdf2                             
00001e1d  __divdf3                             
00002c51  __divsf3                             
00002ff1  __eqdf2                              
000036e5  __extendsfdf2                        
00003905  __fixsfsi                            
000039d9  __fixunssfsi                         
00003af5  __floatsidf                          
00003851  __floatsisf                          
00002d51  __gedf2                              
00002d51  __gtdf2                              
00002ff1  __ledf2                              
00002ff1  __ltdf2                              
UNDEFED   __mpu_init                           
0000220d  __muldf3                             
000038c9  __muldsi3                            
00002a39  __mulsf3                             
00002ff1  __nedf2                              
20207e00  __stack                              
20200000  __start___llvm_prf_bits              
20200000  __start___llvm_prf_cnts              
20200000  __stop___llvm_prf_bits               
20200000  __stop___llvm_prf_cnts               
000013dd  __subdf3                             
00002581  __subsf3                             
00002dd1  __truncdfsf2                         
00003ce1  _c_int00_noargs                      
202002c8  _ftable                              
202003fc  _lock                                
00002123  _nop                                 
UNDEFED   _system_post_cinit                   
00004619  _system_pre_init                     
20200400  _unlock                              
000045e5  abort                                
20200404  actuall_error                        
00004c10  asc2_0806                            
00004620  asc2_1608                            
ffffffff  binit                                
0000120d  bt_control                           
00003a3d  delay_ms                             
0000291d  delay_us                             
00003b21  fputc                                
00003335  fputs                                
2020042a  gBTCounts                            
20200000  gBTPacket                            
202000c8  gPWM_0Backup                         
20200184  gPWM_1Backup                         
202002bc  gpio_interrup1                       
202002c0  gpio_interrup2                       
00000000  interruptVectors                     
000024a9  ldexp                                
000024a9  ldexpl                               
000039a5  limit_PWM                            
00001851  main                                 
00003de9  memccpy                              
00003b4d  mspm0_get_clock_ms                   
000030bd  oled_i2c_sda_unlock                  
00003a6d  oled_pow                             
000000c1  pow                                  
000000c1  powl                                 
000031d9  printf                               
20200410  quaTurn_Tim                          
000024a9  scalbn                               
000024a9  scalbnl                              
202003d8  sensordata                           
000027e5  sensortrack                          
20200414  speedA                               
20200418  speedB                               
000016e1  sqrt                                 
000016e1  sqrtl                                
0000451d  strlen                               
2020041c  tem2                                 
20200420  tem4                                 
202002c4  tick_ms                              


GLOBAL SYMBOLS: SORTED BY Symbol Address 

address   name                                 
-------   ----                                 
00000000  __TI_ATRegion0_region_sz             
00000000  __TI_ATRegion0_src_addr              
00000000  __TI_ATRegion0_trg_addr              
00000000  __TI_ATRegion1_region_sz             
00000000  __TI_ATRegion1_src_addr              
00000000  __TI_ATRegion1_trg_addr              
00000000  __TI_ATRegion2_region_sz             
00000000  __TI_ATRegion2_src_addr              
00000000  __TI_ATRegion2_trg_addr              
00000000  __TI_static_base__                   
00000000  interruptVectors                     
000000c1  pow                                  
000000c1  powl                                 
00000200  __STACK_SIZE                         
00000b09  __TI_printfi_minimal                 
00000d8d  TIMG0_IRQHandler                     
00001001  SYSCFG_DL_GPIO_init                  
0000120d  bt_control                           
000013dd  __aeabi_dsub                         
000013dd  __subdf3                             
000013e7  __adddf3                             
000013e7  __aeabi_dadd                         
0000156f  __aeabi_idiv0                        
00001571  GROUP1_IRQHandler                    
000016e1  sqrt                                 
000016e1  sqrtl                                
00001851  main                                 
000019b5  Get_Velocity_From_Encoder            
00001ae9  OLED_ShowChar                        
00001c01  OLED_Init                            
00001d11  Set_PWM                              
00001e1d  __aeabi_ddiv                         
00001e1d  __divdf3                             
00001f29  DL_Timer_initFourCCPWMMode           
0000202d  OLED_ShowNum                         
00002123  _nop                                 
00002125  DL_Timer_initTimerMode               
0000220d  __aeabi_dmul                         
0000220d  __muldf3                             
000022f1  BTBufferHandler                      
000023cd  DL_SYSCTL_configSYSPLL               
000024a9  ldexp                                
000024a9  ldexpl                               
000024a9  scalbn                               
000024a9  scalbnl                              
00002581  __aeabi_fsub                         
00002581  __subsf3                             
0000258b  __addsf3                             
0000258b  __aeabi_fadd                         
00002659  APP_Show                             
00002721  SYSCFG_DL_initPower                  
000027e5  sensortrack                          
00002885  OLED_WR_Byte                         
0000291d  delay_us                             
000029ad  SYSCFG_DL_PWM_0_init                 
00002a39  __aeabi_fmul                         
00002a39  __mulsf3                             
00002ac5  Incremental_PI_Left                  
00002b49  Incremental_PI_Right                 
00002c51  __aeabi_fdiv                         
00002c51  __divsf3                             
00002cd5  __TI_decompress_lzss                 
00002d51  __gedf2                              
00002d51  __gtdf2                              
00002dc5  SYSCFG_DL_DMA_init                   
00002dd1  __aeabi_d2f                          
00002dd1  __truncdfsf2                         
00002e45  OLED_ShowString                      
00002eb5  OLED_Clear                           
00002f21  SYSCFG_DL_PWM_1_init                 
00002f89  SYSCFG_DL_UART_JY61P_init            
00002ff1  __cmpdf2                             
00002ff1  __eqdf2                              
00002ff1  __ledf2                              
00002ff1  __ltdf2                              
00002ff1  __nedf2                              
00003059  __aeabi_dcmpeq                       
0000306d  __aeabi_dcmplt                       
00003081  __aeabi_dcmple                       
00003095  __aeabi_dcmpge                       
000030a9  __aeabi_dcmpgt                       
000030bd  oled_i2c_sda_unlock                  
0000311d  DL_I2C_fillControllerTXFIFO          
0000317d  SYSCFG_DL_UART_0_init                
000031d9  printf                               
00003235  SYSCFG_DL_OLED_init                  
00003335  fputs                                
00003385  DL_DMA_initChannel                   
0000341d  SYSCFG_DL_SYSCTL_init                
00003469  SYSCFG_DL_UART_BT_init               
000034b5  SYSCFG_DL_init                       
00003501  BT_DAMConfig                         
00003549  DL_UART_init                         
00003591  UART2_IRQHandler                     
00003621  DL_SYSCTL_switchMCLKfromSYSOSCtoHSCLK
00003665  SYSCFG_DL_TIMER_1_init               
000036a5  __aeabi_uidiv                        
000036a5  __aeabi_uidivmod                     
000036e5  __aeabi_f2d                          
000036e5  __extendsfdf2                        
000037d9  OLED_Set_Pos                         
00003815  SYSCFG_DL_TIMER_0_init               
00003851  __aeabi_i2f                          
00003851  __floatsisf                          
0000388d  __TI_auto_init_nobinit_nopinit       
000038c9  __muldsi3                            
00003905  __aeabi_f2iz                         
00003905  __fixsfsi                            
000039a5  limit_PWM                            
000039d9  __aeabi_f2uiz                        
000039d9  __fixunssfsi                         
00003a3d  delay_ms                             
00003a6d  oled_pow                             
00003af5  __aeabi_i2d                          
00003af5  __floatsidf                          
00003b21  fputc                                
00003b4d  mspm0_get_clock_ms                   
00003ce1  _c_int00_noargs                      
00003d7b  DL_I2C_setClockConfig                
00003de9  memccpy                              
00003e4d  DL_UART_transmitDataBlocking         
00003e6d  TIMG8_IRQHandler                     
00003fc5  DL_Timer_setCaptCompUpdateMethod     
00003fe1  DL_Timer_setClockConfig              
00004241  DL_Timer_setCaptureCompareOutCtl     
000042e9  SYSCFG_DL_DMA_CH0_init               
00004301  SYSCFG_DL_DMA_WIT_init               
00004387  __TI_zero_init_nomemset              
00004489  DL_UART_setClockConfig               
0000449b  TI_memcpy_small                      
000044ad  __TI_decompress_none                 
000044e1  DL_Timer_setCaptureCompareValue      
000044f1  SYSCFG_DL_SYSTICK_init               
00004501  __aeabi_memset                       
00004501  __aeabi_memset4                      
00004501  __aeabi_memset8                      
0000451d  strlen                               
0000452b  TI_memset_small                      
00004539  Systick_getTick                      
00004545  __aeabi_memclr                       
00004545  __aeabi_memclr4                      
00004545  __aeabi_memclr8                      
00004551  DL_Common_delayCycles                
000045a1  __aeabi_errno_addr                   
000045a9  __aeabi_memcpy                       
000045a9  __aeabi_memcpy4                      
000045a9  __aeabi_memcpy8                      
000045e5  abort                                
000045eb  ADC0_IRQHandler                      
000045eb  ADC1_IRQHandler                      
000045eb  AES_IRQHandler                       
000045eb  CANFD0_IRQHandler                    
000045eb  DAC0_IRQHandler                      
000045eb  DMA_IRQHandler                       
000045eb  Default_Handler                      
000045eb  GROUP0_IRQHandler                    
000045eb  HardFault_Handler                    
000045eb  I2C0_IRQHandler                      
000045eb  I2C1_IRQHandler                      
000045eb  NMI_Handler                          
000045eb  PendSV_Handler                       
000045eb  RTC_IRQHandler                       
000045eb  SPI0_IRQHandler                      
000045eb  SPI1_IRQHandler                      
000045eb  SVC_Handler                          
000045eb  SysTick_Handler                      
000045eb  TIMA0_IRQHandler                     
000045eb  TIMA1_IRQHandler                     
000045eb  TIMG12_IRQHandler                    
000045eb  TIMG6_IRQHandler                     
000045eb  TIMG7_IRQHandler                     
000045eb  UART0_IRQHandler                     
000045eb  UART1_IRQHandler                     
000045eb  UART3_IRQHandler                     
000045ee  C$$EXIT                              
000045ef  HOSTexit                             
00004603  Reset_Handler                        
00004619  _system_pre_init                     
00004620  asc2_1608                            
00004c10  asc2_0806                            
00004fb8  __TI_Handler_Table_Base              
00004fc4  __TI_Handler_Table_Limit             
00004fcc  __TI_CINIT_Base                      
00004fdc  __TI_CINIT_Limit                     
00004fdc  __TI_CINIT_Warm                      
20200000  __start___llvm_prf_bits              
20200000  __start___llvm_prf_cnts              
20200000  __stop___llvm_prf_bits               
20200000  __stop___llvm_prf_cnts               
20200000  gBTPacket                            
202000c8  gPWM_0Backup                         
20200184  gPWM_1Backup                         
20200272  PID_Send                             
20200274  MotorA                               
20200284  MotorB                               
202002ac  Get_Encoder_countA                   
202002b0  Get_Encoder_countB                   
202002b4  PWMA                                 
202002b8  PWMB                                 
202002bc  gpio_interrup1                       
202002c0  gpio_interrup2                       
202002c4  tick_ms                              
202002c8  _ftable                              
202003d8  sensordata                           
202003e8  Velocity_KIa                         
202003ec  Velocity_KIb                         
202003f0  Velocity_KPa                         
202003f4  Velocity_KPb                         
202003f8  __aeabi_errno                        
202003fc  _lock                                
20200400  _unlock                              
20200404  actuall_error                        
20200410  quaTurn_Tim                          
20200414  speedA                               
20200418  speedB                               
2020041c  tem2                                 
20200420  tem4                                 
2020042a  gBTCounts                            
20207e00  __stack                              
20208000  __STACK_END                          
ffffffff  __TI_pprof_out_hndl                  
ffffffff  __TI_prof_data_size                  
ffffffff  __TI_prof_data_start                 
ffffffff  __binit__                            
ffffffff  binit                                
UNDEFED   __mpu_init                           
UNDEFED   _system_post_cinit                   

[227 symbols]
