******************************************************************************
            TI ARM Clang Linker PC v4.0.3                      
******************************************************************************
>> Linked Thu Jun 18 22:44:08 2026

OUTPUT FILE NAME:   <empty_LP_MSPM0G3507_nortos_ticlang.out>
ENTRY POINT SYMBOL: "_c_int00_noargs"  address: 00008791


MEMORY CONFIGURATION

         name            origin    length      used     unused   attr    fill
----------------------  --------  ---------  --------  --------  ----  --------
  FLASH                 00000000   00020000  0000aca8  00015358  R  X
  SRAM                  20200000   00008000  000007fd  00007803  RW X
  BCR_CONFIG            41c00000   000000ff  00000000  000000ff  R   
  BSL_CONFIG            41c00100   00000080  00000000  00000080  R   


SEGMENT ALLOCATION MAP

run origin  load origin   length   init length attrs members
----------  ----------- ---------- ----------- ----- -------
00000000    00000000    0000aca8   0000aca8    r-x
  00000000    00000000    000000c0   000000c0    r-- .intvecs
  000000c0    000000c0    00009390   00009390    r-x .text
  00009450    00009450    000017c0   000017c0    r-- .rodata
  0000ac10    0000ac10    00000098   00000098    r-- .cinit
20200000    20200000    000005ff   00000000    rw-
  20200000    20200000    000003a2   00000000    rw- .bss
  202003a4    202003a4    0000025b   00000000    rw- .data
20207e00    20207e00    00000200   00000000    rw-
  20207e00    20207e00    00000200   00000000    rw- .stack


SECTION ALLOCATION MAP

 output                                  attributes/
section   page    origin      length       input sections
--------  ----  ----------  ----------   ----------------
.intvecs   0    00000000    000000c0     
                  00000000    000000c0     startup_mspm0g350x_ticlang.o (.intvecs)

.text      0    000000c0    00009390     
                  000000c0    000009d0     libc.a : _printfi.c.obj (.text:__TI_printfi)
                  00000a90    0000051c     control.o (.text.CarMode3)
                  00000fac    0000041c     control.o (.text.CarMode2)
                  000013c8    000003b8     libc.a : strtod.c.obj (.text.strtod)
                  00001780    00000364            : e_asin.c.obj (.text.asin)
                  00001ae4    000002f8            : s_atan.c.obj (.text.atan)
                  00001ddc    00000278     inv_mpu_dmp_motion_driver.o (.text.dmp_enable_feature)
                  00002054    00000250     control.o (.text.CarMode1)
                  000022a4    00000244     ti_msp_dl_config.o (.text.SYSCFG_DL_GPIO_init)
                  000024e8    00000238     inv_mpu_dmp_motion_driver.o (.text.dmp_set_tap_thresh)
                  00002720    0000022c     mpu6050.o (.text.Read_Quad)
                  0000294c    0000022c     inv_mpu.o (.text.mpu_reset_fifo)
                  00002b78    00000220     libc.a : _printfi.c.obj (.text._pconv_a)
                  00002d98    000001f4     inv_mpu_dmp_motion_driver.o (.text.dmp_read_fifo)
                  00002f8c    000001dc     libc.a : _printfi.c.obj (.text._pconv_g)
                  00003168    000001a8     oled_hardware_i2c.o (.text.OLED_ShowInformation)
                  00003310    000001a0     inv_mpu.o (.text.mpu_set_bypass)
                  000034b0    00000198     encoder.o (.text.GROUP1_IRQHandler)
                  00003648    00000192     libclang_rt.builtins.a : adddf3.S.obj (.text.adddf3_subdf3)
                  000037da    00000002                            : aeabi_div0.c.obj (.text.__aeabi_idiv0)
                  000037dc    00000188     libc.a : e_atan2.c.obj (.text.atan2)
                  00003964    00000180     uart_callback.o (.text.bt_control)
                  00003ae4    00000178     inv_mpu_dmp_motion_driver.o (.text.dmp_set_orientation)
                  00003c5c    00000170     libc.a : e_sqrt.c.obj (.text.sqrt)
                  00003dcc    00000144     mpu6050.o (.text.MPU6050_Init)
                  00003f10    0000013c     control.o (.text.InPlaceTurn)
                  0000404c    0000013c     libc.a : _printfi.c.obj (.text.fcvt)
                  00004188    00000138     empty.o (.text.main)
                  000042c0    00000134     control.o (.text.Get_Velocity_From_Encoder)
                  000043f4    00000134     mspm0_i2c.o (.text.mspm0_i2c_read)
                  00004528    00000130     inv_mpu.o (.text.mpu_set_sensors)
                  00004658    00000128     inv_mpu.o (.text.mpu_init)
                  00004780    00000124     inv_mpu.o (.text.mpu_load_firmware)
                  000048a4    00000120     libc.a : _printfi.c.obj (.text._pconv_e)
                  000049c4    0000011c     driverlib.a : dl_timer.o (.text.DL_Timer_initCaptureMode)
                  00004ae0    00000118     oled_hardware_i2c.o (.text.OLED_ShowChar)
                  00004bf8    00000110     oled_hardware_i2c.o (.text.OLED_Init)
                  00004d08    0000010c     motor.o (.text.Set_PWM)
                  00004e14    0000010c     libclang_rt.builtins.a : divdf3.S.obj (.text.__divdf3)
                  00004f20    00000108     inv_mpu.o (.text.mpu_read_fifo_stream)
                  00005028    00000104     driverlib.a : dl_timer.o (.text.DL_Timer_initFourCCPWMMode)
                  0000512c    00000100     inv_mpu.o (.text.mpu_lp_accel_mode)
                  0000522c    000000f8     show.o (.text.APP_Show)
                  00005324    000000f6     oled_hardware_i2c.o (.text.OLED_ShowNum)
                  0000541a    00000002     libclang_rt.builtins.a : aeabi_div0.c.obj (.text.__aeabi_ldiv0)
                  0000541c    000000ec     control.o (.text.CarMode4)
                  00005508    000000ec     inv_mpu.o (.text.mpu_set_sample_rate)
                  000055f4    000000e8     driverlib.a : dl_timer.o (.text.DL_Timer_initTimerMode)
                  000056dc    000000e4     libclang_rt.builtins.a : muldf3.S.obj (.text.__muldf3)
                  000057c0    000000e4     inv_mpu.o (.text.mpu_set_accel_fsr)
                  000058a4    000000dc     uart_callback.o (.text.BTBufferHandler)
                  00005980    000000dc     driverlib.a : dl_sysctl_mspm0g1x0x_g3x0x.o (.text.DL_SYSCTL_configSYSPLL)
                  00005a5c    000000d8     libc.a : s_scalbn.c.obj (.text.scalbn)
                  00005b34    000000d8     libclang_rt.builtins.a : addsf3.S.obj (.text)
                  00005c0c    000000d4     ti_msp_dl_config.o (.text.SYSCFG_DL_initPower)
                  00005ce0    000000d4     inv_mpu.o (.text.set_int_enable)
                  00005db4    000000d0     inv_mpu.o (.text.mpu_set_lpf)
                  00005e84    000000c4     inv_mpu.o (.text.mpu_set_gyro_fsr)
                  00005f48    000000c4     mspm0_i2c.o (.text.mspm0_i2c_write)
                  0000600c    000000bc     inv_mpu.o (.text.mpu_configure_fifo)
                  000060c8    000000b8     inv_mpu.o (.text.mpu_set_dmp_state)
                  00006180    000000ac     inv_mpu.o (.text.mpu_read_mem)
                  0000622c    000000ac     inv_mpu.o (.text.mpu_write_mem)
                  000062d8    000000a2     libclang_rt.builtins.a : udivmoddi4.S.obj (.text)
                  0000637a    00000002     libc.a : _lock.c.obj (.text._nop)
                  0000637c    000000a0     HX_X17.o (.text.sensortrack)
                  0000641c    0000009c     inv_mpu.o (.text.mpu_set_int_latched)
                  000064b8    00000098     oled_hardware_i2c.o (.text.OLED_WR_Byte)
                  00006550    00000098     inv_mpu_dmp_motion_driver.o (.text.dmp_set_fifo_rate)
                  000065e8    00000096     mpu6050.o (.text.inv_row_2_scale)
                  0000667e    00000002     --HOLE-- [fill = 0]
                  00006680    00000090     board.o (.text.delay_us)
                  00006710    0000008c     ti_msp_dl_config.o (.text.SYSCFG_DL_PWM_0_init)
                  0000679c    0000008c     libclang_rt.builtins.a : mulsf3.S.obj (.text.__mulsf3)
                  00006828    0000008c     inv_mpu_dmp_motion_driver.o (.text.decode_gesture)
                  000068b4    00000084     control.o (.text.Incremental_PI_Left)
                  00006938    00000084     control.o (.text.Incremental_PI_Right)
                  000069bc    00000084     ti_msp_dl_config.o (.text.__NVIC_SetPriority)
                  00006a40    00000082     libclang_rt.builtins.a : divsf3.S.obj (.text.__divsf3)
                  00006ac2    00000002     --HOLE-- [fill = 0]
                  00006ac4    0000007c     libc.a : copy_decompress_lzss.c.obj (.text:decompress:lzss)
                  00006b40    00000074     libclang_rt.builtins.a : comparedf2.c.obj (.text.__gedf2)
                  00006bb4    0000000c     motor.o (.text.Stop_Car)
                  00006bc0    00000074     libclang_rt.builtins.a : truncdfsf2.S.obj (.text.__truncdfsf2)
                  00006c34    00000074     inv_mpu.o (.text.mpu_get_accel_fsr)
                  00006ca8    00000070     oled_hardware_i2c.o (.text.OLED_ShowString)
                  00006d18    0000006a     oled_hardware_i2c.o (.text.OLED_Clear)
                  00006d82    00000002     --HOLE-- [fill = 0]
                  00006d84    00000068     ti_msp_dl_config.o (.text.SYSCFG_DL_PWM_ULTRASONIC_init)
                  00006dec    00000068     libclang_rt.builtins.a : comparedf2.c.obj (.text.__ledf2)
                  00006e54    00000066     libc.a : _printfi.c.obj (.text._mcpy)
                  00006eba    00000066     inv_mpu_dmp_motion_driver.o (.text.dmp_set_tap_axes)
                  00006f20    00000064     mspm0_i2c.o (.text.mpu6050_i2c_sda_unlock)
                  00006f84    00000062     libclang_rt.builtins.a : aeabi_dcmp.S.obj (.text.__aeabi_dcmp)
                  00006fe6    00000002     --HOLE-- [fill = 0]
                  00006fe8    00000062                            : aeabi_fcmp.S.obj (.text.__aeabi_fcmp)
                  0000704a    00000002     --HOLE-- [fill = 0]
                  0000704c    00000060     empty.o (.text.TIMG0_IRQHandler)
                  000070ac    00000060     inv_mpu_dmp_motion_driver.o (.text.dmp_enable_gyro_cal)
                  0000710c    00000060     inv_mpu.o (.text.mpu_get_gyro_fsr)
                  0000716c    00000060     oled_hardware_i2c.o (.text.oled_i2c_sda_unlock)
                  000071cc    0000005e     driverlib.a : dl_i2c.o (.text.DL_I2C_fillControllerTXFIFO)
                  0000722a    00000002     --HOLE-- [fill = 0]
                  0000722c    0000005c     ti_msp_dl_config.o (.text.SYSCFG_DL_UART_0_init)
                  00007288    0000005c     ti_msp_dl_config.o (.text.SYSCFG_DL_init)
                  000072e4    0000005c     libc.a : s_frexp.c.obj (.text.frexp)
                  00007340    0000005c     mspm0_i2c.o (.text.mspm0_i2c_enable)
                  0000739c    0000005c     libc.a : printf.c.obj (.text.printf)
                  000073f8    00000058     ti_msp_dl_config.o (.text.SYSCFG_DL_I2C_MPU6050_init)
                  00007450    00000058     ti_msp_dl_config.o (.text.SYSCFG_DL_OLED_init)
                  000074a8    00000058     libc.a : _ltoa.c.obj (.text.__TI_ltoa)
                  00007500    00000058            : _printfi.c.obj (.text._pconv_f)
                  00007558    00000058     oled_hardware_i2c.o (.text.mspm0_i2c_enable)
                  000075b0    00000056     libclang_rt.builtins.a : aeabi_idivmod.S.obj (.text.__aeabi_idivmod)
                  00007606    00000002     --HOLE-- [fill = 0]
                  00007608    00000054     mpu6050.o (.text.NormalizeAngle)
                  0000765c    00000052     libc.a : _printfi.c.obj (.text._ecpy)
                  000076ae    00000002     --HOLE-- [fill = 0]
                  000076b0    00000050     mspm0_i2c.o (.text.DL_I2C_startControllerTransfer)
                  00007700    00000050     oled_hardware_i2c.o (.text.DL_I2C_startControllerTransfer)
                  00007750    00000050     board.o (.text.fputs)
                  000077a0    0000004c     driverlib.a : dl_dma.o (.text.DL_DMA_initChannel)
                  000077ec    0000004c     ti_msp_dl_config.o (.text.DL_UART_setBaudRateDivisor)
                  00007838    0000004c     key.o (.text.Key2_GetNum)
                  00007884    0000004c     key.o (.text.Key4_GetNum)
                  000078d0    0000004c     HX_X17.o (.text.LineTrackingError)
                  0000791c    0000004c     ultrasonic_capture.o (.text.Read_Ultrasonic)
                  00007968    0000004c     ti_msp_dl_config.o (.text.SYSCFG_DL_SYSCTL_init)
                  000079b4    0000004c     ti_msp_dl_config.o (.text.SYSCFG_DL_UART_BT_init)
                  00007a00    0000004a     libclang_rt.builtins.a : fixdfsi.S.obj (.text.__fixdfsi)
                  00007a4a    00000002     --HOLE-- [fill = 0]
                  00007a4c    00000048     uart_callback.o (.text.BT_DAMConfig)
                  00007a94    00000048     driverlib.a : dl_uart.o (.text.DL_UART_init)
                  00007adc    00000048     key.o (.text.Key3_GetNum)
                  00007b24    00000048     uart_callback.o (.text.UART2_IRQHandler)
                  00007b6c    00000048     inv_mpu_dmp_motion_driver.o (.text.dmp_enable_6x_lp_quat)
                  00007bb4    00000048     inv_mpu_dmp_motion_driver.o (.text.dmp_enable_lp_quat)
                  00007bfc    00000048     mspm0_i2c.o (.text.mspm0_i2c_disable)
                  00007c44    00000048     oled_hardware_i2c.o (.text.mspm0_i2c_disable)
                  00007c8c    00000044     HX_X17.o (.text.CheckIsAllWhite)
                  00007cd0    00000044     driverlib.a : dl_sysctl_mspm0g1x0x_g3x0x.o (.text.DL_SYSCTL_switchMCLKfromSYSOSCtoHSCLK)
                  00007d14    00000044     inv_mpu_dmp_motion_driver.o (.text.dmp_set_shake_reject_thresh)
                  00007d58    00000044     inv_mpu_dmp_motion_driver.o (.text.dmp_set_tap_count)
                  00007d9c    00000040     ti_msp_dl_config.o (.text.SYSCFG_DL_TIMER_1_init)
                  00007ddc    00000040     libclang_rt.builtins.a : aeabi_uidivmod.S.obj (.text.__aeabi_uidivmod)
                  00007e1c    00000040                            : extendsfdf2.S.obj (.text.__extendsfdf2)
                  00007e5c    00000040     libc.a : atoi.c.obj (.text.atoi)
                  00007e9c    0000003e     mpu6050.o (.text.inv_orientation_matrix_to_scalar)
                  00007eda    00000002     --HOLE-- [fill = 0]
                  00007edc    0000003c     mspm0_i2c.o (.text.DL_GPIO_initPeripheralInputFunctionFeatures)
                  00007f18    0000003c     oled_hardware_i2c.o (.text.DL_GPIO_initPeripheralInputFunctionFeatures)
                  00007f54    0000003c     ti_msp_dl_config.o (.text.DL_GPIO_initPeripheralInputFunctionFeatures)
                  00007f90    0000003c     driverlib.a : dl_i2c.o (.text.DL_I2C_flushControllerTXFIFO)
                  00007fcc    0000003c     ti_msp_dl_config.o (.text.DL_Timer_setCounterControl)
                  00008008    0000003c     oled_hardware_i2c.o (.text.OLED_Set_Pos)
                  00008044    0000003c     ti_msp_dl_config.o (.text.SYSCFG_DL_TIMER_0_init)
                  00008080    0000003c     libclang_rt.builtins.a : floatsisf.S.obj (.text.__floatsisf)
                  000080bc    0000003c                            : comparesf2.S.obj (.text.__gtsf2)
                  000080f8    0000003c     libc.a : autoinit.c.obj (.text:__TI_auto_init_nobinit_nopinit)
                  00008134    0000003a     libclang_rt.builtins.a : comparesf2.S.obj (.text.__eqsf2)
                  0000816e    00000002     --HOLE-- [fill = 0]
                  00008170    0000003a                            : muldsi3.S.obj (.text.__muldsi3)
                  000081aa    00000002     --HOLE-- [fill = 0]
                  000081ac    00000038                            : fixsfsi.S.obj (.text.__fixsfsi)
                  000081e4    00000038     libc.a : sprintf.c.obj (.text.sprintf)
                  0000821c    00000034     mspm0_i2c.o (.text.DL_GPIO_initDigitalInputFeatures)
                  00008250    00000034     oled_hardware_i2c.o (.text.DL_GPIO_initDigitalInputFeatures)
                  00008284    00000034     ti_msp_dl_config.o (.text.DL_GPIO_initDigitalInputFeatures)
                  000082b8    00000034     motor.o (.text.limit_PWM)
                  000082ec    00000034     inv_mpu.o (.text.mpu_get_sample_rate)
                  00008320    00000032     inv_mpu_dmp_motion_driver.o (.text.dmp_set_shake_reject_time)
                  00008352    00000032     inv_mpu_dmp_motion_driver.o (.text.dmp_set_shake_reject_timeout)
                  00008384    00000030     uart_callback.o (.text.DL_DMA_setTransferSize)
                  000083b4    00000030     libc.a : _printfi.c.obj (.text._fcpy)
                  000083e4    00000030     board.o (.text.delay_ms)
                  00008414    00000030     inv_mpu_dmp_motion_driver.o (.text.dmp_set_tap_time)
                  00008444    00000030     inv_mpu_dmp_motion_driver.o (.text.dmp_set_tap_time_multi)
                  00008474    00000030     oled_hardware_i2c.o (.text.oled_pow)
                  000084a4    0000002c     ti_msp_dl_config.o (.text.SYSCFG_DL_CAPTURE_ULTRASONIC_init)
                  000084d0    0000002c     empty.o (.text.__NVIC_ClearPendingIRQ)
                  000084fc    0000002c     empty.o (.text.__NVIC_EnableIRQ)
                  00008528    0000002c     interrupt.o (.text.__NVIC_EnableIRQ)
                  00008554    0000002c     libclang_rt.builtins.a : floatsidf.S.obj (.text.__floatsidf)
                  00008580    0000002c     board.o (.text.fputc)
                  000085ac    0000002c     board.o (.text.mspm0_get_clock_ms)
                  000085d8    00000028     mspm0_i2c.o (.text.DL_Common_updateReg)
                  00008600    00000028     oled_hardware_i2c.o (.text.DL_Common_updateReg)
                  00008628    00000028     ti_msp_dl_config.o (.text.DL_Common_updateReg)
                  00008650    00000028     uart_callback.o (.text.DL_DMA_setDestAddr)
                  00008678    00000028     uart_callback.o (.text.DL_DMA_setSrcAddr)
                  000086a0    00000028     ti_msp_dl_config.o (.text.DL_I2C_setControllerRXFIFOThreshold)
                  000086c8    00000028     ti_msp_dl_config.o (.text.DL_I2C_setControllerTXFIFOThreshold)
                  000086f0    00000028     ti_msp_dl_config.o (.text.DL_SYSTICK_init)
                  00008718    00000028     ti_msp_dl_config.o (.text.DL_UART_setRXFIFOThreshold)
                  00008740    00000028     ti_msp_dl_config.o (.text.DL_UART_setTXFIFOThreshold)
                  00008768    00000028     libclang_rt.builtins.a : floatunsisf.S.obj (.text.__floatunsisf)
                  00008790    00000028     libc.a : boot_cortex_m.c.obj (.text:_c_int00_noargs)
                  000087b8    00000026     uart_callback.o (.text.DL_DMA_disableChannel)
                  000087de    00000026     uart_callback.o (.text.DL_DMA_enableChannel)
                  00008804    00000026     ti_msp_dl_config.o (.text.DL_I2C_setAnalogGlitchFilterPulseWidth)
                  0000882a    00000026     driverlib.a : dl_i2c.o (.text.DL_I2C_setClockConfig)
                  00008850    00000024     uart_callback.o (.text.DL_DMA_getTransferSize)
                  00008874    00000024     libclang_rt.builtins.a : floatunsidf.S.obj (.text.__floatunsidf)
                  00008898    00000024                            : muldi3.S.obj (.text.__muldi3)
                  000088bc    00000022     libc.a : memccpy.c.obj (.text.memccpy)
                  000088de    00000002     --HOLE-- [fill = 0]
                  000088e0    00000020     ti_msp_dl_config.o (.text.DL_GPIO_initPeripheralInputFunction)
                  00008900    00000020     ti_msp_dl_config.o (.text.DL_SYSCTL_setFlashWaitState)
                  00008920    00000020     driverlib.a : dl_uart.o (.text.DL_UART_transmitDataBlocking)
                  00008940    00000020     empty.o (.text.TIMG8_IRQHandler)
                  00008960    00000020     libc.a : memcmp.c.obj (.text.memcmp)
                  00008980    00000020     control.o (.text.myabs)
                  000089a0    0000001e     ti_msp_dl_config.o (.text.DL_UART_setOversampling)
                  000089be    00000002     --HOLE-- [fill = 0]
                  000089c0    0000001e     libclang_rt.builtins.a : ashldi3.S.obj (.text.__ashldi3)
                  000089de    00000002     --HOLE-- [fill = 0]
                  000089e0    0000001c     encoder.o (.text.DL_GPIO_clearInterruptStatus)
                  000089fc    0000001c     ti_msp_dl_config.o (.text.DL_GPIO_clearInterruptStatus)
                  00008a18    0000001c     mspm0_i2c.o (.text.DL_GPIO_enableHiZ)
                  00008a34    0000001c     oled_hardware_i2c.o (.text.DL_GPIO_enableHiZ)
                  00008a50    0000001c     ti_msp_dl_config.o (.text.DL_GPIO_enableHiZ)
                  00008a6c    0000001c     ti_msp_dl_config.o (.text.DL_GPIO_enableInterrupt)
                  00008a88    0000001c     ti_msp_dl_config.o (.text.DL_GPIO_initPeripheralOutputFunction)
                  00008aa4    0000001c     ti_msp_dl_config.o (.text.DL_GPIO_setLowerPinsPolarity)
                  00008ac0    0000001c     mpu6050.o (.text.DL_I2C_getSDAStatus)
                  00008adc    0000001c     oled_hardware_i2c.o (.text.DL_I2C_getSDAStatus)
                  00008af8    0000001c     mspm0_i2c.o (.text.DL_I2C_isControllerRXFIFOEmpty)
                  00008b14    0000001c     encoder.o (.text.DL_Interrupt_getPendingGroup)
                  00008b30    0000001c     ti_msp_dl_config.o (.text.DL_SYSCTL_setSYSOSCFreq)
                  00008b4c    0000001c     ti_msp_dl_config.o (.text.DL_SYSCTL_setULPCLKDivider)
                  00008b68    0000001c     ti_msp_dl_config.o (.text.DL_Timer_enableInterrupt)
                  00008b84    0000001c     driverlib.a : dl_timer.o (.text.DL_Timer_setCaptCompUpdateMethod)
                  00008ba0    0000001c                 : dl_timer.o (.text.DL_Timer_setClockConfig)
                  00008bbc    0000001c     mpu6050.o (.text.GetRelativeYaw)
                  00008bd8    0000001c     interrupt.o (.text.Interrupt_Init)
                  00008bf4    0000001c     inv_mpu_dmp_motion_driver.o (.text.dmp_load_motion_driver_firmware)
                  00008c10    00000018     mspm0_i2c.o (.text.DL_GPIO_enableOutput)
                  00008c28    00000018     oled_hardware_i2c.o (.text.DL_GPIO_enableOutput)
                  00008c40    00000018     ti_msp_dl_config.o (.text.DL_GPIO_enableOutput)
                  00008c58    00000018     ti_msp_dl_config.o (.text.DL_GPIO_enablePower)
                  00008c70    00000018     encoder.o (.text.DL_GPIO_getEnabledInterruptStatus)
                  00008c88    00000018     mspm0_i2c.o (.text.DL_GPIO_initDigitalOutput)
                  00008ca0    00000018     oled_hardware_i2c.o (.text.DL_GPIO_initDigitalOutput)
                  00008cb8    00000018     ti_msp_dl_config.o (.text.DL_GPIO_initDigitalOutput)
                  00008cd0    00000018     ti_msp_dl_config.o (.text.DL_GPIO_reset)
                  00008ce8    00000018     motor.o (.text.DL_GPIO_setPins)
                  00008d00    00000018     mspm0_i2c.o (.text.DL_GPIO_setPins)
                  00008d18    00000018     oled_hardware_i2c.o (.text.DL_GPIO_setPins)
                  00008d30    00000018     ti_msp_dl_config.o (.text.DL_GPIO_setUpperPinsPolarity)
                  00008d48    00000018     mspm0_i2c.o (.text.DL_I2C_clearInterruptStatus)
                  00008d60    00000018     oled_hardware_i2c.o (.text.DL_I2C_clearInterruptStatus)
                  00008d78    00000018     ti_msp_dl_config.o (.text.DL_I2C_enableAnalogGlitchFilter)
                  00008d90    00000018     ti_msp_dl_config.o (.text.DL_I2C_enableController)
                  00008da8    00000018     ti_msp_dl_config.o (.text.DL_I2C_enableControllerClockStretching)
                  00008dc0    00000018     mspm0_i2c.o (.text.DL_I2C_enablePower)
                  00008dd8    00000018     oled_hardware_i2c.o (.text.DL_I2C_enablePower)
                  00008df0    00000018     ti_msp_dl_config.o (.text.DL_I2C_enablePower)
                  00008e08    00000018     mspm0_i2c.o (.text.DL_I2C_getRawInterruptStatus)
                  00008e20    00000018     oled_hardware_i2c.o (.text.DL_I2C_getRawInterruptStatus)
                  00008e38    00000018     mspm0_i2c.o (.text.DL_I2C_reset)
                  00008e50    00000018     oled_hardware_i2c.o (.text.DL_I2C_reset)
                  00008e68    00000018     ti_msp_dl_config.o (.text.DL_I2C_reset)
                  00008e80    00000018     ti_msp_dl_config.o (.text.DL_I2C_setTimerPeriod)
                  00008e98    00000018     ti_msp_dl_config.o (.text.DL_SYSCTL_setBORThreshold)
                  00008eb0    00000018     ti_msp_dl_config.o (.text.DL_Timer_enablePower)
                  00008ec8    00000018     ti_msp_dl_config.o (.text.DL_Timer_reset)
                  00008ee0    00000018     driverlib.a : dl_timer.o (.text.DL_Timer_setCaptureCompareOutCtl)
                  00008ef8    00000018     empty.o (.text.DL_Timer_startCounter)
                  00008f10    00000018     ti_msp_dl_config.o (.text.DL_UART_enableDMAReceiveEvent)
                  00008f28    00000018     ti_msp_dl_config.o (.text.DL_UART_enableFIFOs)
                  00008f40    00000018     ti_msp_dl_config.o (.text.DL_UART_enablePower)
                  00008f58    00000018     board.o (.text.DL_UART_isBusy)
                  00008f70    00000018     ti_msp_dl_config.o (.text.DL_UART_reset)
                  00008f88    00000018     ti_msp_dl_config.o (.text.SYSCFG_DL_DMA_CH0_init)
                  00008fa0    00000018     libc.a : sprintf.c.obj (.text._outs)
                  00008fb8    00000016     HX_X17.o (.text.DL_GPIO_readPins)
                  00008fce    00000016     encoder.o (.text.DL_GPIO_readPins)
                  00008fe4    00000016     key.o (.text.DL_GPIO_readPins)
                  00008ffa    00000016     mspm0_i2c.o (.text.DL_GPIO_readPins)
                  00009010    00000016     oled_hardware_i2c.o (.text.DL_GPIO_readPins)
                  00009026    00000016     mspm0_i2c.o (.text.DL_I2C_transmitControllerData)
                  0000903c    00000016     ti_msp_dl_config.o (.text.DL_UART_enable)
                  00009052    00000016     ti_msp_dl_config.o (.text.DL_UART_enableLoopbackMode)
                  00009068    00000016     libc.a : copy_zero_init.c.obj (.text:decompress:ZI:__TI_zero_init_nomemset)
                  0000907e    00000014     motor.o (.text.DL_GPIO_clearPins)
                  00009092    00000014     mspm0_i2c.o (.text.DL_GPIO_clearPins)
                  000090a6    00000014     oled_hardware_i2c.o (.text.DL_GPIO_clearPins)
                  000090ba    00000014     ti_msp_dl_config.o (.text.DL_GPIO_clearPins)
                  000090ce    00000002     --HOLE-- [fill = 0]
                  000090d0    00000014     mspm0_i2c.o (.text.DL_I2C_getControllerStatus)
                  000090e4    00000014     oled_hardware_i2c.o (.text.DL_I2C_getControllerStatus)
                  000090f8    00000014     mspm0_i2c.o (.text.DL_I2C_receiveControllerData)
                  0000910c    00000014     ti_msp_dl_config.o (.text.DL_I2C_resetControllerTransfer)
                  00009120    00000014     ti_msp_dl_config.o (.text.DL_SYSCTL_disableSYSPLL)
                  00009134    00000014     ti_msp_dl_config.o (.text.DL_SYSCTL_enableMFCLK)
                  00009148    00000014     ti_msp_dl_config.o (.text.DL_Timer_enableClock)
                  0000915c    00000014     ti_msp_dl_config.o (.text.DL_Timer_setCCPDirection)
                  00009170    00000014     uart_callback.o (.text.DL_UART_receiveData)
                  00009184    00000014     libclang_rt.builtins.a : aeabi_uldivmod.S.obj (.text.__aeabi_uldivmod)
                  00009198    00000014     inv_mpu_dmp_motion_driver.o (.text.dmp_register_android_orient_cb)
                  000091ac    00000014     inv_mpu_dmp_motion_driver.o (.text.dmp_register_tap_cb)
                  000091c0    00000014     libc.a : _printfi.c.obj (.text.strchr)
                  000091d4    00000012     encoder.o (.text.DL_GPIO_getPendingInterrupt)
                  000091e6    00000012     empty.o (.text.DL_Timer_getPendingInterrupt)
                  000091f8    00000012     uart_callback.o (.text.DL_UART_getPendingInterrupt)
                  0000920a    00000012     driverlib.a : dl_uart.o (.text.DL_UART_setClockConfig)
                  0000921c    00000012     libc.a : memcpy16.S.obj (.text:TI_memcpy_small)
                  0000922e    00000012            : copy_decompress_none.c.obj (.text:decompress:none)
                  00009240    00000010     ti_msp_dl_config.o (.text.DL_SYSCTL_disableHFXT)
                  00009250    00000010     ti_msp_dl_config.o (.text.DL_SYSTICK_enable)
                  00009260    00000010     driverlib.a : dl_timer.o (.text.DL_Timer_getCaptureCompareValue)
                  00009270    00000010                 : dl_timer.o (.text.DL_Timer_setCaptureCompareValue)
                  00009280    00000010     ti_msp_dl_config.o (.text.SYSCFG_DL_SYSTICK_init)
                  00009290    00000010     interrupt.o (.text.SysTick_Handler)
                  000092a0    00000010     board.o (.text.mspm0_delay_ms)
                  000092b0    00000010     libc.a : wcslen.c.obj (.text.wcslen)
                  000092c0    0000000e     libclang_rt.builtins.a : aeabi_memset.S.obj (.text.__aeabi_memset)
                  000092ce    0000000e     libc.a : _printfi.c.obj (.text.strlen)
                  000092dc    0000000e            : strlen.c.obj (.text.strlen)
                  000092ea    0000000e     mpu6050.o (.text.tap_cb)
                  000092f8    0000000e     libc.a : memset16.S.obj (.text:TI_memset_small)
                  00009306    00000002     --HOLE-- [fill = 0]
                  00009308    0000000c     board.o (.text.Systick_getTick)
                  00009314    0000000c     libclang_rt.builtins.a : aeabi_memset.S.obj (.text.__aeabi_memclr)
                  00009320    0000000a     driverlib.a : dl_common.o (.text.DL_Common_delayCycles)
                  0000932a    0000000a     libc.a : _printfi.c.obj (.text.OUTLINED_FUNCTION_0)
                  00009334    00000010     libclang_rt.builtins.a : adddf3.S.obj (.tramp.__aeabi_dsub.1)
                  00009344    0000000a     libc.a : e_asin.c.obj (.text.OUTLINED_FUNCTION_0)
                  0000934e    00000002     --HOLE-- [fill = 0]
                  00009350    00000010     libclang_rt.builtins.a : muldf3.S.obj (.tramp.__aeabi_dmul.1)
                  00009360    0000000a     libc.a : s_atan.c.obj (.text.OUTLINED_FUNCTION_0)
                  0000936a    0000000a            : _printfi.c.obj (.text.OUTLINED_FUNCTION_1)
                  00009374    0000000a            : e_asin.c.obj (.text.OUTLINED_FUNCTION_1)
                  0000937e    0000000a            : e_asin.c.obj (.text.OUTLINED_FUNCTION_3)
                  00009388    00000010     libclang_rt.builtins.a : divdf3.S.obj (.tramp.__aeabi_ddiv.1)
                  00009398    0000000a     libc.a : sprintf.c.obj (.text._outc)
                  000093a2    0000000a     mpu6050.o (.text.android_orient_cb)
                  000093ac    0000000a     libc.a : atof.c.obj (.text.atof)
                  000093b6    00000008            : strtod.c.obj (.text.OUTLINED_FUNCTION_0)
                  000093be    00000008            : strtod.c.obj (.text.OUTLINED_FUNCTION_1)
                  000093c6    00000002     --HOLE-- [fill = 0]
                  000093c8    00000010     libclang_rt.builtins.a : aeabi_dcmp.S.obj (.tramp.__aeabi_dcmpeq.1)
                  000093d8    00000008     libc.a : s_atan.c.obj (.text.OUTLINED_FUNCTION_2)
                  000093e0    00000008     ti_msp_dl_config.o (.text.SYSCFG_DL_DMA_init)
                  000093e8    00000008     libc.a : aeabi_portable.c.obj (.text.__aeabi_errno_addr)
                  000093f0    00000008     libclang_rt.builtins.a : aeabi_memcpy.S.obj (.text.__aeabi_memcpy)
                  000093f8    00000008     libc.a : printf.c.obj (.text._outc)
                  00009400    00000008            : printf.c.obj (.text._outs)
                  00009408    00000006            : s_atan.c.obj (.text.OUTLINED_FUNCTION_1)
                  0000940e    00000002     --HOLE-- [fill = 0]
                  00009410    00000010     libclang_rt.builtins.a : adddf3.S.obj (.tramp.__aeabi_dadd.1)
                  00009420    00000006     libc.a : e_asin.c.obj (.text.OUTLINED_FUNCTION_2)
                  00009426    00000006            : exit.c.obj (.text:abort)
                  0000942c    00000004     startup_mspm0g350x_ticlang.o (.text.Default_Handler)
                  00009430    00000004     libsysbm.a : hostexit.c.obj (.text.HOSTexit)
                  00009434    00000004     libc.a : e_asin.c.obj (.text.OUTLINED_FUNCTION_4)
                  00009438    00000004     startup_mspm0g350x_ticlang.o (.text.Reset_Handler)
                  0000943c    00000010     libc.a : boot_cortex_m.c.obj (.tramp._c_int00_noargs.1)
                  0000944c    00000004            : pre_init.c.obj (.text._system_pre_init)

.cinit     0    0000ac10    00000098     
                  0000ac10    00000070     (.cinit..data.load) [load image, compression = lzss]
                  0000ac80    0000000c     (__TI_handler_table)
                  0000ac8c    00000008     (.cinit..bss.load) [load image, compression = zero_init]
                  0000ac94    00000010     (__TI_cinit_table)
                  0000aca4    00000004     --HOLE-- [fill = 0]

.rodata    0    00009450    000017c0     
                  00009450    00000bf6     inv_mpu_dmp_motion_driver.o (.rodata.dmp_memory)
                  0000a046    000005f0     oled_hardware_i2c.o (.rodata.asc2_1608)
                  0000a636    00000228     oled_hardware_i2c.o (.rodata.asc2_0806)
                  0000a85e    00000002     ti_msp_dl_config.o (.rodata.gI2C_MPU6050ClockConfig)
                  0000a860    00000101     libc.a : aeabi_ctype.S.obj (.rodata:__aeabi_ctype_table_)
                  0000a961    00000007     oled_hardware_i2c.o (.rodata.str1.15904631548862505237.1)
                  0000a968    00000080     libc.a : strtod.c.obj (.rodata.digits)
                  0000a9e8    00000048            : strtod.c.obj (.rodata.powerof10)
                  0000aa30    00000040            : s_atan.c.obj (.rodata.cst32)
                  0000aa70    00000028     ti_msp_dl_config.o (.rodata.gSYSPLLConfig)
                  0000aa98    00000028     inv_mpu.o (.rodata.test)
                  0000aac0    00000027     show.o (.rodata.str1.15776983441256719054.1)
                  0000aae7    0000001e     inv_mpu.o (.rodata.reg)
                  0000ab05    00000003     ti_msp_dl_config.o (.rodata.gCAPTURE_ULTRASONICClockConfig)
                  0000ab08    00000018     ti_msp_dl_config.o (.rodata.gDMA_CH0Config)
                  0000ab20    00000014     ti_msp_dl_config.o (.rodata.gTIMER_0TimerConfig)
                  0000ab34    00000014     ti_msp_dl_config.o (.rodata.gTIMER_1TimerConfig)
                  0000ab48    00000011     libc.a : _printfi.c.obj (.rodata.str1.10348868589481759720.1)
                  0000ab59    00000011            : _printfi.c.obj (.rodata.str1.15363888844622738466.1)
                  0000ab6a    00000002     ti_msp_dl_config.o (.rodata.gOLEDClockConfig)
                  0000ab6c    00000010     ti_msp_dl_config.o (.rodata.gCAPTURE_ULTRASONICCaptureConfig)
                  0000ab7c    00000010     show.o (.rodata.str1.17101955116209303648.1)
                  0000ab8c    0000000c     driverlib.a : dl_timer.o (.rodata..Lswitch.table.DL_Timer_initCompareMode)
                  0000ab98    0000000c     inv_mpu.o (.rodata.hw)
                  0000aba4    0000000a     ti_msp_dl_config.o (.rodata.gUART_0Config)
                  0000abae    0000000a     ti_msp_dl_config.o (.rodata.gUART_BTConfig)
                  0000abb8    00000008     ti_msp_dl_config.o (.rodata.gPWM_0Config)
                  0000abc0    00000008     ti_msp_dl_config.o (.rodata.gPWM_ULTRASONICConfig)
                  0000abc8    00000008     oled_hardware_i2c.o (.rodata.str1.10580861957300453887.1)
                  0000abd0    00000008     oled_hardware_i2c.o (.rodata.str1.18170251273539435503.1)
                  0000abd8    00000006     oled_hardware_i2c.o (.rodata.str1.10716393112312611848.1)
                  0000abde    00000006     oled_hardware_i2c.o (.rodata.str1.17974519685211912890.1)
                  0000abe4    00000005     oled_hardware_i2c.o (.rodata.str1.3217286968678171797.1)
                  0000abe9    00000005     oled_hardware_i2c.o (.rodata.str1.9106787785251190198.1)
                  0000abee    00000004     oled_hardware_i2c.o (.rodata.str1.10022427637458091361.1)
                  0000abf2    00000004     oled_hardware_i2c.o (.rodata.str1.10148882033730133055.1)
                  0000abf6    00000004     oled_hardware_i2c.o (.rodata.str1.17866234666334921201.1)
                  0000abfa    00000003     ti_msp_dl_config.o (.rodata.gPWM_0ClockConfig)
                  0000abfd    00000003     ti_msp_dl_config.o (.rodata.gPWM_ULTRASONICClockConfig)
                  0000ac00    00000003     ti_msp_dl_config.o (.rodata.gTIMER_0ClockConfig)
                  0000ac03    00000003     ti_msp_dl_config.o (.rodata.gTIMER_1ClockConfig)
                  0000ac06    00000002     ti_msp_dl_config.o (.rodata.gUART_0ClockConfig)
                  0000ac08    00000002     ti_msp_dl_config.o (.rodata.gUART_BTClockConfig)
                  0000ac0a    00000006     --HOLE-- [fill = 0]

.init_array 
*          0    00000000    00000000     UNINITIALIZED

.binit     0    00000000    00000000     

.bss       0    20200000    000003a2     UNINITIALIZED
                  20200000    000000c8     (.common:gBTPacket)
                  202000c8    000000bc     (.common:gPWM_ULTRASONICBackup)
                  20200184    000000a0     (.common:gCAPTURE_ULTRASONICBackup)
                  20200224    000000a0     (.common:gPWM_0Backup)
                  202002c4    00000032     uart_callback.o (.bss.bt_control.Receive)
                  202002f6    00000020     oled_hardware_i2c.o (.bss.oled_buffer)
                  20200316    00000002     (.common:sensors)
                  20200318    00000014     (.common:MotorA)
                  2020032c    00000014     (.common:MotorB)
                  20200340    00000010     (.common:quat)
                  20200350    00000006     (.common:accel)
                  20200356    00000006     (.common:gyro)
                  2020035c    00000004     control.o (.bss.CarMode1.PWMA)
                  20200360    00000004     control.o (.bss.CarMode1.PWMB)
                  20200364    00000004     control.o (.bss.CarMode2.PWMA)
                  20200368    00000004     control.o (.bss.CarMode2.PWMB)
                  2020036c    00000004     control.o (.bss.CarMode3.PWMA)
                  20200370    00000004     control.o (.bss.CarMode3.PWMB)
                  20200374    00000004     control.o (.bss.Incremental_PI_Left.BiasB)
                  20200378    00000004     control.o (.bss.Incremental_PI_Right.BiasA)
                  2020037c    00000004     (.common:Get_Encoder_countA)
                  20200380    00000004     (.common:Get_Encoder_countB)
                  20200384    00000004     (.common:gpio_interrup1)
                  20200388    00000004     (.common:gpio_interrup2)
                  2020038c    00000004     (.common:pitch)
                  20200390    00000004     (.common:roll)
                  20200394    00000004     (.common:sensor_timestamp)
                  20200398    00000004     (.common:tick_ms)
                  2020039c    00000004     (.common:yaw)
                  202003a0    00000001     (.common:PID_Send)
                  202003a1    00000001     (.common:more)

.data      0    202003a4    0000025b     UNINITIALIZED
                  202003a4    000000f0     libc.a : defs.c.obj (.data._ftable)
                  20200494    0000002c     inv_mpu.o (.data.st)
                  202004c0    0000001c     HX_X17.o (.data.Err_weight)
                  202004dc    00000010     control.o (.data.Get_Velocity_From_Encoder.DeltaA_Buffer)
                  202004ec    00000010     control.o (.data.Get_Velocity_From_Encoder.DeltaB_Buffer)
                  202004fc    00000010     inv_mpu_dmp_motion_driver.o (.data.dmp)
                  2020050c    0000000e     mpu6050.o (.data.hal)
                  2020051a    00000009     mpu6050.o (.data.gyro_orientation)
                  20200523    00000007     HX_X17.o (.data.sensordata)
                  2020052a    00000002     ultrasonic_capture.o (.data.DistVal)
                  2020052c    00000004     control.o (.data.CarMode1.Delta_GEA)
                  20200530    00000004     control.o (.data.CarMode1.Delta_GEB)
                  20200534    00000004     control.o (.data.CarMode1.Turn_StartGEA)
                  20200538    00000004     control.o (.data.CarMode1.Turn_StartGEB)
                  2020053c    00000004     control.o (.data.CarMode1.actuall_error)
                  20200540    00000004     control.o (.data.CarMode1.speedA)
                  20200544    00000004     control.o (.data.CarMode1.speedB)
                  20200548    00000004     control.o (.data.CarMode2.Count_Time)
                  2020054c    00000004     control.o (.data.CarMode2.Delta_GEA)
                  20200550    00000004     control.o (.data.CarMode2.Delta_GEB)
                  20200554    00000004     control.o (.data.CarMode2.Straight_Time)
                  20200558    00000004     control.o (.data.CarMode2.Turn_StartGEA)
                  2020055c    00000004     control.o (.data.CarMode2.Turn_StartGEB)
                  20200560    00000004     control.o (.data.CarMode2.actuall_error)
                  20200564    00000004     control.o (.data.CarMode3.Delta_GEA)
                  20200568    00000004     control.o (.data.CarMode3.Delta_GEB)
                  2020056c    00000004     control.o (.data.CarMode3.StartGEA)
                  20200570    00000004     control.o (.data.CarMode3.StartGEB)
                  20200574    00000004     control.o (.data.CarMode3.Tem_Time)
                  20200578    00000004     control.o (.data.CarMode3.actuall_error)
                  2020057c    00000004     control.o (.data.Error)
                  20200580    00000004     control.o (.data.Get_Velocity_From_Encoder.LastEncoder1)
                  20200584    00000004     control.o (.data.Get_Velocity_From_Encoder.LastEncoder2)
                  20200588    00000004     control.o (.data.InPlaceTurn.LastError)
                  2020058c    00000004     control.o (.data.Last_biasA)
                  20200590    00000004     control.o (.data.Last_biasB)
                  20200594    00000004     control.o (.data.PwmA)
                  20200598    00000004     control.o (.data.PwmB)
                  2020059c    00000004     HX_X17.o (.data.QuaTurn_Tim)
                  202005a0    00000004     control.o (.data.RelativeYaw)
                  202005a4    00000004     control.o (.data.Target_Yaw)
                  202005a8    00000004     control.o (.data.Turn_PWM)
                  202005ac    00000004     control.o (.data.Velocity_KIa)
                  202005b0    00000004     control.o (.data.Velocity_KIb)
                  202005b4    00000004     control.o (.data.Velocity_KPa)
                  202005b8    00000004     control.o (.data.Velocity_KPb)
                  202005bc    00000004     control.o (.data.Yaw_Zero)
                  202005c0    00000004     libc.a : aeabi_portable.c.obj (.data.__aeabi_errno)
                  202005c4    00000004            : _lock.c.obj (.data._lock)
                  202005c8    00000004            : _lock.c.obj (.data._unlock)
                  202005cc    00000004     uart_callback.o (.data.bt_control.Data)
                  202005d0    00000004     uart_callback.o (.data.bt_control.Usart_Receive)
                  202005d4    00000004     control.o (.data.speedA)
                  202005d8    00000004     control.o (.data.speedB)
                  202005dc    00000001     uart_callback.o (.data.BTBufferHandler.handleSize)
                  202005dd    00000001     uart_callback.o (.data.BTBufferHandler.handleflag)
                  202005de    00000001     uart_callback.o (.data.BTBufferHandler.lastSize)
                  202005df    00000001     control.o (.data.CarMode1.AllWhite_Tim)
                  202005e0    00000001     control.o (.data.CarMode1.Flag_Allwhite1)
                  202005e1    00000001     control.o (.data.CarMode1.Flag_Oriyaw1)
                  202005e2    00000001     control.o (.data.CarMode1.Flag_Repeatqua1)
                  202005e3    00000001     control.o (.data.CarMode1.NoAllWhite_Tim)
                  202005e4    00000001     control.o (.data.CarMode2.AllWhite_Tim)
                  202005e5    00000001     control.o (.data.CarMode2.Avoid_Mode)
                  202005e6    00000001     control.o (.data.CarMode2.Flag_Allwhite)
                  202005e7    00000001     control.o (.data.CarMode2.Flag_AllwhiteAvo)
                  202005e8    00000001     control.o (.data.CarMode2.Flag_Oriyaw)
                  202005e9    00000001     control.o (.data.CarMode2.Flag_Repeatqua)
                  202005ea    00000001     control.o (.data.CarMode2.NoAllWhite_Tim)
                  202005eb    00000001     control.o (.data.CarMode3.AllWhite_Tim)
                  202005ec    00000001     control.o (.data.CarMode3.Flag_AcrossLine)
                  202005ed    00000001     control.o (.data.CarMode3.Flag_Allwhite)
                  202005ee    00000001     control.o (.data.CarMode3.Flag_OriGEC)
                  202005ef    00000001     control.o (.data.CarMode3.Flag_Oriyaw)
                  202005f0    00000001     control.o (.data.CarMode3.Straight_Mode)
                  202005f1    00000001     control.o (.data.CarMode3.Track_Mode)
                  202005f2    00000001     control.o (.data.CarMode3.Turn_Mode)
                  202005f3    00000001     control.o (.data.CarMode4.Flag_FinalTurn)
                  202005f4    00000001     control.o (.data.CarMode4.Flag_Finally)
                  202005f5    00000001     control.o (.data.CarMode4.Tem_Time)
                  202005f6    00000001     control.o (.data.CarMode4.tem_time2)
                  202005f7    00000001     control.o (.data.Get_Velocity_From_Encoder.filter_index)
                  202005f8    00000001     key.o (.data.Target_Cycles)
                  202005f9    00000001     uart_callback.o (.data.bt_control.Flag_PID)
                  202005fa    00000001     uart_callback.o (.data.bt_control.i)
                  202005fb    00000001     uart_callback.o (.data.bt_control.j)
                  202005fc    00000001     key.o (.data.carmode)
                  202005fd    00000001     interrupt.o (.data.enable_group1_irq)
                  202005fe    00000001     uart_callback.o (.data.gBTCounts)

.stack     0    20207e00    00000200     UNINITIALIZED
                  20207e00    00000004     libc.a : boot_cortex_m.c.obj (.stack)
                  20207e04    000001fc     --HOLE--

__llvm_prf_cnts 
*          0    20200000    00000000     UNINITIALIZED

__llvm_prf_bits 
*          0    20200000    00000000     UNINITIALIZED

MODULE SUMMARY

       Module                         code    ro data   rw data
       ------                         ----    -------   -------
    .\
       ti_msp_dl_config.o             3368    179       508    
       empty.o                        570     0         0      
       startup_mspm0g350x_ticlang.o   8       192       0      
    +--+------------------------------+-------+---------+---------+
       Total:                         3946    371       508    
                                                               
    .\Hardware\
       inv_mpu_dmp_motion_driver.o    3110    3062      16     
       inv_mpu.o                      4600    82        44     
       oled_hardware_i2c.o            2474    2129      32     
       control.o                      4108    0         282    
       mspm0_i2c.o                    1328    0         0      
       mpu6050.o                      1256    0         70     
       uart_callback.o                1026    0         265    
       encoder.o                      528     0         16     
       board.o                        412     0         4      
       motor.o                        376     0         0      
       HX_X17.o                       326     0         39     
       show.o                         248     55        0      
       key.o                          246     0         2      
       interrupt.o                    88      0         1      
       ultrasonic_capture.o           76      0         2      
    +--+------------------------------+-------+---------+---------+
       Total:                         20202   5328      773    
                                                               
    C:/ti/mspm0_sdk_2_05_01_00/source/ti/driverlib/lib/ticlang/m0p/mspm0g1x0x_g3x0x/driverlib.a
       dl_timer.o                     888     12        0      
       dl_sysctl_mspm0g1x0x_g3x0x.o   288     0         0      
       dl_i2c.o                       192     0         0      
       dl_uart.o                      122     0         0      
       dl_dma.o                       76      0         0      
       dl_common.o                    10      0         0      
    +--+------------------------------+-------+---------+---------+
       Total:                         1576    12        0      
                                                               
    C:\ti\ccs2020\ccs\tools\compiler\ti-cgt-armllvm_4.0.3.LTS\lib\armv6m-ti-none-eabi/c/libc.a
       _printfi.c.obj                 4510    34        0      
       strtod.c.obj                   968     200       0      
       e_asin.c.obj                   908     0         0      
       s_atan.c.obj                   784     64        0      
       e_atan2.c.obj                  392     0         0      
       e_sqrt.c.obj                   368     0         0      
       aeabi_ctype.S.obj              0       257       0      
       defs.c.obj                     0       0         240    
       s_scalbn.c.obj                 216     0         0      
       copy_decompress_lzss.c.obj     124     0         0      
       printf.c.obj                   108     0         0      
       s_frexp.c.obj                  92      0         0      
       sprintf.c.obj                  90      0         0      
       _ltoa.c.obj                    88      0         0      
       atoi.c.obj                     64      0         0      
       autoinit.c.obj                 60      0         0      
       boot_cortex_m.c.obj            56      0         0      
       memccpy.c.obj                  34      0         0      
       memcmp.c.obj                   32      0         0      
       copy_zero_init.c.obj           22      0         0      
       copy_decompress_none.c.obj     18      0         0      
       memcpy16.S.obj                 18      0         0      
       wcslen.c.obj                   16      0         0      
       memset16.S.obj                 14      0         0      
       strlen.c.obj                   14      0         0      
       aeabi_portable.c.obj           8       0         4      
       _lock.c.obj                    2       0         8      
       atof.c.obj                     10      0         0      
       exit.c.obj                     6       0         0      
       pre_init.c.obj                 4       0         0      
    +--+------------------------------+-------+---------+---------+
       Total:                         9026    555       252    
                                                               
    C:\ti\ccs2020\ccs\tools\compiler\ti-cgt-armllvm_4.0.3.LTS\lib\armv6m-ti-none-eabi/c/libsysbm.a
       hostexit.c.obj                 4       0         0      
    +--+------------------------------+-------+---------+---------+
       Total:                         4       0         0      
                                                               
    C:\ti\ccs2020\ccs\tools\compiler\ti-cgt-armllvm_4.0.3.LTS\lib\armv6m-ti-none-eabi/libclang_rt.builtins.a
       adddf3.S.obj                   434     0         0      
       divdf3.S.obj                   284     0         0      
       muldf3.S.obj                   244     0         0      
       comparedf2.c.obj               220     0         0      
       addsf3.S.obj                   216     0         0      
       udivmoddi4.S.obj               162     0         0      
       mulsf3.S.obj                   140     0         0      
       divsf3.S.obj                   130     0         0      
       comparesf2.S.obj               118     0         0      
       truncdfsf2.S.obj               116     0         0      
       aeabi_dcmp.S.obj               114     0         0      
       aeabi_fcmp.S.obj               98      0         0      
       aeabi_idivmod.S.obj            86      0         0      
       fixdfsi.S.obj                  74      0         0      
       aeabi_uidivmod.S.obj           64      0         0      
       extendsfdf2.S.obj              64      0         0      
       floatsisf.S.obj                60      0         0      
       muldsi3.S.obj                  58      0         0      
       fixsfsi.S.obj                  56      0         0      
       floatsidf.S.obj                44      0         0      
       floatunsisf.S.obj              40      0         0      
       floatunsidf.S.obj              36      0         0      
       muldi3.S.obj                   36      0         0      
       ashldi3.S.obj                  30      0         0      
       aeabi_memset.S.obj             26      0         0      
       aeabi_uldivmod.S.obj           20      0         0      
       aeabi_memcpy.S.obj             8       0         0      
       aeabi_div0.c.obj               4       0         0      
    +--+------------------------------+-------+---------+---------+
       Total:                         2982    0         0      
                                                               
       Stack:                         0       0         512    
       Linker Generated:              0       148       0      
    +--+------------------------------+-------+---------+---------+
       Grand Total:                   37736   6414      2045   


LINKER GENERATED COPY TABLES

__TI_cinit_table @ 0000ac94 records: 2, size/record: 8, table size: 16
	.data: load addr=0000ac10, load size=00000070 bytes, run addr=202003a4, run size=0000025b bytes, compression=lzss
	.bss: load addr=0000ac8c, load size=00000008 bytes, run addr=20200000, run size=000003a2 bytes, compression=zero_init


LINKER GENERATED HANDLER TABLE

__TI_handler_table @ 0000ac80 records: 3, size/record: 4, table size: 12
	index: 0, handler: __TI_decompress_lzss
	index: 1, handler: __TI_decompress_none
	index: 2, handler: __TI_zero_init


FAR CALL TRAMPOLINES

callee name               trampoline name
   callee addr  tramp addr   call addr  call info
--------------  -----------  ---------  ----------------
__aeabi_dsub              $Tramp$TT$L$PI$$__aeabi_dsub
   00003649     00009334     00009332   libc.a : _printfi.c.obj (.text.OUTLINED_FUNCTION_0)
__aeabi_dmul              $Tramp$TT$L$PI$$__aeabi_dmul
   000056dd     00009350     0000934c   libc.a : e_asin.c.obj (.text.OUTLINED_FUNCTION_0)
                             00009368          : s_atan.c.obj (.text.OUTLINED_FUNCTION_0)
                             0000937c          : e_asin.c.obj (.text.OUTLINED_FUNCTION_1)
                             000093de          : s_atan.c.obj (.text.OUTLINED_FUNCTION_2)
                             00009424          : e_asin.c.obj (.text.OUTLINED_FUNCTION_2)
__aeabi_ddiv              $Tramp$TT$L$PI$$__aeabi_ddiv
   00004e15     00009388     00009386   libc.a : e_asin.c.obj (.text.OUTLINED_FUNCTION_3)
__aeabi_dcmpeq            $Tramp$TT$L$PI$$__aeabi_dcmpeq
   00006f85     000093c8     000093c4   libc.a : strtod.c.obj (.text.OUTLINED_FUNCTION_1)
__aeabi_dadd              $Tramp$TT$L$PI$$__aeabi_dadd
   00003653     00009410     0000940c   libc.a : s_atan.c.obj (.text.OUTLINED_FUNCTION_1)
                             00009436          : e_asin.c.obj (.text.OUTLINED_FUNCTION_4)
_c_int00_noargs           $Tramp$TT$L$PI$$_c_int00_noargs
   00008791     0000943c     00009438   startup_mspm0g350x_ticlang.o (.text.Reset_Handler)

[6 trampolines]
[11 trampoline calls]


GLOBAL SYMBOLS: SORTED ALPHABETICALLY BY Name 

address   name                                 
-------   ----                                 
0000942d  ADC0_IRQHandler                      
0000942d  ADC1_IRQHandler                      
0000942d  AES_IRQHandler                       
0000522d  APP_Show                             
000058a5  BTBufferHandler                      
00007a4d  BT_DAMConfig                         
00009430  C$$EXIT                              
0000942d  CANFD0_IRQHandler                    
00002055  CarMode1                             
00000fad  CarMode2                             
00000a91  CarMode3                             
0000541d  CarMode4                             
00007c8d  CheckIsAllWhite                      
0000942d  DAC0_IRQHandler                      
00009321  DL_Common_delayCycles                
000077a1  DL_DMA_initChannel                   
000071cd  DL_I2C_fillControllerTXFIFO          
00007f91  DL_I2C_flushControllerTXFIFO         
0000882b  DL_I2C_setClockConfig                
00005981  DL_SYSCTL_configSYSPLL               
00007cd1  DL_SYSCTL_switchMCLKfromSYSOSCtoHSCLK
00009261  DL_Timer_getCaptureCompareValue      
000049c5  DL_Timer_initCaptureMode             
00005029  DL_Timer_initFourCCPWMMode           
000055f5  DL_Timer_initTimerMode               
00008b85  DL_Timer_setCaptCompUpdateMethod     
00008ee1  DL_Timer_setCaptureCompareOutCtl     
00009271  DL_Timer_setCaptureCompareValue      
00008ba1  DL_Timer_setClockConfig              
00007a95  DL_UART_init                         
0000920b  DL_UART_setClockConfig               
00008921  DL_UART_transmitDataBlocking         
0000942d  DMA_IRQHandler                       
0000942d  Default_Handler                      
2020052a  DistVal                              
202004c0  Err_weight                           
0000942d  GROUP0_IRQHandler                    
000034b1  GROUP1_IRQHandler                    
00008bbd  GetRelativeYaw                       
2020037c  Get_Encoder_countA                   
20200380  Get_Encoder_countB                   
000042c1  Get_Velocity_From_Encoder            
00009431  HOSTexit                             
0000942d  HardFault_Handler                    
0000942d  I2C0_IRQHandler                      
0000942d  I2C1_IRQHandler                      
00003f11  InPlaceTurn                          
000068b5  Incremental_PI_Left                  
00006939  Incremental_PI_Right                 
00008bd9  Interrupt_Init                       
00007839  Key2_GetNum                          
00007add  Key3_GetNum                          
00007885  Key4_GetNum                          
2020058c  Last_biasA                           
20200590  Last_biasB                           
000078d1  LineTrackingError                    
00003dcd  MPU6050_Init                         
20200318  MotorA                               
2020032c  MotorB                               
0000942d  NMI_Handler                          
00007609  NormalizeAngle                       
00006d19  OLED_Clear                           
00004bf9  OLED_Init                            
00008009  OLED_Set_Pos                         
00004ae1  OLED_ShowChar                        
00003169  OLED_ShowInformation                 
00005325  OLED_ShowNum                         
00006ca9  OLED_ShowString                      
000064b9  OLED_WR_Byte                         
202003a0  PID_Send                             
0000942d  PendSV_Handler                       
20200594  PwmA                                 
20200598  PwmB                                 
2020059c  QuaTurn_Tim                          
0000942d  RTC_IRQHandler                       
00002721  Read_Quad                            
0000791d  Read_Ultrasonic                      
202005a0  RelativeYaw                          
00009439  Reset_Handler                        
0000942d  SPI0_IRQHandler                      
0000942d  SPI1_IRQHandler                      
0000942d  SVC_Handler                          
000084a5  SYSCFG_DL_CAPTURE_ULTRASONIC_init    
00008f89  SYSCFG_DL_DMA_CH0_init               
000093e1  SYSCFG_DL_DMA_init                   
000022a5  SYSCFG_DL_GPIO_init                  
000073f9  SYSCFG_DL_I2C_MPU6050_init           
00007451  SYSCFG_DL_OLED_init                  
00006711  SYSCFG_DL_PWM_0_init                 
00006d85  SYSCFG_DL_PWM_ULTRASONIC_init        
00007969  SYSCFG_DL_SYSCTL_init                
00009281  SYSCFG_DL_SYSTICK_init               
00008045  SYSCFG_DL_TIMER_0_init               
00007d9d  SYSCFG_DL_TIMER_1_init               
0000722d  SYSCFG_DL_UART_0_init                
000079b5  SYSCFG_DL_UART_BT_init               
00007289  SYSCFG_DL_init                       
00005c0d  SYSCFG_DL_initPower                  
00004d09  Set_PWM                              
00006bb5  Stop_Car                             
00009291  SysTick_Handler                      
00009309  Systick_getTick                      
0000942d  TIMA0_IRQHandler                     
0000942d  TIMA1_IRQHandler                     
0000704d  TIMG0_IRQHandler                     
0000942d  TIMG12_IRQHandler                    
0000942d  TIMG6_IRQHandler                     
0000942d  TIMG7_IRQHandler                     
00008941  TIMG8_IRQHandler                     
0000921d  TI_memcpy_small                      
000092f9  TI_memset_small                      
202005f8  Target_Cycles                        
202005a4  Target_Yaw                           
202005a8  Turn_PWM                             
0000942d  UART0_IRQHandler                     
0000942d  UART1_IRQHandler                     
00007b25  UART2_IRQHandler                     
0000942d  UART3_IRQHandler                     
202005ac  Velocity_KIa                         
202005b0  Velocity_KIb                         
202005b4  Velocity_KPa                         
202005b8  Velocity_KPb                         
202005bc  Yaw_Zero                             
20208000  __STACK_END                          
00000200  __STACK_SIZE                         
00000000  __TI_ATRegion0_region_sz             
00000000  __TI_ATRegion0_src_addr              
00000000  __TI_ATRegion0_trg_addr              
00000000  __TI_ATRegion1_region_sz             
00000000  __TI_ATRegion1_src_addr              
00000000  __TI_ATRegion1_trg_addr              
00000000  __TI_ATRegion2_region_sz             
00000000  __TI_ATRegion2_src_addr              
00000000  __TI_ATRegion2_trg_addr              
0000ac94  __TI_CINIT_Base                      
0000aca4  __TI_CINIT_Limit                     
0000aca4  __TI_CINIT_Warm                      
0000ac80  __TI_Handler_Table_Base              
0000ac8c  __TI_Handler_Table_Limit             
000080f9  __TI_auto_init_nobinit_nopinit       
00006ac5  __TI_decompress_lzss                 
0000922f  __TI_decompress_none                 
000074a9  __TI_ltoa                            
ffffffff  __TI_pprof_out_hndl                  
000000c1  __TI_printfi                         
ffffffff  __TI_prof_data_size                  
ffffffff  __TI_prof_data_start                 
00000000  __TI_static_base__                   
00009069  __TI_zero_init_nomemset              
00003653  __adddf3                             
00005b3f  __addsf3                             
0000a860  __aeabi_ctype_table_                 
0000a860  __aeabi_ctype_table_C                
00006bc1  __aeabi_d2f                          
00007a01  __aeabi_d2iz                         
00003653  __aeabi_dadd                         
00006f85  __aeabi_dcmpeq                       
00006fc1  __aeabi_dcmpge                       
00006fd5  __aeabi_dcmpgt                       
00006fad  __aeabi_dcmple                       
00006f99  __aeabi_dcmplt                       
00004e15  __aeabi_ddiv                         
000056dd  __aeabi_dmul                         
00003649  __aeabi_dsub                         
202005c0  __aeabi_errno                        
000093e9  __aeabi_errno_addr                   
00007e1d  __aeabi_f2d                          
000081ad  __aeabi_f2iz                         
00005b3f  __aeabi_fadd                         
00006fe9  __aeabi_fcmpeq                       
00007025  __aeabi_fcmpge                       
00007039  __aeabi_fcmpgt                       
00007011  __aeabi_fcmple                       
00006ffd  __aeabi_fcmplt                       
00006a41  __aeabi_fdiv                         
0000679d  __aeabi_fmul                         
00005b35  __aeabi_fsub                         
00008555  __aeabi_i2d                          
00008081  __aeabi_i2f                          
000075b1  __aeabi_idiv                         
000037db  __aeabi_idiv0                        
000075b1  __aeabi_idivmod                      
0000541b  __aeabi_ldiv0                        
000089c1  __aeabi_llsl                         
00008899  __aeabi_lmul                         
00009315  __aeabi_memclr                       
00009315  __aeabi_memclr4                      
00009315  __aeabi_memclr8                      
000093f1  __aeabi_memcpy                       
000093f1  __aeabi_memcpy4                      
000093f1  __aeabi_memcpy8                      
000092c1  __aeabi_memset                       
000092c1  __aeabi_memset4                      
000092c1  __aeabi_memset8                      
00008875  __aeabi_ui2d                         
00008769  __aeabi_ui2f                         
00007ddd  __aeabi_uidiv                        
00007ddd  __aeabi_uidivmod                     
00009185  __aeabi_uldivmod                     
000089c1  __ashldi3                            
ffffffff  __binit__                            
00006ded  __cmpdf2                             
00008135  __cmpsf2                             
00004e15  __divdf3                             
00006a41  __divsf3                             
00006ded  __eqdf2                              
00008135  __eqsf2                              
00007e1d  __extendsfdf2                        
00007a01  __fixdfsi                            
000081ad  __fixsfsi                            
00008555  __floatsidf                          
00008081  __floatsisf                          
00008875  __floatunsidf                        
00008769  __floatunsisf                        
00006b41  __gedf2                              
000080bd  __gesf2                              
00006b41  __gtdf2                              
000080bd  __gtsf2                              
00006ded  __ledf2                              
00008135  __lesf2                              
00006ded  __ltdf2                              
00008135  __ltsf2                              
UNDEFED   __mpu_init                           
000056dd  __muldf3                             
00008899  __muldi3                             
00008171  __muldsi3                            
0000679d  __mulsf3                             
00006ded  __nedf2                              
00008135  __nesf2                              
20207e00  __stack                              
20200000  __start___llvm_prf_bits              
20200000  __start___llvm_prf_cnts              
20200000  __stop___llvm_prf_bits               
20200000  __stop___llvm_prf_cnts               
00003649  __subdf3                             
00005b35  __subsf3                             
00006bc1  __truncdfsf2                         
000062d9  __udivmoddi4                         
00008791  _c_int00_noargs                      
202003a4  _ftable                              
202005c4  _lock                                
0000637b  _nop                                 
UNDEFED   _system_post_cinit                   
0000944d  _system_pre_init                     
202005c8  _unlock                              
00009427  abort                                
20200350  accel                                
0000a636  asc2_0806                            
0000a046  asc2_1608                            
00001781  asin                                 
00001781  asinl                                
00001ae5  atan                                 
000037dd  atan2                                
000037dd  atan2l                               
00001ae5  atanl                                
000093ad  atof                                 
00007e5d  atoi                                 
ffffffff  binit                                
00003965  bt_control                           
202005fc  carmode                              
000083e5  delay_ms                             
00006681  delay_us                             
00007b6d  dmp_enable_6x_lp_quat                
00001ddd  dmp_enable_feature                   
000070ad  dmp_enable_gyro_cal                  
00007bb5  dmp_enable_lp_quat                   
00008bf5  dmp_load_motion_driver_firmware      
00002d99  dmp_read_fifo                        
00009199  dmp_register_android_orient_cb       
000091ad  dmp_register_tap_cb                  
00006551  dmp_set_fifo_rate                    
00003ae5  dmp_set_orientation                  
00007d15  dmp_set_shake_reject_thresh          
00008321  dmp_set_shake_reject_time            
00008353  dmp_set_shake_reject_timeout         
00006ebb  dmp_set_tap_axes                     
00007d59  dmp_set_tap_count                    
000024e9  dmp_set_tap_thresh                   
00008415  dmp_set_tap_time                     
00008445  dmp_set_tap_time_multi               
202005fd  enable_group1_irq                    
00008581  fputc                                
00007751  fputs                                
000072e5  frexp                                
000072e5  frexpl                               
202005fe  gBTCounts                            
20200000  gBTPacket                            
20200184  gCAPTURE_ULTRASONICBackup            
20200224  gPWM_0Backup                         
202000c8  gPWM_ULTRASONICBackup                
20200384  gpio_interrup1                       
20200388  gpio_interrup2                       
20200356  gyro                                 
0000ab98  hw                                   
00000000  interruptVectors                     
00005a5d  ldexp                                
00005a5d  ldexpl                               
000082b9  limit_PWM                            
00004189  main                                 
000088bd  memccpy                              
00008961  memcmp                               
202003a1  more                                 
00006f21  mpu6050_i2c_sda_unlock               
0000600d  mpu_configure_fifo                   
00006c35  mpu_get_accel_fsr                    
0000710d  mpu_get_gyro_fsr                     
000082ed  mpu_get_sample_rate                  
00004659  mpu_init                             
00004781  mpu_load_firmware                    
0000512d  mpu_lp_accel_mode                    
00004f21  mpu_read_fifo_stream                 
00006181  mpu_read_mem                         
0000294d  mpu_reset_fifo                       
000057c1  mpu_set_accel_fsr                    
00003311  mpu_set_bypass                       
000060c9  mpu_set_dmp_state                    
00005e85  mpu_set_gyro_fsr                     
0000641d  mpu_set_int_latched                  
00005db5  mpu_set_lpf                          
00005509  mpu_set_sample_rate                  
00004529  mpu_set_sensors                      
0000622d  mpu_write_mem                        
000092a1  mspm0_delay_ms                       
000085ad  mspm0_get_clock_ms                   
000043f5  mspm0_i2c_read                       
00005f49  mspm0_i2c_write                      
00008981  myabs                                
0000716d  oled_i2c_sda_unlock                  
00008475  oled_pow                             
2020038c  pitch                                
0000739d  printf                               
20200340  quat                                 
0000aae7  reg                                  
20200390  roll                                 
00005a5d  scalbn                               
00005a5d  scalbnl                              
20200394  sensor_timestamp                     
20200523  sensordata                           
20200316  sensors                              
0000637d  sensortrack                          
202005d4  speedA                               
202005d8  speedB                               
000081e5  sprintf                              
00003c5d  sqrt                                 
00003c5d  sqrtl                                
000092dd  strlen                               
000013c9  strtod                               
000013c9  strtold                              
0000aa98  test                                 
20200398  tick_ms                              
000092b1  wcslen                               
2020039c  yaw                                  


GLOBAL SYMBOLS: SORTED BY Symbol Address 

address   name                                 
-------   ----                                 
00000000  __TI_ATRegion0_region_sz             
00000000  __TI_ATRegion0_src_addr              
00000000  __TI_ATRegion0_trg_addr              
00000000  __TI_ATRegion1_region_sz             
00000000  __TI_ATRegion1_src_addr              
00000000  __TI_ATRegion1_trg_addr              
00000000  __TI_ATRegion2_region_sz             
00000000  __TI_ATRegion2_src_addr              
00000000  __TI_ATRegion2_trg_addr              
00000000  __TI_static_base__                   
00000000  interruptVectors                     
000000c1  __TI_printfi                         
00000200  __STACK_SIZE                         
00000a91  CarMode3                             
00000fad  CarMode2                             
000013c9  strtod                               
000013c9  strtold                              
00001781  asin                                 
00001781  asinl                                
00001ae5  atan                                 
00001ae5  atanl                                
00001ddd  dmp_enable_feature                   
00002055  CarMode1                             
000022a5  SYSCFG_DL_GPIO_init                  
000024e9  dmp_set_tap_thresh                   
00002721  Read_Quad                            
0000294d  mpu_reset_fifo                       
00002d99  dmp_read_fifo                        
00003169  OLED_ShowInformation                 
00003311  mpu_set_bypass                       
000034b1  GROUP1_IRQHandler                    
00003649  __aeabi_dsub                         
00003649  __subdf3                             
00003653  __adddf3                             
00003653  __aeabi_dadd                         
000037db  __aeabi_idiv0                        
000037dd  atan2                                
000037dd  atan2l                               
00003965  bt_control                           
00003ae5  dmp_set_orientation                  
00003c5d  sqrt                                 
00003c5d  sqrtl                                
00003dcd  MPU6050_Init                         
00003f11  InPlaceTurn                          
00004189  main                                 
000042c1  Get_Velocity_From_Encoder            
000043f5  mspm0_i2c_read                       
00004529  mpu_set_sensors                      
00004659  mpu_init                             
00004781  mpu_load_firmware                    
000049c5  DL_Timer_initCaptureMode             
00004ae1  OLED_ShowChar                        
00004bf9  OLED_Init                            
00004d09  Set_PWM                              
00004e15  __aeabi_ddiv                         
00004e15  __divdf3                             
00004f21  mpu_read_fifo_stream                 
00005029  DL_Timer_initFourCCPWMMode           
0000512d  mpu_lp_accel_mode                    
0000522d  APP_Show                             
00005325  OLED_ShowNum                         
0000541b  __aeabi_ldiv0                        
0000541d  CarMode4                             
00005509  mpu_set_sample_rate                  
000055f5  DL_Timer_initTimerMode               
000056dd  __aeabi_dmul                         
000056dd  __muldf3                             
000057c1  mpu_set_accel_fsr                    
000058a5  BTBufferHandler                      
00005981  DL_SYSCTL_configSYSPLL               
00005a5d  ldexp                                
00005a5d  ldexpl                               
00005a5d  scalbn                               
00005a5d  scalbnl                              
00005b35  __aeabi_fsub                         
00005b35  __subsf3                             
00005b3f  __addsf3                             
00005b3f  __aeabi_fadd                         
00005c0d  SYSCFG_DL_initPower                  
00005db5  mpu_set_lpf                          
00005e85  mpu_set_gyro_fsr                     
00005f49  mspm0_i2c_write                      
0000600d  mpu_configure_fifo                   
000060c9  mpu_set_dmp_state                    
00006181  mpu_read_mem                         
0000622d  mpu_write_mem                        
000062d9  __udivmoddi4                         
0000637b  _nop                                 
0000637d  sensortrack                          
0000641d  mpu_set_int_latched                  
000064b9  OLED_WR_Byte                         
00006551  dmp_set_fifo_rate                    
00006681  delay_us                             
00006711  SYSCFG_DL_PWM_0_init                 
0000679d  __aeabi_fmul                         
0000679d  __mulsf3                             
000068b5  Incremental_PI_Left                  
00006939  Incremental_PI_Right                 
00006a41  __aeabi_fdiv                         
00006a41  __divsf3                             
00006ac5  __TI_decompress_lzss                 
00006b41  __gedf2                              
00006b41  __gtdf2                              
00006bb5  Stop_Car                             
00006bc1  __aeabi_d2f                          
00006bc1  __truncdfsf2                         
00006c35  mpu_get_accel_fsr                    
00006ca9  OLED_ShowString                      
00006d19  OLED_Clear                           
00006d85  SYSCFG_DL_PWM_ULTRASONIC_init        
00006ded  __cmpdf2                             
00006ded  __eqdf2                              
00006ded  __ledf2                              
00006ded  __ltdf2                              
00006ded  __nedf2                              
00006ebb  dmp_set_tap_axes                     
00006f21  mpu6050_i2c_sda_unlock               
00006f85  __aeabi_dcmpeq                       
00006f99  __aeabi_dcmplt                       
00006fad  __aeabi_dcmple                       
00006fc1  __aeabi_dcmpge                       
00006fd5  __aeabi_dcmpgt                       
00006fe9  __aeabi_fcmpeq                       
00006ffd  __aeabi_fcmplt                       
00007011  __aeabi_fcmple                       
00007025  __aeabi_fcmpge                       
00007039  __aeabi_fcmpgt                       
0000704d  TIMG0_IRQHandler                     
000070ad  dmp_enable_gyro_cal                  
0000710d  mpu_get_gyro_fsr                     
0000716d  oled_i2c_sda_unlock                  
000071cd  DL_I2C_fillControllerTXFIFO          
0000722d  SYSCFG_DL_UART_0_init                
00007289  SYSCFG_DL_init                       
000072e5  frexp                                
000072e5  frexpl                               
0000739d  printf                               
000073f9  SYSCFG_DL_I2C_MPU6050_init           
00007451  SYSCFG_DL_OLED_init                  
000074a9  __TI_ltoa                            
000075b1  __aeabi_idiv                         
000075b1  __aeabi_idivmod                      
00007609  NormalizeAngle                       
00007751  fputs                                
000077a1  DL_DMA_initChannel                   
00007839  Key2_GetNum                          
00007885  Key4_GetNum                          
000078d1  LineTrackingError                    
0000791d  Read_Ultrasonic                      
00007969  SYSCFG_DL_SYSCTL_init                
000079b5  SYSCFG_DL_UART_BT_init               
00007a01  __aeabi_d2iz                         
00007a01  __fixdfsi                            
00007a4d  BT_DAMConfig                         
00007a95  DL_UART_init                         
00007add  Key3_GetNum                          
00007b25  UART2_IRQHandler                     
00007b6d  dmp_enable_6x_lp_quat                
00007bb5  dmp_enable_lp_quat                   
00007c8d  CheckIsAllWhite                      
00007cd1  DL_SYSCTL_switchMCLKfromSYSOSCtoHSCLK
00007d15  dmp_set_shake_reject_thresh          
00007d59  dmp_set_tap_count                    
00007d9d  SYSCFG_DL_TIMER_1_init               
00007ddd  __aeabi_uidiv                        
00007ddd  __aeabi_uidivmod                     
00007e1d  __aeabi_f2d                          
00007e1d  __extendsfdf2                        
00007e5d  atoi                                 
00007f91  DL_I2C_flushControllerTXFIFO         
00008009  OLED_Set_Pos                         
00008045  SYSCFG_DL_TIMER_0_init               
00008081  __aeabi_i2f                          
00008081  __floatsisf                          
000080bd  __gesf2                              
000080bd  __gtsf2                              
000080f9  __TI_auto_init_nobinit_nopinit       
00008135  __cmpsf2                             
00008135  __eqsf2                              
00008135  __lesf2                              
00008135  __ltsf2                              
00008135  __nesf2                              
00008171  __muldsi3                            
000081ad  __aeabi_f2iz                         
000081ad  __fixsfsi                            
000081e5  sprintf                              
000082b9  limit_PWM                            
000082ed  mpu_get_sample_rate                  
00008321  dmp_set_shake_reject_time            
00008353  dmp_set_shake_reject_timeout         
000083e5  delay_ms                             
00008415  dmp_set_tap_time                     
00008445  dmp_set_tap_time_multi               
00008475  oled_pow                             
000084a5  SYSCFG_DL_CAPTURE_ULTRASONIC_init    
00008555  __aeabi_i2d                          
00008555  __floatsidf                          
00008581  fputc                                
000085ad  mspm0_get_clock_ms                   
00008769  __aeabi_ui2f                         
00008769  __floatunsisf                        
00008791  _c_int00_noargs                      
0000882b  DL_I2C_setClockConfig                
00008875  __aeabi_ui2d                         
00008875  __floatunsidf                        
00008899  __aeabi_lmul                         
00008899  __muldi3                             
000088bd  memccpy                              
00008921  DL_UART_transmitDataBlocking         
00008941  TIMG8_IRQHandler                     
00008961  memcmp                               
00008981  myabs                                
000089c1  __aeabi_llsl                         
000089c1  __ashldi3                            
00008b85  DL_Timer_setCaptCompUpdateMethod     
00008ba1  DL_Timer_setClockConfig              
00008bbd  GetRelativeYaw                       
00008bd9  Interrupt_Init                       
00008bf5  dmp_load_motion_driver_firmware      
00008ee1  DL_Timer_setCaptureCompareOutCtl     
00008f89  SYSCFG_DL_DMA_CH0_init               
00009069  __TI_zero_init_nomemset              
00009185  __aeabi_uldivmod                     
00009199  dmp_register_android_orient_cb       
000091ad  dmp_register_tap_cb                  
0000920b  DL_UART_setClockConfig               
0000921d  TI_memcpy_small                      
0000922f  __TI_decompress_none                 
00009261  DL_Timer_getCaptureCompareValue      
00009271  DL_Timer_setCaptureCompareValue      
00009281  SYSCFG_DL_SYSTICK_init               
00009291  SysTick_Handler                      
000092a1  mspm0_delay_ms                       
000092b1  wcslen                               
000092c1  __aeabi_memset                       
000092c1  __aeabi_memset4                      
000092c1  __aeabi_memset8                      
000092dd  strlen                               
000092f9  TI_memset_small                      
00009309  Systick_getTick                      
00009315  __aeabi_memclr                       
00009315  __aeabi_memclr4                      
00009315  __aeabi_memclr8                      
00009321  DL_Common_delayCycles                
000093ad  atof                                 
000093e1  SYSCFG_DL_DMA_init                   
000093e9  __aeabi_errno_addr                   
000093f1  __aeabi_memcpy                       
000093f1  __aeabi_memcpy4                      
000093f1  __aeabi_memcpy8                      
00009427  abort                                
0000942d  ADC0_IRQHandler                      
0000942d  ADC1_IRQHandler                      
0000942d  AES_IRQHandler                       
0000942d  CANFD0_IRQHandler                    
0000942d  DAC0_IRQHandler                      
0000942d  DMA_IRQHandler                       
0000942d  Default_Handler                      
0000942d  GROUP0_IRQHandler                    
0000942d  HardFault_Handler                    
0000942d  I2C0_IRQHandler                      
0000942d  I2C1_IRQHandler                      
0000942d  NMI_Handler                          
0000942d  PendSV_Handler                       
0000942d  RTC_IRQHandler                       
0000942d  SPI0_IRQHandler                      
0000942d  SPI1_IRQHandler                      
0000942d  SVC_Handler                          
0000942d  TIMA0_IRQHandler                     
0000942d  TIMA1_IRQHandler                     
0000942d  TIMG12_IRQHandler                    
0000942d  TIMG6_IRQHandler                     
0000942d  TIMG7_IRQHandler                     
0000942d  UART0_IRQHandler                     
0000942d  UART1_IRQHandler                     
0000942d  UART3_IRQHandler                     
00009430  C$$EXIT                              
00009431  HOSTexit                             
00009439  Reset_Handler                        
0000944d  _system_pre_init                     
0000a046  asc2_1608                            
0000a636  asc2_0806                            
0000a860  __aeabi_ctype_table_                 
0000a860  __aeabi_ctype_table_C                
0000aa98  test                                 
0000aae7  reg                                  
0000ab98  hw                                   
0000ac80  __TI_Handler_Table_Base              
0000ac8c  __TI_Handler_Table_Limit             
0000ac94  __TI_CINIT_Base                      
0000aca4  __TI_CINIT_Limit                     
0000aca4  __TI_CINIT_Warm                      
20200000  __start___llvm_prf_bits              
20200000  __start___llvm_prf_cnts              
20200000  __stop___llvm_prf_bits               
20200000  __stop___llvm_prf_cnts               
20200000  gBTPacket                            
202000c8  gPWM_ULTRASONICBackup                
20200184  gCAPTURE_ULTRASONICBackup            
20200224  gPWM_0Backup                         
20200316  sensors                              
20200318  MotorA                               
2020032c  MotorB                               
20200340  quat                                 
20200350  accel                                
20200356  gyro                                 
2020037c  Get_Encoder_countA                   
20200380  Get_Encoder_countB                   
20200384  gpio_interrup1                       
20200388  gpio_interrup2                       
2020038c  pitch                                
20200390  roll                                 
20200394  sensor_timestamp                     
20200398  tick_ms                              
2020039c  yaw                                  
202003a0  PID_Send                             
202003a1  more                                 
202003a4  _ftable                              
202004c0  Err_weight                           
20200523  sensordata                           
2020052a  DistVal                              
2020058c  Last_biasA                           
20200590  Last_biasB                           
20200594  PwmA                                 
20200598  PwmB                                 
2020059c  QuaTurn_Tim                          
202005a0  RelativeYaw                          
202005a4  Target_Yaw                           
202005a8  Turn_PWM                             
202005ac  Velocity_KIa                         
202005b0  Velocity_KIb                         
202005b4  Velocity_KPa                         
202005b8  Velocity_KPb                         
202005bc  Yaw_Zero                             
202005c0  __aeabi_errno                        
202005c4  _lock                                
202005c8  _unlock                              
202005d4  speedA                               
202005d8  speedB                               
202005f8  Target_Cycles                        
202005fc  carmode                              
202005fd  enable_group1_irq                    
202005fe  gBTCounts                            
20207e00  __stack                              
20208000  __STACK_END                          
ffffffff  __TI_pprof_out_hndl                  
ffffffff  __TI_prof_data_size                  
ffffffff  __TI_prof_data_start                 
ffffffff  __binit__                            
ffffffff  binit                                
UNDEFED   __mpu_init                           
UNDEFED   _system_post_cinit                   

[352 symbols]
